 cInChI-1

 Timestamp is 44cf5299 (Tue Aug 01 09:09:45 2006)

 Preferred load address is 00400000

 Start         Length     Name                   Class
 0001:00000000 000af00dH .text                   CODE
 0002:00000000 00000218H .idata$5                DATA
 0002:00000218 00003110H .rdata                  DATA
 0002:00003328 0000003cH .idata$2                DATA
 0002:00003364 00000014H .idata$3                DATA
 0002:00003378 00000218H .idata$4                DATA
 0002:00003590 000008e0H .idata$6                DATA
 0002:00003e70 00000000H .edata                  DATA
 0003:00000000 00000004H .CRT$XCA                DATA
 0003:00000004 00000004H .CRT$XCZ                DATA
 0003:00000008 00000004H .CRT$XIA                DATA
 0003:0000000c 00000008H .CRT$XIC                DATA
 0003:00000014 00000004H .CRT$XIZ                DATA
 0003:00000018 00000004H .CRT$XPA                DATA
 0003:0000001c 00000008H .CRT$XPX                DATA
 0003:00000024 00000004H .CRT$XPZ                DATA
 0003:00000028 00000004H .CRT$XTA                DATA
 0003:0000002c 00000004H .CRT$XTZ                DATA
 0003:00000030 00006fb0H .data                   DATA
 0003:00006fe0 00002164H .bss                    DATA
 0004:00000000 00000058H .rsrc$01                DATA
 0004:00000060 000004e8H .rsrc$02                DATA

  Address         Publics by Value              Rva+Base     Lib:Object

 0001:00000000       _PrintFileName             00401000 f   dispstru.obj
 0001:00000060       _ReallySetForegroundWindow 00401060 f   dispstru.obj
 0001:000000c0       _GetConsoleHwnd            004010c0 f   dispstru.obj
 0001:00000140       _GetFontHeight             00401140 f   dispstru.obj
 0001:00000160       _GetFontAscent             00401160 f   dispstru.obj
 0001:00000180       _GetFontDescent            00401180 f   dispstru.obj
 0001:000001a0       _GetFontAveWidth           004011a0 f   dispstru.obj
 0001:000001c0       _GetSubstringWidth         004011c0 f   dispstru.obj
 0001:00000250       _GetTextSize               00401250 f   dispstru.obj
 0001:00000290       _GetVertTextSize           00401290 f   dispstru.obj
 0001:00000300       _TextOutVert               00401300 f   dispstru.obj
 0001:00000380       _TextOutHoriz              00401380 f   dispstru.obj
 0001:000003d0       _GetStringWidth            004013d0 f   dispstru.obj
 0001:00000400       _GetOneCharInStringWidth   00401400 f   dispstru.obj
 0001:00000430       _DrawStructure             00401430 f   dispstru.obj
 0001:00000b00       _DrawBond                  00401b00 f   dispstru.obj
 0001:00000be0       _RoundDouble               00401be0 f   dispstru.obj
 0001:00000c30       _nRound                    00401c30 f   dispstru.obj
 0001:00000c50       _roundoff_coord            00401c50 f   dispstru.obj
 0001:00000cd0       _DrawPenColorFilledPolygon 00401cd0 f   dispstru.obj
 0001:00000d50       _DrawTextColorDot          00401d50 f   dispstru.obj
 0001:00000eb0       _DrawBondStereo            00401eb0 f   dispstru.obj
 0001:00001580       _DrawBondParity            00402580 f   dispstru.obj
 0001:000016d0       _DrawBondNoStereo          004026d0 f   dispstru.obj
 0001:00001b90       _MoveHydrogenAtomToTheLeft 00402b90 f   dispstru.obj
 0001:00001ca0       _MyTextOutABC              00402ca0 f   dispstru.obj
 0001:00001d90       _DrawColorString           00402d90 f   dispstru.obj
 0001:00002330       _DrawPreparedString        00403330 f   dispstru.obj
 0001:00002370       _DrawString                00403370 f   dispstru.obj
 0001:000024f0       _DrawLine                  004034f0 f   dispstru.obj
 0001:00002520       _nGetNumLegendOptions      00403520 f   dispstru.obj
 0001:00002570       _DrawTheInputStructure     00403570 f   dispstru.obj
 0001:000027d0       _CalcTblParms              004037d0 f   dispstru.obj
 0001:00002970       _DrawTheTable              00403970 f   dispstru.obj
 0001:00002c80       _GetStructSizes            00403c80 f   dispstru.obj
 0001:00003080       _ResizeAtomForDrawing      00404080 f   dispstru.obj
 0001:000035a0       _InpStructureMarkEquComponents 004045a0 f   dispstru.obj
 0001:00003810       _CreateInputStructPicture  00404810 f   dispstru.obj
 0001:00004660       _WndProcDisplayInputStructure@16 00405660 f   dispstru.obj
 0001:00004940       _FreeWinData               00405940 f   dispstru.obj
 0001:000049c0       _DisplayInputStructure     004059c0 f   dispstru.obj
 0001:00004e90       _MySleep                   00405e90 f   dispstru.obj
 0001:00004ea0       _RestoreEdgeFlow           00405ea0 f   ichi_bns.obj
 0001:00004ed0       _SetAtomBondType           00405ed0 f   ichi_bns.obj
 0001:00005180       _RunBalancedNetworkSearch  00406180 f   ichi_bns.obj
 0001:00005220       _SetAtomRadAndChemValFromVertexCapFlow 00406220 f   ichi_bns.obj
 0001:000052b0       _AddChangedAtHChargeBNS    004062b0 f   ichi_bns.obj
 0001:00005310       _EliminatePlusMinusChargeAmbiguity 00406310 f   ichi_bns.obj
 0001:000055a0       _AddOrRemoveExplOrImplH    004065a0 f   ichi_bns.obj
 0001:00005920       _SubtractOrChangeAtHChargeBNS 00406920 f   ichi_bns.obj
 0001:00005af0       _SetBondsFromBnStructFlow  00406af0 f   ichi_bns.obj
 0001:00005e50       _MarkAtomsAtTautGroups     00406e50 f   ichi_bns.obj
 0001:000061e0       _RestoreBnStructFlow       004071e0 f   ichi_bns.obj
 0001:00006350       _bNeedToTestTheFlow        00407350 f   ichi_bns.obj
 0001:000063e0       _nBondsValenceInpAt        004073e0 f   ichi_bns.obj
 0001:00006450       _BnsAdjustFlowBondsRad     00407450 f   ichi_bns.obj
 0001:00006640       _BnsTestAndMarkAltBonds    00407640 f   ichi_bns.obj
 0001:000069b0       _SetForbiddenEdges         004079b0 f   ichi_bns.obj
 0001:00006c30       _fix_special_bonds         00407c30 f   ichi_bns.obj
 0001:00007d50       _is_Z_atom                 00408d50 f   ichi_bns.obj
 0001:00007e30       _IsZOX                     00408e30 f   ichi_bns.obj
 0001:00007f20       _GetAtomChargeType         00408f20 f   ichi_bns.obj
 0001:00008870       _SimpleRemoveHplusNPO      00409870 f   ichi_bns.obj
 0001:00008920       _bIsAtomTypeHard           00409920 f   ichi_bns.obj
 0001:00008960       _bIsHDonorAccAtomType      00409960 f   ichi_bns.obj
 0001:000089e0       _bIsNegAtomType            004099e0 f   ichi_bns.obj
 0001:00008a80       _bIsHardRemHCandidate      00409a80 f   ichi_bns.obj
 0001:00008ae0       _CreateCGroupInBnStruct    00409ae0 f   ichi_bns.obj
 0001:00008e30       _CreateTGroupInBnStruct    00409e30 f   ichi_bns.obj
 0001:00009190       _RemoveLastGroupFromBnStruct 0040a190 f   ichi_bns.obj
 0001:00009390       _SetInitCapFlowToCurrent   0040a390 f   ichi_bns.obj
 0001:00009410       _SimpleRemoveAcidicProtons 0040a410 f   ichi_bns.obj
 0001:00009620       _bHasAcidicHydrogen        0040a620 f   ichi_bns.obj
 0001:00009690       _bHasOtherExchangableH     0040a690 f   ichi_bns.obj
 0001:000096e0       _SimpleAddAcidicProtons    0040a6e0 f   ichi_bns.obj
 0001:000098e0       _bHasAcidicMinus           0040a8e0 f   ichi_bns.obj
 0001:00009950       _HardRemoveAcidicProtons   0040a950 f   ichi_bns.obj
 0001:00009c90       _HardAddAcidicProtons      0040ac90 f   ichi_bns.obj
 0001:00009fd0       _HardRemoveHplusNP         0040afd0 f   ichi_bns.obj
 0001:0000a300       _mark_at_type              0040b300 f   ichi_bns.obj
 0001:0000a360       _RemoveNPProtonsAndAcidCharges 0040b360 f   ichi_bns.obj
 0001:0000a620       _mark_alt_bonds_and_taut_groups 0040b620 f   ichi_bns.obj
 0001:0000ae60       _nMaxFlow2Check            0040be60 f   ichi_bns.obj
 0001:0000ae90       _nCurFlow2Check            0040be90 f   ichi_bns.obj
 0001:0000aeb0       _nMinFlow2Check            0040beb0 f   ichi_bns.obj
 0001:0000afb0       _bSetBondsAfterCheckOneBond 0040bfb0 f   ichi_bns.obj
 0001:0000b1f0       _bRestoreFlowAfterCheckOneBond 0040c1f0 f   ichi_bns.obj
 0001:0000b2c0       _bSetFlowToCheckOneBond    0040c2c0 f   ichi_bns.obj
 0001:0000ba80       _bAddNewVertex             0040ca80 f   ichi_bns.obj
 0001:0000bc70       _AddNewEdge                0040cc70 f   ichi_bns.obj
 0001:0000be50       _GetEdgeToGroupVertex      0040ce50 f   ichi_bns.obj
 0001:0000bf00       _GetGroupVertex            0040cf00 f   ichi_bns.obj
 0001:0000bfd0       _bAddStCapToAVertex        0040cfd0 f   ichi_bns.obj
 0001:0000c0b0       _bSetBnsToCheckAltPath     0040d0b0 f   ichi_bns.obj
 0001:0000cba0       _bRestoreBnsAfterCheckAltPath 0040dba0 f   ichi_bns.obj
 0001:0000cee0       _bExistsAnyAltPath         0040dee0 f   ichi_bns.obj
 0001:0000cf70       _bIsBnsEndpoint            0040df70 f   ichi_bns.obj
 0001:0000cff0       _bRadChangesAtomType       0040dff0 f   ichi_bns.obj
 0001:0000d0c0       _RegisterRadEndpoint       0040e0c0 f   ichi_bns.obj
 0001:0000d470       _cmp_rad_endpoints         0040e470 f   ichi_bns.obj
 0001:0000d4b0       _RemoveRadEndpoints        0040e4b0 f   ichi_bns.obj
 0001:0000d6c0       _RestoreRadicalsOnly       0040e6c0 f   ichi_bns.obj
 0001:0000d7d0       _SetRadEndpoints           0040e7d0 f   ichi_bns.obj
 0001:0000da30       _SetRadEndpoints2          0040ea30 f   ichi_bns.obj
 0001:0000e090       _bExistsAltPath            0040f090 f   ichi_bns.obj
 0001:0000e720       _AllocateAndInitBnStruct   0040f720 f   ichi_bns.obj
 0001:0000eca0       _DeAllocateBnStruct        0040fca0 f   ichi_bns.obj
 0001:0000ed30       _ReInitBnStructAltPaths    0040fd30 f   ichi_bns.obj
 0001:0000ed90       _ReInitBnStructAddGroups   0040fd90 f   ichi_bns.obj
 0001:0000ee00       _ReInitBnStruct            0040fe00 f   ichi_bns.obj
 0001:0000f050       _CompTGroupNumber          00410050 f   ichi_bns.obj
 0001:0000f070       _CompCGroupNumber          00410070 f   ichi_bns.obj
 0001:0000f090       _AddTGroups2BnStruct       00410090 f   ichi_bns.obj
 0001:0000f430       _AddCGroups2BnStruct       00410430 f   ichi_bns.obj
 0001:0000f790       _ClearAllBnDataVertices    00410790 f   ichi_bns.obj
 0001:0000f7c0       _ClearAllBnDataEdges       004107c0 f   ichi_bns.obj
 0001:0000f7e0       _DeAllocateBnData          004107e0 f   ichi_bns.obj
 0001:0000f880       _AllocateAndInitBnData     00410880 f   ichi_bns.obj
 0001:0000f9c0       _ReInitBnData              004109c0 f   ichi_bns.obj
 0001:0000fa80       _GetVertexDegree           00410a80 f   ichi_bns.obj
 0001:0000fac0       _Get2ndEdgeVertex          00410ac0 f   ichi_bns.obj
 0001:0000fb10       _GetVertexNeighbor         00410b10 f   ichi_bns.obj
 0001:0000fbd0       _GetEdgePointer            00410bd0 f   ichi_bns.obj
 0001:0000fcd0       _AugmentEdge               00410cd0 f   ichi_bns.obj
 0001:0000ff40       _rescap_mark               00410f40 f   ichi_bns.obj
 0001:00010010       _GetPrevVertex             00411010 f   ichi_bns.obj
 0001:000100d0       _bIgnoreVertexNonTACN_atom 004110d0 f   ichi_bns.obj
 0001:00010270       _bIgnoreVertexNonTACN_group 00411270 f   ichi_bns.obj
 0001:000103c0       _rescap                    004113c0 f   ichi_bns.obj
 0001:00010430       _BalancedNetworkSearch     00411430 f   ichi_bns.obj
 0001:00010890       _FindBase                  00411890 f   ichi_bns.obj
 0001:000108d0       _FindPathToVertex_s        004118d0 f   ichi_bns.obj
 0001:00010930       _MakeBlossom               00411930 f   ichi_bns.obj
 0001:00010b80       _PullFlow                  00411b80 f   ichi_bns.obj
 0001:00010cf0       _FindPathCap               00411cf0 f   ichi_bns.obj
 0001:00010dc0       _MarkRingSystemsAltBns     00411dc0 f   ichi_bns.obj
 0001:00011250       _ReInitBnStructForAltBns   00412250 f   ichi_bns.obj
 0001:00011410       _MarkNonStereoAltBns       00412410 f   ichi_bns.obj
 0001:000115f0       _bHasChargedNeighbor       004125f0 f   ichi_bns.obj
 0001:00011640       _AddRemoveProtonsRestr     00412640 f   ichi_bns.obj
 0001:00012000       _AddRemoveIsoProtonsRestr  00413000 f   ichi_bns.obj
 0001:00012260       _NodeSetCreate             00413260 f   ichican2.obj
 0001:00012300       _NodeSetFree               00413300 f   ichican2.obj
 0001:00012340       _CTableCreate              00413340 f   ichican2.obj
 0001:000124a0       _CTableFree                004134a0 f   ichican2.obj
 0001:00012530       _TranspositionCreate       00413530 f   ichican2.obj
 0001:00012530       _UnorderedPartitionCreate  00413530 f   ichican2.obj
 0001:00012550       _UnorderedPartitionFree    00413550 f   ichican2.obj
 0001:00012570       _UnorderedPartitionMakeDiscrete 00413570 f   ichican2.obj
 0001:00012590       _PartitionCreate           00413590 f   ichican2.obj
 0001:000125d0       _PartitionFree             004135d0 f   ichican2.obj
 0001:00012610       _PartitionIsDiscrete       00413610 f   ichican2.obj
 0001:00012660       _PartitionGetFirstCell     00413660 f   ichican2.obj
 0001:00012730       _CellMakeEmpty             00413730 f   ichican2.obj
 0001:00012760       _NodeSetFromVertices       00413760 f   ichican2.obj
 0001:000127e0       _AllNodesAreInSet          004137e0 f   ichican2.obj
 0001:00012840       _PartitionGetMcrAndFixSet  00413840 f   ichican2.obj
 0001:00012970       _NodeSetFromRadEndpoints   00413970 f   ichican2.obj
 0001:000129f0       _RemoveFromNodeSet         004139f0 f   ichican2.obj
 0001:00012a50       _DoNodeSetsIntersect       00413a50 f   ichican2.obj
 0001:00012aa0       _IsNodeSetEmpty            00413aa0 f   ichican2.obj
 0001:00012ae0       _AddNodeSet2ToNodeSet1     00413ae0 f   ichican2.obj
 0001:00012b20       _AddNodesToRadEndpoints    00413b20 f   ichican2.obj
 0001:00012bd0       _PartitionGetTransposition 00413bd0 f   ichican2.obj
 0001:00012c10       _nJoin2Mcrs                00413c10 f   ichican2.obj
 0001:00012c10       _nJoin2Mcrs2               00413c10 f   ichican2.obj
 0001:00012c60       _GetUnorderedPartitionMcrNode 00413c60 f   ichican2.obj
 0001:00012c80       _UnorderedPartitionJoin    00413c80 f   ichican2.obj
 0001:00012ce0       _PartitionSatisfiesLemma_2_25 00413ce0 f   ichican2.obj
 0001:00012d70       _PartitionCopy             00413d70 f   ichican2.obj
 0001:00012de0       _PartitionColorVertex      00413de0 f   ichican2.obj
 0001:00012fe0       _CellGetMinNode            00413fe0 f   ichican2.obj
 0001:00013190       _CellGetNumberOfNodes      00414190 f   ichican2.obj
 0001:000131d0       _CellIntersectWithSet      004141d0 f   ichican2.obj
 0001:00013280       _CtPartClear               00414280 f   ichican2.obj
 0001:000132e0       _insertions_sort_NeighList_AT_NUMBERS2 004142e0 f   ichican2.obj
 0001:00013380       _CtPartFill                00414380 f   ichican2.obj
 0001:00013730       _CtPartInfinity            00414730 f   ichican2.obj
 0001:00013790       _CtPartCompare             00414790 f   ichican2.obj
 0001:00013d80       _CtFullCompare             00414d80 f   ichican2.obj
 0001:00014120       _CtFullCompareLayers       00415120 f   ichican2.obj
 0001:00014150       _CtCompareLayersGetFirstDiff 00415150 f   ichican2.obj
 0001:000141e0       _CtPartCompareLayers       004151e0 f   ichican2.obj
 0001:00014230       _UpdateCompareLayers       00415230 f   ichican2.obj
 0001:00014270       _CtPartCopy                00415270 f   ichican2.obj
 0001:00014520       _CtFullCopy                00415520 f   ichican2.obj
 0001:00014550       _TranspositionGetMcrAndFixSetAndUnorderedPartition 00415550 f   ichican2.obj
 0001:00014740       _SetBitCreate              00415740 f   ichican2.obj
 0001:000147d0       _SetBitFree                004157d0 f   ichican2.obj
 0001:00014800       _GetOneAdditionalLayer     00415800 f   ichican2.obj
 0001:00014880       _CanonGraph                00415880 f   ichican2.obj
 0001:00015b50       _SetInitialRanks2          00416b50 f   ichican2.obj
 0001:00015bf0       _FillOutAtomInvariant2     00416bf0 f   ichican2.obj
 0001:000160d0       _CleanNumH                 004170d0 f   ichican2.obj
 0001:00016110       _CleanCt                   00417110 f   ichican2.obj
 0001:00016140       _CleanIsoSortKeys          00417140 f   ichican2.obj
 0001:00016170       _DeAllocBCN                00417170 f   ichican2.obj
 0001:000162a0       _GetBaseCanonRanking       004172a0 f   ichican2.obj
 0001:00018f60       _InchiTimeGet              00419f60 f   ichicano.obj
 0001:00018fa0       _InchiTimeMsecDiff         00419fa0 f   ichicano.obj
 0001:00018fe0       _InchiTimeElapsed          00419fe0 f   ichicano.obj
 0001:00019010       _InchiTimeAddMsec          0041a010 f   ichicano.obj
 0001:00019070       _bInchiTimeIsOver          0041a070 f   ichicano.obj
 0001:000190d0       _GetCanonLengths           0041a0d0 f   ichicano.obj
 0001:00019270       _DeAllocateCS              0041a270 f   ichicano.obj
 0001:00019600       _AllocateCS                0041a600 f   ichicano.obj
 0001:00019b60       _FillIsotopicAtLinearCT    0041ab60 f   ichicano.obj
 0001:00019ca0       _FillTautLinearCT2         0041aca0 f   ichicano.obj
 0001:0001a040       _UpdateFullLinearCT        0041b040 f   ichicano.obj
 0001:0001a3c0       _FixCanonEquivalenceInfo   0041b3c0 f   ichicano.obj
 0001:0001a490       _Canon_INChI3              0041b490 f   ichicano.obj
 0001:0001bcf0       _Canon_INChI               0041ccf0 f   ichicano.obj
 0001:0001bd40       _find_atoms_with_parity    0041cd40 f   ichicans.obj
 0001:0001bdc0       _SetHalfStereoBondIllDefPariy 0041cdc0 f   ichicans.obj
 0001:0001be10       _RemoveHalfStereoBond      0041ce10 f   ichicans.obj
 0001:0001bec0       _SetOneStereoBondIllDefParity 0041cec0 f   ichicans.obj
 0001:0001bf40       _RemoveOneStereoBond       0041cf40 f   ichicans.obj
 0001:0001bfb0       _RemoveOneStereoCenter     0041cfb0 f   ichicans.obj
 0001:0001bfe0       _UnmarkNonStereo           0041cfe0 f   ichicans.obj
 0001:0001c440       _FillSingleStereoDescriptors 0041d440 f   ichicans.obj
 0001:0001c800       _SwitchAtomStereoAndIsotopicStereo 0041d800 f   ichicans.obj
 0001:0001c8b0       _SetCtToIsotopicStereo     0041d8b0 f   ichicans.obj
 0001:0001c900       _SetCtToNonIsotopicStereo  0041d900 f   ichicans.obj
 0001:0001c960       _FillAllStereoDescriptors  0041d960 f   ichicans.obj
 0001:0001ca30       _SetKnownStereoBondParities 0041da30 f   ichicans.obj
 0001:0001d140       _MarkKnownEqualStereoBondParities 0041e140 f   ichicans.obj
 0001:0001d710       _GetNextNeighborAndRank    0041e710 f   ichicans.obj
 0001:0001d7a0       _GetAndCheckNextNeighbors  0041e7a0 f   ichicans.obj
 0001:0001d990       _PathsHaveIdenticalKnownParities 0041e990 f   ichicans.obj
 0001:0001db50       _RemoveKnownNonStereoBondParities 0041eb50 f   ichicans.obj
 0001:0001de10       _SetKnownStereoCenterParities 0041ee10 f   ichicans.obj
 0001:0001e0b0       _RemoveKnownNonStereoCenterParities 0041f0b0 f   ichicans.obj
 0001:0001e380       _MarkKnownEqualStereoCenterParities 0041f380 f   ichicans.obj
 0001:0001e500       _InvertStereo              0041f500 f   ichicans.obj
 0001:0001e7b0       _FillOutStereoParities     0041f7b0 f   ichicans.obj
 0001:0001e8e0       _GetStereoNeighborPos      0041f8e0 f   ichicans.obj
 0001:0001e920       _GetStereoBondParity       0041f920 f   ichicans.obj
 0001:0001eaa0       _GetPermutationParity      0041faa0 f   ichicans.obj
 0001:0001eb50       _GetStereoCenterParity     0041fb50 f   ichicans.obj
 0001:0001ec20       _make_iso_sort_key         0041fc20 f   ichiisot.obj
 0001:0001ec40       _set_atom_iso_sort_keys    0041fc40 f   ichiisot.obj
 0001:0001ed50       _user_quit                 0041fd50 f   ichimain.obj
 0001:0001ee40       _eat_keyboard_input        0041fe40 f   ichimain.obj
 0001:0001ee70       _MyHandlerRoutine@4        0041fe70 f   ichimain.obj
 0001:0001eea0       _WasInterrupted            0041fea0 f   ichimain.obj
 0001:0001eeb0       _main                      0041feb0 f   ichimain.obj
 0001:0001f550       _MakeHillFormulaString     00420550 f   ichimak2.obj
 0001:0001f5b0       _GetHillFormulaIndexLength 004205b0 f   ichimak2.obj
 0001:0001f5e0       _GetHillFormulaCounts      004205e0 f   ichimak2.obj
 0001:0001f860       _AddElementAndCount        00420860 f   ichimak2.obj
 0001:0001f910       _MakeHillFormula           00420910 f   ichimak2.obj
 0001:0001fb40       _AllocateAndFillHillFormula 00420b40 f   ichimak2.obj
 0001:0001fbf0       _Copy2StereoBondOrAllene   00420bf0 f   ichimak2.obj
 0001:0001fe30       _CopyLinearCTStereoToINChIStereo 00420e30 f   ichimak2.obj
 0001:00020060       _MarkAmbiguousStereo       00421060 f   ichimak2.obj
 0001:00020310       _UnmarkAllUndefinedUnknownStereo 00421310 f   ichimak2.obj
 0001:00020410       _FillOutINChI              00421410 f   ichimak2.obj
 0001:00021680       _inp2spATOM                00422680 f   ichimake.obj
 0001:000217a0       _GetElementAndCount        004227a0 f   ichimake.obj
 0001:000218f0       _CompareHillFormulas       004228f0 f   ichimake.obj
 0001:000219d0       _CompareHillFormulasNoH    004229d0 f   ichimake.obj
 0001:00021af0       _CompareTautNonIsoPartOfINChI 00422af0 f   ichimake.obj
 0001:00021b50       _CompINChITautVsNonTaut    00422b50 f   ichimake.obj
 0001:00021e60       _GetSp3RelRacAbs           00422e60 f   ichimake.obj
 0001:00021eb0       _CompINChILayers           00422eb0 f   ichimake.obj
 0001:000227c0       _INChI_SegmentAction       004237c0 f   ichimake.obj
 0001:000227f0       _MarkUnusedAndEmptyLayers  004237f0 f   ichimake.obj
 0001:000228b0       _CompareInchiStereo        004238b0 f   ichimake.obj
 0001:00022a20       _CompINChI2                00423a20 f   ichimake.obj
 0001:00022ef0       _CompINChINonTaut2         00423ef0 f   ichimake.obj
 0001:00022f30       _CompINChITaut2            00423f30 f   ichimake.obj
 0001:00022f70       _mystrrev                  00423f70 f   ichimake.obj
 0001:00022fa0       _GetDfsOrder4CT            00423fa0 f   ichimake.obj
 0001:00023660       _GetInpStructErrorType     00424660 f   ichimake.obj
 0001:000236c0       _ProcessStructError        004246c0 f   ichimake.obj
 0001:00023890       _CompareReversedStereoINChI 00424890 f   ichimake.obj
 0001:000239b0       _CompareReversedStereoINChI2 004249b0 f   ichimake.obj
 0001:00024080       _CompareReversedINChI      00425080 f   ichimake.obj
 0001:00024450       _CompareIcr                00425450 f   ichimake.obj
 0001:00024540       _CompareReversedINChI2     00425540 f   ichimake.obj
 0001:00024dd0       _Create_INChI              00425dd0 f   ichimake.obj
 0001:00025ca0       _GetAtomOrdNbrInCanonOrd   00426ca0 f   ichimake.obj
 0001:00025e50       _FillOutCanonInfAtom       00426e50 f   ichimake.obj
 0001:00026be0       _FillOutOneCanonInfAtom    00427be0 f   ichimake.obj
 0001:00027b10       _FillOutInputInfAtom       00428b10 f   ichimake.obj
 0001:00027fa0       _FillOutInfAtom            00428fa0 f   ichimake.obj
 0001:00028020       _FillOutCompositeCanonInfAtom 00429020 f   ichimake.obj
 0001:00028260       _CheckCanonNumberingCorrectness 00429260 f   ichimake.obj
 0001:000283b0       _All_SC_Same               004293b0 f   ichimap1.obj
 0001:00028470       _Next_SC_At_CanonRank2     00429470 f   ichimap1.obj
 0001:00028560       _CompareLinCtStereoDble    00429560 f   ichimap1.obj
 0001:00028610       _CompareLinCtStereoCarb    00429610 f   ichimap1.obj
 0001:000286b0       _CompareLinCtStereo        004296b0 f   ichimap1.obj
 0001:000286f0       _CompareLinCtStereoAtomToValues 004296f0 f   ichimap1.obj
 0001:00028730       _bUniqueAtNbrFromMappingRank 00429730 f   ichimap1.obj
 0001:00028790       _nGetMcr                   00429790 f   ichimap1.obj
 0001:00028790       _nGetMcr2                  00429790 f   ichimap1.obj
 0001:00028800       _All_SB_Same               00429800 f   ichimap1.obj
 0001:00028b90       _Next_SB_At_CanonRanks2    00429b90 f   ichimap1.obj
 0001:00028f80       _NextStereoParity2Test     00429f80 f   ichimap1.obj
 0001:00029060       _CompareLinCtStereoDoubleToValues 0042a060 f   ichimap1.obj
 0001:000290b0       _SetUseAtomForStereo       0042a0b0 f   ichimap1.obj
 0001:00029120       _CurTreeAlloc              0042a120 f   ichimap1.obj
 0001:000291b0       _CurTreeReAlloc            0042a1b0 f   ichimap1.obj
 0001:00029220       _CurTreeFree               0042a220 f   ichimap1.obj
 0001:00029250       _CurTreeAddRank            0042a250 f   ichimap1.obj
 0001:000292b0       _CurTreeIsLastRank         0042a2b0 f   ichimap1.obj
 0001:000292f0       _CurTreeRemoveLastRankIfNoAtoms 0042a2f0 f   ichimap1.obj
 0001:00029330       _CurTreeAddAtom            0042a330 f   ichimap1.obj
 0001:00029390       _CurTreeKeepLastAtomsOnly  0042a390 f   ichimap1.obj
 0001:00029410       _CurTreeRemoveIfLastAtom   0042a410 f   ichimap1.obj
 0001:00029460       _CurTreeGetPos             0042a460 f   ichimap1.obj
 0001:00029470       _CurTreeSetPos             0042a470 f   ichimap1.obj
 0001:00029490       _CurTreeRemoveLastRank     0042a490 f   ichimap1.obj
 0001:000294c0       _CurTreeIsLastAtomEqu      0042a4c0 f   ichimap1.obj
 0001:00029530       _SortedEquInfoToRanks      0042a530 f   ichimap2.obj
 0001:000295f0       _SortedRanksToEquInfo      0042a5f0 f   ichimap2.obj
 0001:00029670       _switch_ptrs               0042a670 f   ichimap2.obj
 0001:00029690       _SetNewRanksFromNeighLists3 0042a690 f   ichimap2.obj
 0001:000297e0       _SetNewRanksFromNeighLists4 0042a7e0 f   ichimap2.obj
 0001:00029940       _SetNewRanksFromNeighLists 0042a940 f   ichimap2.obj
 0001:000299f0       _SortNeighListsBySymmAndCanonRank 0042a9f0 f   ichimap2.obj
 0001:00029a20       _SortNeighLists2           0042aa20 f   ichimap2.obj
 0001:00029a90       _SortNeighLists3           0042aa90 f   ichimap2.obj
 0001:00029b00       _DifferentiateRanks2       0042ab00 f   ichimap2.obj
 0001:00029bb0       _DifferentiateRanks3       0042abb0 f   ichimap2.obj
 0001:00029c10       _DifferentiateRanks4       0042ac10 f   ichimap2.obj
 0001:00029c70       _DifferentiateRanksBasic   0042ac70 f   ichimap2.obj
 0001:00029d10       _NumberOfTies              0042ad10 f   ichimap2.obj
 0001:00029ec0       _HalfStereoBondParity      0042aec0 f   ichimap2.obj
 0001:0002a060       _parity_of_mapped_half_bond 0042b060 f   ichimap2.obj
 0001:0002a3c0       _parity_of_mapped_atom2    0042b3c0 f   ichimap2.obj
 0001:0002a720       _ClearPreviousMappings     0042b720 f   ichimap2.obj
 0001:0002a740       _map_an_atom2              0042b740 f   ichimap2.obj
 0001:0002a9f0       _might_change_other_atom_parity 0042b9f0 f   ichimap2.obj
 0001:0002aac0       _DeAllocateForNonStereoRemoval 0042bac0 f   ichimap2.obj
 0001:0002ab80       _AllocateForNonStereoRemoval 0042bb80 f   ichimap2.obj
 0001:0002acb0       _GetMinNewRank             0042bcb0 f   ichimap2.obj
 0001:0002ad00       _BreakNeighborsTie         0042bd00 f   ichimap2.obj
 0001:0002b500       _CheckNextSymmNeighborsAndBonds 0042c500 f   ichimap2.obj
 0001:0002b740       _CreateCheckSymmPaths      0042c740 f   ichimap2.obj
 0001:0002baa0       _CalculatedPathsParitiesAreIdentical 0042caa0 f   ichimap2.obj
 0001:0002c980       _RemoveCalculatedNonStereoBondParities 0042d980 f   ichimap2.obj
 0001:0002d0f0       _RemoveCalculatedNonStereoCenterParities 0042e0f0 f   ichimap2.obj
 0001:0002d830       _RemoveCalculatedNonStereo 0042e830 f   ichimap2.obj
 0001:0002da50       _map_stereo_bonds4         0042ea50 f   ichimap4.obj
 0001:0002f620       _map_stereo_atoms4         00430620 f   ichimap4.obj
 0001:00030a10       _cmp_iso_atw_diff_component_no 00431a10 f   ichinorm.obj
 0001:00030a40       _MarkRingSystemsInp        00431a40 f   ichinorm.obj
 0001:00030f70       _remove_terminal_HDT       00431f70 f   ichinorm.obj
 0001:00031650       _add_DT_to_num_H           00432650 f   ichinorm.obj
 0001:00031690       _ReadCommandLineParms      00432690 f   ichiparm.obj
 0001:000335a0       _PrintInputParms           004345a0 f   ichiparm.obj
 0001:00033b70       _HelpCommandLineParms      00434b70 f   ichiparm.obj
 0001:00033d10       _OpenFiles                 00434d10 f   ichiparm.obj
 0001:000340f0       _DetectInputINChIFileType  004350f0 f   ichiparm.obj
 0001:00034580       _PrintXmlStartTag          00435580 f   ichiprt1.obj
 0001:000346c0       _Needs2addXmlEntityRefs    004356c0 f   ichiprt1.obj
 0001:000347b0       _AddXmlEntityRefs          004357b0 f   ichiprt1.obj
 0001:000348d0       _OutputINChIXmlRootStartTag 004358d0 f   ichiprt1.obj
 0001:00034920       _OutputINChIXmlRootEndTag  00435920 f   ichiprt1.obj
 0001:00034960       _OutputINChIXmlStructStartTag 00435960 f   ichiprt1.obj
 0001:00034c60       _OutputINChIXmlStructEndTag 00435c60 f   ichiprt1.obj
 0001:00034cc0       _OutputINChIXmlError       00435cc0 f   ichiprt1.obj
 0001:00034da0       _EquString                 00435da0 f   ichiprt1.obj
 0001:000353d0       _OutputINChI2              004363d0 f   ichiprt1.obj
 0001:000354c0       _szGetTag                  004364c0 f   ichiprt1.obj
 0001:00035740       _OutputINChI1              00436740 f   ichiprt1.obj
 0001:0003a1a0       _str_LineStart             0043b1a0 f   ichiprt1.obj
 0001:0003a2b0       _str_LineEnd               0043b2b0 f   ichiprt1.obj
 0001:0003a3c0       _CleanOrigCoord            0043b3c0 f   ichiprt1.obj
 0001:0003a660       _WriteOrigCoord            0043b660 f   ichiprt1.obj
 0001:0003a740       _WriteOrigAtoms            0043b740 f   ichiprt1.obj
 0001:0003abb0       _WriteOrigBonds            0043bbb0 f   ichiprt1.obj
 0001:0003b420       _FillOutOrigStruct         0043c420 f   ichiprt1.obj
 0001:0003b670       _FreeOrigStruct            0043c670 f   ichiprt1.obj
 0001:0003b6c0       _Eql_INChI_Stereo          0043c6c0 f   ichiprt2.obj
 0001:0003b940       _Eql_INChI_Isotopic        0043c940 f   ichiprt2.obj
 0001:0003b9d0       _Eql_INChI_Aux_Equ         0043c9d0 f   ichiprt2.obj
 0001:0003bae0       _Eql_INChI_Aux_Num         0043cae0 f   ichiprt2.obj
 0001:0003bbc0       _bHasOrigInfo              0043cbc0 f   ichiprt2.obj
 0001:0003bc10       _EqlOrigInfo               0043cc10 f   ichiprt2.obj
 0001:0003bc60       _bHasEquString             0043cc60 f   ichiprt2.obj
 0001:0003bcc0       _MakeMult                  0043ccc0 f   ichiprt2.obj
 0001:0003bda0       _MakeDelim                 0043cda0 f   ichiprt2.obj
 0001:0003be10       _MakeEqStr                 0043ce10 f   ichiprt2.obj
 0001:0003bed0       _MakeCtStringNew           0043ced0 f   ichiprt2.obj
 0001:0003c1d0       _MakeCtStringOld           0043d1d0 f   ichiprt2.obj
 0001:0003c380       _MakeHString               0043d380 f   ichiprt2.obj
 0001:0003c980       _MakeCtString              0043d980 f   ichiprt2.obj
 0001:0003c9f0       _MakeTautString            0043d9f0 f   ichiprt2.obj
 0001:0003cce0       _MakeCRVString             0043dce0 f   ichiprt2.obj
 0001:0003cf60       _MakeEquString             0043df60 f   ichiprt2.obj
 0001:0003d150       _MakeIsoAtomString         0043e150 f   ichiprt2.obj
 0001:0003d420       _MakeIsoTautString         0043e420 f   ichiprt2.obj
 0001:0003d660       _MakeIsoHString            0043e660 f   ichiprt2.obj
 0001:0003d7f0       _MakeStereoString          0043e7f0 f   ichiprt2.obj
 0001:0003d970       _MakeAbcNumber             0043e970 f   ichiprt2.obj
 0001:0003da40       _inchi_strtol              0043ea40 f   ichiprt2.obj
 0001:0003db50       _inchi_strtod              0043eb50 f   ichiprt2.obj
 0001:0003db70       _MakeDecNumber             0043eb70 f   ichiprt2.obj
 0001:0003dc30       _str_Sp2                   0043ec30 f   ichiprt3.obj
 0001:0003e1b0       _str_Sp3                   0043f1b0 f   ichiprt3.obj
 0001:0003e700       _str_IsoAtoms              0043f700 f   ichiprt3.obj
 0001:0003ed70       _str_IsoSp2                0043fd70 f   ichiprt3.obj
 0001:0003f3b0       _str_IsoSp3                004403b0 f   ichiprt3.obj
 0001:0003f9e0       _str_AuxEqu                004409e0 f   ichiprt3.obj
 0001:0003ff00       _str_AuxInvSp3             00440f00 f   ichiprt3.obj
 0001:00040520       _str_AuxInvSp3Numb         00441520 f   ichiprt3.obj
 0001:000409a0       _str_AuxIsoNumb            004419a0 f   ichiprt3.obj
 0001:00040de0       _str_AuxIsoEqu             00441de0 f   ichiprt3.obj
 0001:00041390       _str_AuxInvIsoSp3          00442390 f   ichiprt3.obj
 0001:00041b70       _str_AuxInvIsoSp3Numb      00442b70 f   ichiprt3.obj
 0001:00042170       _str_HillFormula           00443170 f   ichiprt3.obj
 0001:00042470       _str_HillFormula2          00443470 f   ichiprt3.obj
 0001:000428e0       _str_Connections           004438e0 f   ichiprt3.obj
 0001:00042c10       _str_H_atoms               00443c10 f   ichiprt3.obj
 0001:00042fa0       _str_Charge2               00443fa0 f   ichiprt3.obj
 0001:000434a0       _str_FixedH_atoms          004444a0 f   ichiprt3.obj
 0001:000437f0       _str_AuxNumb               004447f0 f   ichiprt3.obj
 0001:00043be0       _str_AuxTgroupEqu          00444be0 f   ichiprt3.obj
 0001:00043ec0       _str_AuxChargeRadVal       00444ec0 f   ichiprt3.obj
 0001:000440d0       _bin_AuxTautTrans          004450d0 f   ichiprt3.obj
 0001:00044460       _str_AuxTautTrans          00445460 f   ichiprt3.obj
 0001:000445b0       _str_StereoAbsInv          004455b0 f   ichiprt3.obj
 0001:00044730       _str_IsoStereoAbsInv       00445730 f   ichiprt3.obj
 0001:000448b0       _str_AuxIsoTgroupEqu       004458b0 f   ichiprt3.obj
 0001:00044d00       _bIsCenterPointStrict      00445d00 f   ichiqueu.obj
 0001:00044d90       _nGet14TautIn7MembAltRing  00445d90 f   ichiqueu.obj
 0001:00044e10       _nGet14TautIn5MembAltRing  00445e10 f   ichiqueu.obj
 0001:00044e90       _nGet12TautIn5MembAltRing  00445e90 f   ichiqueu.obj
 0001:00044f10       _nGet15TautIn6MembAltRing  00445f10 f   ichiqueu.obj
 0001:00044f90       _DFS_FindTautInARing       00445f90 f   ichiqueu.obj
 0001:000451d0       _are_alt_bonds             004461d0 f   ichiqueu.obj
 0001:00045290       _AddBondsPos               00446290 f   ichiqueu.obj
 0001:000453b0       _AddEndPoints              004463b0 f   ichiqueu.obj
 0001:00045440       _Check7MembTautRing        00446440 f   ichiqueu.obj
 0001:00045870       _Check6MembTautRing        00446870 f   ichiqueu.obj
 0001:00045d80       _Check5MembTautRing        00446d80 f   ichiqueu.obj
 0001:00046100       _ReadWriteInChI            00447100 f   ichiread.obj
 0001:00047d80       _GetNumNeighborsFromInchi  00448d80 f   ichiread.obj
 0001:00047f00       _CountStereoTypes          00448f00 f   ichiread.obj
 0001:00048070       _bInpInchiComponentExists  00449070 f   ichiread.obj
 0001:000480e0       _bInpInchiComponentDeleted 004490e0 f   ichiread.obj
 0001:00048150       _bRevInchiComponentExists  00449150 f   ichiread.obj
 0001:000481c0       _bRevInchiComponentDeleted 004491c0 f   ichiread.obj
 0001:00048230       _DetectInpInchiCreationOptions 00449230 f   ichiread.obj
 0001:00050fe0       _insertions_sort_AT_RANK   00451fe0 f   ichiread.obj
 0001:00050fe0       _insertions_sort_AT_NUMB   00451fe0 f   ichiread.obj
 0001:00051320       _QueueCreate               00452320 f   ichiring.obj
 0001:00051370       _QueueAdd                  00452370 f   ichiring.obj
 0001:000513b0       _QueueGet                  004523b0 f   ichiring.obj
 0001:00051410       _QueueGetAny               00452410 f   ichiring.obj
 0001:00051440       _QueueDelete               00452440 f   ichiring.obj
 0001:00051470       _QueueReinit               00452470 f   ichiring.obj
 0001:00051490       _QueueLength               00452490 f   ichiring.obj
 0001:000514a0       _QueueWrittenLength        004524a0 f   ichiring.obj
 0001:000514c0       _GetMinRingSize            004524c0 f   ichiring.obj
 0001:000516b0       _is_bond_in_Nmax_memb_ring 004526b0 f   ichiring.obj
 0001:000517e0       _is_atom_in_3memb_ring     004527e0 f   ichiring.obj
 0001:000518d0       _clear_t_group_info        004528d0 f   ichirvr1.obj
 0001:000519f0       _GetTgroupInfoFromInChI    004529f0 f   ichirvr1.obj
 0001:00051c70       _FillOutpStructEndpointFromInChI 00452c70 f   ichirvr1.obj
 0001:00051d40       _cmp_charge_val            00452d40 f   ichirvr1.obj
 0001:00051d90       _bMayBeACationInMobileHLayer 00452d90 f   ichirvr1.obj
 0001:00051ee0       _clean_charge_val          00452ee0 f   ichirvr1.obj
 0001:00052210       _GetAtomRestoreInfo        00453210 f   ichirvr1.obj
 0001:00052770       _get_sp_element_type       00453770 f   ichirvr1.obj
 0001:00052920       _ReallocTCGroups           00453920 f   ichirvr1.obj
 0001:000529c0       _RegisterTCGroup           004539c0 f   ichirvr1.obj
 0001:00052a90       _nTautEndpointEdgeCap      00453a90 f   ichirvr1.obj
 0001:00052b30       _BondFlowMaxcapMinorder    00453b30 f   ichirvr1.obj
 0001:00052d20       _AtomStcapStflow           00453d20 f   ichirvr1.obj
 0001:00052e40       _nCountBnsSizes            00453e40 f   ichirvr1.obj
 0001:00053480       _nAddSuperCGroups          00454480 f   ichirvr1.obj
 0001:00053680       _AddTGroups2TCGBnStruct    00454680 f   ichirvr1.obj
 0001:00053990       _ConnectTwoVertices        00454990 f   ichirvr1.obj
 0001:00053b60       _AddRadicalToMetal         00454b60 f   ichirvr1.obj
 0001:00053c00       _ConnectMetalFlower        00454c00 f   ichirvr1.obj
 0001:00053ff0       _SetEdgeCapFlow            00454ff0 f   ichirvr1.obj
 0001:00054010       _AddEdgeFlow               00455010 f   ichirvr1.obj
 0001:00054110       _ConnectSuperCGroup        00455110 f   ichirvr1.obj
 0001:00054580       _AddStCapFlow              00455580 f   ichirvr1.obj
 0001:000545c0       _SetStCapFlow              004555c0 f   ichirvr1.obj
 0001:00054610       _AddCGroups2TCGBnStruct    00455610 f   ichirvr1.obj
 0001:000553c0       _nNumEdgesToCnVertex       004563c0 f   ichirvr1.obj
 0001:00055420       _AllocateAndInitTCGBnStruct 00456420 f   ichirvr1.obj
 0001:00055a50       _IncrZeroBondsAndClearEndpts 00456a50 f   ichirvr1.obj
 0001:00055aa0       _IncrZeroBonds             00456aa0 f   ichirvr1.obj
 0001:00055af0       _ClearEndpts               00456af0 f   ichirvr1.obj
 0001:00055b10       _GetDeltaChargeFromVF      00456b10 f   ichirvr1.obj
 0001:00055cc0       _EvaluateChargeChanges     00456cc0 f   ichirvr1.obj
 0001:000561b0       _RunBnsTestOnce            004571b0 f   ichirvr1.obj
 0001:00056290       _RunBnsRestoreOnce         00457290 f   ichirvr1.obj
 0001:00056310       _comp_cc_cand              00457310 f   ichirvr1.obj
 0001:000563a0       _get_pVA_atom_type         004573a0 f   ichirvr1.obj
 0001:000564a0       _AllocEdgeList             004574a0 f   ichirvr1.obj
 0001:00056570       _AddToEdgeList             00457570 f   ichirvr1.obj
 0001:000565c0       _RemoveFromEdgeListByIndex 004575c0 f   ichirvr1.obj
 0001:00056610       _FindInEdgeList            00457610 f   ichirvr1.obj
 0001:00056640       _RemoveFromEdgeListByValue 00457640 f   ichirvr1.obj
 0001:00056680       _AllocBfsQueue             00457680 f   ichirvr1.obj
 0001:00056770       _RemoveForbiddenEdgeMask   00457770 f   ichirvr1.obj
 0001:000567b0       _SetForbiddenEdgeMask      004577b0 f   ichirvr1.obj
 0001:000567f0       _RemoveForbiddenBondFlowBits 004577f0 f   ichirvr1.obj
 0001:00056830       _GetChargeFlowerUpperEdge  00457830 f   ichirvr1.obj
 0001:00056a00       _MakeOneInChIOutOfStrFromINChI2 00457a00 f   ichirvr1.obj
 0001:00056b90       _MakeOneInChIOutOfStrFromINChI 00457b90 f   ichirvr1.obj
 0001:00057150       _ConnectDisconnectedH      00458150 f   ichirvr1.obj
 0001:000573f0       _DisconnectedConnectedH    004583f0 f   ichirvr1.obj
 0001:00057650       _MakeInChIOutOfStrFromINChI2 00458650 f   ichirvr1.obj
 0001:00057980       _OutputInChIOutOfStrFromINChI 00458980 f   ichirvr1.obj
 0001:00057c80       _CopyAt2St                 00458c80 f   ichirvr2.obj
 0001:00057d20       _CopySt2At                 00458d20 f   ichirvr2.obj
 0001:00057dc0       _RestoreAtomConnectionsSetStereo 00458dc0 f   ichirvr2.obj
 0001:00058e80       _SetStereoBondTypeFor0DParity 00459e80 f   ichirvr2.obj
 0001:00058fd0       _SetStereoBondTypesFrom0DStereo 00459fd0 f   ichirvr2.obj
 0001:00059230       _CopyBnsToAtom             0045a230 f   ichirvr2.obj
 0001:000596d0       _CheckBnsConsistency       0045a6d0 f   ichirvr2.obj
 0001:000596d0       _post_fix_odd_things       0045a6d0 f   ichirvr2.obj
 0001:000596e0       _AddExplicitDeletedH       0045a6e0 f   ichirvr2.obj
 0001:00059860       _bFindCumuleneChain        0045a860 f   ichirvr2.obj
 0001:000599e0       _set_bond_type             0045a9e0 f   ichirvr2.obj
 0001:00059ab0       _set_cumulene_0D_parity    0045aab0 f   ichirvr2.obj
 0001:00059ea0       _set_atom_0D_parity        0045aea0 f   ichirvr2.obj
 0001:0005a030       _MoveRadToAtomsAddCharges  0045b030 f   ichirvr2.obj
 0001:0005a610       _AdjustTgroupsToForbiddenEdges2 0045b610 f   ichirvr2.obj
 0001:0005c510       _RearrangePlusMinusEdgesFlow 0045d510 f   ichirvr2.obj
 0001:0005c7f0       _IncrementZeroOrderBondsToHeteroat 0045d7f0 f   ichirvr2.obj
 0001:0005ce60       _MovePlusFromS2DiaminoCarbon 0045de60 f   ichirvr2.obj
 0001:0005d330       _EliminateChargeSeparationOnHeteroatoms 0045e330 f   ichirvr2.obj
 0001:0005da00       _RestoreCyanoGroup         0045ea00 f   ichirvr2.obj
 0001:0005dd30       _RestoreIsoCyanoGroup      0045ed30 f   ichirvr2.obj
 0001:0005e5a0       _FixMetal_Nminus_Ominus    0045f5a0 f   ichirvr2.obj
 0001:0005ea60       _RestoreNNNgroup           0045fa60 f   ichirvr2.obj
 0001:00060400       _EliminateNitrogen5Val3Bonds 00461400 f   ichirvr2.obj
 0001:00060ad0       _Convert_SIV_to_SVI        00461ad0 f   ichirvr2.obj
 0001:000610b0       _PlusFromDB_N_DB_O_to_Metal 004620b0 f   ichirvr2.obj
 0001:00061520       _MoveMobileHToAvoidFixedBonds 00462520 f   ichirvr2.obj
 0001:00061640       _RemoveRadFromMobileHEndpoint 00462640 f   ichirvr2.obj
 0001:000621a0       _RemoveRadFromMobileHEndpointFixH 004631a0 f   ichirvr2.obj
 0001:00063550       _MoveChargeToMakeCenerpoints 00464550 f   ichirvr2.obj
 0001:00063a50       _bHas_N_V                  00464a50 f   ichirvr3.obj
 0001:00063ab0       _FixFixedHRestoredStructure 00464ab0 f   ichirvr3.obj
 0001:00071d10       _ForbidCarbonChargeEdges   00472d10 f   ichirvr4.obj
 0001:00071dc0       _ForbidNintrogenPlus2BondsInSmallRings 00472dc0 f   ichirvr4.obj
 0001:00071eb0       _FixLessHydrogenInFormula  00472eb0 f   ichirvr4.obj
 0001:000724d0       _FixMoreHydrogenInFormula  004734d0 f   ichirvr4.obj
 0001:00072900       _FixRemoveExtraTautEndpoints 00473900 f   ichirvr4.obj
 0001:00072d20       _FillOutExtraFixedHDataRestr 00473d20 f   ichirvr4.obj
 0001:00072e50       _FillOutExtraFixedHDataInChI 00473e50 f   ichirvr4.obj
 0001:00072f10       _FillOutCMP2FHINCHI        00473f10 f   ichirvr4.obj
 0001:00073560       _FillOutCMP2MHINCHI        00474560 f   ichirvr4.obj
 0001:00073f90       _NormalizeAndCompare       00474f90 f   ichirvr4.obj
 0001:00074ac0       _CheckAndRefixStereobonds  00475ac0 f   ichirvr4.obj
 0001:00074ee0       _MoveChargeToRemoveCenerpoints 00475ee0 f   ichirvr4.obj
 0001:00075880       _MakeSingleBondsMetal2ChargedHeteroat 00476880 f   ichirvr4.obj
 0001:00075c10       _SaltBondsToCoordBonds     00476c10 f   ichirvr4.obj
 0001:000764b0       _RunBnsRestore1            004774b0 f   ichirvr4.obj
 0001:00076c10       _RestoreAtomMakeBNS        00477c10 f   ichirvr4.obj
 0001:00077250       _OneInChI2Atom             00478250 f   ichirvr4.obj
 0001:00077420       _MakeProtonComponent       00478420 f   ichirvr4.obj
 0001:000774d0       _AddRemProtonsInRestrStruct 004784d0 f   ichirvr4.obj
 0001:000778f0       _AddRemIsoProtonsInRestrStruct 004788f0 f   ichirvr4.obj
 0001:00077c00       _GetPlusMinusVertex        00478c00 f   ichirvr5.obj
 0001:00077cd0       _bIsUnsatCarbonInASmallRing 00478cd0 f   ichirvr5.obj
 0001:00077de0       _FixMobileHRestoredStructure 00478de0 f   ichirvr5.obj
 0001:0007a950       _FixRestoredStructureStereo 0047b950 f   ichirvr6.obj
 0001:0007d290       _InChI2Atom                0047e290 f   ichirvr7.obj
 0001:0007d3d0       _RemoveFixHInChIIdentical2MobH 0047e3d0 f   ichirvr7.obj
 0001:0007d460       _MarkDisconectedIdenticalToReconnected 0047e460 f   ichirvr7.obj
 0001:0007d640       _SetUpSrm                  0047e640 f   ichirvr7.obj
 0001:0007d680       _MergeStructureComponents  0047e680 f   ichirvr7.obj
 0001:0007dba0       _DisplayAllRestoredComponents 0047eba0 f   ichirvr7.obj
 0001:0007dc50       _DisplayOneRestoredComponent 0047ec50 f   ichirvr7.obj
 0001:0007dda0       _DisplayRestoredComponent  0047eda0 f   ichirvr7.obj
 0001:0007df10       _DisplayStructureComponents 0047ef10 f   ichirvr7.obj
 0001:0007e6a0       _AllInchiToStructure       0047f6a0 f   ichirvr7.obj
 0001:0007e960       _AddProtonAndIsoHBalanceToMobHStruct 0047f960 f   ichirvr7.obj
 0001:0007ec90       _FreeStrFromINChI          0047fc90 f   ichirvr7.obj
 0001:0007ee10       _FreeInpInChI              0047fe10 f   ichirvr7.obj
 0001:0007ef00       _CompareAllOrigInchiToRevInChI 0047ff00 f   ichirvr7.obj
 0001:0007f120       _CompareAllDisconnectedOrigInchiToRevInChI 00480120 f   ichirvr7.obj
 0001:0007fc30       _CompareTwoPairsOfInChI    00480c30 f   ichirvr7.obj
 0001:0007fcb0       _CompareOneOrigInchiToRevInChI 00480cb0 f   ichirvr7.obj
 0001:0007ff00       _CompareReversedStereoINChI3 00480f00 f   ichirvr7.obj
 0001:000805d0       _CompareReversedINChI3     004815d0 f   ichirvr7.obj
 0001:00080ea0       _AddOneMsg                 00481ea0 f   ichirvr7.obj
 0001:00080ff0       _FillOutCompareMessage     00481ff0 f   ichirvr7.obj
 0001:00081240       _swap                      00482240 f   ichisort.obj
 0001:00081270       _insertions_sort           00482270 f   ichisort.obj
 0001:000812e0       _insertions_sort_AT_NUMBERS 004822e0 f   ichisort.obj
 0001:00081360       _insertions_sort_NeighList_AT_NUMBERS 00482360 f   ichisort.obj
 0001:000813e0       _insertions_sort_NeighList_AT_NUMBERS3 004823e0 f   ichisort.obj
 0001:00081490       _insertions_sort_NeighListBySymmAndCanonRank 00482490 f   ichisort.obj
 0001:00081550       _CompNeighborsAT_NUMBER    00482550 f   ichisort.obj
 0001:000815a0       _comp_AT_RANK              004825a0 f   ichisort.obj
 0001:000815a0       _comp_AT_NUMB              004825a0 f   ichisort.obj
 0001:000815c0       _CompRank                  004825c0 f   ichisort.obj
 0001:000815f0       _CompRanksOrd              004825f0 f   ichisort.obj
 0001:00081630       _CompAtomInvariants2Only   00482630 f   ichisort.obj
 0001:000816f0       _CompAtomInvariants2       004826f0 f   ichisort.obj
 0001:00081720       _CompChemElemLex           00482720 f   ichisort.obj
 0001:00081740       _CompareNeighListLex       00482740 f   ichisort.obj
 0001:000817c0       _CompareNeighListLexUpToMaxRank 004827c0 f   ichisort.obj
 0001:000818b0       _compare_NeighLists        004828b0 f   ichisort.obj
 0001:000818d0       _CompNeighListRanks        004828d0 f   ichisort.obj
 0001:00081920       _CompNeighLists            00482920 f   ichisort.obj
 0001:00081950       _CompNeighListsUpToMaxRank 00482950 f   ichisort.obj
 0001:00081990       _CompNeighListRanksOrd     00482990 f   ichisort.obj
 0001:000819c0       _CompRanksInvOrd           004829c0 f   ichisort.obj
 0001:000819e0       _CompNeighborsRanksCountEql 004829e0 f   ichisort.obj
 0001:00081a30       _CreateNeighListFromLinearCT 00482a30 f   ichisort.obj
 0001:00081c30       _CreateNeighList           00482c30 f   ichisort.obj
 0001:00081f70       _FreeNeighList             00482f70 f   ichisort.obj
 0001:00081fa0       _BreakAllTies              00482fa0 f   ichisort.obj
 0001:000820e0       _bCanInpAtomBeAStereoCenter 004830e0 f   ichister.obj
 0001:00082420       _bAtomHasValence3          00483420 f   ichister.obj
 0001:000824a0       _bCanAtomHaveAStereoBond   004834a0 f   ichister.obj
 0001:00082530       _bCanAtomBeMiddleAllene    00483530 f   ichister.obj
 0001:000825c0       _bCanAtomBeTerminalAllene  004835c0 f   ichister.obj
 0001:00082650       _GetHalfStereobond0DParity 00483650 f   ichister.obj
 0001:00082800       _FixSb0DParities           00483800 f   ichister.obj
 0001:00082d30       _FixUnkn0DStereoBonds      00483d30 f   ichister.obj
 0001:00082da0       _GetStereocenter0DParity   00483da0 f   ichister.obj
 0001:00082eb0       _set_stereo_parity         00483eb0 f   ichister.obj
 0001:00087290       _ReconcileAllCmlBondParities 00488290 f   ichister.obj
 0001:00087330       _ReconcileCmlIncidentBondParities 00488330 f   ichister.obj
 0001:000876a0       _get_opposite_sb_atom      004886a0 f   ichister.obj
 0001:00087790       _is_centerpoint_elem       00488790 f   ichitaut.obj
 0001:00087910       _is_centerpoint_elem_strict 00488910 f   ichitaut.obj
 0001:000879e0       _get_endpoint_valence      004889e0 f   ichitaut.obj
 0001:00087ad0       _AddAtom2num               00488ad0 f   ichitaut.obj
 0001:00087b70       _AddAtom2DA                00488b70 f   ichitaut.obj
 0001:00087c70       _AddEndPoint               00488c70 f   ichitaut.obj
 0001:00087ce0       _nGetEndpointInfo          00488ce0 f   ichitaut.obj
 0001:00087e30       _RegisterEndPoints         00488e30 f   ichitaut.obj
 0001:00088820       _SetTautomericBonds        00489820 f   ichitaut.obj
 0001:00088900       _GetNeutralRepsIfNeeded    00489900 f   ichitaut.obj
 0001:00088c40       _FindAccessibleEndPoints   00489c40 f   ichitaut.obj
 0001:00089210       _bCanBeACPoint             0048a210 f   ichitaut.obj
 0001:000893c0       _GetChargeType             0048a3c0 f   ichitaut.obj
 0001:00089510       _CmpCCandidates            0048a510 f   ichitaut.obj
 0001:00089540       _RegisterCPoints           0048a540 f   ichitaut.obj
 0001:000897b0       _MarkChargeGroups          0048a7b0 f   ichitaut.obj
 0001:00089ab0       _GetSaltChargeType         0048aab0 f   ichitaut.obj
 0001:00089cd0       _bDoNotMergeNonTautAtom    0048acd0 f   ichitaut.obj
 0001:00089d10       _GetOtherSaltChargeType    0048ad10 f   ichitaut.obj
 0001:00089f50       _GetOtherSaltType          0048af50 f   ichitaut.obj
 0001:0008a0d0       _comp_candidates           0048b0d0 f   ichitaut.obj
 0001:0008a160       _MarkSaltChargeGroups2     0048b160 f   ichitaut.obj
 0001:0008ab00       _MarkSaltChargeGroups      0048bb00 f   ichitaut.obj
 0001:0008afc0       _MergeSaltTautGroups       0048bfc0 f   ichitaut.obj
 0001:0008b3a0       _MakeIsotopicHGroup        0048c3a0 f   ichitaut.obj
 0001:0008b660       _MarkTautomerGroups        0048c660 f   ichitaut.obj
 0001:0008c6e0       _free_t_group_info         0048d6e0 f   ichitaut.obj
 0001:0008c740       _make_a_copy_of_t_group_info 0048d740 f   ichitaut.obj
 0001:0008c8b0       _set_tautomer_iso_sort_keys 0048d8b0 f   ichitaut.obj
 0001:0008c920       _CountTautomerGroups       0048d920 f   ichitaut.obj
 0001:0008cd30       _CompRankTautomer          0048dd30 f   ichitaut.obj
 0001:0008cd60       _SortTautomerGroupsAndEndpoints 0048dd60 f   ichitaut.obj
 0001:0008ce20       _CreateInpAtom             0048de20 f   mol2atom.obj
 0001:0008ce40       _FreeInpAtomData           0048de40 f   mol2atom.obj
 0001:0008ce70       _CreateInpAtomData         0048de70 f   mol2atom.obj
 0001:0008cec0       _FreeCompAtomData          0048dec0 f   mol2atom.obj
 0001:0008cef0       _CreateCompAtomData        0048def0 f   mol2atom.obj
 0001:0008cf60       _CreateInfAtom             0048df60 f   mol2atom.obj
 0001:0008cf70       _FreeInfoAtomData          0048df70 f   mol2atom.obj
 0001:0008cfa0       _CreateInfoAtomData        0048dfa0 f   mol2atom.obj
 0001:0008d010       _AllocateInfoAtomData      0048e010 f   mol2atom.obj
 0001:0008d060       _DuplicateInfoAtomData     0048e060 f   mol2atom.obj
 0001:0008d0e0       _mol_to_atom               0048e0e0 f   mol2atom.obj
 0001:0008d730       _calculate_valences        0048e730 f   mol2atom.obj
 0001:0008da20       _mol_to_atom_xyz           0048ea20 f   mol2atom.obj
 0001:0008ddd0       _GetMolfileNumber          0048edd0 f   mol2atom.obj
 0001:0008de60       _MolfileToInpAtom          0048ee60 f   mol2atom.obj
 0001:0008e220       _FreeOrigAtData            0048f220 f   mol2atom.obj
 0001:0008e290       _MolfileToOrigAtom         0048f290 f   mol2atom.obj
 0001:0008e650       _CreateInchi_Stereo0D      0048f650 f   readinch.obj
 0001:0008e660       _TranspositionFree         0048f660 f   readinch.obj
 0001:0008e660       _FreeInchi_Stereo0D        0048f660 f   readinch.obj
 0001:0008e660       _FreeInpAtom               0048f660 f   readinch.obj
 0001:0008e660       _FreeInfAtom               0048f660 f   readinch.obj
 0001:0008e680       _INChIToInpAtom            0048f680 f   readinch.obj
 0001:0008e6e0       _FindToken                 0048f6e0 f   readinch.obj
 0001:0008e7a0       _LoadLine                  0048f7a0 f   readinch.obj
 0001:0008e880       _cc_INChIToInpAtom         0048f880 f   readinch.obj
 0001:00092a30       _Extract0DParities         00493a30 f   readinch.obj
 0001:000931e0       _INChIToOrigAtom           004941e0 f   readinch.obj
 0001:000935f0       _AddMOLfileError           004945f0 f   readmol.obj
 0001:00093780       _delete_mol_data           00494780 f   readmol.obj
 0001:000937e0       _read_mol_file             004947e0 f   readmol.obj
 0001:000954d0       _bypass_sdf_data_items     004964d0 f   readmol.obj
 0001:00095bc0       _read_sdfile_segment       00496bc0 f   readmol.obj
 0001:00095c50       _CopyMOLfile               00496c50 f   readmol.obj
 0001:00095df0       _inchi_print_nodisplay     00496df0 f   runichi.obj
 0001:00095df0       _inchi_print               00496df0 f   runichi.obj
 0001:00095e40       _my_fprintf                00496e40 f   runichi.obj
 0001:00095f00       _FillTableParms            00496f00 f   runichi.obj
 0001:00096010       _FillCompositeTableParms   00497010 f   runichi.obj
 0001:000960c0       _DisplayStructure          004970c0 f   runichi.obj
 0001:000961f0       _DisplayCompositeStructure 004971f0 f   runichi.obj
 0001:00096330       _ErrMsg                    00497330 f   runichi.obj
 0001:00096480       _SaveEquComponentsInfoAndSortOrder 00497480 f   runichi.obj
 0001:00096810       _DisplayTheWholeCompositeStructure 00497810 f   runichi.obj
 0001:00096e40       _SortAndPrintINChI         00497e40 f   runichi.obj
 0001:000974c0       _FreeAllINChIArrays        004984c0 f   runichi.obj
 0001:00097530       _FreeINChIArrays           00498530 f   runichi.obj
 0001:00097590       _SplitTime                 00498590 f   runichi.obj
 0001:000975f0       _ReadTheStructure          004985f0 f   runichi.obj
 0001:00097ac0       _TreatReadTheStructureErrors 00498ac0 f   runichi.obj
 0001:000980a0       _GetOneComponent           004990a0 f   runichi.obj
 0001:00098240       _GetProcessingWarningsOneINChI 00499240 f   runichi.obj
 0001:000982d0       _GetProcessingWarnings     004992d0 f   runichi.obj
 0001:00098330       _CreateOneComponentINChI   00499330 f   runichi.obj
 0001:00098940       _TreatCreateOneComponentINChIError 00499940 f   runichi.obj
 0001:00098bf0       _TreatCreateINChIWarning   00499bf0 f   runichi.obj
 0001:00098d30       _DuplicateOrigAtom         00499d30 f   runichi.obj
 0001:00098f10       _GetOneStructure           00499f10 f   runichi.obj
 0001:000992a0       _bCheckUnusualValences     0049a2a0 f   runichi.obj
 0001:00099410       _PreprocessOneStructure    0049a410 f   runichi.obj
 0001:00099930       _DisplayTheWholeStructure  0049a930 f   runichi.obj
 0001:00099ea0       _ProcessOneStructure       0049aea0 f   runichi.obj
 0001:0009a750       _bIsStructChiral           0049b750 f   runichi.obj
 0001:0009a810       _CreateOneStructureINChI   0049b810 f   runichi.obj
 0001:0009b8a0       _CreateCompositeNormAtom   0049c8a0 f   runichi.obj
 0001:0009bf00       _the_only_doublet_neigh    0049cf00 f   strutil.obj
 0001:0009bfd0       _fix_odd_things            0049cfd0 f   strutil.obj
 0001:0009c9f0       _nFindOneOM                0049d9f0 f   strutil.obj
 0001:0009cc10       _remove_ion_pairs          0049dc10 f   strutil.obj
 0001:0009f670       _RemoveInpAtBond           004a0670 f   strutil.obj
 0001:0009fb80       _DisconnectInpAtBond       004a0b80 f   strutil.obj
 0001:0009fc50       _bIsAmmoniumSalt           004a0c50 f   strutil.obj
 0001:0009ff40       _DisconnectAmmoniumSalt    004a0f40 f   strutil.obj
 0001:000a01f0       _bIsMetalSalt              004a11f0 f   strutil.obj
 0001:000a04e0       _DisconnectMetalSalt       004a14e0 f   strutil.obj
 0001:000a05a0       _DisconnectSalts           004a15a0 f   strutil.obj
 0001:000a0680       _bIsMetalToDisconnect      004a1680 f   strutil.obj
 0001:000a0740       _bMayDisconnectMetals      004a1740 f   strutil.obj
 0001:000a0860       _DisconnectMetals          004a1860 f   strutil.obj
 0001:000a0e20       _DisconnectOneLigand       004a1e20 f   strutil.obj
 0001:000a1160       _dist3D                    004a2160 f   strutil.obj
 0001:000a11a0       _GetMinDistDistribution    004a21a0 f   strutil.obj
 0001:000a1830       _move_explicit_Hcation     004a2830 f   strutil.obj
 0001:000a1d90       _get_iat_number            004a2d90 f   strutil.obj
 0001:000a1dc0       _bHeteroAtomMayHaveXchgIsoH 004a2dc0 f   strutil.obj
 0001:000a1fd0       _bNumHeterAtomHasIsotopicH 004a2fd0 f   strutil.obj
 0001:000a22b0       _cmp_components            004a32b0 f   strutil.obj
 0001:000a22e0       _MarkDisconnectedComponents 004a32e0 f   strutil.obj
 0001:000a26f0       _ExtractConnectedComponent 004a36f0 f   strutil.obj
 0001:000a27c0       _SetConnectedComponentNumber 004a37c0 f   strutil.obj
 0001:000a27f0       _Free_INChI_Stereo         004a37f0 f   strutil.obj
 0001:000a2890       _Alloc_INChI_Stereo        004a3890 f   strutil.obj
 0001:000a2950       _Free_INChI                004a3950 f   strutil.obj
 0001:000a2990       _Free_INChI_Members        004a3990 f   strutil.obj
 0001:000a2a90       _Alloc_INChI               004a3a90 f   strutil.obj
 0001:000a2d30       _Free_INChI_Aux            004a3d30 f   strutil.obj
 0001:000a2e30       _Alloc_INChI_Aux           004a3e30 f   strutil.obj
 0001:000a2ff0       _WriteOrigAtomDataToSDfile 004a3ff0 f   strutil.obj
 0001:000a4310       _GetElementFormulaFromAtNum 004a5310 f   util.obj
 0001:000a4380       _get_el_number             004a5380 f   util.obj
 0001:000a43f0       _get_periodic_table_number 004a53f0 f   util.obj
 0001:000a4420       _do_not_add_H              004a5420 f   util.obj
 0001:000a4440       _get_el_valence            004a5440 f   util.obj
 0001:000a4480       _get_unusual_el_valence    004a5480 f   util.obj
 0001:000a4550       _needed_unusual_el_valence 004a5550 f   util.obj
 0001:000a46b0       _detect_unusual_el_valence 004a56b0 f   util.obj
 0001:000a4760       _get_el_type               004a5760 f   util.obj
 0001:000a4770       _is_el_a_metal             004a5770 f   util.obj
 0001:000a4790       _extract_ChargeRadical     004a5790 f   util.obj
 0001:000a4910       _extract_H_atoms           004a5910 f   util.obj
 0001:000a4a40       _get_num_H                 004a5a40 f   util.obj
 0001:000a4c10       _get_atw_from_elnum        004a5c10 f   util.obj
 0001:000a4c40       _get_atw                   004a5c40 f   util.obj
 0001:000a4c70       _normalize_name            004a5c70 f   util.obj
 0001:000a4d30       _fgetsTab                  004a5d30 f   util.obj
 0001:000a4d90       _my_fgetsTab               004a5d90 f   util.obj
 0001:000a4e30       _my_fgetsTab1              004a5e30 f   util.obj
 0001:000a4eb0       _my_fgets                  004a5eb0 f   util.obj
 0001:000a4f50       _my_fgetsUpToLfOrTab       004a5f50 f   util.obj
 0001:000a5030       _fgets_up_to_lf            004a6030 f   util.obj
 0001:000a50d0       _remove_trailing_spaces    004a60d0 f   util.obj
 0001:000a5130       _remove_one_lf             004a6130 f   util.obj
 0001:000a5170       _mystrncpy                 004a6170 f   util.obj
 0001:000a51e0       _LtrimRtrim                004a61e0 f   util.obj
 0001:000a52c0       _is_in_the_list            004a62c0 f   util.obj
 0001:000a52f0       _nBondsValToMetal          004a62f0 f   util.obj
 0001:000a5370       _num_of_H                  004a6370 f   util.obj
 0001:000a5410       _has_other_ion_neigh       004a6410 f   util.obj
 0001:000a54c0       _has_other_ion_in_sphere_2 004a64c0 f   util.obj
 0001:000a5650       _nNoMetalNumBonds          004a6650 f   util.obj
 0001:000a57f0       _nNoMetalBondsValence      004a67f0 f   util.obj
 0001:000a5960       _nNoMetalNeighIndex        004a6960 f   util.obj
 0001:000a59c0       _nNoMetalOtherNeighIndex   004a69c0 f   util.obj
 0001:000a5a30       _nNoMetalOtherNeighIndex2  004a6a30 f   util.obj
 0001:000a5ab0       _MakeRemovedProtonsString  004a6ab0 f   util.obj
 0001:000a5bb0       _fprintf                   004a6bb0 f   LIBC:fprintf.obj
 0001:000a5bf0       _strncpy                   004a6bf0 f   LIBC:strncpy.obj
 0001:000a5cee       _sprintf                   004a6cee f   LIBC:sprintf.obj
 0001:000a5d40       __isctype                  004a6d40 f   LIBC:isctype.obj
 0001:000a5db5       __fpmath                   004a6db5 f   LIBC:fpinit.obj
 0001:000a5dcc       __fpclear                  004a6dcc f   LIBC:fpinit.obj
 0001:000a5dcd       __cfltcvt_init             004a6dcd f   LIBC:fpinit.obj
 0001:000a5e05       _floor                     004a6e05 f   LIBC:floor.obj
 0001:000a5ed4       __ftol                     004a6ed4 f   LIBC:ftol.obj
 0001:000a5f00       _memmove                   004a6f00 f   LIBC:memmove.obj
 0001:000a6250       _strchr                    004a7250 f   LIBC:strchr.obj
 0001:000a6256       ___from_strstr_to_strchr   004a7256 f   LIBC:strchr.obj
 0001:000a6310       _strcspn                   004a7310 f   LIBC:strcspn.obj
 0001:000a6350       _memchr                    004a7350 f   LIBC:memchr.obj
 0001:000a63f5       _free                      004a73f5 f   LIBC:free.obj
 0001:000a645e       _calloc                    004a745e f   LIBC:calloc.obj
 0001:000a650f       _malloc                    004a750f f   LIBC:malloc.obj
 0001:000a6521       __nh_malloc                004a7521 f   LIBC:malloc.obj
 0001:000a654d       __heap_alloc               004a754d f   LIBC:malloc.obj
 0001:000a65c1       _qsort                     004a75c1 f   LIBC:qsort.obj
 0001:000a6790       _strstr                    004a7790 f   LIBC:strstr.obj
 0001:000a6810       __ftime                    004a7810 f   LIBC:ftime.obj
 0001:000a68f5       __putch                    004a78f5 f   LIBC:putch.obj
 0001:000a6939       __getch                    004a7939 f   LIBC:getch.obj
 0001:000a6a0a       __kbhit                    004a7a0a f   LIBC:getch.obj
 0001:000a6b88       _printf                    004a7b88 f   LIBC:printf.obj
 0001:000a6bb9       _fclose                    004a7bb9 f   LIBC:fclose.obj
 0001:000a6c0f       ___initstdio               004a7c0f f   LIBC:_file.obj
 0001:000a6cb4       ___endstdio                004a7cb4 f   LIBC:_file.obj
 0001:000a6cc8       _strtol                    004a7cc8 f   LIBC:strtol.obj
 0001:000a6ef0       _strrchr                   004a7ef0 f   LIBC:strrchr.obj
 0001:000a6f17       __cinit                    004a7f17 f   LIBC:crt0dat.obj
 0001:000a6f44       _exit                      004a7f44 f   LIBC:crt0dat.obj
 0001:000a6f55       __exit                     004a7f55 f   LIBC:crt0dat.obj
 0001:000a7019       _strtod                    004a8019 f   LIBC:strtod.obj
 0001:000a70b3       _toupper                   004a80b3 f   LIBC:toupper.obj
 0001:000a717f       _fgetc                     004a817f f   LIBC:fgetc.obj
 0001:000a7199       __fsopen                   004a8199 f   LIBC:fopen.obj
 0001:000a71b9       _fopen                     004a81b9 f   LIBC:fopen.obj
 0001:000a71cc       __filbuf                   004a81cc f   LIBC:_filbuf.obj
 0001:000a72b0       __chkstk                   004a82b0 f   LIBC:chkstk.obj
 0001:000a72b0       __alloca_probe             004a82b0 f   LIBC:chkstk.obj
 0001:000a72e0       _strspn                    004a82e0 f   LIBC:strspn.obj
 0001:000a7320       _tolower                   004a8320 f   LIBC:tolower.obj
 0001:000a73eb       _fputs                     004a83eb f   LIBC:fputs.obj
 0001:000a742e       _ftell                     004a842e f   LIBC:ftell.obj
 0001:000a7586       _fseek                     004a8586 f   LIBC:fseek.obj
 0001:000a7612       _vfprintf                  004a8612 f   LIBC:vfprintf.obj
 0001:000a7643       __vsnprintf                004a8643 f   LIBC:vsnprint.obj
 0001:000a76a0       _strpbrk                   004a86a0 f   LIBC:strpbrk.obj
 0001:000a76da       _fgets                     004a86da f   LIBC:fgets.obj
 0001:000a7731       _mainCRTStartup            004a8731 f   LIBC:crt0.obj
 0001:000a7810       __amsg_exit                004a8810 f   LIBC:crt0.obj
 0001:000a7859       __stbuf                    004a8859 f   LIBC:_sftbuf.obj
 0001:000a78e6       __ftbuf                    004a88e6 f   LIBC:_sftbuf.obj
 0001:000a7923       __output                   004a8923 f   LIBC:output.obj
 0001:000a818a       __flsbuf                   004a918a f   LIBC:_flsbuf.obj
 0001:000a829f       ___crtGetStringTypeA       004a929f f   LIBC:a_str.obj
 0001:000a83e8       __setdefaultprecision      004a93e8 f   LIBC:fp8.obj
 0001:000a83fa       __ms_p5_test_fdiv          004a93fa f   LIBC:testfdiv.obj
 0001:000a8438       __ms_p5_mp_test_fdiv       004a9438 f   LIBC:testfdiv.obj
 0001:000a8461       __forcdecpt                004a9461 f   LIBC:cvt.obj
 0001:000a84bb       __cropzeros                004a94bb f   LIBC:cvt.obj
 0001:000a8509       __positive                 004a9509 f   LIBC:cvt.obj
 0001:000a8521       __fassign                  004a9521 f   LIBC:cvt.obj
 0001:000a855f       __cftoe                    004a955f f   LIBC:cvt.obj
 0001:000a8663       __cftof                    004a9663 f   LIBC:cvt.obj
 0001:000a8741       __cftog                    004a9741 f   LIBC:cvt.obj
 0001:000a8826       __cfltcvt                  004a9826 f   LIBC:cvt.obj
 0001:000a889c       __handle_qnan1             004a989c f   LIBC:fpexcept.obj
 0001:000a88ef       __except1                  004a98ef f   LIBC:fpexcept.obj
 0001:000a8987       __raise_exc                004a9987 f   LIBC:fpexcept.obj
 0001:000a8c3a       __handle_exc               004a9c3a f   LIBC:fpexcept.obj
 0001:000a8e51       __umatherr                 004a9e51 f   LIBC:fpexcept.obj
 0001:000a8ed9       __set_errno                004a9ed9 f   LIBC:fpexcept.obj
 0001:000a8f24       __errcode                  004a9f24 f   LIBC:fpexcept.obj
 0001:000a8f51       __frnd                     004a9f51 f   LIBC:frnd.obj
 0001:000a8f63       __set_exp                  004a9f63 f   LIBC:util.obj
 0001:000a8f8c       __sptype                   004a9f8c f   LIBC:util.obj
 0001:000a8fe6       __decomp                   004a9fe6 f   LIBC:util.obj
 0001:000a90a7       __statfp                   004aa0a7 f   LIBC:fpctrl.obj
 0001:000a90b5       __clrfp                    004aa0b5 f   LIBC:fpctrl.obj
 0001:000a90c4       __ctrlfp                   004aa0c4 f   LIBC:fpctrl.obj
 0001:000a90e7       __set_statfp               004aa0e7 f   LIBC:fpctrl.obj
 0001:000a913d       __GetLinkerVersion         004aa13d f   LIBC:heapinit.obj
 0001:000a916a       ___heap_select             004aa16a f   LIBC:heapinit.obj
 0001:000a92b2       __heap_init                004aa2b2 f   LIBC:heapinit.obj
 0001:000a930f       ___sbh_heap_init           004aa30f f   LIBC:sbheap.obj
 0001:000a9357       ___sbh_find_block          004aa357 f   LIBC:sbheap.obj
 0001:000a9382       ___sbh_free_block          004aa382 f   LIBC:sbheap.obj
 0001:000a96ab       ___sbh_alloc_block         004aa6ab f   LIBC:sbheap.obj
 0001:000a99b4       ___sbh_alloc_new_region    004aa9b4 f   LIBC:sbheap.obj
 0001:000a9a65       ___sbh_alloc_new_group     004aaa65 f   LIBC:sbheap.obj
 0001:000a9b60       ___sbh_resize_block        004aab60 f   LIBC:sbheap.obj
 0001:000a9e56       ___old_sbh_new_region      004aae56 f   LIBC:sbheap.obj
 0001:000a9f9a       ___old_sbh_release_region  004aaf9a f   LIBC:sbheap.obj
 0001:000a9ff0       ___old_sbh_decommit_pages  004aaff0 f   LIBC:sbheap.obj
 0001:000aa0b2       ___old_sbh_find_block      004ab0b2 f   LIBC:sbheap.obj
 0001:000aa109       ___old_sbh_free_block      004ab109 f   LIBC:sbheap.obj
 0001:000aa14e       ___old_sbh_alloc_block     004ab14e f   LIBC:sbheap.obj
 0001:000aa356       ___old_sbh_alloc_block_from_page 004ab356 f   LIBC:sbheap.obj
 0001:000aa47a       ___old_sbh_resize_block    004ab47a f   LIBC:sbheap.obj
 0001:000aa530       _memset                    004ab530 f   LIBC:memset.obj
 0001:000aa588       __callnewh                 004ab588 f   LIBC:handler.obj
 0001:000aa5a3       ___tzset                   004ab5a3 f   LIBC:tzset.obj
 0001:000aa5b8       __tzset                    004ab5b8 f   LIBC:tzset.obj
 0001:000aa820       __aullrem                  004ab820 f   LIBC:ullrem.obj
 0001:000aa8a0       __aulldiv                  004ab8a0 f   LIBC:ulldiv.obj
 0001:000aa908       ___initconin               004ab908 f   LIBC:initcon.obj
 0001:000aa927       ___initconout              004ab927 f   LIBC:initcon.obj
 0001:000aa946       ___termcon                 004ab946 f   LIBC:initcon.obj
 0001:000aa973       __close                    004ab973 f   LIBC:close.obj
 0001:000aaa26       __freebuf                  004aba26 f   LIBC:_freebuf.obj
 0001:000aaa51       _fflush                    004aba51 f   LIBC:fflush.obj
 0001:000aaa8c       __flush                    004aba8c f   LIBC:fflush.obj
 0001:000aaae8       __flushall                 004abae8 f   LIBC:fflush.obj
 0001:000aab5e       __ioinit                   004abb5e f   LIBC:ioinit.obj
 0001:000aad09       __fcloseall                004abd09 f   LIBC:closeall.obj
 0001:000aad61       __fltin                    004abd61 f   LIBC:cfin.obj
 0001:000aae00       _strlen                    004abe00 f   LIBC:strlen.obj
 0001:000aae7b       ___crtLCMapStringA         004abe7b f   LIBC:a_map.obj
 0001:000ab09f       __openfile                 004ac09f f   LIBC:_open.obj
 0001:000ab20f       __getstream                004ac20f f   LIBC:stream.obj
 0001:000ab287       __read                     004ac287 f   LIBC:read.obj
 0001:000ab47d       __getbuf                   004ac47d f   LIBC:_getbuf.obj
 0001:000ab4c1       _fwrite                    004ac4c1 f   LIBC:fwrite.obj
 0001:000ab5cb       __lseek                    004ac5cb f   LIBC:lseek.obj
 0001:000ab665       __XcptFilter               004ac665 f   LIBC:winxfltr.obj
 0001:000ab7e9       __setenvp                  004ac7e9 f   LIBC:stdenvp.obj
 0001:000ab8a2       __setargv                  004ac8a2 f   LIBC:stdargv.obj
 0001:000abaef       ___crtGetEnvironmentStringsA 004acaef f   LIBC:a_env.obj
 0001:000abc24       __global_unwind2           004acc24 f   LIBC:exsup.obj
 0001:000abc66       __local_unwind2            004acc66 f   LIBC:exsup.obj
 0001:000abcbe       __NLG_Return2              004accbe f   LIBC:exsup.obj
 0001:000abcce       __abnormal_termination     004accce f   LIBC:exsup.obj
 0001:000abcf1       __NLG_Notify1              004accf1 f   LIBC:exsup.obj
 0001:000abcfa       __NLG_Notify               004accfa f   LIBC:exsup.obj
 0001:000abd0d       __NLG_Dispatch             004acd0d f   LIBC:exsup.obj
 0001:000abd1c       __except_handler3          004acd1c f   LIBC:exsup3.obj
 0001:000abdd9       __seh_longjmp_unwind@4     004acdd9 f   LIBC:exsup3.obj
 0001:000abdf4       __FF_MSGBANNER             004acdf4 f   LIBC:crt0msg.obj
 0001:000abe2d       __NMSG_WRITE               004ace2d f   LIBC:crt0msg.obj
 0001:000abf80       __isatty                   004acf80 f   LIBC:isatty.obj
 0001:000abfa6       _wctomb                    004acfa6 f   LIBC:wctomb.obj
 0001:000ac00e       __write                    004ad00e f   LIBC:write.obj
 0001:000ac1bb       __control87                004ad1bb f   LIBC:ieee87.obj
 0001:000ac1f0       __controlfp                004ad1f0 f   LIBC:ieee87.obj
 0001:000ac321       __ZeroTail                 004ad321 f   LIBC:intrncvt.obj
 0001:000ac36a       __IncMan                   004ad36a f   LIBC:intrncvt.obj
 0001:000ac3c0       __RoundMan                 004ad3c0 f   LIBC:intrncvt.obj
 0001:000ac44c       __CopyMan                  004ad44c f   LIBC:intrncvt.obj
 0001:000ac467       __FillZeroMan              004ad467 f   LIBC:intrncvt.obj
 0001:000ac473       __IsZeroMan                004ad473 f   LIBC:intrncvt.obj
 0001:000ac48e       __ShrMan                   004ad48e f   LIBC:intrncvt.obj
 0001:000ac51b       __ld12cvt                  004ad51b f   LIBC:intrncvt.obj
 0001:000ac687       __ld12tod                  004ad687 f   LIBC:intrncvt.obj
 0001:000ac69d       __ld12tof                  004ad69d f   LIBC:intrncvt.obj
 0001:000ac6b3       __atodbl                   004ad6b3 f   LIBC:intrncvt.obj
 0001:000ac6e0       __atoflt                   004ad6e0 f   LIBC:intrncvt.obj
 0001:000ac710       _strcpy                    004ad710 f   LIBC:strcat.obj
 0001:000ac720       _strcat                    004ad720 f   LIBC:strcat.obj
 0001:000ac800       __fptostr                  004ad800 f   LIBC:_fptostr.obj
 0001:000ac877       __fltout                   004ad877 f   LIBC:cfout.obj
 0001:000ac8db       ___dtold                   004ad8db f   LIBC:cfout.obj
 0001:000ac991       __fptrap                   004ad991 f   LIBC:crt0fp.obj
 0001:000ac99a       __matherr                  004ad99a f   LIBC:matherr.obj
 0001:000ac9a0       _strncmp                   004ad9a0 f   LIBC:strncmp.obj
 0001:000ac9d8       _atol                      004ad9d8 f   LIBC:atox.obj
 0001:000aca70       _strcmp                    004ada70 f   LIBC:strcmp.obj
 0001:000acaf4       _getenv                    004adaf4 f   LIBC:getenv.obj
 0001:000acb71       __dosmaperr                004adb71 f   LIBC:dosmap.obj
 0001:000acbd8       __alloc_osfhnd             004adbd8 f   LIBC:osfinfo.obj
 0001:000acc6d       __set_osfhnd               004adc6d f   LIBC:osfinfo.obj
 0001:000acce4       __free_osfhnd              004adce4 f   LIBC:osfinfo.obj
 0001:000acd5e       __get_osfhandle            004add5e f   LIBC:osfinfo.obj
 0001:000acd9b       __commit                   004add9b f   LIBC:commit.obj
 0001:000acdf2       ___strgtold12              004addf2 f   LIBC:strgtold.obj
 0001:000ad2c3       __sopen                    004ae2c3 f   LIBC:open.obj
 0001:000ad580       _memcpy                    004ae580 f   LIBC:memcpy.obj
 0001:000ad8b5       __setmbcp                  004ae8b5 f   LIBC:mbctype.obj
 0001:000adc79       ___initmbctable            004aec79 f   LIBC:mbctype.obj
 0001:000adc95       ___crtMessageBoxA          004aec95 f   LIBC:crtmbox.obj
 0001:000add1e       ___addl                    004aed1e f   LIBC:mantold.obj
 0001:000add3f       ___add_12                  004aed3f f   LIBC:mantold.obj
 0001:000add9d       ___shl_12                  004aed9d f   LIBC:mantold.obj
 0001:000addcb       ___shr_12                  004aedcb f   LIBC:mantold.obj
 0001:000addf8       ___mtold12                 004aedf8 f   LIBC:mantold.obj
 0001:000adebf       _$I10_OUTPUT               004aeebf f   LIBC:x10fout.obj
 0001:000ae160       __allmul                   004af160 f   LIBC:llmul.obj
 0001:000ae194       __mbsnbicoll               004af194 f   LIBC:mbsnbico.obj
 0001:000ae1d3       ___wtomb_environ           004af1d3 f   LIBC:wtombenv.obj
 0001:000ae241       ___ld12mul                 004af241 f   LIBC:tenpow.obj
 0001:000ae461       ___multtenpow12            004af461 f   LIBC:tenpow.obj
 0001:000ae4dd       __chsize                   004af4dd f   LIBC:chsize.obj
 0001:000ae623       ___crtCompareStringA       004af623 f   LIBC:a_cmp.obj
 0001:000ae8cb       ___crtsetenv               004af8cb f   LIBC:setenv.obj
 0001:000aeb11       __setmode                  004afb11 f   LIBC:setmode.obj
 0001:000aeb87       _realloc                   004afb87 f   LIBC:realloc.obj
 0001:000aee27       __mbschr                   004afe27 f   LIBC:mbschr.obj
 0001:000aee9a       __strdup                   004afe9a f   LIBC:strdup.obj
 0001:000aeed0       _RtlUnwind@16              004afed0 f   kernel32:KERNEL32.dll
 0001:000aeee0       __stricmp                  004afee0 f   LIBC:stricmp.obj
 0001:000aeee0       __strcmpi                  004afee0 f   LIBC:stricmp.obj
 0001:000aeee0       _stricmp                   004afee0 f   LIBC:stricmp.obj
 0001:000aef70       __memicmp                  004aff70 f   LIBC:memicmp.obj
 0001:000aef70       _memicmp                   004aff70 f   LIBC:memicmp.obj
 0002:00000000       __imp__Rectangle@20        004b1000     gdi32:GDI32.dll
 0002:00000004       __imp__DeleteDC@4          004b1004     gdi32:GDI32.dll
 0002:00000008       __imp__SetTextAlign@8      004b1008     gdi32:GDI32.dll
 0002:0000000c       __imp__GetTextMetricsA@8   004b100c     gdi32:GDI32.dll
 0002:00000010       __imp__SetBkColor@8        004b1010     gdi32:GDI32.dll
 0002:00000014       __imp__GetTextExtentPoint32A@16 004b1014     gdi32:GDI32.dll
 0002:00000018       __imp__TextOutA@20         004b1018     gdi32:GDI32.dll
 0002:0000001c       __imp__GetCharABCWidthsA@16 004b101c     gdi32:GDI32.dll
 0002:00000020       __imp__Polygon@12          004b1020     gdi32:GDI32.dll
 0002:00000024       __imp__CreateSolidBrush@4  004b1024     gdi32:GDI32.dll
 0002:00000028       __imp__DeleteObject@4      004b1028     gdi32:GDI32.dll
 0002:0000002c       __imp__SelectObject@8      004b102c     gdi32:GDI32.dll
 0002:00000030       __imp__RectVisible@8       004b1030     gdi32:GDI32.dll
 0002:00000034       __imp__CreateCompatibleDC@4 004b1034     gdi32:GDI32.dll
 0002:00000038       __imp__CreateCompatibleBitmap@12 004b1038     gdi32:GDI32.dll
 0002:0000003c       __imp__PatBlt@24           004b103c     gdi32:GDI32.dll
 0002:00000040       __imp__GetDeviceCaps@8     004b1040     gdi32:GDI32.dll
 0002:00000044       __imp__CreateFontIndirectA@4 004b1044     gdi32:GDI32.dll
 0002:00000048       __imp__BitBlt@36           004b1048     gdi32:GDI32.dll
 0002:0000004c       __imp__LineTo@12           004b104c     gdi32:GDI32.dll
 0002:00000050       __imp__GetStockObject@4    004b1050     gdi32:GDI32.dll
 0002:00000054       __imp__GetObjectA@12       004b1054     gdi32:GDI32.dll
 0002:00000058       __imp__GetBkColor@4        004b1058     gdi32:GDI32.dll
 0002:0000005c       __imp__SetTextColor@8      004b105c     gdi32:GDI32.dll
 0002:00000060       __imp__GetTextColor@4      004b1060     gdi32:GDI32.dll
 0002:00000064       __imp__CreatePen@12        004b1064     gdi32:GDI32.dll
 0002:00000068       __imp__GetTextAlign@4      004b1068     gdi32:GDI32.dll
 0002:0000006c       __imp__GetCurrentPositionEx@8 004b106c     gdi32:GDI32.dll
 0002:00000070       __imp__Ellipse@20          004b1070     gdi32:GDI32.dll
 0002:00000074       __imp__MoveToEx@16         004b1074     gdi32:GDI32.dll
[...]
 0003:00006a84       __days                     004bba84     LIBC:days.obj
 0003:00006d20       __pow10pos                 004bbd20     LIBC:constpow.obj
 0003:00006e80       __pow10neg                 004bbe80     LIBC:constpow.obj
 0003:000070e0       ??_C@_00A@?$AA@            004bc0e0     dispstru.obj
 0003:00007128       _bInterrupted              004bc128     ichimain.obj
 0003:000077ec       ??_C@_01A@?$AA?$AA@        004bc7ec     ichiprt1.obj
 0003:00007988       _ConsoleQuit               004bc988     runichi.obj
 0003:0000798c       _UserAction                004bc98c     runichi.obj
 0003:00007a4c       ??_C@_05A@?$AA?$AA?$AA?$AA?$AA?$AA@ 004bca4c     strutil.obj
 0003:00007a68       ___fastflag                004bca68     LIBC:fpinit.obj
 0003:00007a6c       __adjust_fdiv              004bca6c     LIBC:fpinit.obj
 0003:00007a74       __cflush                   004bca74     LIBC:_file.obj
 0003:00007a78       _errno                     004bca78     LIBC:crt0dat.obj
 0003:00007a7c       __doserrno                 004bca7c     LIBC:crt0dat.obj
 0003:00007a80       __umaskval                 004bca80     LIBC:crt0dat.obj
 0003:00007a84       __osver                    004bca84     LIBC:crt0dat.obj
 0003:00007a88       __winver                   004bca88     LIBC:crt0dat.obj
 0003:00007a8c       __winmajor                 004bca8c     LIBC:crt0dat.obj
 0003:00007a90       __winminor                 004bca90     LIBC:crt0dat.obj
 0003:00007a94       ___argc                    004bca94     LIBC:crt0dat.obj
 0003:00007a98       ___argv                    004bca98     LIBC:crt0dat.obj
 0003:00007a9c       ___wargv                   004bca9c     LIBC:crt0dat.obj
 0003:00007aa0       __environ                  004bcaa0     LIBC:crt0dat.obj
 0003:00007aa4       ___initenv                 004bcaa4     LIBC:crt0dat.obj
 0003:00007aa8       __wenviron                 004bcaa8     LIBC:crt0dat.obj
 0003:00007aac       ___winitenv                004bcaac     LIBC:crt0dat.obj
 0003:00007ab0       __pgmptr                   004bcab0     LIBC:crt0dat.obj
 0003:00007ab4       __wpgmptr                  004bcab4     LIBC:crt0dat.obj
 0003:00007ab8       __exitflag                 004bcab8     LIBC:crt0dat.obj
 0003:00007abc       __C_Termination_Done       004bcabc     LIBC:crt0dat.obj
 0003:00007ac0       __C_Exit_Done              004bcac0     LIBC:crt0dat.obj
 0003:00007ac4       __aenvptr                  004bcac4     LIBC:crt0.obj
 0003:00007ac8       __wenvptr                  004bcac8     LIBC:crt0.obj
 0003:00007acc       ___error_mode              004bcacc     LIBC:crt0.obj
 0003:00007ad0       __stdbuf                   004bcad0     LIBC:_sftbuf.obj
 0003:00007af0       ?_pnhHeap@@3P6AHI@ZA       004bcaf0     LIBC:handler.obj
 0003:00007af4       __newmode                  004bcaf4     LIBC:_newmode.obj
 0003:00007bd4       ___lc_handle               004bcbd4     LIBC:nlsdata2.obj
 0003:00007bec       ___lc_codepage             004bcbec     LIBC:nlsdata2.obj
 0003:00007bf0       ___lc_collate_cp           004bcbf0     LIBC:nlsdata2.obj
 0003:00007bf4       __pxcptinfoptrs            004bcbf4     LIBC:winxfltr.obj
 0003:00007d00       __adbgmsg                  004bcd00     LIBC:crt0msg.obj
 0003:00007d38       __commode                  004bcd38     LIBC:ncommode.obj
 0003:00007d4c       __fmode                    004bcd4c     LIBC:txtmode.obj
 0003:00007d54       _pn_tRankForSort           004bcd54     <common>
 0003:00007d60       _VER_STRING                004bcd60     <common>
 0003:00007da0       _nMaxAtNeighRankForSort    004bcda0     <common>
 0003:00007da4       _pAtomInvariant2ForSort    004bcda4     <common>
 0003:00007da8       _pNeighborsForSort         004bcda8     <common>
 0003:00007dac       _pNeighList_RankForSort    004bcdac     <common>
 0003:00007db0       _pn_RankForSort            004bcdb0     <common>
 0003:00007db4       _nNumCompNeighborsRanksCountEql 004bcdb4     <common>
 0003:00007db8       _rank_mask_bit             004bcdb8     <common>
 0003:00007dba       _rank_mark_bit             004bcdba     <common>
 0003:00007dbc       ___mbcodepage              004bcdbc     <common>
 0003:00007dc0       ___mbulinfo                004bcdc0     <common>
 0003:00007dcc       ___ismbcodepage            004bcdcc     <common>
 0003:00007de0       __mbcasemap                004bcde0     <common>
 0003:00007ee0       __mbctype                  004bcee0     <common>
 0003:00007fe4       ___mblcid                  004bcfe4     <common>
 0003:00008000       ___pioinfo                 004bd000     <common>
 0003:00008100       __nhandle                  004bd100     <common>
 0003:00008104       ___sbh_sizeHeaderList      004bd104     <common>
 0003:00008108       ___sbh_indGroupDefer       004bd108     <common>
 0003:0000810c       ___sbh_pHeaderScan         004bd10c     <common>
 0003:00008110       ___sbh_pHeaderDefer        004bd110     <common>
 0003:00008114       ___sbh_cntHeaderList       004bd114     <common>
 0003:00008118       ___sbh_pHeaderList         004bd118     <common>
 0003:0000811c       ___sbh_threshold           004bd11c     <common>
 0003:00008120       __crtheap                  004bd120     <common>
 0003:00008124       ___active_heap             004bd124     <common>
 0003:00008128       __acmdln                   004bd128     <common>
 0003:0000812c       ___env_initialized         004bd12c     <common>
 0003:00008130       ___mbctype_initialized     004bd130     <common>
 0003:00008134       ___onexitend               004bd134     <common>
 0003:00008138       ___onexitbegin             004bd138     <common>
 0003:0000813c       ___piob                    004bd13c     <common>
 0003:00008140       __bufin                    004bd140     <common>
 0003:00009140       __nstream                  004be140     <common>

 entry point at        0001:000a7731

 Static symbols

 0001:00093aa0       _mol_read_hdr              00494aa0 f   readmol.obj
 0001:00093cb0       _mol_read_datum            00494cb0 f   readmol.obj
 0001:00094070       _mol_copy_check_empty      00495070 f   readmol.obj
 0001:00094100       _mol_read_counts_line      00495100 f   readmol.obj
 0001:00094300       _RemoveNonPrintable        00495300 f   readmol.obj
 0001:00094330       _read_atom_block           00495330 f   readmol.obj
 0001:00094820       _read_bonds_block          00495820 f   readmol.obj
 0001:00094a70       _read_stext_block          00495a70 f   readmol.obj
 0001:00094b00       _read_properties_block     00495b00 f   readmol.obj
 0001:000959a0       _extract_cas_rn            004969a0 f   readmol.obj
 0001:00095a20       _identify_sdf_label        00496a20 f   readmol.obj
 0001:00082220       _bInpAtomHasRequirdNeigh   00483220 f   ichister.obj
 0001:00082c70       _len3                      00483c70 f   ichister.obj
 0001:00082ca0       _mult3                     00483ca0 f   ichister.obj
 0001:00082cd0       _cross_prod3               00483cd0 f   ichister.obj
 0001:00083130       _can_be_a_stereo_bond_with_isotopic_H 00484130 f   ichister.obj
 0001:000835b0       _bIsSuitableHeteroInpAtom  004845b0 f   ichister.obj
 0001:00083620       _bIsOxide                  00484620 f   ichister.obj
 0001:00083700       _get_allowed_stereo_bond_type 00484700 f   ichister.obj
 0001:00083730       _set_stereo_bonds_parity   00484730 f   ichister.obj
 0001:00084470       _dot_prodchar3             00485470 f   ichister.obj
 0001:000844d0       _triple_prod_char          004854d0 f   ichister.obj
 0001:00084700       _add3                      00485700 f   ichister.obj
 0001:00084730       _triple_prod               00485730 f   ichister.obj
 0001:000847d0       _dot_prod3                 004857d0 f   ichister.obj
 0001:000847f0       _half_stereo_bond_parity   004857f0 f   ichister.obj
 0001:00085350       _get_z_coord               00486350 f   ichister.obj
 0001:000854d0       _len2                      004864d0 f   ichister.obj
 0001:000854f0       _diff3                     004864f0 f   ichister.obj
 0001:00085520       _copy3                     00486520 f   ichister.obj
 0001:00085550       _save_a_stereo_bond        00486550 f   ichister.obj
 0001:000855f0       _half_stereo_bond_action   004865f0 f   ichister.obj
 0001:00085720       _can_be_a_stereo_atom_with_isotopic_H 00486720 f   ichister.obj
 0001:00085770       _set_stereo_atom_parity    00486770 f   ichister.obj
 0001:000861f0       _change_sign3              004871f0 f   ichister.obj
 0001:00086210       _Get2DTetrahedralAmbiguity 00487210 f   ichister.obj
 0001:00086a60       _CompDble                  00487a60 f   ichister.obj
 0001:00086aa0       _triple_prod_and_min_abs_sine2 00487aa0 f   ichister.obj
 0001:000870a0       _are_3_vect_in_one_plane   004880a0 f   ichister.obj
 0001:000870e0       _triple_prod_and_min_abs_sine 004880e0 f   ichister.obj
 0001:000871d0       _are_4at_in_one_plane      004881d0 f   ichister.obj
 0001:00071850       _FillTgDiffHChgFH          00472850 f   ichirvr3.obj
 0001:000471d0       _getInchiStateReadErr      004481d0 f   ichiread.obj
 0001:00047240       _getInchiErrName           00448240 f   ichiread.obj
 0001:00047290       _OutputInChIAsRequested    00448290 f   ichiread.obj
 0001:00048440       _bInChIHasReconnectedMetal 00449440 f   ichiread.obj
 0001:000484b0       _SetProtonsAndXchgIsoH     004494b0 f   ichiread.obj
 0001:00048880       _InChILine2Data            00449880 f   ichiread.obj
 0001:00049ef0       _GetInChIFormulaNumH       0044aef0 f   ichiread.obj
 0001:00049fc0       _GetInChINumH              0044afc0 f   ichiread.obj
 0001:0004a090       _GetInChIIsoH              0044b090 f   ichiread.obj
 0001:0004a140       _ReadInChICoord            0044b140 f   ichiread.obj
 0001:0004a940       _ParseAuxSegmentVersion    0044b940 f   ichiread.obj
 0001:0004a9a0       _ParseAuxSegmentNumbers    0044b9a0 f   ichiread.obj
 0001:0004ae30       _CopyAtomNumbers           0044be30 f   ichiread.obj
 0001:0004aef0       _ParseAuxSegmentAtomEqu    0044bef0 f   ichiread.obj
 0001:0004af60       _ParseAuxSegmentGroupEqu   0044bf60 f   ichiread.obj
 0001:0004afe0       _ParseAuxSegmentSp3Inv     0044bfe0 f   ichiread.obj
 0001:0004b070       _ParseAuxSegmentSp3InvNumbers 0044c070 f   ichiread.obj
 0001:0004b100       _ParseAuxSegmentReverseCRV 0044c100 f   ichiread.obj
 0001:0004b130       _ParseAuxSegmentReverseAtoms 0044c130 f   ichiread.obj
 0001:0004b160       _ParseAuxSegmentReverseBonds 0044c160 f   ichiread.obj
 0001:0004b190       _ParseAuxSegmentReverseXYZ 0044c190 f   ichiread.obj
 0001:0004b2a0       _AddAuxSegmentCoord        0044c2a0 f   ichiread.obj
 0001:0004b600       _ReadInChILine             0044c600 f   ichiread.obj
 0001:0004c080       _ParseSegmentIsoExchgH     0044d080 f   ichiread.obj
 0001:0004c2c0       _ParseSegmentPerm          0044d2c0 f   ichiread.obj
 0001:0004c560       _ParseSegmentIsoAtoms      0044d560 f   ichiread.obj
 0001:0004cde0       _ParseSegmentSp3s          0044dde0 f   ichiread.obj
 0001:0004cf90       _ParseSegmentSp3m          0044df90 f   ichiread.obj
 0001:0004d2b0       _bIsSp3LayerNotEmpty       0044e2b0 f   ichiread.obj
 0001:0004d310       _ParseSegmentSp3           0044e310 f   ichiread.obj
 0001:0004db00       _ParseSegmentSp2           0044eb00 f   ichiread.obj
 0001:0004e350       _ParseSegmentProtons       0044f350 f   ichiread.obj
 0001:0004e450       _ParseSegmentCharge        0044f450 f   ichiread.obj
 0001:0004e730       _ParseSegmentMobileH       0044f730 f   ichiread.obj
 0001:0004f5f0       _ParseSegmentConnections   004505f0 f   ichiread.obj
 0001:000500c0       _nFillOutProtonMobileH     004510c0 f   ichiread.obj
 0001:000501b0       _nProtonCopyIsotopicInfo   004511b0 f   ichiread.obj
 0001:00050250       _ParseSegmentFormula       00451250 f   ichiread.obj
 0001:00050b10       _CopySegment               00451b10 f   ichiread.obj
 0001:00051040       _getInChIChar              00452040 f   ichiread.obj
 0001:00051080       _nGetInChISegment          00452080 f   ichiread.obj
 0001:000510d0       _AddInChIChar              004520d0 f   ichiread.obj
 0001:000511d0       _AddLinkedBond             004521d0 f   ichiread.obj
 0001:0003da70       _abctol                    0043ea70 f   ichiprt2.obj
 0001:00034530       _bMatchOnePrefix           00435530 f   ichiparm.obj
 0001:000235e0       _CompareDfsDescendants4CT  004245e0 f   ichimake.obj
 0001:0000ae20       _remove_alt_bond_marks     0040be20 f   ichi_bns.obj
 0001:000aea52       _findenv                   004afa52 f   LIBC:setenv.obj
 0001:000aeaaa       _copy_environ              004afaaa f   LIBC:setenv.obj
 0001:000ae8a0       _strncnt                   004af8a0 f   LIBC:a_cmp.obj
 0001:000ada4e       _getSystemCP               004aea4e f   LIBC:mbctype.obj
 0001:000ada98       _CPtoLCID                  004aea98 f   LIBC:mbctype.obj
 0001:000adacb       _setSBCS                   004aeacb f   LIBC:mbctype.obj
 0001:000adaf4       _setSBUpLow                004aeaf4 f   LIBC:mbctype.obj
 0001:000ad5f0       LeadUp1                    004ae5f0 f   LIBC:memcpy.obj
 0001:000ad61c       LeadUp2                    004ae61c f   LIBC:memcpy.obj
 0001:000ad640       LeadUp3                    004ae640 f   LIBC:memcpy.obj
 0001:000ad6bf       UnwindUp0                  004ae6bf f   LIBC:memcpy.obj
 0001:000ad6ac       UnwindUp1                  004ae6ac f   LIBC:memcpy.obj
 0001:000ad6a4       UnwindUp2                  004ae6a4 f   LIBC:memcpy.obj
 0001:000ad69c       UnwindUp3                  004ae69c f   LIBC:memcpy.obj
 0001:000ad694       UnwindUp4                  004ae694 f   LIBC:memcpy.obj
 0001:000ad68c       UnwindUp5                  004ae68c f   LIBC:memcpy.obj
 0001:000ad684       UnwindUp6                  004ae684 f   LIBC:memcpy.obj
 0001:000ad67c       UnwindUp7                  004ae67c f   LIBC:memcpy.obj
 0001:000ad6d8       TrailUp0                   004ae6d8 f   LIBC:memcpy.obj
 0001:000ad6e0       TrailUp1                   004ae6e0 f   LIBC:memcpy.obj
 0001:000ad6ec       TrailUp2                   004ae6ec f   LIBC:memcpy.obj
 0001:000ad700       TrailUp3                   004ae700 f   LIBC:memcpy.obj
 0001:000ad778       LeadDown1                  004ae778 f   LIBC:memcpy.obj
 0001:000ad798       LeadDown2                  004ae798 f   LIBC:memcpy.obj
 0001:000ad7c0       LeadDown3                  004ae7c0 f   LIBC:memcpy.obj
 0001:000ad814       UnwindDown7                004ae814 f   LIBC:memcpy.obj
 0001:000ad81c       UnwindDown6                004ae81c f   LIBC:memcpy.obj
 0001:000ad824       UnwindDown5                004ae824 f   LIBC:memcpy.obj
 0001:000ad82c       UnwindDown4                004ae82c f   LIBC:memcpy.obj
 0001:000ad834       UnwindDown3                004ae834 f   LIBC:memcpy.obj
 0001:000ad83c       UnwindDown2                004ae83c f   LIBC:memcpy.obj
 0001:000ad844       UnwindDown1                004ae844 f   LIBC:memcpy.obj
 0001:000ad857       UnwindDown0                004ae857 f   LIBC:memcpy.obj
 0001:000ad870       TrailDown0                 004ae870 f   LIBC:memcpy.obj
 0001:000ad878       TrailDown1                 004ae878 f   LIBC:memcpy.obj
 0001:000ad888       TrailDown2                 004ae888 f   LIBC:memcpy.obj
 0001:000ad89c       TrailDown3                 004ae89c f   LIBC:memcpy.obj
 0001:000ac206       __abstract_cw              004ad206 f   LIBC:ieee87.obj
 0001:000ac298       __hw_cw                    004ad298 f   LIBC:ieee87.obj
 0001:000abc3c       _gu_return                 004acc3c f   LIBC:exsup.obj
 0001:000abc44       __unwind_handler           004acc44 f   LIBC:exsup.obj
 0001:000ab93b       _parse_cmdline             004ac93b f   LIBC:stdargv.obj
 0001:000ab7a6       _xcptlookup                004ac7a6 f   LIBC:winxfltr.obj
 0001:000ae8a0       _strncnt                   004af8a0 f   LIBC:a_cmp.obj
 0001:000aaaf1       _flsall                    004abaf1 f   LIBC:fflush.obj
 0001:000a8eff       __get_fname                004a9eff f   LIBC:fpexcept.obj
 0001:000a87dc       __cftoe_g                  004a97dc f   LIBC:cvt.obj
 0001:000a8803       __cftof_g                  004a9803 f   LIBC:cvt.obj
 0001:000a8877       __shift                    004a9877 f   LIBC:cvt.obj
 0001:000a80c1       _write_char                004a90c1 f   LIBC:output.obj
 0001:000a80f6       _write_multi_char          004a90f6 f   LIBC:output.obj
 0001:000a8127       _write_string              004a9127 f   LIBC:output.obj
 0001:000a815f       _get_int_arg               004a915f f   LIBC:output.obj
 0001:000a816c       _get_int64_arg             004a916c f   LIBC:output.obj
 0001:000a817c       _get_short_arg             004a917c f   LIBC:output.obj
 0001:000a7835       _fast_error_exit           004a8835 f   LIBC:crt0.obj
 0001:000a6f66       _doexit                    004a7f66 f   LIBC:crt0dat.obj
 0001:000a6fff       __initterm                 004a7fff f   LIBC:crt0dat.obj
 0001:000a6cdf       _strtoxl                   004a7cdf f   LIBC:strtol.obj
 0001:000a6ac8       __getextendedkeycode       004a7ac8 f   LIBC:getch.obj
 0001:000a6715       _shortsort                 004a7715 f   LIBC:qsort.obj
 0001:000a6763       _swap                      004a7763 f   LIBC:qsort.obj
 0001:000a5f70       LeadUp1                    004a6f70 f   LIBC:memmove.obj
 0001:000a5f9c       LeadUp2                    004a6f9c f   LIBC:memmove.obj
 0001:000a5fc0       LeadUp3                    004a6fc0 f   LIBC:memmove.obj
 0001:000a603f       UnwindUp0                  004a703f f   LIBC:memmove.obj
 0001:000a602c       UnwindUp1                  004a702c f   LIBC:memmove.obj
 0001:000a6024       UnwindUp2                  004a7024 f   LIBC:memmove.obj
 0001:000a601c       UnwindUp3                  004a701c f   LIBC:memmove.obj
 0001:000a6014       UnwindUp4                  004a7014 f   LIBC:memmove.obj
 0001:000a600c       UnwindUp5                  004a700c f   LIBC:memmove.obj
 0001:000a6004       UnwindUp6                  004a7004 f   LIBC:memmove.obj
 0001:000a5ffc       UnwindUp7                  004a6ffc f   LIBC:memmove.obj
 0001:000a6058       TrailUp0                   004a7058 f   LIBC:memmove.obj
 0001:000a6060       TrailUp1                   004a7060 f   LIBC:memmove.obj
 0001:000a606c       TrailUp2                   004a706c f   LIBC:memmove.obj
 0001:000a6080       TrailUp3                   004a7080 f   LIBC:memmove.obj
 0001:000a60f8       LeadDown1                  004a70f8 f   LIBC:memmove.obj
 0001:000a6118       LeadDown2                  004a7118 f   LIBC:memmove.obj
 0001:000a6140       LeadDown3                  004a7140 f   LIBC:memmove.obj
 0001:000a6194       UnwindDown7                004a7194 f   LIBC:memmove.obj
 0001:000a619c       UnwindDown6                004a719c f   LIBC:memmove.obj
 0001:000a61a4       UnwindDown5                004a71a4 f   LIBC:memmove.obj
 0001:000a61ac       UnwindDown4                004a71ac f   LIBC:memmove.obj
 0001:000a61b4       UnwindDown3                004a71b4 f   LIBC:memmove.obj
 0001:000a61bc       UnwindDown2                004a71bc f   LIBC:memmove.obj
 0001:000a61c4       UnwindDown1                004a71c4 f   LIBC:memmove.obj
 0001:000a61d7       UnwindDown0                004a71d7 f   LIBC:memmove.obj
 0001:000a61f0       TrailDown0                 004a71f0 f   LIBC:memmove.obj
 0001:000a61f8       TrailDown1                 004a71f8 f   LIBC:memmove.obj
 0001:000a6208       TrailDown2                 004a7208 f   LIBC:memmove.obj
 0001:000a621c       TrailDown3                 004a721c f   LIBC:memmove.obj

 544 bytes saved through ICF

