 cInChI-1

 Timestamp is 46d84306 (Fri Aug 31 12:34:14 2007)

 Preferred load address is 00400000

 Start         Length     Name                   Class
 0001:00000000 000b4d1dH .text                   CODE
 0002:00000000 00000210H .idata$5                DATA
 0002:00000210 00003128H .rdata                  DATA
 0002:00003338 0000003cH .idata$2                DATA
 0002:00003374 00000014H .idata$3                DATA
 0002:00003388 00000210H .idata$4                DATA
 0002:00003598 000008b6H .idata$6                DATA
 0002:00003e4e 00000000H .edata                  DATA
 0003:00000000 00000004H .CRT$XCA                DATA
 0003:00000004 00000004H .CRT$XCZ                DATA
 0003:00000008 00000004H .CRT$XIA                DATA
 0003:0000000c 00000008H .CRT$XIC                DATA
 0003:00000014 00000004H .CRT$XIZ                DATA
 0003:00000018 00000004H .CRT$XPA                DATA
 0003:0000001c 00000008H .CRT$XPX                DATA
 0003:00000024 00000004H .CRT$XPZ                DATA
 0003:00000028 00000004H .CRT$XTA                DATA
 0003:0000002c 00000004H .CRT$XTZ                DATA
 0003:00000030 00017820H .data                   DATA
 0003:00017850 000022b4H .bss                    DATA
 0004:00000000 00000058H .rsrc$01                DATA
 0004:00000060 00000510H .rsrc$02                DATA

  Address         Publics by Value              Rva+Base     Lib:Object

 0001:00000000       _PrintFileName             00401000 f   dispstru.obj
 0001:00000060       _ReallySetForegroundWindow 00401060 f   dispstru.obj
 0001:000000c0       _GetConsoleHwnd            004010c0 f   dispstru.obj
 0001:00000140       _GetFontHeight             00401140 f   dispstru.obj
 0001:00000160       _GetFontAscent             00401160 f   dispstru.obj
 0001:00000180       _GetFontDescent            00401180 f   dispstru.obj
 0001:000001a0       _GetFontAveWidth           004011a0 f   dispstru.obj
 0001:000001c0       _GetSubstringWidth         004011c0 f   dispstru.obj
 0001:00000250       _GetTextSize               00401250 f   dispstru.obj
 0001:00000290       _GetVertTextSize           00401290 f   dispstru.obj
 0001:00000300       _TextOutVert               00401300 f   dispstru.obj
 0001:00000380       _TextOutHoriz              00401380 f   dispstru.obj
 0001:000003d0       _GetStringWidth            004013d0 f   dispstru.obj
 0001:00000400       _GetOneCharInStringWidth   00401400 f   dispstru.obj
 0001:00000430       _DrawStructure             00401430 f   dispstru.obj
 0001:00000af0       _DrawBond                  00401af0 f   dispstru.obj
 0001:00000bd0       _RoundDouble               00401bd0 f   dispstru.obj
 0001:00000c20       _nRound                    00401c20 f   dispstru.obj
 0001:00000c40       _roundoff_coord            00401c40 f   dispstru.obj
 0001:00000cc0       _DrawPenColorFilledPolygon 00401cc0 f   dispstru.obj
 0001:00000d40       _DrawTextColorDot          00401d40 f   dispstru.obj
 0001:00000ea0       _DrawBondStereo            00401ea0 f   dispstru.obj
 0001:00001570       _DrawBondParity            00402570 f   dispstru.obj
 0001:000016c0       _DrawBondNoStereo          004026c0 f   dispstru.obj
 0001:00001b80       _MoveHydrogenAtomToTheLeft 00402b80 f   dispstru.obj
 0001:00001c90       _MyTextOutABC              00402c90 f   dispstru.obj
 0001:00001d80       _DrawColorString           00402d80 f   dispstru.obj
 0001:00002320       _DrawPreparedString        00403320 f   dispstru.obj
 0001:00002360       _DrawString                00403360 f   dispstru.obj
 0001:000024e0       _DrawLine                  004034e0 f   dispstru.obj
 0001:00002510       _nGetNumLegendOptions      00403510 f   dispstru.obj
 0001:00002560       _DrawTheInputStructure     00403560 f   dispstru.obj
 0001:000027c0       _CalcTblParms              004037c0 f   dispstru.obj
 0001:00002960       _DrawTheTable              00403960 f   dispstru.obj
 0001:00002c70       _GetStructSizes            00403c70 f   dispstru.obj
 0001:00003070       _ResizeAtomForDrawing      00404070 f   dispstru.obj
 0001:00003590       _InpStructureMarkEquComponents 00404590 f   dispstru.obj
 0001:00003800       _CreateInputStructPicture  00404800 f   dispstru.obj
 0001:00004620       _WndProcDisplayInputStructure@16 00405620 f   dispstru.obj
 0001:00004900       _FreeWinData               00405900 f   dispstru.obj
 0001:00004980       _DisplayInputStructure     00405980 f   dispstru.obj
 0001:00004e50       _MySleep                   00405e50 f   dispstru.obj
 0001:00004e60       _RestoreEdgeFlow           00405e60 f   ichi_bns.obj
 0001:00004e90       _SetAtomBondType           00405e90 f   ichi_bns.obj
 0001:00005140       _RunBalancedNetworkSearch  00406140 f   ichi_bns.obj
 0001:000051e0       _SetAtomRadAndChemValFromVertexCapFlow 004061e0 f   ichi_bns.obj
 0001:00005270       _AddChangedAtHChargeBNS    00406270 f   ichi_bns.obj
 0001:000052d0       _EliminatePlusMinusChargeAmbiguity 004062d0 f   ichi_bns.obj
 0001:00005560       _AddOrRemoveExplOrImplH    00406560 f   ichi_bns.obj
 0001:000058e0       _SubtractOrChangeAtHChargeBNS 004068e0 f   ichi_bns.obj
 0001:00005ab0       _SetBondsFromBnStructFlow  00406ab0 f   ichi_bns.obj
 0001:00005e10       _MarkAtomsAtTautGroups     00406e10 f   ichi_bns.obj
 0001:000061a0       _RestoreBnStructFlow       004071a0 f   ichi_bns.obj
 0001:00006310       _bNeedToTestTheFlow        00407310 f   ichi_bns.obj
 0001:000063a0       _nBondsValenceInpAt        004073a0 f   ichi_bns.obj
 0001:00006410       _BnsAdjustFlowBondsRad     00407410 f   ichi_bns.obj
 0001:00006600       _BnsTestAndMarkAltBonds    00407600 f   ichi_bns.obj
 0001:00006970       _SetForbiddenEdges         00407970 f   ichi_bns.obj
 0001:00006bf0       _fix_special_bonds         00407bf0 f   ichi_bns.obj
 0001:00007d10       _is_Z_atom                 00408d10 f   ichi_bns.obj
 0001:00007df0       _IsZOX                     00408df0 f   ichi_bns.obj
 0001:00007ee0       _GetAtomChargeType         00408ee0 f   ichi_bns.obj
 0001:00008830       _SimpleRemoveHplusNPO      00409830 f   ichi_bns.obj
 0001:000088e0       _bIsAtomTypeHard           004098e0 f   ichi_bns.obj
 0001:00008920       _bIsHDonorAccAtomType      00409920 f   ichi_bns.obj
 0001:000089a0       _bIsNegAtomType            004099a0 f   ichi_bns.obj
 0001:00008a40       _bIsHardRemHCandidate      00409a40 f   ichi_bns.obj
 0001:00008aa0       _CreateCGroupInBnStruct    00409aa0 f   ichi_bns.obj
 0001:00008df0       _CreateTGroupInBnStruct    00409df0 f   ichi_bns.obj
 0001:00009150       _RemoveLastGroupFromBnStruct 0040a150 f   ichi_bns.obj
 0001:00009350       _SetInitCapFlowToCurrent   0040a350 f   ichi_bns.obj
 0001:000093d0       _SimpleRemoveAcidicProtons 0040a3d0 f   ichi_bns.obj
 0001:000095e0       _bHasAcidicHydrogen        0040a5e0 f   ichi_bns.obj
 0001:00009650       _bHasOtherExchangableH     0040a650 f   ichi_bns.obj
 0001:000096a0       _SimpleAddAcidicProtons    0040a6a0 f   ichi_bns.obj
 0001:000098a0       _bHasAcidicMinus           0040a8a0 f   ichi_bns.obj
 0001:00009910       _HardRemoveAcidicProtons   0040a910 f   ichi_bns.obj
 0001:00009c50       _HardAddAcidicProtons      0040ac50 f   ichi_bns.obj
 0001:00009f90       _HardRemoveHplusNP         0040af90 f   ichi_bns.obj
 0001:0000a2c0       _mark_at_type              0040b2c0 f   ichi_bns.obj
 0001:0000a320       _RemoveNPProtonsAndAcidCharges 0040b320 f   ichi_bns.obj
 0001:0000a5e0       _mark_alt_bonds_and_taut_groups 0040b5e0 f   ichi_bns.obj
 0001:0000ae20       _nMaxFlow2Check            0040be20 f   ichi_bns.obj
 0001:0000ae50       _nCurFlow2Check            0040be50 f   ichi_bns.obj
 0001:0000ae70       _nMinFlow2Check            0040be70 f   ichi_bns.obj
 0001:0000af70       _bSetBondsAfterCheckOneBond 0040bf70 f   ichi_bns.obj
 0001:0000b1b0       _bRestoreFlowAfterCheckOneBond 0040c1b0 f   ichi_bns.obj
 0001:0000b280       _bSetFlowToCheckOneBond    0040c280 f   ichi_bns.obj
 0001:0000ba40       _bAddNewVertex             0040ca40 f   ichi_bns.obj
 0001:0000bc30       _AddNewEdge                0040cc30 f   ichi_bns.obj
 0001:0000be10       _GetEdgeToGroupVertex      0040ce10 f   ichi_bns.obj
 0001:0000bec0       _GetGroupVertex            0040cec0 f   ichi_bns.obj
 0001:0000bf90       _bAddStCapToAVertex        0040cf90 f   ichi_bns.obj
 0001:0000c070       _bSetBnsToCheckAltPath     0040d070 f   ichi_bns.obj
 0001:0000cb60       _bRestoreBnsAfterCheckAltPath 0040db60 f   ichi_bns.obj
 0001:0000cea0       _bExistsAnyAltPath         0040dea0 f   ichi_bns.obj
 0001:0000cf30       _bIsBnsEndpoint            0040df30 f   ichi_bns.obj
 0001:0000cfb0       _bRadChangesAtomType       0040dfb0 f   ichi_bns.obj
 0001:0000d080       _RegisterRadEndpoint       0040e080 f   ichi_bns.obj
 0001:0000d430       _cmp_rad_endpoints         0040e430 f   ichi_bns.obj
 0001:0000d470       _RemoveRadEndpoints        0040e470 f   ichi_bns.obj
 0001:0000d680       _RestoreRadicalsOnly       0040e680 f   ichi_bns.obj
 0001:0000d790       _SetRadEndpoints           0040e790 f   ichi_bns.obj
 0001:0000d9f0       _SetRadEndpoints2          0040e9f0 f   ichi_bns.obj
 0001:0000e050       _bExistsAltPath            0040f050 f   ichi_bns.obj
 0001:0000e7a0       _AllocateAndInitBnStruct   0040f7a0 f   ichi_bns.obj
 0001:0000ed20       _DeAllocateBnStruct        0040fd20 f   ichi_bns.obj
 0001:0000edb0       _ReInitBnStructAltPaths    0040fdb0 f   ichi_bns.obj
 0001:0000ee10       _ReInitBnStructAddGroups   0040fe10 f   ichi_bns.obj
 0001:0000ee80       _ReInitBnStruct            0040fe80 f   ichi_bns.obj
 0001:0000f0d0       _CompTGroupNumber          004100d0 f   ichi_bns.obj
 0001:0000f0f0       _CompCGroupNumber          004100f0 f   ichi_bns.obj
 0001:0000f110       _AddTGroups2BnStruct       00410110 f   ichi_bns.obj
 0001:0000f4d0       _AddCGroups2BnStruct       004104d0 f   ichi_bns.obj
 0001:0000f830       _ClearAllBnDataVertices    00410830 f   ichi_bns.obj
 0001:0000f860       _ClearAllBnDataEdges       00410860 f   ichi_bns.obj
 0001:0000f880       _DeAllocateBnData          00410880 f   ichi_bns.obj
 0001:0000f920       _AllocateAndInitBnData     00410920 f   ichi_bns.obj
 0001:0000fa60       _ReInitBnData              00410a60 f   ichi_bns.obj
 0001:0000fb20       _GetVertexDegree           00410b20 f   ichi_bns.obj
 0001:0000fb60       _Get2ndEdgeVertex          00410b60 f   ichi_bns.obj
 0001:0000fbb0       _GetVertexNeighbor         00410bb0 f   ichi_bns.obj
 0001:0000fc70       _GetEdgePointer            00410c70 f   ichi_bns.obj
 0001:0000fd70       _AugmentEdge               00410d70 f   ichi_bns.obj
 0001:0000ffe0       _rescap_mark               00410fe0 f   ichi_bns.obj
 0001:000100b0       _GetPrevVertex             004110b0 f   ichi_bns.obj
 0001:00010170       _bIgnoreVertexNonTACN_atom 00411170 f   ichi_bns.obj
 0001:00010310       _bIgnoreVertexNonTACN_group 00411310 f   ichi_bns.obj
 0001:00010460       _rescap                    00411460 f   ichi_bns.obj
 0001:000104d0       _BalancedNetworkSearch     004114d0 f   ichi_bns.obj
 0001:00010930       _FindBase                  00411930 f   ichi_bns.obj
 0001:00010970       _FindPathToVertex_s        00411970 f   ichi_bns.obj
 0001:000109d0       _MakeBlossom               004119d0 f   ichi_bns.obj
 0001:00010c20       _PullFlow                  00411c20 f   ichi_bns.obj
 0001:00010d90       _FindPathCap               00411d90 f   ichi_bns.obj
 0001:00010e60       _MarkRingSystemsAltBns     00411e60 f   ichi_bns.obj
 0001:000112f0       _ReInitBnStructForAltBns   004122f0 f   ichi_bns.obj
 0001:000114b0       _MarkNonStereoAltBns       004124b0 f   ichi_bns.obj
 0001:00011690       _bHasChargedNeighbor       00412690 f   ichi_bns.obj
 0001:000116e0       _AddRemoveProtonsRestr     004126e0 f   ichi_bns.obj
 0001:000120a0       _AddRemoveIsoProtonsRestr  004130a0 f   ichi_bns.obj
 0001:00012300       _TranspositionCreate       00413300 f   ichican2.obj
 0001:00012320       _TranspositionFree         00413320 f   ichican2.obj
 0001:00012340       _NodeSetCreate             00413340 f   ichican2.obj
 0001:000123e0       _NodeSetFree               004133e0 f   ichican2.obj
 0001:00012420       _CTableCreate              00413420 f   ichican2.obj
 0001:00012580       _CTableFree                00413580 f   ichican2.obj
 0001:00012610       _UnorderedPartitionCreate  00413610 f   ichican2.obj
 0001:00012630       _UnorderedPartitionFree    00413630 f   ichican2.obj
 0001:00012650       _UnorderedPartitionMakeDiscrete 00413650 f   ichican2.obj
 0001:00012670       _PartitionCreate           00413670 f   ichican2.obj
 0001:000126b0       _PartitionFree             004136b0 f   ichican2.obj
 0001:000126f0       _PartitionIsDiscrete       004136f0 f   ichican2.obj
 0001:00012740       _PartitionGetFirstCell     00413740 f   ichican2.obj
 0001:00012810       _CellMakeEmpty             00413810 f   ichican2.obj
 0001:00012840       _NodeSetFromVertices       00413840 f   ichican2.obj
 0001:000128c0       _AllNodesAreInSet          004138c0 f   ichican2.obj
 0001:00012920       _PartitionGetMcrAndFixSet  00413920 f   ichican2.obj
 0001:00012a50       _NodeSetFromRadEndpoints   00413a50 f   ichican2.obj
 0001:00012ad0       _RemoveFromNodeSet         00413ad0 f   ichican2.obj
 0001:00012b30       _DoNodeSetsIntersect       00413b30 f   ichican2.obj
 0001:00012b80       _IsNodeSetEmpty            00413b80 f   ichican2.obj
 0001:00012bc0       _AddNodeSet2ToNodeSet1     00413bc0 f   ichican2.obj
 0001:00012c00       _AddNodesToRadEndpoints    00413c00 f   ichican2.obj
 0001:00012cb0       _PartitionGetTransposition 00413cb0 f   ichican2.obj
 0001:00012cf0       _nGetMcr2                  00413cf0 f   ichican2.obj
 0001:00012d60       _nJoin2Mcrs2               00413d60 f   ichican2.obj
 0001:00012db0       _GetUnorderedPartitionMcrNode 00413db0 f   ichican2.obj
 0001:00012dd0       _UnorderedPartitionJoin    00413dd0 f   ichican2.obj
 0001:00012e30       _PartitionSatisfiesLemma_2_25 00413e30 f   ichican2.obj
 0001:00012ec0       _PartitionCopy             00413ec0 f   ichican2.obj
 0001:00012f30       _PartitionColorVertex      00413f30 f   ichican2.obj
 0001:00013130       _CellGetMinNode            00414130 f   ichican2.obj
 0001:000132e0       _CellGetNumberOfNodes      004142e0 f   ichican2.obj
 0001:00013320       _CellIntersectWithSet      00414320 f   ichican2.obj
 0001:000133d0       _CtPartClear               004143d0 f   ichican2.obj
 0001:00013430       _insertions_sort_NeighList_AT_NUMBERS2 00414430 f   ichican2.obj
 0001:000134d0       _CtPartFill                004144d0 f   ichican2.obj
 0001:00013880       _CtPartInfinity            00414880 f   ichican2.obj
 0001:000138e0       _CtPartCompare             004148e0 f   ichican2.obj
 0001:00013ed0       _CtFullCompare             00414ed0 f   ichican2.obj
 0001:00014270       _CtFullCompareLayers       00415270 f   ichican2.obj
 0001:000142a0       _CtCompareLayersGetFirstDiff 004152a0 f   ichican2.obj
 0001:00014330       _CtPartCompareLayers       00415330 f   ichican2.obj
 0001:00014380       _UpdateCompareLayers       00415380 f   ichican2.obj
 0001:000143c0       _CtPartCopy                004153c0 f   ichican2.obj
 0001:00014670       _CtFullCopy                00415670 f   ichican2.obj
 0001:000146a0       _TranspositionGetMcrAndFixSetAndUnorderedPartition 004156a0 f   ichican2.obj
 0001:00014890       _SetBitCreate              00415890 f   ichican2.obj
 0001:00014920       _SetBitFree                00415920 f   ichican2.obj
 0001:00014950       _GetOneAdditionalLayer     00415950 f   ichican2.obj
 0001:000149d0       _CanonGraph                004159d0 f   ichican2.obj
 0001:00015ca0       _SetInitialRanks2          00416ca0 f   ichican2.obj
 0001:00015d40       _FillOutAtomInvariant2     00416d40 f   ichican2.obj
 0001:000161a0       _CleanNumH                 004171a0 f   ichican2.obj
 0001:000161e0       _CleanCt                   004171e0 f   ichican2.obj
 0001:00016210       _CleanIsoSortKeys          00417210 f   ichican2.obj
 0001:00016240       _DeAllocBCN                00417240 f   ichican2.obj
 0001:00016370       _GetBaseCanonRanking       00417370 f   ichican2.obj
 0001:00019030       _InchiTimeGet              0041a030 f   ichicano.obj
 0001:00019070       _InchiTimeMsecDiff         0041a070 f   ichicano.obj
 0001:000190b0       _InchiTimeElapsed          0041a0b0 f   ichicano.obj
 0001:000190e0       _InchiTimeAddMsec          0041a0e0 f   ichicano.obj
 0001:00019140       _bInchiTimeIsOver          0041a140 f   ichicano.obj
 0001:000191a0       _GetCanonLengths           0041a1a0 f   ichicano.obj
 0001:00019340       _DeAllocateCS              0041a340 f   ichicano.obj
 0001:000196d0       _AllocateCS                0041a6d0 f   ichicano.obj
 0001:00019c30       _FillIsotopicAtLinearCT    0041ac30 f   ichicano.obj
 0001:00019d70       _FillTautLinearCT2         0041ad70 f   ichicano.obj
 0001:0001a110       _UpdateFullLinearCT        0041b110 f   ichicano.obj
 0001:0001a490       _FixCanonEquivalenceInfo   0041b490 f   ichicano.obj
 0001:0001a560       _Canon_INChI3              0041b560 f   ichicano.obj
 0001:0001bdc0       _Canon_INChI               0041cdc0 f   ichicano.obj
 0001:0001be10       _find_atoms_with_parity    0041ce10 f   ichicans.obj
 0001:0001be90       _SetHalfStereoBondIllDefPariy 0041ce90 f   ichicans.obj
 0001:0001bee0       _RemoveHalfStereoBond      0041cee0 f   ichicans.obj
 0001:0001bf90       _SetOneStereoBondIllDefParity 0041cf90 f   ichicans.obj
 0001:0001c010       _RemoveOneStereoBond       0041d010 f   ichicans.obj
 0001:0001c080       _RemoveOneStereoCenter     0041d080 f   ichicans.obj
 0001:0001c0b0       _UnmarkNonStereo           0041d0b0 f   ichicans.obj
 0001:0001c510       _FillSingleStereoDescriptors 0041d510 f   ichicans.obj
 0001:0001c8d0       _SwitchAtomStereoAndIsotopicStereo 0041d8d0 f   ichicans.obj
 0001:0001c980       _SetCtToIsotopicStereo     0041d980 f   ichicans.obj
 0001:0001c9d0       _SetCtToNonIsotopicStereo  0041d9d0 f   ichicans.obj
 0001:0001ca30       _FillAllStereoDescriptors  0041da30 f   ichicans.obj
 0001:0001cb00       _SetKnownStereoBondParities 0041db00 f   ichicans.obj
 0001:0001d210       _MarkKnownEqualStereoBondParities 0041e210 f   ichicans.obj
 0001:0001d7e0       _GetNextNeighborAndRank    0041e7e0 f   ichicans.obj
 0001:0001d870       _GetAndCheckNextNeighbors  0041e870 f   ichicans.obj
 0001:0001da60       _PathsHaveIdenticalKnownParities 0041ea60 f   ichicans.obj
 0001:0001dc20       _RemoveKnownNonStereoBondParities 0041ec20 f   ichicans.obj
 0001:0001dee0       _SetKnownStereoCenterParities 0041eee0 f   ichicans.obj
 0001:0001e180       _RemoveKnownNonStereoCenterParities 0041f180 f   ichicans.obj
 0001:0001e450       _MarkKnownEqualStereoCenterParities 0041f450 f   ichicans.obj
 0001:0001e5d0       _InvertStereo              0041f5d0 f   ichicans.obj
 0001:0001e880       _FillOutStereoParities     0041f880 f   ichicans.obj
 0001:0001e9b0       _GetStereoNeighborPos      0041f9b0 f   ichicans.obj
 0001:0001e9f0       _GetStereoBondParity       0041f9f0 f   ichicans.obj
 0001:0001eb70       _GetPermutationParity      0041fb70 f   ichicans.obj
 0001:0001ec20       _GetStereoCenterParity     0041fc20 f   ichicans.obj
 0001:0001ecf0       _make_iso_sort_key         0041fcf0 f   ichiisot.obj
 0001:0001ed10       _set_atom_iso_sort_keys    0041fd10 f   ichiisot.obj
 0001:0001ee20       _user_quit                 0041fe20 f   ichimain.obj
 0001:0001ef10       _eat_keyboard_input        0041ff10 f   ichimain.obj
 0001:0001ef40       _MyHandlerRoutine@4        0041ff40 f   ichimain.obj
 0001:0001ef70       _WasInterrupted            0041ff70 f   ichimain.obj
 0001:0001ef80       _main                      0041ff80 f   ichimain.obj
 0001:0001fa90       _extract_inchi_substring   00420a90 f   ichimain.obj
 0001:0001fb10       _MakeHillFormulaString     00420b10 f   ichimak2.obj
 0001:0001fb70       _GetHillFormulaIndexLength 00420b70 f   ichimak2.obj
 0001:0001fba0       _GetHillFormulaCounts      00420ba0 f   ichimak2.obj
 0001:0001fdb0       _AddElementAndCount        00420db0 f   ichimak2.obj
 0001:0001fe60       _MakeHillFormula           00420e60 f   ichimak2.obj
 0001:00020080       _AllocateAndFillHillFormula 00421080 f   ichimak2.obj
 0001:00020130       _Copy2StereoBondOrAllene   00421130 f   ichimak2.obj
 0001:00020370       _CopyLinearCTStereoToINChIStereo 00421370 f   ichimak2.obj
 0001:000205a0       _MarkAmbiguousStereo       004215a0 f   ichimak2.obj
 0001:00020850       _UnmarkAllUndefinedUnknownStereo 00421850 f   ichimak2.obj
 0001:00020950       _FillOutINChI              00421950 f   ichimak2.obj
 0001:00021bd0       _inp2spATOM                00422bd0 f   ichimake.obj
 0001:00021cf0       _GetElementAndCount        00422cf0 f   ichimake.obj
 0001:00021e40       _CompareHillFormulas       00422e40 f   ichimake.obj
 0001:00021f20       _CompareHillFormulasNoH    00422f20 f   ichimake.obj
 0001:00022040       _CompareTautNonIsoPartOfINChI 00423040 f   ichimake.obj
 0001:000220a0       _CompINChITautVsNonTaut    004230a0 f   ichimake.obj
 0001:000223b0       _GetSp3RelRacAbs           004233b0 f   ichimake.obj
 0001:00022400       _CompINChILayers           00423400 f   ichimake.obj
 0001:00022d10       _INChI_SegmentAction       00423d10 f   ichimake.obj
 0001:00022d40       _MarkUnusedAndEmptyLayers  00423d40 f   ichimake.obj
 0001:00022e00       _CompareInchiStereo        00423e00 f   ichimake.obj
 0001:00022f70       _CompINChI2                00423f70 f   ichimake.obj
 0001:00023440       _CompINChINonTaut2         00424440 f   ichimake.obj
 0001:00023480       _CompINChITaut2            00424480 f   ichimake.obj
 0001:000234c0       _mystrrev                  004244c0 f   ichimake.obj
 0001:000234f0       _GetDfsOrder4CT            004244f0 f   ichimake.obj
 0001:00023bb0       _GetInpStructErrorType     00424bb0 f   ichimake.obj
 0001:00023c10       _ProcessStructError        00424c10 f   ichimake.obj
 0001:00023de0       _CompareReversedStereoINChI 00424de0 f   ichimake.obj
 0001:00023f00       _CompareReversedStereoINChI2 00424f00 f   ichimake.obj
 0001:000245d0       _CompareReversedINChI      004255d0 f   ichimake.obj
 0001:000249a0       _CompareIcr                004259a0 f   ichimake.obj
 0001:00024a90       _CompareReversedINChI2     00425a90 f   ichimake.obj
 0001:00025320       _Create_INChI              00426320 f   ichimake.obj
 0001:000261f0       _GetAtomOrdNbrInCanonOrd   004271f0 f   ichimake.obj
 0001:000263a0       _FillOutCanonInfAtom       004273a0 f   ichimake.obj
 0001:00027110       _FillOutOneCanonInfAtom    00428110 f   ichimake.obj
 0001:00028030       _FillOutInputInfAtom       00429030 f   ichimake.obj
 0001:000284c0       _FillOutInfAtom            004294c0 f   ichimake.obj
 0001:00028540       _FillOutCompositeCanonInfAtom 00429540 f   ichimake.obj
 0001:00028780       _CheckCanonNumberingCorrectness 00429780 f   ichimake.obj
 0001:000288d0       _All_SC_Same               004298d0 f   ichimap1.obj
 0001:00028990       _Next_SC_At_CanonRank2     00429990 f   ichimap1.obj
 0001:00028a80       _CompareLinCtStereoDble    00429a80 f   ichimap1.obj
 0001:00028b30       _CompareLinCtStereoCarb    00429b30 f   ichimap1.obj
 0001:00028bd0       _CompareLinCtStereo        00429bd0 f   ichimap1.obj
 0001:00028c10       _CompareLinCtStereoAtomToValues 00429c10 f   ichimap1.obj
 0001:00028c50       _bUniqueAtNbrFromMappingRank 00429c50 f   ichimap1.obj
 0001:00028cb0       _nGetMcr                   00429cb0 f   ichimap1.obj
 0001:00028d20       _nJoin2Mcrs                00429d20 f   ichimap1.obj
 0001:00028d70       _All_SB_Same               00429d70 f   ichimap1.obj
 0001:00029100       _Next_SB_At_CanonRanks2    0042a100 f   ichimap1.obj
 0001:000294f0       _NextStereoParity2Test     0042a4f0 f   ichimap1.obj
 0001:000295d0       _CompareLinCtStereoDoubleToValues 0042a5d0 f   ichimap1.obj
 0001:00029620       _SetUseAtomForStereo       0042a620 f   ichimap1.obj
 0001:00029690       _CurTreeAlloc              0042a690 f   ichimap1.obj
 0001:00029720       _CurTreeReAlloc            0042a720 f   ichimap1.obj
 0001:00029790       _CurTreeFree               0042a790 f   ichimap1.obj
 0001:000297c0       _CurTreeAddRank            0042a7c0 f   ichimap1.obj
 0001:00029820       _CurTreeIsLastRank         0042a820 f   ichimap1.obj
 0001:00029860       _CurTreeRemoveLastRankIfNoAtoms 0042a860 f   ichimap1.obj
 0001:000298a0       _CurTreeAddAtom            0042a8a0 f   ichimap1.obj
 0001:00029900       _CurTreeKeepLastAtomsOnly  0042a900 f   ichimap1.obj
 0001:00029980       _CurTreeRemoveIfLastAtom   0042a980 f   ichimap1.obj
 0001:000299d0       _CurTreeGetPos             0042a9d0 f   ichimap1.obj
 0001:000299e0       _CurTreeSetPos             0042a9e0 f   ichimap1.obj
 0001:00029a00       _CurTreeRemoveLastRank     0042aa00 f   ichimap1.obj
 0001:00029a30       _CurTreeIsLastAtomEqu      0042aa30 f   ichimap1.obj
 0001:00029aa0       _SortedEquInfoToRanks      0042aaa0 f   ichimap2.obj
 0001:00029b60       _SortedRanksToEquInfo      0042ab60 f   ichimap2.obj
 0001:00029be0       _switch_ptrs               0042abe0 f   ichimap2.obj
 0001:00029c00       _SetNewRanksFromNeighLists3 0042ac00 f   ichimap2.obj
 0001:00029d50       _SetNewRanksFromNeighLists4 0042ad50 f   ichimap2.obj
 0001:00029eb0       _SetNewRanksFromNeighLists 0042aeb0 f   ichimap2.obj
 0001:00029f60       _SortNeighListsBySymmAndCanonRank 0042af60 f   ichimap2.obj
 0001:00029f90       _SortNeighLists2           0042af90 f   ichimap2.obj
 0001:0002a000       _SortNeighLists3           0042b000 f   ichimap2.obj
 0001:0002a070       _DifferentiateRanks2       0042b070 f   ichimap2.obj
 0001:0002a120       _DifferentiateRanks3       0042b120 f   ichimap2.obj
 0001:0002a180       _DifferentiateRanks4       0042b180 f   ichimap2.obj
 0001:0002a1e0       _DifferentiateRanksBasic   0042b1e0 f   ichimap2.obj
 0001:0002a280       _NumberOfTies              0042b280 f   ichimap2.obj
 0001:0002a430       _HalfStereoBondParity      0042b430 f   ichimap2.obj
 0001:0002a5d0       _parity_of_mapped_half_bond 0042b5d0 f   ichimap2.obj
 0001:0002a930       _parity_of_mapped_atom2    0042b930 f   ichimap2.obj
 0001:0002ac90       _ClearPreviousMappings     0042bc90 f   ichimap2.obj
 0001:0002acb0       _map_an_atom2              0042bcb0 f   ichimap2.obj
 0001:0002af60       _might_change_other_atom_parity 0042bf60 f   ichimap2.obj
 0001:0002b030       _DeAllocateForNonStereoRemoval 0042c030 f   ichimap2.obj
 0001:0002b0f0       _AllocateForNonStereoRemoval 0042c0f0 f   ichimap2.obj
 0001:0002b220       _GetMinNewRank             0042c220 f   ichimap2.obj
 0001:0002b270       _BreakNeighborsTie         0042c270 f   ichimap2.obj
 0001:0002ba70       _CheckNextSymmNeighborsAndBonds 0042ca70 f   ichimap2.obj
 0001:0002bcb0       _CreateCheckSymmPaths      0042ccb0 f   ichimap2.obj
 0001:0002c010       _CalculatedPathsParitiesAreIdentical 0042d010 f   ichimap2.obj
 0001:0002cef0       _RemoveCalculatedNonStereoBondParities 0042def0 f   ichimap2.obj
 0001:0002d660       _RemoveCalculatedNonStereoCenterParities 0042e660 f   ichimap2.obj
 0001:0002dda0       _RemoveCalculatedNonStereo 0042eda0 f   ichimap2.obj
 0001:0002dfc0       _map_stereo_bonds4         0042efc0 f   ichimap4.obj
 0001:0002fb90       _map_stereo_atoms4         00430b90 f   ichimap4.obj
 0001:00030f80       _cmp_iso_atw_diff_component_no 00431f80 f   ichinorm.obj
 0001:00030fb0       _MarkRingSystemsInp        00431fb0 f   ichinorm.obj
 0001:000314f0       _remove_terminal_HDT       004324f0 f   ichinorm.obj
 0001:00031bd0       _add_DT_to_num_H           00432bd0 f   ichinorm.obj
 0001:00031c10       _ReadCommandLineParms      00432c10 f   ichiparm.obj
 0001:00033c00       _PrintInputParms           00434c00 f   ichiparm.obj
 0001:000341f0       _HelpCommandLineParms      004351f0 f   ichiparm.obj
 0001:000343a0       _HelpCommandLineParmsReduced 004353a0 f   ichiparm.obj
 0001:00034530       _OpenFiles                 00435530 f   ichiparm.obj
 0001:00034950       _DetectInputINChIFileType  00435950 f   ichiparm.obj
 0001:00034de0       _PrintXmlStartTag          00435de0 f   ichiprt1.obj
 0001:00034f20       _Needs2addXmlEntityRefs    00435f20 f   ichiprt1.obj
 0001:00035010       _AddXmlEntityRefs          00436010 f   ichiprt1.obj
 0001:00035130       _OutputINChIXmlRootStartTag 00436130 f   ichiprt1.obj
 0001:00035180       _OutputINChIXmlRootEndTag  00436180 f   ichiprt1.obj
 0001:000351c0       _OutputINChIXmlStructStartTag 004361c0 f   ichiprt1.obj
 0001:000354c0       _OutputINChIXmlStructEndTag 004364c0 f   ichiprt1.obj
 0001:00035520       _OutputINChIXmlError       00436520 f   ichiprt1.obj
 0001:00035600       _OutputINChIPlainError     00436600 f   ichiprt1.obj
 0001:00035690       _EquString                 00436690 f   ichiprt1.obj
 0001:00035ec0       _OutputINChI2              00436ec0 f   ichiprt1.obj
 0001:00035fb0       _szGetTag                  00436fb0 f   ichiprt1.obj
 0001:00036200       _OutputINChI1              00437200 f   ichiprt1.obj
 0001:0003aca0       _str_LineStart             0043bca0 f   ichiprt1.obj
 0001:0003adb0       _str_LineEnd               0043bdb0 f   ichiprt1.obj
 0001:0003aec0       _CleanOrigCoord            0043bec0 f   ichiprt1.obj
 0001:0003b160       _WriteOrigCoord            0043c160 f   ichiprt1.obj
 0001:0003b240       _WriteOrigAtoms            0043c240 f   ichiprt1.obj
 0001:0003b6b0       _WriteOrigBonds            0043c6b0 f   ichiprt1.obj
 0001:0003bf20       _FillOutOrigStruct         0043cf20 f   ichiprt1.obj
 0001:0003c170       _FreeOrigStruct            0043d170 f   ichiprt1.obj
 0001:0003c1c0       _Eql_INChI_Stereo          0043d1c0 f   ichiprt2.obj
 0001:0003c440       _Eql_INChI_Isotopic        0043d440 f   ichiprt2.obj
 0001:0003c4d0       _Eql_INChI_Aux_Equ         0043d4d0 f   ichiprt2.obj
 0001:0003c5e0       _Eql_INChI_Aux_Num         0043d5e0 f   ichiprt2.obj
 0001:0003c6c0       _bHasOrigInfo              0043d6c0 f   ichiprt2.obj
 0001:0003c710       _EqlOrigInfo               0043d710 f   ichiprt2.obj
 0001:0003c760       _bHasEquString             0043d760 f   ichiprt2.obj
 0001:0003c7c0       _MakeMult                  0043d7c0 f   ichiprt2.obj
 0001:0003c8a0       _MakeDelim                 0043d8a0 f   ichiprt2.obj
 0001:0003c910       _MakeEqStr                 0043d910 f   ichiprt2.obj
 0001:0003c9d0       _MakeCtStringNew           0043d9d0 f   ichiprt2.obj
 0001:0003ccd0       _MakeCtStringOld           0043dcd0 f   ichiprt2.obj
 0001:0003ce80       _MakeHString               0043de80 f   ichiprt2.obj
 0001:0003d480       _MakeCtString              0043e480 f   ichiprt2.obj
 0001:0003d4f0       _MakeTautString            0043e4f0 f   ichiprt2.obj
 0001:0003d7d0       _MakeCRVString             0043e7d0 f   ichiprt2.obj
 0001:0003da50       _MakeEquString             0043ea50 f   ichiprt2.obj
 0001:0003dc40       _MakeIsoAtomString         0043ec40 f   ichiprt2.obj
 0001:0003df10       _MakeIsoTautString         0043ef10 f   ichiprt2.obj
 0001:0003e150       _MakeIsoHString            0043f150 f   ichiprt2.obj
 0001:0003e2e0       _MakeStereoString          0043f2e0 f   ichiprt2.obj
 0001:0003e460       _MakeAbcNumber             0043f460 f   ichiprt2.obj
 0001:0003e530       _inchi_strtol              0043f530 f   ichiprt2.obj
 0001:0003e640       _inchi_strtod              0043f640 f   ichiprt2.obj
 0001:0003e660       _MakeDecNumber             0043f660 f   ichiprt2.obj
 0001:0003e720       _str_Sp2                   0043f720 f   ichiprt3.obj
 0001:0003eca0       _str_Sp3                   0043fca0 f   ichiprt3.obj
 0001:0003f1f0       _str_IsoAtoms              004401f0 f   ichiprt3.obj
 0001:0003f860       _str_IsoSp2                00440860 f   ichiprt3.obj
 0001:0003fea0       _str_IsoSp3                00440ea0 f   ichiprt3.obj
 0001:000404d0       _str_AuxEqu                004414d0 f   ichiprt3.obj
 0001:000409f0       _str_AuxInvSp3             004419f0 f   ichiprt3.obj
 0001:00041010       _str_AuxInvSp3Numb         00442010 f   ichiprt3.obj
 0001:00041490       _str_AuxIsoNumb            00442490 f   ichiprt3.obj
 0001:000418d0       _str_AuxIsoEqu             004428d0 f   ichiprt3.obj
 0001:00041e80       _str_AuxInvIsoSp3          00442e80 f   ichiprt3.obj
 0001:00042660       _str_AuxInvIsoSp3Numb      00443660 f   ichiprt3.obj
 0001:00042c60       _str_HillFormula           00443c60 f   ichiprt3.obj
 0001:00042f60       _str_HillFormula2          00443f60 f   ichiprt3.obj
 0001:000433d0       _str_Connections           004443d0 f   ichiprt3.obj
 0001:00043700       _str_H_atoms               00444700 f   ichiprt3.obj
 0001:00043a90       _str_Charge2               00444a90 f   ichiprt3.obj
 0001:00043f90       _str_FixedH_atoms          00444f90 f   ichiprt3.obj
 0001:000442e0       _str_AuxNumb               004452e0 f   ichiprt3.obj
 0001:000446d0       _str_AuxTgroupEqu          004456d0 f   ichiprt3.obj
 0001:000449b0       _str_AuxChargeRadVal       004459b0 f   ichiprt3.obj
 0001:00044bc0       _bin_AuxTautTrans          00445bc0 f   ichiprt3.obj
 0001:00044f50       _str_AuxTautTrans          00445f50 f   ichiprt3.obj
 0001:000450a0       _str_StereoAbsInv          004460a0 f   ichiprt3.obj
 0001:00045220       _str_IsoStereoAbsInv       00446220 f   ichiprt3.obj
 0001:000453a0       _str_AuxIsoTgroupEqu       004463a0 f   ichiprt3.obj
 0001:000457f0       _bIsCenterPointStrict      004467f0 f   ichiqueu.obj
 0001:00045880       _nGet14TautIn7MembAltRing  00446880 f   ichiqueu.obj
 0001:00045900       _nGet14TautIn5MembAltRing  00446900 f   ichiqueu.obj
 0001:00045980       _nGet12TautIn5MembAltRing  00446980 f   ichiqueu.obj
 0001:00045a00       _nGet15TautIn6MembAltRing  00446a00 f   ichiqueu.obj
 0001:00045a80       _nGet15TautInAltPath       00446a80 f   ichiqueu.obj
 0001:00045b00       _DFS_FindTautInARing       00446b00 f   ichiqueu.obj
 0001:00045d30       _DFS_FindTautAltPath       00446d30 f   ichiqueu.obj
 0001:00045fd0       _are_alt_bonds             00446fd0 f   ichiqueu.obj
 0001:00046090       _AddBondsPos               00447090 f   ichiqueu.obj
 0001:000461b0       _AddEndPoints              004471b0 f   ichiqueu.obj
 0001:00046240       _Check7MembTautRing        00447240 f   ichiqueu.obj
 0001:00046670       _Check6MembTautRing        00447670 f   ichiqueu.obj
 0001:00046ba0       _Check15TautPathCenterpoint 00447ba0 f   ichiqueu.obj
 0001:00046bf0       _Check15TautPath           00447bf0 f   ichiqueu.obj
 0001:000470b0       _Check5MembTautRing        004480b0 f   ichiqueu.obj
 0001:00047430       _ReadWriteInChI            00448430 f   ichiread.obj
 0001:000491e0       _GetNumNeighborsFromInchi  0044a1e0 f   ichiread.obj
 0001:00049360       _CountStereoTypes          0044a360 f   ichiread.obj
 0001:000494d0       _bInpInchiComponentExists  0044a4d0 f   ichiread.obj
 0001:00049540       _bInpInchiComponentDeleted 0044a540 f   ichiread.obj
 0001:000495b0       _bRevInchiComponentExists  0044a5b0 f   ichiread.obj
 0001:00049620       _bRevInchiComponentDeleted 0044a620 f   ichiread.obj
 0001:00049690       _DetectInpInchiCreationOptions 0044a690 f   ichiread.obj
 0001:00052650       _insertions_sort_AT_NUMB   00453650 f   ichiread.obj
 0001:00052990       _QueueCreate               00453990 f   ichiring.obj
 0001:000529e0       _QueueAdd                  004539e0 f   ichiring.obj
 0001:00052a20       _QueueGet                  00453a20 f   ichiring.obj
 0001:00052a80       _QueueGetAny               00453a80 f   ichiring.obj
 0001:00052ab0       _QueueDelete               00453ab0 f   ichiring.obj
 0001:00052ae0       _QueueReinit               00453ae0 f   ichiring.obj
 0001:00052b00       _QueueLength               00453b00 f   ichiring.obj
 0001:00052b10       _QueueWrittenLength        00453b10 f   ichiring.obj
 0001:00052b30       _GetMinRingSize            00453b30 f   ichiring.obj
 0001:00052d20       _is_bond_in_Nmax_memb_ring 00453d20 f   ichiring.obj
 0001:00052e50       _is_atom_in_3memb_ring     00453e50 f   ichiring.obj
 0001:00052f40       _clear_t_group_info        00453f40 f   ichirvr1.obj
 0001:00053060       _GetTgroupInfoFromInChI    00454060 f   ichirvr1.obj
 0001:000532e0       _FillOutpStructEndpointFromInChI 004542e0 f   ichirvr1.obj
 0001:000533b0       _cmp_charge_val            004543b0 f   ichirvr1.obj
 0001:00053400       _bMayBeACationInMobileHLayer 00454400 f   ichirvr1.obj
 0001:00053550       _clean_charge_val          00454550 f   ichirvr1.obj
 0001:00053880       _GetAtomRestoreInfo        00454880 f   ichirvr1.obj
 0001:00053de0       _get_sp_element_type       00454de0 f   ichirvr1.obj
 0001:00053f90       _ReallocTCGroups           00454f90 f   ichirvr1.obj
 0001:00054030       _RegisterTCGroup           00455030 f   ichirvr1.obj
 0001:00054100       _nTautEndpointEdgeCap      00455100 f   ichirvr1.obj
 0001:000541a0       _BondFlowMaxcapMinorder    004551a0 f   ichirvr1.obj
 0001:00054390       _AtomStcapStflow           00455390 f   ichirvr1.obj
 0001:000544b0       _nCountBnsSizes            004554b0 f   ichirvr1.obj
 0001:00054af0       _nAddSuperCGroups          00455af0 f   ichirvr1.obj
 0001:00054cf0       _AddTGroups2TCGBnStruct    00455cf0 f   ichirvr1.obj
 0001:00055000       _ConnectTwoVertices        00456000 f   ichirvr1.obj
 0001:000551d0       _AddRadicalToMetal         004561d0 f   ichirvr1.obj
 0001:00055270       _ConnectMetalFlower        00456270 f   ichirvr1.obj
 0001:00055660       _SetEdgeCapFlow            00456660 f   ichirvr1.obj
 0001:00055680       _AddEdgeFlow               00456680 f   ichirvr1.obj
 0001:00055780       _ConnectSuperCGroup        00456780 f   ichirvr1.obj
 0001:00055bf0       _AddStCapFlow              00456bf0 f   ichirvr1.obj
 0001:00055c30       _SetStCapFlow              00456c30 f   ichirvr1.obj
 0001:00055c80       _AddCGroups2TCGBnStruct    00456c80 f   ichirvr1.obj
 0001:00056a30       _nNumEdgesToCnVertex       00457a30 f   ichirvr1.obj
 0001:00056a90       _AllocateAndInitTCGBnStruct 00457a90 f   ichirvr1.obj
 0001:000570c0       _IncrZeroBondsAndClearEndpts 004580c0 f   ichirvr1.obj
 0001:00057110       _IncrZeroBonds             00458110 f   ichirvr1.obj
 0001:00057160       _ClearEndpts               00458160 f   ichirvr1.obj
 0001:00057180       _GetDeltaChargeFromVF      00458180 f   ichirvr1.obj
 0001:00057330       _EvaluateChargeChanges     00458330 f   ichirvr1.obj
 0001:00057820       _RunBnsTestOnce            00458820 f   ichirvr1.obj
 0001:00057900       _RunBnsRestoreOnce         00458900 f   ichirvr1.obj
 0001:00057980       _comp_cc_cand              00458980 f   ichirvr1.obj
 0001:00057a10       _get_pVA_atom_type         00458a10 f   ichirvr1.obj
 0001:00057b10       _AllocEdgeList             00458b10 f   ichirvr1.obj
 0001:00057be0       _AddToEdgeList             00458be0 f   ichirvr1.obj
 0001:00057c30       _RemoveFromEdgeListByIndex 00458c30 f   ichirvr1.obj
 0001:00057c80       _FindInEdgeList            00458c80 f   ichirvr1.obj
 0001:00057cb0       _RemoveFromEdgeListByValue 00458cb0 f   ichirvr1.obj
 0001:00057cf0       _AllocBfsQueue             00458cf0 f   ichirvr1.obj
 0001:00057de0       _RemoveForbiddenEdgeMask   00458de0 f   ichirvr1.obj
 0001:00057e20       _SetForbiddenEdgeMask      00458e20 f   ichirvr1.obj
 0001:00057e60       _RemoveForbiddenBondFlowBits 00458e60 f   ichirvr1.obj
 0001:00057ea0       _GetChargeFlowerUpperEdge  00458ea0 f   ichirvr1.obj
 0001:00058070       _MakeOneInChIOutOfStrFromINChI2 00459070 f   ichirvr1.obj
 0001:00058200       _MakeOneInChIOutOfStrFromINChI 00459200 f   ichirvr1.obj
 0001:000587c0       _ConnectDisconnectedH      004597c0 f   ichirvr1.obj
 0001:00058a60       _DisconnectedConnectedH    00459a60 f   ichirvr1.obj
 0001:00058cc0       _MakeInChIOutOfStrFromINChI2 00459cc0 f   ichirvr1.obj
 0001:00058ff0       _OutputInChIOutOfStrFromINChI 00459ff0 f   ichirvr1.obj
 0001:000592f0       _CopyAt2St                 0045a2f0 f   ichirvr2.obj
 0001:00059390       _CopySt2At                 0045a390 f   ichirvr2.obj
 0001:00059430       _RestoreAtomConnectionsSetStereo 0045a430 f   ichirvr2.obj
 0001:0005a4f0       _SetStereoBondTypeFor0DParity 0045b4f0 f   ichirvr2.obj
 0001:0005a640       _SetStereoBondTypesFrom0DStereo 0045b640 f   ichirvr2.obj
 0001:0005a8a0       _CopyBnsToAtom             0045b8a0 f   ichirvr2.obj
 0001:0005ad40       _CheckBnsConsistency       0045bd40 f   ichirvr2.obj
 0001:0005ad50       _AddExplicitDeletedH       0045bd50 f   ichirvr2.obj
 0001:0005aed0       _bFindCumuleneChain        0045bed0 f   ichirvr2.obj
 0001:0005b050       _set_bond_type             0045c050 f   ichirvr2.obj
 0001:0005b120       _set_cumulene_0D_parity    0045c120 f   ichirvr2.obj
 0001:0005b510       _set_atom_0D_parity        0045c510 f   ichirvr2.obj
 0001:0005b6a0       _MoveRadToAtomsAddCharges  0045c6a0 f   ichirvr2.obj
 0001:0005bc80       _AdjustTgroupsToForbiddenEdges2 0045cc80 f   ichirvr2.obj
 0001:0005db80       _RearrangePlusMinusEdgesFlow 0045eb80 f   ichirvr2.obj
 0001:0005de60       _IncrementZeroOrderBondsToHeteroat 0045ee60 f   ichirvr2.obj
 0001:0005e4d0       _MovePlusFromS2DiaminoCarbon 0045f4d0 f   ichirvr2.obj
 0001:0005e9a0       _EliminateChargeSeparationOnHeteroatoms 0045f9a0 f   ichirvr2.obj
 0001:0005f070       _RestoreCyanoGroup         00460070 f   ichirvr2.obj
 0001:0005f3a0       _RestoreIsoCyanoGroup      004603a0 f   ichirvr2.obj
 0001:0005fc10       _FixMetal_Nminus_Ominus    00460c10 f   ichirvr2.obj
 0001:000600d0       _RestoreNNNgroup           004610d0 f   ichirvr2.obj
 0001:00061a70       _EliminateNitrogen5Val3Bonds 00462a70 f   ichirvr2.obj
 0001:00062140       _Convert_SIV_to_SVI        00463140 f   ichirvr2.obj
 0001:00062720       _PlusFromDB_N_DB_O_to_Metal 00463720 f   ichirvr2.obj
 0001:00062b90       _MoveMobileHToAvoidFixedBonds 00463b90 f   ichirvr2.obj
 0001:00062cb0       _RemoveRadFromMobileHEndpoint 00463cb0 f   ichirvr2.obj
 0001:00063810       _RemoveRadFromMobileHEndpointFixH 00464810 f   ichirvr2.obj
 0001:00064bc0       _MoveChargeToMakeCenerpoints 00465bc0 f   ichirvr2.obj
 0001:000650c0       _bHas_N_V                  004660c0 f   ichirvr3.obj
 0001:00065120       _FixFixedHRestoredStructure 00466120 f   ichirvr3.obj
 0001:00073380       _ForbidCarbonChargeEdges   00474380 f   ichirvr4.obj
 0001:00073430       _ForbidNintrogenPlus2BondsInSmallRings 00474430 f   ichirvr4.obj
 0001:00073520       _FixLessHydrogenInFormula  00474520 f   ichirvr4.obj
 0001:00073b40       _FixMoreHydrogenInFormula  00474b40 f   ichirvr4.obj
 0001:00073f70       _FixRemoveExtraTautEndpoints 00474f70 f   ichirvr4.obj
 0001:00074390       _FillOutExtraFixedHDataRestr 00475390 f   ichirvr4.obj
 0001:000744c0       _FillOutExtraFixedHDataInChI 004754c0 f   ichirvr4.obj
 0001:00074580       _FillOutCMP2FHINCHI        00475580 f   ichirvr4.obj
 0001:00074bd0       _FillOutCMP2MHINCHI        00475bd0 f   ichirvr4.obj
 0001:00075600       _NormalizeAndCompare       00476600 f   ichirvr4.obj
 0001:00076130       _CheckAndRefixStereobonds  00477130 f   ichirvr4.obj
 0001:00076550       _MoveChargeToRemoveCenerpoints 00477550 f   ichirvr4.obj
 0001:00076ef0       _MakeSingleBondsMetal2ChargedHeteroat 00477ef0 f   ichirvr4.obj
 0001:00077280       _SaltBondsToCoordBonds     00478280 f   ichirvr4.obj
 0001:00077b20       _RunBnsRestore1            00478b20 f   ichirvr4.obj
 0001:00078280       _RestoreAtomMakeBNS        00479280 f   ichirvr4.obj
 0001:000788c0       _OneInChI2Atom             004798c0 f   ichirvr4.obj
 0001:00078a90       _MakeProtonComponent       00479a90 f   ichirvr4.obj
 0001:00078b40       _AddRemProtonsInRestrStruct 00479b40 f   ichirvr4.obj
 0001:00078f60       _AddRemIsoProtonsInRestrStruct 00479f60 f   ichirvr4.obj
 0001:00079250       _GetPlusMinusVertex        0047a250 f   ichirvr5.obj
 0001:00079320       _bIsUnsatCarbonInASmallRing 0047a320 f   ichirvr5.obj
 0001:00079430       _FixMobileHRestoredStructure 0047a430 f   ichirvr5.obj
 0001:0007bfa0       _FixRestoredStructureStereo 0047cfa0 f   ichirvr6.obj
 0001:0007e8e0       _InChI2Atom                0047f8e0 f   ichirvr7.obj
 0001:0007ea20       _RemoveFixHInChIIdentical2MobH 0047fa20 f   ichirvr7.obj
 0001:0007eab0       _MarkDisconectedIdenticalToReconnected 0047fab0 f   ichirvr7.obj
 0001:0007ec90       _SetUpSrm                  0047fc90 f   ichirvr7.obj
 0001:0007ecd0       _MergeStructureComponents  0047fcd0 f   ichirvr7.obj
 0001:0007f1f0       _DisplayAllRestoredComponents 004801f0 f   ichirvr7.obj
 0001:0007f2a0       _DisplayOneRestoredComponent 004802a0 f   ichirvr7.obj
 0001:0007f3f0       _DisplayRestoredComponent  004803f0 f   ichirvr7.obj
 0001:0007f560       _DisplayStructureComponents 00480560 f   ichirvr7.obj
 0001:0007fcf0       _AllInchiToStructure       00480cf0 f   ichirvr7.obj
 0001:0007ffb0       _AddProtonAndIsoHBalanceToMobHStruct 00480fb0 f   ichirvr7.obj
 0001:000802e0       _FreeStrFromINChI          004812e0 f   ichirvr7.obj
 0001:00080460       _FreeInpInChI              00481460 f   ichirvr7.obj
 0001:00080550       _CompareAllOrigInchiToRevInChI 00481550 f   ichirvr7.obj
 0001:00080760       _CompareAllDisconnectedOrigInchiToRevInChI 00481760 f   ichirvr7.obj
 0001:00081270       _CompareTwoPairsOfInChI    00482270 f   ichirvr7.obj
 0001:000812f0       _CompareOneOrigInchiToRevInChI 004822f0 f   ichirvr7.obj
 0001:00081540       _CompareReversedStereoINChI3 00482540 f   ichirvr7.obj
 0001:00081c10       _CompareReversedINChI3     00482c10 f   ichirvr7.obj
 0001:000824e0       _AddOneMsg                 004834e0 f   ichirvr7.obj
 0001:00082630       _FillOutCompareMessage     00483630 f   ichirvr7.obj
 0001:00082880       _swap                      00483880 f   ichisort.obj
 0001:000828b0       _insertions_sort           004838b0 f   ichisort.obj
 0001:00082920       _insertions_sort_AT_NUMBERS 00483920 f   ichisort.obj
 0001:000829a0       _insertions_sort_NeighList_AT_NUMBERS 004839a0 f   ichisort.obj
 0001:00082a20       _insertions_sort_AT_RANK   00483a20 f   ichisort.obj
 0001:00082a80       _insertions_sort_NeighList_AT_NUMBERS3 00483a80 f   ichisort.obj
 0001:00082b30       _insertions_sort_NeighListBySymmAndCanonRank 00483b30 f   ichisort.obj
 0001:00082bf0       _CompNeighborsAT_NUMBER    00483bf0 f   ichisort.obj
 0001:00082c40       _comp_AT_RANK              00483c40 f   ichisort.obj
 0001:00082c60       _CompRank                  00483c60 f   ichisort.obj
 0001:00082c90       _CompRanksOrd              00483c90 f   ichisort.obj
 0001:00082cd0       _CompAtomInvariants2Only   00483cd0 f   ichisort.obj
 0001:00082d90       _CompAtomInvariants2       00483d90 f   ichisort.obj
 0001:00082dc0       _CompChemElemLex           00483dc0 f   ichisort.obj
 0001:00082de0       _CompareNeighListLex       00483de0 f   ichisort.obj
 0001:00082e60       _CompareNeighListLexUpToMaxRank 00483e60 f   ichisort.obj
 0001:00082f50       _compare_NeighLists        00483f50 f   ichisort.obj
 0001:00082f70       _CompNeighListRanks        00483f70 f   ichisort.obj
 0001:00082fc0       _CompNeighLists            00483fc0 f   ichisort.obj
 0001:00082ff0       _CompNeighListsUpToMaxRank 00483ff0 f   ichisort.obj
 0001:00083030       _CompNeighListRanksOrd     00484030 f   ichisort.obj
 0001:00083060       _CompRanksInvOrd           00484060 f   ichisort.obj
 0001:00083080       _CompNeighborsRanksCountEql 00484080 f   ichisort.obj
 0001:000830d0       _CreateNeighListFromLinearCT 004840d0 f   ichisort.obj
 0001:000832d0       _CreateNeighList           004842d0 f   ichisort.obj
 0001:00083610       _FreeNeighList             00484610 f   ichisort.obj
 0001:00083640       _BreakAllTies              00484640 f   ichisort.obj
 0001:00083780       _comp_AT_NUMB              00484780 f   ichister.obj
 0001:000837a0       _bCanInpAtomBeAStereoCenter 004847a0 f   ichister.obj
 0001:00083ac0       _bAtomHasValence3          00484ac0 f   ichister.obj
 0001:00083b40       _bCanAtomHaveAStereoBond   00484b40 f   ichister.obj
 0001:00083bd0       _bCanAtomBeMiddleAllene    00484bd0 f   ichister.obj
 0001:00083c60       _bCanAtomBeTerminalAllene  00484c60 f   ichister.obj
 0001:00083cf0       _GetHalfStereobond0DParity 00484cf0 f   ichister.obj
 0001:00083ea0       _FixSb0DParities           00484ea0 f   ichister.obj
 0001:000843d0       _FixUnkn0DStereoBonds      004853d0 f   ichister.obj
 0001:00084440       _GetStereocenter0DParity   00485440 f   ichister.obj
 0001:00084550       _set_stereo_parity         00485550 f   ichister.obj
 0001:00088930       _ReconcileAllCmlBondParities 00489930 f   ichister.obj
 0001:000889d0       _ReconcileCmlIncidentBondParities 004899d0 f   ichister.obj
 0001:00088d40       _get_opposite_sb_atom      00489d40 f   ichister.obj
 0001:00088e30       _is_centerpoint_elem       00489e30 f   ichitaut.obj
 0001:00088fb0       _is_centerpoint_elem_KET   00489fb0 f   ichitaut.obj
 0001:00089010       _is_centerpoint_elem_strict 0048a010 f   ichitaut.obj
 0001:000890e0       _get_endpoint_valence      0048a0e0 f   ichitaut.obj
 0001:000891d0       _get_endpoint_valence_KET  0048a1d0 f   ichitaut.obj
 0001:00089260       _AddAtom2num               0048a260 f   ichitaut.obj
 0001:00089300       _AddAtom2DA                0048a300 f   ichitaut.obj
 0001:00089400       _AddEndPoint               0048a400 f   ichitaut.obj
 0001:00089470       _nGetEndpointInfo          0048a470 f   ichitaut.obj
 0001:000895b0       _nGetEndpointInfo_KET      0048a5b0 f   ichitaut.obj
 0001:00089760       _RegisterEndPoints         0048a760 f   ichitaut.obj
 0001:0008a170       _SetTautomericBonds        0048b170 f   ichitaut.obj
 0001:0008a250       _GetNeutralRepsIfNeeded    0048b250 f   ichitaut.obj
 0001:0008a590       _FindAccessibleEndPoints   0048b590 f   ichitaut.obj
 0001:0008ab70       _bCanBeACPoint             0048bb70 f   ichitaut.obj
 0001:0008ad20       _GetChargeType             0048bd20 f   ichitaut.obj
 0001:0008ae70       _CmpCCandidates            0048be70 f   ichitaut.obj
 0001:0008aea0       _RegisterCPoints           0048bea0 f   ichitaut.obj
 0001:0008b110       _MarkChargeGroups          0048c110 f   ichitaut.obj
 0001:0008b410       _GetSaltChargeType         0048c410 f   ichitaut.obj
 0001:0008b630       _bDoNotMergeNonTautAtom    0048c630 f   ichitaut.obj
 0001:0008b670       _GetOtherSaltChargeType    0048c670 f   ichitaut.obj
 0001:0008b8a0       _GetOtherSaltType          0048c8a0 f   ichitaut.obj
 0001:0008ba20       _comp_candidates           0048ca20 f   ichitaut.obj
 0001:0008bab0       _MarkSaltChargeGroups2     0048cab0 f   ichitaut.obj
 0001:0008c450       _MarkSaltChargeGroups      0048d450 f   ichitaut.obj
 0001:0008c910       _MergeSaltTautGroups       0048d910 f   ichitaut.obj
 0001:0008ccf0       _MakeIsotopicHGroup        0048dcf0 f   ichitaut.obj
 0001:0008cfb0       _MarkTautomerGroups        0048dfb0 f   ichitaut.obj
 0001:0008e6f0       _free_t_group_info         0048f6f0 f   ichitaut.obj
 0001:0008e750       _make_a_copy_of_t_group_info 0048f750 f   ichitaut.obj
 0001:0008e8c0       _set_tautomer_iso_sort_keys 0048f8c0 f   ichitaut.obj
 0001:0008e930       _CountTautomerGroups       0048f930 f   ichitaut.obj
 0001:0008ed40       _CompRankTautomer          0048fd40 f   ichitaut.obj
 0001:0008ed70       _SortTautomerGroupsAndEndpoints 0048fd70 f   ichitaut.obj
 0001:0008ee30       _base26_triplet_1          0048fe30 f   ikey_base26.obj
 0001:0008ee50       _base26_triplet_2          0048fe50 f   ikey_base26.obj
 0001:0008ee80       _base26_triplet_3          0048fe80 f   ikey_base26.obj
 0001:0008eeb0       _base26_triplet_4          0048feb0 f   ikey_base26.obj
 0001:0008eee0       _base26_dublet_for_bits_28_to_36 0048fee0 f   ikey_base26.obj
 0001:0008ef10       _base26_dublet_for_bits_56_to_64 0048ff10 f   ikey_base26.obj
 0001:0008ef30       _base26_checksum           0048ff30 f   ikey_base26.obj
 0001:0008ef90       _CheckINCHIKey             0048ff90 f   ikey_dll.obj
 0001:0008f090       _GetINCHIKeyFromINCHI      00490090 f   ikey_dll.obj
 0001:0008f560       _fprint_digest             00490560 f   ikey_dll.obj
 0001:0008f5b0       _get_inchikey_flag_char    004905b0 f   ikey_dll.obj
 0001:0008f6e0       _decode_inchikey_flag_char 004906e0 f   ikey_dll.obj
 0001:0008f780       _cdecl_CheckINCHIKey       00490780 f   ikey_dll.obj
 0001:0008f790       _cdecl_GetINCHIKeyFromINCHI 00490790 f   ikey_dll.obj
 0001:0008f7b0       _FreeInpAtom               004907b0 f   mol2atom.obj
 0001:0008f7d0       _CreateInpAtom             004907d0 f   mol2atom.obj
 0001:0008f7f0       _FreeInpAtomData           004907f0 f   mol2atom.obj
 0001:0008f820       _CreateInpAtomData         00490820 f   mol2atom.obj
 0001:0008f870       _FreeCompAtomData          00490870 f   mol2atom.obj
 0001:0008f8a0       _CreateCompAtomData        004908a0 f   mol2atom.obj
 0001:0008f910       _FreeInfAtom               00490910 f   mol2atom.obj
 0001:0008f930       _CreateInfAtom             00490930 f   mol2atom.obj
 0001:0008f940       _FreeInfoAtomData          00490940 f   mol2atom.obj
 0001:0008f970       _CreateInfoAtomData        00490970 f   mol2atom.obj
 0001:0008f9e0       _AllocateInfoAtomData      004909e0 f   mol2atom.obj
 0001:0008fa30       _DuplicateInfoAtomData     00490a30 f   mol2atom.obj
 0001:0008fab0       _mol_to_atom               00490ab0 f   mol2atom.obj
 0001:00090110       _calculate_valences        00491110 f   mol2atom.obj
 0001:00090420       _mol_to_atom_xyz           00491420 f   mol2atom.obj
 0001:000907d0       _GetMolfileNumber          004917d0 f   mol2atom.obj
 0001:00090860       _MolfileToInpAtom          00491860 f   mol2atom.obj
 0001:00090c20       _FreeOrigAtData            00491c20 f   mol2atom.obj
 0001:00090c90       _MolfileToOrigAtom         00491c90 f   mol2atom.obj
 0001:00091050       _CreateInchi_Stereo0D      00492050 f   readinch.obj
 0001:00091060       _FreeInchi_Stereo0D        00492060 f   readinch.obj
 0001:00091080       _INChIToInpAtom            00492080 f   readinch.obj
 0001:000910e0       _FindToken                 004920e0 f   readinch.obj
 0001:000911a0       _LoadLine                  004921a0 f   readinch.obj
 0001:00091280       _cc_INChIToInpAtom         00492280 f   readinch.obj
 0001:00095460       _Extract0DParities         00496460 f   readinch.obj
 0001:00095c10       _INChIToOrigAtom           00496c10 f   readinch.obj
 0001:00096020       _AddMOLfileError           00497020 f   readmol.obj
 0001:00096160       _delete_mol_data           00497160 f   readmol.obj
 0001:000961c0       _read_mol_file             004971c0 f   readmol.obj
 0001:00097d00       _bypass_sdf_data_items     00498d00 f   readmol.obj
 0001:000983e0       _read_sdfile_segment       004993e0 f   readmol.obj
 0001:00098470       _CopyMOLfile               00499470 f   readmol.obj
 0001:00098610       _GetMaxPrintfLength        00499610 f   runichi.obj
 0001:000989f0       _inchi_print               004999f0 f   runichi.obj
 0001:00098ac0       _inchi_print_nodisplay     00499ac0 f   runichi.obj
 0001:00098b90       _my_fprintf                00499b90 f   runichi.obj
 0001:00098c60       _my_fileprintf             00499c60 f   runichi.obj
 0001:00098d20       _FillTableParms            00499d20 f   runichi.obj
 0001:00098e30       _FillCompositeTableParms   00499e30 f   runichi.obj
 0001:00098ee0       _DisplayStructure          00499ee0 f   runichi.obj
 0001:00099010       _DisplayCompositeStructure 0049a010 f   runichi.obj
 0001:00099150       _ErrMsg                    0049a150 f   runichi.obj
 0001:000992a0       _SaveEquComponentsInfoAndSortOrder 0049a2a0 f   runichi.obj
 0001:00099630       _DisplayTheWholeCompositeStructure 0049a630 f   runichi.obj
 0001:00099c50       _SortAndPrintINChI         0049ac50 f   runichi.obj
 0001:0009a300       _FreeAllINChIArrays        0049b300 f   runichi.obj
 0001:0009a370       _FreeINChIArrays           0049b370 f   runichi.obj
 0001:0009a3d0       _SplitTime                 0049b3d0 f   runichi.obj
 0001:0009a430       _ReadTheStructure          0049b430 f   runichi.obj
 0001:0009a8d0       _TreatReadTheStructureErrors 0049b8d0 f   runichi.obj
 0001:0009ae20       _GetOneComponent           0049be20 f   runichi.obj
 0001:0009afc0       _GetProcessingWarningsOneINChI 0049bfc0 f   runichi.obj
 0001:0009b050       _GetProcessingWarnings     0049c050 f   runichi.obj
 0001:0009b0b0       _CreateOneComponentINChI   0049c0b0 f   runichi.obj
 0001:0009b570       _TreatCreateOneComponentINChIError 0049c570 f   runichi.obj
 0001:0009b710       _TreatCreateINChIWarning   0049c710 f   runichi.obj
 0001:0009b850       _DuplicateOrigAtom         0049c850 f   runichi.obj
 0001:0009ba30       _GetOneStructure           0049ca30 f   runichi.obj
 0001:0009bdc0       _bCheckUnusualValences     0049cdc0 f   runichi.obj
 0001:0009bf30       _PreprocessOneStructure    0049cf30 f   runichi.obj
 0001:0009c450       _DisplayTheWholeStructure  0049d450 f   runichi.obj
 0001:0009c670       _ProcessOneStructure       0049d670 f   runichi.obj
 0001:0009cde0       _bIsStructChiral           0049dde0 f   runichi.obj
 0001:0009cea0       _CreateOneStructureINChI   0049dea0 f   runichi.obj
 0001:0009df10       _CreateCompositeNormAtom   0049ef10 f   runichi.obj
 0001:0009e570       _sha2_starts               0049f570 f   sha2.obj
 0001:0009e5c0       _sha2_update               0049f5c0 f   sha2.obj
 0001:000a2770       _sha2_finish               004a3770 f   sha2.obj
 0001:000a2910       _sha2_file                 004a3910 f   sha2.obj
 0001:000a29b0       _sha2_csum                 004a39b0 f   sha2.obj
 0001:000a29f0       _sha2_hmac                 004a39f0 f   sha2.obj
 0001:000a2b00       _sha2_self_test            004a3b00 f   sha2.obj
 0001:000a2b10       _the_only_doublet_neigh    004a3b10 f   strutil.obj
 0001:000a2be0       _fix_odd_things            004a3be0 f   strutil.obj
 0001:000a3600       _post_fix_odd_things       004a4600 f   strutil.obj
 0001:000a3610       _nFindOneOM                004a4610 f   strutil.obj
 0001:000a3830       _remove_ion_pairs          004a4830 f   strutil.obj
 0001:000a6290       _RemoveInpAtBond           004a7290 f   strutil.obj
 0001:000a67a0       _DisconnectInpAtBond       004a77a0 f   strutil.obj
 0001:000a6870       _bIsAmmoniumSalt           004a7870 f   strutil.obj
 0001:000a6b60       _DisconnectAmmoniumSalt    004a7b60 f   strutil.obj
 0001:000a6e10       _bIsMetalSalt              004a7e10 f   strutil.obj
 0001:000a7100       _DisconnectMetalSalt       004a8100 f   strutil.obj
 0001:000a71c0       _DisconnectSalts           004a81c0 f   strutil.obj
 0001:000a72a0       _bIsMetalToDisconnect      004a82a0 f   strutil.obj
 0001:000a7360       _bMayDisconnectMetals      004a8360 f   strutil.obj
 0001:000a7480       _DisconnectMetals          004a8480 f   strutil.obj
 0001:000a7a40       _DisconnectOneLigand       004a8a40 f   strutil.obj
 0001:000a7d80       _dist3D                    004a8d80 f   strutil.obj
 0001:000a7dc0       _GetMinDistDistribution    004a8dc0 f   strutil.obj
 0001:000a8450       _move_explicit_Hcation     004a9450 f   strutil.obj
 0001:000a89b0       _get_iat_number            004a99b0 f   strutil.obj
 0001:000a89e0       _bHeteroAtomMayHaveXchgIsoH 004a99e0 f   strutil.obj
 0001:000a8bf0       _bNumHeterAtomHasIsotopicH 004a9bf0 f   strutil.obj
 0001:000a8ed0       _cmp_components            004a9ed0 f   strutil.obj
 0001:000a8f00       _MarkDisconnectedComponents 004a9f00 f   strutil.obj
 0001:000a9310       _ExtractConnectedComponent 004aa310 f   strutil.obj
 0001:000a93e0       _SetConnectedComponentNumber 004aa3e0 f   strutil.obj
 0001:000a9410       _Free_INChI_Stereo         004aa410 f   strutil.obj
 0001:000a94b0       _Alloc_INChI_Stereo        004aa4b0 f   strutil.obj
 0001:000a9570       _Free_INChI                004aa570 f   strutil.obj
 0001:000a95b0       _Free_INChI_Members        004aa5b0 f   strutil.obj
 0001:000a96b0       _Alloc_INChI               004aa6b0 f   strutil.obj
 0001:000a9910       _Free_INChI_Aux            004aa910 f   strutil.obj
 0001:000a9a10       _Alloc_INChI_Aux           004aaa10 f   strutil.obj
 0001:000a9bd0       _WriteOrigAtomDataToSDfile 004aabd0 f   strutil.obj
 0001:000aaa20       _GetElementFormulaFromAtNum 004aba20 f   util.obj
 0001:000aaa90       _get_el_number             004aba90 f   util.obj
 0001:000aab00       _get_periodic_table_number 004abb00 f   util.obj
 0001:000aab30       _do_not_add_H              004abb30 f   util.obj
 0001:000aab50       _get_el_valence            004abb50 f   util.obj
 0001:000aab90       _get_unusual_el_valence    004abb90 f   util.obj
 0001:000aac60       _needed_unusual_el_valence 004abc60 f   util.obj
 0001:000aadc0       _detect_unusual_el_valence 004abdc0 f   util.obj
 0001:000aae70       _get_el_type               004abe70 f   util.obj
 0001:000aae80       _is_el_a_metal             004abe80 f   util.obj
 0001:000aaea0       _extract_ChargeRadical     004abea0 f   util.obj
 0001:000ab020       _extract_H_atoms           004ac020 f   util.obj
 0001:000ab150       _get_num_H                 004ac150 f   util.obj
 0001:000ab320       _get_atw_from_elnum        004ac320 f   util.obj
 0001:000ab350       _get_atw                   004ac350 f   util.obj
 0001:000ab380       _normalize_name            004ac380 f   util.obj
 0001:000ab440       _fgetsTab                  004ac440 f   util.obj
 0001:000ab4a0       _my_fgetsTab               004ac4a0 f   util.obj
 0001:000ab540       _my_fgetsTab1              004ac540 f   util.obj
 0001:000ab5c0       _my_fgets                  004ac5c0 f   util.obj
 0001:000ab660       _my_fgetsUpToLfOrTab       004ac660 f   util.obj
 0001:000ab740       _fgets_up_to_lf            004ac740 f   util.obj
 0001:000ab7e0       _remove_trailing_spaces    004ac7e0 f   util.obj
 0001:000ab840       _remove_one_lf             004ac840 f   util.obj
 0001:000ab880       _mystrncpy                 004ac880 f   util.obj
 0001:000ab8f0       _LtrimRtrim                004ac8f0 f   util.obj
 0001:000ab9d0       _is_in_the_list            004ac9d0 f   util.obj
 0001:000aba00       _nBondsValToMetal          004aca00 f   util.obj
 0001:000aba80       _num_of_H                  004aca80 f   util.obj
 0001:000abb20       _has_other_ion_neigh       004acb20 f   util.obj
 0001:000abbd0       _has_other_ion_in_sphere_2 004acbd0 f   util.obj
 0001:000abd60       _nNoMetalNumBonds          004acd60 f   util.obj
 0001:000abf00       _nNoMetalBondsValence      004acf00 f   util.obj
 0001:000ac070       _nNoMetalNeighIndex        004ad070 f   util.obj
 0001:000ac0d0       _nNoMetalOtherNeighIndex   004ad0d0 f   util.obj
 0001:000ac140       _nNoMetalOtherNeighIndex2  004ad140 f   util.obj
 0001:000ac1c0       _MakeRemovedProtonsString  004ad1c0 f   util.obj
 0001:000ac2c0       _fprintf                   004ad2c0 f   LIBC:fprintf.obj
 0001:000ac300       _strncpy                   004ad300 f   LIBC:strncpy.obj
 0001:000ac3fe       _sprintf                   004ad3fe f   LIBC:sprintf.obj
 0001:000ac450       __isctype                  004ad450 f   LIBC:isctype.obj
 0001:000ac4c5       __fpmath                   004ad4c5 f   LIBC:fpinit.obj
 0001:000ac4dc       __fpclear                  004ad4dc f   LIBC:fpinit.obj
 0001:000ac4dd       __cfltcvt_init             004ad4dd f   LIBC:fpinit.obj
 0001:000ac515       _floor                     004ad515 f   LIBC:floor.obj
 0001:000ac5e4       __ftol                     004ad5e4 f   LIBC:ftol.obj
 0001:000ac610       _memmove                   004ad610 f   LIBC:memmove.obj
 0001:000ac960       _strchr                    004ad960 f   LIBC:strchr.obj
 0001:000ac966       ___from_strstr_to_strchr   004ad966 f   LIBC:strchr.obj
 0001:000aca20       _strcspn                   004ada20 f   LIBC:strcspn.obj
 0001:000aca60       _memchr                    004ada60 f   LIBC:memchr.obj
 0001:000acb05       _free                      004adb05 f   LIBC:free.obj
 0001:000acb34       _calloc                    004adb34 f   LIBC:calloc.obj
 0001:000acbb1       _malloc                    004adbb1 f   LIBC:malloc.obj
 0001:000acbc3       __nh_malloc                004adbc3 f   LIBC:malloc.obj
 0001:000acbef       __heap_alloc               004adbef f   LIBC:malloc.obj
 0001:000acc25       _qsort                     004adc25 f   LIBC:qsort.obj
 0001:000ace00       _strstr                    004ade00 f   LIBC:strstr.obj
 0001:000ace80       __ftime                    004ade80 f   LIBC:ftime.obj
 0001:000acf65       __putch                    004adf65 f   LIBC:putch.obj
 0001:000acfa9       __getch                    004adfa9 f   LIBC:getch.obj
 0001:000ad07a       __kbhit                    004ae07a f   LIBC:getch.obj
 0001:000ad1f8       _printf                    004ae1f8 f   LIBC:printf.obj
 0001:000ad229       _fclose                    004ae229 f   LIBC:fclose.obj
 0001:000ad27f       ___initstdio               004ae27f f   LIBC:_file.obj
 0001:000ad324       ___endstdio                004ae324 f   LIBC:_file.obj
 0001:000ad338       _strtol                    004ae338 f   LIBC:strtol.obj
 0001:000ad560       _strrchr                   004ae560 f   LIBC:strrchr.obj
 0001:000ad587       __cinit                    004ae587 f   LIBC:crt0dat.obj
 0001:000ad5b4       _exit                      004ae5b4 f   LIBC:crt0dat.obj
 0001:000ad5c5       __exit                     004ae5c5 f   LIBC:crt0dat.obj
 0001:000ad689       _strtod                    004ae689 f   LIBC:strtod.obj
 0001:000ad723       _toupper                   004ae723 f   LIBC:toupper.obj
 0001:000ad7ef       _fgetc                     004ae7ef f   LIBC:fgetc.obj
 0001:000ad809       __fsopen                   004ae809 f   LIBC:fopen.obj
 0001:000ad829       _fopen                     004ae829 f   LIBC:fopen.obj
 0001:000ad83c       __filbuf                   004ae83c f   LIBC:_filbuf.obj
 0001:000ad920       __alloca_probe             004ae920 f   LIBC:chkstk.obj
 0001:000ad920       __chkstk                   004ae920 f   LIBC:chkstk.obj
 0001:000ad950       _strspn                    004ae950 f   LIBC:strspn.obj
 0001:000ad990       _tolower                   004ae990 f   LIBC:tolower.obj
 0001:000ada5b       _fputs                     004aea5b f   LIBC:fputs.obj
 0001:000ada9e       _ftell                     004aea9e f   LIBC:ftell.obj
 0001:000adbf6       _fseek                     004aebf6 f   LIBC:fseek.obj
 0001:000adc82       _atol                      004aec82 f   LIBC:atox.obj
 0001:000add0d       _atoi                      004aed0d f   LIBC:atox.obj
 0001:000add18       _vsprintf                  004aed18 f   LIBC:vsprintf.obj
 0001:000add69       _vfprintf                  004aed69 f   LIBC:vfprintf.obj
 0001:000add9a       __vsnprintf                004aed9a f   LIBC:vsnprint.obj
 0001:000addea       _fread                     004aedea f   LIBC:fread.obj
 0001:000adee0       _strpbrk                   004aeee0 f   LIBC:strpbrk.obj
 0001:000adf1a       _fgets                     004aef1a f   LIBC:fgets.obj
 0001:000adf71       _mainCRTStartup            004aef71 f   LIBC:crt0.obj
 0001:000ae050       __amsg_exit                004af050 f   LIBC:crt0.obj
 0001:000ae099       __stbuf                    004af099 f   LIBC:_sftbuf.obj
 0001:000ae126       __ftbuf                    004af126 f   LIBC:_sftbuf.obj
 0001:000ae163       __output                   004af163 f   LIBC:output.obj
 0001:000ae96d       __flsbuf                   004af96d f   LIBC:_flsbuf.obj
 0001:000aea82       ___crtGetStringTypeA       004afa82 f   LIBC:a_str.obj
 0001:000aebcb       __setdefaultprecision      004afbcb f   LIBC:fp8.obj
 0001:000aebdd       __ms_p5_test_fdiv          004afbdd f   LIBC:testfdiv.obj
 0001:000aec1b       __ms_p5_mp_test_fdiv       004afc1b f   LIBC:testfdiv.obj
 0001:000aec44       __forcdecpt                004afc44 f   LIBC:cvt.obj
 0001:000aec9e       __cropzeros                004afc9e f   LIBC:cvt.obj
 0001:000aecec       __positive                 004afcec f   LIBC:cvt.obj
 0001:000aed04       __fassign                  004afd04 f   LIBC:cvt.obj
 0001:000aed42       __cftoe                    004afd42 f   LIBC:cvt.obj
 0001:000aee46       __cftof                    004afe46 f   LIBC:cvt.obj
 0001:000aef24       __cftog                    004aff24 f   LIBC:cvt.obj
 0001:000af009       __cfltcvt                  004b0009 f   LIBC:cvt.obj
 0001:000af07f       __handle_qnan1             004b007f f   LIBC:fpexcept.obj
 0001:000af0d2       __except1                  004b00d2 f   LIBC:fpexcept.obj
 0001:000af16a       __raise_exc                004b016a f   LIBC:fpexcept.obj
 0001:000af41d       __handle_exc               004b041d f   LIBC:fpexcept.obj
 0001:000af634       __umatherr                 004b0634 f   LIBC:fpexcept.obj
 0001:000af6bc       __set_errno                004b06bc f   LIBC:fpexcept.obj
 0001:000af707       __errcode                  004b0707 f   LIBC:fpexcept.obj
 0001:000af734       __frnd                     004b0734 f   LIBC:frnd.obj
 0001:000af746       __set_exp                  004b0746 f   LIBC:util.obj
 0001:000af76f       __sptype                   004b076f f   LIBC:util.obj
 0001:000af7c9       __decomp                   004b07c9 f   LIBC:util.obj
 0001:000af88a       __statfp                   004b088a f   LIBC:fpctrl.obj
 0001:000af898       __clrfp                    004b0898 f   LIBC:fpctrl.obj
 0001:000af8a7       __ctrlfp                   004b08a7 f   LIBC:fpctrl.obj
 0001:000af8ca       __set_statfp               004b08ca f   LIBC:fpctrl.obj
 0001:000af920       __heap_init                004b0920 f   LIBC:heapinit.obj
 0001:000af95c       ___sbh_heap_init           004b095c f   LIBC:sbheap.obj
 0001:000af99a       ___sbh_find_block          004b099a f   LIBC:sbheap.obj
 0001:000af9c5       ___sbh_free_block          004b09c5 f   LIBC:sbheap.obj
 0001:000afcf0       ___sbh_alloc_block         004b0cf0 f   LIBC:sbheap.obj
 0001:000afff9       ___sbh_alloc_new_region    004b0ff9 f   LIBC:sbheap.obj
 0001:000b00aa       ___sbh_alloc_new_group     004b10aa f   LIBC:sbheap.obj
 0001:000b01a5       ___sbh_resize_block        004b11a5 f   LIBC:sbheap.obj
 0001:000b04a0       _memset                    004b14a0 f   LIBC:memset.obj
 0001:000b04f8       __callnewh                 004b14f8 f   LIBC:handler.obj
 0001:000b0513       ___tzset                   004b1513 f   LIBC:tzset.obj
 0001:000b0528       __tzset                    004b1528 f   LIBC:tzset.obj
 0001:000b0790       __aullrem                  004b1790 f   LIBC:ullrem.obj
 0001:000b0810       __aulldiv                  004b1810 f   LIBC:ulldiv.obj
 0001:000b0878       ___initconin               004b1878 f   LIBC:initcon.obj
 0001:000b0897       ___initconout              004b1897 f   LIBC:initcon.obj
 0001:000b08b6       ___termcon                 004b18b6 f   LIBC:initcon.obj
 0001:000b08e3       __close                    004b18e3 f   LIBC:close.obj
 0001:000b0996       __freebuf                  004b1996 f   LIBC:_freebuf.obj
 0001:000b09c1       _fflush                    004b19c1 f   LIBC:fflush.obj
 0001:000b09fc       __flush                    004b19fc f   LIBC:fflush.obj
 0001:000b0a58       __flushall                 004b1a58 f   LIBC:fflush.obj
 0001:000b0ace       __ioinit                   004b1ace f   LIBC:ioinit.obj
 0001:000b0c79       __fcloseall                004b1c79 f   LIBC:closeall.obj
 0001:000b0cd1       __fltin                    004b1cd1 f   LIBC:cfin.obj
 0001:000b0d70       _strlen                    004b1d70 f   LIBC:strlen.obj
 0001:000b0deb       ___crtLCMapStringA         004b1deb f   LIBC:a_map.obj
 0001:000b103a       __openfile                 004b203a f   LIBC:_open.obj
 0001:000b11aa       __getstream                004b21aa f   LIBC:stream.obj
 0001:000b1222       __read                     004b2222 f   LIBC:read.obj
 0001:000b1418       __getbuf                   004b2418 f   LIBC:_getbuf.obj
 0001:000b145c       _fwrite                    004b245c f   LIBC:fwrite.obj
 0001:000b1566       __lseek                    004b2566 f   LIBC:lseek.obj
 0001:000b1600       __allmul                   004b2600 f   LIBC:llmul.obj
 0001:000b1640       _memcpy                    004b2640 f   LIBC:memcpy.obj
 0001:000b1975       __XcptFilter               004b2975 f   LIBC:winxfltr.obj
 0001:000b1af9       __setenvp                  004b2af9 f   LIBC:stdenvp.obj
 0001:000b1bb2       __setargv                  004b2bb2 f   LIBC:stdargv.obj
 0001:000b1dff       ___crtGetEnvironmentStringsA 004b2dff f   LIBC:a_env.obj
 0001:000b1f34       __global_unwind2           004b2f34 f   LIBC:exsup.obj
 0001:000b1f76       __local_unwind2            004b2f76 f   LIBC:exsup.obj
 0001:000b1fce       __NLG_Return2              004b2fce f   LIBC:exsup.obj
 0001:000b1fde       __abnormal_termination     004b2fde f   LIBC:exsup.obj
 0001:000b2001       __NLG_Notify1              004b3001 f   LIBC:exsup.obj
 0001:000b200a       __NLG_Notify               004b300a f   LIBC:exsup.obj
 0001:000b201d       __NLG_Dispatch             004b301d f   LIBC:exsup.obj
 0001:000b202c       __except_handler3          004b302c f   LIBC:exsup3.obj
 0001:000b20e9       __seh_longjmp_unwind@4     004b30e9 f   LIBC:exsup3.obj
 0001:000b2104       __FF_MSGBANNER             004b3104 f   LIBC:crt0msg.obj
 0001:000b213d       __NMSG_WRITE               004b313d f   LIBC:crt0msg.obj
 0001:000b2290       __isatty                   004b3290 f   LIBC:isatty.obj
 0001:000b22b6       _wctomb                    004b32b6 f   LIBC:wctomb.obj
 0001:000b231e       __write                    004b331e f   LIBC:write.obj
 0001:000b24cb       __control87                004b34cb f   LIBC:ieee87.obj
 0001:000b2500       __controlfp                004b3500 f   LIBC:ieee87.obj
 0001:000b2631       __ZeroTail                 004b3631 f   LIBC:intrncvt.obj
 0001:000b267a       __IncMan                   004b367a f   LIBC:intrncvt.obj
 0001:000b26d0       __RoundMan                 004b36d0 f   LIBC:intrncvt.obj
 0001:000b275c       __CopyMan                  004b375c f   LIBC:intrncvt.obj
 0001:000b2777       __FillZeroMan              004b3777 f   LIBC:intrncvt.obj
 0001:000b2783       __IsZeroMan                004b3783 f   LIBC:intrncvt.obj
 0001:000b279e       __ShrMan                   004b379e f   LIBC:intrncvt.obj
 0001:000b282b       __ld12cvt                  004b382b f   LIBC:intrncvt.obj
 0001:000b2997       __ld12tod                  004b3997 f   LIBC:intrncvt.obj
 0001:000b29ad       __ld12tof                  004b39ad f   LIBC:intrncvt.obj
 0001:000b29c3       __atodbl                   004b39c3 f   LIBC:intrncvt.obj
 0001:000b29f0       __atoflt                   004b39f0 f   LIBC:intrncvt.obj
 0001:000b2a20       _strcpy                    004b3a20 f   LIBC:strcat.obj
 0001:000b2a30       _strcat                    004b3a30 f   LIBC:strcat.obj
 0001:000b2b10       __fptostr                  004b3b10 f   LIBC:_fptostr.obj
 0001:000b2b87       __fltout                   004b3b87 f   LIBC:cfout.obj
 0001:000b2beb       ___dtold                   004b3beb f   LIBC:cfout.obj
 0001:000b2ca1       __fptrap                   004b3ca1 f   LIBC:crt0fp.obj
 0001:000b2caa       __matherr                  004b3caa f   LIBC:matherr.obj
 0001:000b2cb0       _strcmp                    004b3cb0 f   LIBC:strcmp.obj
 0001:000b2d34       _getenv                    004b3d34 f   LIBC:getenv.obj
 0001:000b2db1       __dosmaperr                004b3db1 f   LIBC:dosmap.obj
 0001:000b2e18       __alloc_osfhnd             004b3e18 f   LIBC:osfinfo.obj
 0001:000b2ead       __set_osfhnd               004b3ead f   LIBC:osfinfo.obj
 0001:000b2f24       __free_osfhnd              004b3f24 f   LIBC:osfinfo.obj
 0001:000b2f9e       __get_osfhandle            004b3f9e f   LIBC:osfinfo.obj
 0001:000b2fdb       __commit                   004b3fdb f   LIBC:commit.obj
 0001:000b3032       ___strgtold12              004b4032 f   LIBC:strgtold.obj
 0001:000b3503       __sopen                    004b4503 f   LIBC:open.obj
 0001:000b37bc       __setmbcp                  004b47bc f   LIBC:mbctype.obj
 0001:000b3b80       ___initmbctable            004b4b80 f   LIBC:mbctype.obj
 0001:000b3b9c       ___crtMessageBoxA          004b4b9c f   LIBC:crtmbox.obj
 0001:000b3c25       ___addl                    004b4c25 f   LIBC:mantold.obj
 0001:000b3c46       ___add_12                  004b4c46 f   LIBC:mantold.obj
 0001:000b3ca4       ___shl_12                  004b4ca4 f   LIBC:mantold.obj
 0001:000b3cd2       ___shr_12                  004b4cd2 f   LIBC:mantold.obj
 0001:000b3cff       ___mtold12                 004b4cff f   LIBC:mantold.obj
 0001:000b3dc6       _$I10_OUTPUT               004b4dc6 f   LIBC:x10fout.obj
 0001:000b4059       __mbsnbicoll               004b5059 f   LIBC:mbsnbico.obj
 0001:000b4098       ___wtomb_environ           004b5098 f   LIBC:wtombenv.obj
 0001:000b4106       ___ld12mul                 004b5106 f   LIBC:tenpow.obj
 0001:000b4326       ___multtenpow12            004b5326 f   LIBC:tenpow.obj
 0001:000b43a2       __chsize                   004b53a2 f   LIBC:chsize.obj
 0001:000b44e8       ___crtCompareStringA       004b54e8 f   LIBC:a_cmp.obj
 0001:000b4765       ___crtsetenv               004b5765 f   LIBC:setenv.obj
 0001:000b49ab       __setmode                  004b59ab f   LIBC:setmode.obj
 0001:000b4a21       _realloc                   004b5a21 f   LIBC:realloc.obj
 0001:000b4b41       __mbschr                   004b5b41 f   LIBC:mbschr.obj
 0001:000b4bb4       __strdup                   004b5bb4 f   LIBC:strdup.obj
 0001:000b4be0       _RtlUnwind@16              004b5be0 f   kernel32:KERNEL32.dll
 0001:000b4bf0       __stricmp                  004b5bf0 f   LIBC:stricmp.obj
 0001:000b4bf0       __strcmpi                  004b5bf0 f   LIBC:stricmp.obj
 0001:000b4bf0       _stricmp                   004b5bf0 f   LIBC:stricmp.obj
 0001:000b4c80       _memicmp                   004b5c80 f   LIBC:memicmp.obj
 0001:000b4c80       __memicmp                  004b5c80 f   LIBC:memicmp.obj
 0002:00000000       __imp__LineTo@12           004b6000     gdi32:GDI32.dll
 0002:00000004       __imp__RectVisible@8       004b6004     gdi32:GDI32.dll
 0002:00000008       __imp__CreateCompatibleDC@4 004b6008     gdi32:GDI32.dll
 0002:0000000c       __imp__CreateCompatibleBitmap@12 004b600c     gdi32:GDI32.dll
 0002:00000010       __imp__PatBlt@24           004b6010     gdi32:GDI32.dll
 0002:00000014       __imp__GetDeviceCaps@8     004b6014     gdi32:GDI32.dll
[...]
 0003:000171d4       __fpecode                  004d11d4     LIBC:winxfltr.obj
 0003:000171d8       __NLG_Destination          004d11d8     LIBC:exsup.obj
 0003:000172b0       __matherr_flag             004d12b0     LIBC:matherr.obj
 0003:000172c0       __lpdays                   004d12c0     LIBC:days.obj
 0003:000172f4       __days                     004d12f4     LIBC:days.obj
 0003:00017588       __pow10pos                 004d1588     LIBC:constpow.obj
 0003:000176e8       __pow10neg                 004d16e8     LIBC:constpow.obj
 0003:0001799c       _bInterrupted              004d199c     ichimain.obj
 0003:00018300       _ConsoleQuit               004d2300     runichi.obj
 0003:00018304       _UserAction                004d2304     runichi.obj
 0003:00018430       ___fastflag                004d2430     LIBC:fpinit.obj
 0003:00018434       __adjust_fdiv              004d2434     LIBC:fpinit.obj
 0003:0001843c       __cflush                   004d243c     LIBC:_file.obj
 0003:00018440       _errno                     004d2440     LIBC:crt0dat.obj
 0003:00018444       __doserrno                 004d2444     LIBC:crt0dat.obj
 0003:00018448       __umaskval                 004d2448     LIBC:crt0dat.obj
 0003:0001844c       __osver                    004d244c     LIBC:crt0dat.obj
 0003:00018450       __winver                   004d2450     LIBC:crt0dat.obj
 0003:00018454       __winmajor                 004d2454     LIBC:crt0dat.obj
 0003:00018458       __winminor                 004d2458     LIBC:crt0dat.obj
 0003:0001845c       ___argc                    004d245c     LIBC:crt0dat.obj
 0003:00018460       ___argv                    004d2460     LIBC:crt0dat.obj
 0003:00018464       ___wargv                   004d2464     LIBC:crt0dat.obj
 0003:00018468       __environ                  004d2468     LIBC:crt0dat.obj
 0003:0001846c       ___initenv                 004d246c     LIBC:crt0dat.obj
 0003:00018470       __wenviron                 004d2470     LIBC:crt0dat.obj
 0003:00018474       ___winitenv                004d2474     LIBC:crt0dat.obj
 0003:00018478       __pgmptr                   004d2478     LIBC:crt0dat.obj
 0003:0001847c       __wpgmptr                  004d247c     LIBC:crt0dat.obj
 0003:00018480       __exitflag                 004d2480     LIBC:crt0dat.obj
 0003:00018484       __C_Termination_Done       004d2484     LIBC:crt0dat.obj
 0003:00018488       __C_Exit_Done              004d2488     LIBC:crt0dat.obj
 0003:0001848c       __aenvptr                  004d248c     LIBC:crt0.obj
 0003:00018490       __wenvptr                  004d2490     LIBC:crt0.obj
 0003:00018494       ___error_mode              004d2494     LIBC:crt0.obj
 0003:00018498       __stdbuf                   004d2498     LIBC:_sftbuf.obj
 0003:000184b4       ?_pnhHeap@@3P6AHI@ZA       004d24b4     LIBC:handler.obj
 0003:000184b8       __newmode                  004d24b8     LIBC:_newmode.obj
 0003:0001859c       ___lc_handle               004d259c     LIBC:nlsdata2.obj
 0003:000185b4       ___lc_codepage             004d25b4     LIBC:nlsdata2.obj
 0003:000185b8       ___lc_collate_cp           004d25b8     LIBC:nlsdata2.obj
 0003:000185bc       __pxcptinfoptrs            004d25bc     LIBC:winxfltr.obj
 0003:000186c8       __adbgmsg                  004d26c8     LIBC:crt0msg.obj
 0003:00018700       __commode                  004d2700     LIBC:ncommode.obj
 0003:00018714       __fmode                    004d2714     LIBC:txtmode.obj
 0003:0001871c       _pn_tRankForSort           004d271c     <common>
 0003:00018720       _VER_STRING                004d2720     <common>
 0003:00018760       _nMaxAtNeighRankForSort    004d2760     <common>
 0003:00018764       _pAtomInvariant2ForSort    004d2764     <common>
 0003:00018768       _pNeighborsForSort         004d2768     <common>
 0003:0001876c       _pNeighList_RankForSort    004d276c     <common>
 0003:00018770       _pn_RankForSort            004d2770     <common>
 0003:00018774       _nNumCompNeighborsRanksCountEql 004d2774     <common>
 0003:00018778       _rank_mask_bit             004d2778     <common>
 0003:0001877a       _rank_mark_bit             004d277a     <common>
 0003:0001877c       ___mbcodepage              004d277c     <common>
 0003:00018780       ___mbulinfo                004d2780     <common>
 0003:0001878c       ___ismbcodepage            004d278c     <common>
 0003:000187a0       __mbcasemap                004d27a0     <common>
 0003:000188a0       __mbctype                  004d28a0     <common>
 0003:000189a4       ___mblcid                  004d29a4     <common>
 0003:000189c0       ___pioinfo                 004d29c0     <common>
 0003:00018ac0       __nhandle                  004d2ac0     <common>
 0003:00018ac4       ___sbh_sizeHeaderList      004d2ac4     <common>
 0003:00018ac8       ___sbh_indGroupDefer       004d2ac8     <common>
 0003:00018acc       ___sbh_pHeaderScan         004d2acc     <common>
 0003:00018ad0       ___sbh_pHeaderDefer        004d2ad0     <common>
 0003:00018ad4       ___sbh_cntHeaderList       004d2ad4     <common>
 0003:00018ad8       ___sbh_pHeaderList         004d2ad8     <common>
 0003:00018adc       __crtheap                  004d2adc     <common>
 0003:00018ae0       __acmdln                   004d2ae0     <common>
 0003:00018ae4       ___env_initialized         004d2ae4     <common>
 0003:00018ae8       ___mbctype_initialized     004d2ae8     <common>
 0003:00018aec       ___onexitend               004d2aec     <common>
 0003:00018af0       ___onexitbegin             004d2af0     <common>
 0003:00018af4       ___piob                    004d2af4     <common>
 0003:00018b00       __bufin                    004d2b00     <common>
 0003:00019b00       __nstream                  004d3b00     <common>

 entry point at        0001:000adf71

 Static symbols

 0001:0009e690       _sha2_process              0049f690 f   sha2.obj
 0001:00096490       _mol_read_hdr              00497490 f   readmol.obj
 0001:000966a0       _mol_read_datum            004976a0 f   readmol.obj
 0001:00096a60       _mol_copy_check_empty      00497a60 f   readmol.obj
 0001:00096af0       _mol_read_counts_line      00497af0 f   readmol.obj
 0001:00096cf0       _RemoveNonPrintable        00497cf0 f   readmol.obj
 0001:00096d20       _read_atom_block           00497d20 f   readmol.obj
 0001:00097190       _read_bonds_block          00498190 f   readmol.obj
 0001:000973b0       _read_stext_block          004983b0 f   readmol.obj
 0001:00097440       _read_properties_block     00498440 f   readmol.obj
 0001:000981c0       _extract_cas_rn            004991c0 f   readmol.obj
 0001:00098240       _identify_sdf_label        00499240 f   readmol.obj
 0001:000838e0       _bInpAtomHasRequirdNeigh   004848e0 f   ichister.obj
 0001:00084310       _len3                      00485310 f   ichister.obj
 0001:00084340       _mult3                     00485340 f   ichister.obj
 0001:00084370       _cross_prod3               00485370 f   ichister.obj
 0001:000847d0       _can_be_a_stereo_bond_with_isotopic_H 004857d0 f   ichister.obj
 0001:00084c50       _bIsSuitableHeteroInpAtom  00485c50 f   ichister.obj
 0001:00084cc0       _bIsOxide                  00485cc0 f   ichister.obj
 0001:00084da0       _get_allowed_stereo_bond_type 00485da0 f   ichister.obj
 0001:00084dd0       _set_stereo_bonds_parity   00485dd0 f   ichister.obj
 0001:00085b10       _dot_prodchar3             00486b10 f   ichister.obj
 0001:00085b70       _triple_prod_char          00486b70 f   ichister.obj
 0001:00085da0       _add3                      00486da0 f   ichister.obj
 0001:00085dd0       _triple_prod               00486dd0 f   ichister.obj
 0001:00085e70       _dot_prod3                 00486e70 f   ichister.obj
 0001:00085e90       _half_stereo_bond_parity   00486e90 f   ichister.obj
 0001:000869f0       _get_z_coord               004879f0 f   ichister.obj
 0001:00086b70       _len2                      00487b70 f   ichister.obj
 0001:00086b90       _diff3                     00487b90 f   ichister.obj
 0001:00086bc0       _copy3                     00487bc0 f   ichister.obj
 0001:00086bf0       _save_a_stereo_bond        00487bf0 f   ichister.obj
 0001:00086c90       _half_stereo_bond_action   00487c90 f   ichister.obj
 0001:00086dc0       _can_be_a_stereo_atom_with_isotopic_H 00487dc0 f   ichister.obj
 0001:00086e10       _set_stereo_atom_parity    00487e10 f   ichister.obj
 0001:00087890       _change_sign3              00488890 f   ichister.obj
 0001:000878b0       _Get2DTetrahedralAmbiguity 004888b0 f   ichister.obj
 0001:00088100       _CompDble                  00489100 f   ichister.obj
 0001:00088140       _triple_prod_and_min_abs_sine2 00489140 f   ichister.obj
 0001:00088740       _are_3_vect_in_one_plane   00489740 f   ichister.obj
 0001:00088780       _triple_prod_and_min_abs_sine 00489780 f   ichister.obj
 0001:00088870       _are_4at_in_one_plane      00489870 f   ichister.obj
 0001:00072ec0       _FillTgDiffHChgFH          00473ec0 f   ichirvr3.obj
 0001:00048520       _getInchiStateReadErr      00449520 f   ichiread.obj
 0001:00048590       _getInchiErrName           00449590 f   ichiread.obj
 0001:000485e0       _SetHillFormFromInChI      004495e0 f   ichiread.obj
 0001:000486f0       _OutputInChIAsRequested    004496f0 f   ichiread.obj
 0001:000498a0       _bInChIHasReconnectedMetal 0044a8a0 f   ichiread.obj
 0001:00049910       _SetProtonsAndXchgIsoH     0044a910 f   ichiread.obj
 0001:00049ce0       _InChILine2Data            0044ace0 f   ichiread.obj
 0001:0004b3a0       _GetInChIFormulaNumH       0044c3a0 f   ichiread.obj
 0001:0004b470       _GetInChINumH              0044c470 f   ichiread.obj
 0001:0004b540       _GetInChIIsoH              0044c540 f   ichiread.obj
 0001:0004b5f0       _ReadInChICoord            0044c5f0 f   ichiread.obj
 0001:0004be40       _ParseAuxSegmentVersion    0044ce40 f   ichiread.obj
 0001:0004bea0       _ParseAuxSegmentNumbers    0044cea0 f   ichiread.obj
 0001:0004c330       _CopyAtomNumbers           0044d330 f   ichiread.obj
 0001:0004c3f0       _ParseAuxSegmentAtomEqu    0044d3f0 f   ichiread.obj
 0001:0004c490       _ParseAuxSegmentGroupEqu   0044d490 f   ichiread.obj
 0001:0004c510       _ParseAuxSegmentSp3Inv     0044d510 f   ichiread.obj
 0001:0004c5c0       _ParseAuxSegmentSp3InvNumbers 0044d5c0 f   ichiread.obj
 0001:0004c670       _ParseAuxSegmentReverseCRV 0044d670 f   ichiread.obj
 0001:0004c6a0       _ParseAuxSegmentReverseAtoms 0044d6a0 f   ichiread.obj
 0001:0004c6d0       _ParseAuxSegmentReverseBonds 0044d6d0 f   ichiread.obj
 0001:0004c700       _ParseAuxSegmentReverseXYZ 0044d700 f   ichiread.obj
 0001:0004c810       _AddAuxSegmentCoord        0044d810 f   ichiread.obj
 0001:0004cb40       _ReadInChILine             0044db40 f   ichiread.obj
 0001:0004d5c0       _ParseSegmentIsoExchgH     0044e5c0 f   ichiread.obj
 0001:0004d800       _ParseSegmentPerm          0044e800 f   ichiread.obj
 0001:0004daa0       _ParseSegmentIsoAtoms      0044eaa0 f   ichiread.obj
 0001:0004e320       _ParseSegmentSp3s          0044f320 f   ichiread.obj
 0001:0004e4d0       _ParseSegmentSp3m          0044f4d0 f   ichiread.obj
 0001:0004e7f0       _bIsSp3LayerNotEmpty       0044f7f0 f   ichiread.obj
 0001:0004e850       _ParseSegmentSp3           0044f850 f   ichiread.obj
 0001:0004f070       _ParseSegmentSp2           00450070 f   ichiread.obj
 0001:0004f900       _ParseSegmentProtons       00450900 f   ichiread.obj
 0001:0004fa00       _ParseSegmentCharge        00450a00 f   ichiread.obj
 0001:0004fd00       _ParseSegmentMobileH       00450d00 f   ichiread.obj
 0001:00050bd0       _ParseSegmentConnections   00451bd0 f   ichiread.obj
 0001:00051700       _nFillOutProtonMobileH     00452700 f   ichiread.obj
 0001:000517f0       _nProtonCopyIsotopicInfo   004527f0 f   ichiread.obj
 0001:00051890       _ParseSegmentFormula       00452890 f   ichiread.obj
 0001:00052180       _CopySegment               00453180 f   ichiread.obj
 0001:000526b0       _getInChIChar              004536b0 f   ichiread.obj
 0001:000526f0       _nGetInChISegment          004536f0 f   ichiread.obj
 0001:00052740       _AddInChIChar              00453740 f   ichiread.obj
 0001:00052840       _AddLinkedBond             00453840 f   ichiread.obj
 0001:0003e560       _abctol                    0043f560 f   ichiprt2.obj
 0001:00034d90       _bMatchOnePrefix           00435d90 f   ichiparm.obj
 0001:00023b30       _CompareDfsDescendants4CT  00424b30 f   ichimake.obj
 0001:0000ade0       _remove_alt_bond_marks     0040bde0 f   ichi_bns.obj
 0001:000b48ec       _findenv                   004b58ec f   LIBC:setenv.obj
 0001:000b4944       _copy_environ              004b5944 f   LIBC:setenv.obj
 0001:000b100f       _strncnt                   004b200f f   LIBC:a_map.obj
 0001:000b3955       _getSystemCP               004b4955 f   LIBC:mbctype.obj
 0001:000b399f       _CPtoLCID                  004b499f f   LIBC:mbctype.obj
 0001:000b39d2       _setSBCS                   004b49d2 f   LIBC:mbctype.obj
 0001:000b39fb       _setSBUpLow                004b49fb f   LIBC:mbctype.obj
 0001:000b2516       __abstract_cw              004b3516 f   LIBC:ieee87.obj
 0001:000b25a8       __hw_cw                    004b35a8 f   LIBC:ieee87.obj
 0001:000b1f4c       _gu_return                 004b2f4c f   LIBC:exsup.obj
 0001:000b1f54       __unwind_handler           004b2f54 f   LIBC:exsup.obj
 0001:000b1c4b       _parse_cmdline             004b2c4b f   LIBC:stdargv.obj
 0001:000b1ab6       _xcptlookup                004b2ab6 f   LIBC:winxfltr.obj
 0001:000b16b0       LeadUp1                    004b26b0 f   LIBC:memcpy.obj
 0001:000b16dc       LeadUp2                    004b26dc f   LIBC:memcpy.obj
 0001:000b1700       LeadUp3                    004b2700 f   LIBC:memcpy.obj
 0001:000b177f       UnwindUp0                  004b277f f   LIBC:memcpy.obj
 0001:000b176c       UnwindUp1                  004b276c f   LIBC:memcpy.obj
 0001:000b1764       UnwindUp2                  004b2764 f   LIBC:memcpy.obj
 0001:000b175c       UnwindUp3                  004b275c f   LIBC:memcpy.obj
 0001:000b1754       UnwindUp4                  004b2754 f   LIBC:memcpy.obj
 0001:000b174c       UnwindUp5                  004b274c f   LIBC:memcpy.obj
 0001:000b1744       UnwindUp6                  004b2744 f   LIBC:memcpy.obj
 0001:000b173c       UnwindUp7                  004b273c f   LIBC:memcpy.obj
 0001:000b1798       TrailUp0                   004b2798 f   LIBC:memcpy.obj
 0001:000b17a0       TrailUp1                   004b27a0 f   LIBC:memcpy.obj
 0001:000b17ac       TrailUp2                   004b27ac f   LIBC:memcpy.obj
 0001:000b17c0       TrailUp3                   004b27c0 f   LIBC:memcpy.obj
 0001:000b1838       LeadDown1                  004b2838 f   LIBC:memcpy.obj
 0001:000b1858       LeadDown2                  004b2858 f   LIBC:memcpy.obj
 0001:000b1880       LeadDown3                  004b2880 f   LIBC:memcpy.obj
 0001:000b18d4       UnwindDown7                004b28d4 f   LIBC:memcpy.obj
 0001:000b18dc       UnwindDown6                004b28dc f   LIBC:memcpy.obj
 0001:000b18e4       UnwindDown5                004b28e4 f   LIBC:memcpy.obj
 0001:000b18ec       UnwindDown4                004b28ec f   LIBC:memcpy.obj
 0001:000b18f4       UnwindDown3                004b28f4 f   LIBC:memcpy.obj
 0001:000b18fc       UnwindDown2                004b28fc f   LIBC:memcpy.obj
 0001:000b1904       UnwindDown1                004b2904 f   LIBC:memcpy.obj
 0001:000b1917       UnwindDown0                004b2917 f   LIBC:memcpy.obj
 0001:000b1930       TrailDown0                 004b2930 f   LIBC:memcpy.obj
 0001:000b1938       TrailDown1                 004b2938 f   LIBC:memcpy.obj
 0001:000b1948       TrailDown2                 004b2948 f   LIBC:memcpy.obj
 0001:000b195c       TrailDown3                 004b295c f   LIBC:memcpy.obj
 0001:000b100f       _strncnt                   004b200f f   LIBC:a_map.obj
 0001:000b0a61       _flsall                    004b1a61 f   LIBC:fflush.obj
 0001:000af6e2       __get_fname                004b06e2 f   LIBC:fpexcept.obj
 0001:000aefbf       __cftoe_g                  004affbf f   LIBC:cvt.obj
 0001:000aefe6       __cftof_g                  004affe6 f   LIBC:cvt.obj
 0001:000af05a       __shift                    004b005a f   LIBC:cvt.obj
 0001:000ae8a4       _write_char                004af8a4 f   LIBC:output.obj
 0001:000ae8d9       _write_multi_char          004af8d9 f   LIBC:output.obj
 0001:000ae90a       _write_string              004af90a f   LIBC:output.obj
 0001:000ae942       _get_int_arg               004af942 f   LIBC:output.obj
 0001:000ae94f       _get_int64_arg             004af94f f   LIBC:output.obj
 0001:000ae95f       _get_short_arg             004af95f f   LIBC:output.obj
 0001:000ae075       _fast_error_exit           004af075 f   LIBC:crt0.obj
 0001:000ad5d6       _doexit                    004ae5d6 f   LIBC:crt0dat.obj
 0001:000ad66f       __initterm                 004ae66f f   LIBC:crt0dat.obj
 0001:000ad34f       _strtoxl                   004ae34f f   LIBC:strtol.obj
 0001:000ad138       __getextendedkeycode       004ae138 f   LIBC:getch.obj
 0001:000acd79       _shortsort                 004add79 f   LIBC:qsort.obj
 0001:000acdc7       _swap                      004addc7 f   LIBC:qsort.obj
 0001:000ac680       LeadUp1                    004ad680 f   LIBC:memmove.obj
 0001:000ac6ac       LeadUp2                    004ad6ac f   LIBC:memmove.obj
 0001:000ac6d0       LeadUp3                    004ad6d0 f   LIBC:memmove.obj
 0001:000ac74f       UnwindUp0                  004ad74f f   LIBC:memmove.obj
 0001:000ac73c       UnwindUp1                  004ad73c f   LIBC:memmove.obj
 0001:000ac734       UnwindUp2                  004ad734 f   LIBC:memmove.obj
 0001:000ac72c       UnwindUp3                  004ad72c f   LIBC:memmove.obj
 0001:000ac724       UnwindUp4                  004ad724 f   LIBC:memmove.obj
 0001:000ac71c       UnwindUp5                  004ad71c f   LIBC:memmove.obj
 0001:000ac714       UnwindUp6                  004ad714 f   LIBC:memmove.obj
 0001:000ac70c       UnwindUp7                  004ad70c f   LIBC:memmove.obj
 0001:000ac768       TrailUp0                   004ad768 f   LIBC:memmove.obj
 0001:000ac770       TrailUp1                   004ad770 f   LIBC:memmove.obj
 0001:000ac77c       TrailUp2                   004ad77c f   LIBC:memmove.obj
 0001:000ac790       TrailUp3                   004ad790 f   LIBC:memmove.obj
 0001:000ac808       LeadDown1                  004ad808 f   LIBC:memmove.obj
 0001:000ac828       LeadDown2                  004ad828 f   LIBC:memmove.obj
 0001:000ac850       LeadDown3                  004ad850 f   LIBC:memmove.obj
 0001:000ac8a4       UnwindDown7                004ad8a4 f   LIBC:memmove.obj
 0001:000ac8ac       UnwindDown6                004ad8ac f   LIBC:memmove.obj
 0001:000ac8b4       UnwindDown5                004ad8b4 f   LIBC:memmove.obj
 0001:000ac8bc       UnwindDown4                004ad8bc f   LIBC:memmove.obj
 0001:000ac8c4       UnwindDown3                004ad8c4 f   LIBC:memmove.obj
 0001:000ac8cc       UnwindDown2                004ad8cc f   LIBC:memmove.obj
 0001:000ac8d4       UnwindDown1                004ad8d4 f   LIBC:memmove.obj
 0001:000ac8e7       UnwindDown0                004ad8e7 f   LIBC:memmove.obj
 0001:000ac900       TrailDown0                 004ad900 f   LIBC:memmove.obj
 0001:000ac908       TrailDown1                 004ad908 f   LIBC:memmove.obj
 0001:000ac918       TrailDown2                 004ad918 f   LIBC:memmove.obj
 0001:000ac92c       TrailDown3                 004ad92c f   LIBC:memmove.obj
