 libinchi

 Timestamp is 46d84380 (Fri Aug 31 12:36:16 2007)

 Preferred load address is 10000000

 Start         Length     Name                   Class
 0001:00000000 000ab331H .text                   CODE
 0002:00000000 000000e8H .idata$5                DATA
 0002:000000e8 000032b1H .rdata                  DATA
 0002:0000339c 00000014H .idata$2                DATA
 0002:000033b0 00000014H .idata$3                DATA
 0002:000033c4 000000e8H .idata$4                DATA
 0002:000034ac 000003f8H .idata$6                DATA
 0002:000038b0 00000432H .edata                  DATA
 0003:00000000 00000004H .CRT$XCA                DATA
 0003:00000004 00000004H .CRT$XCZ                DATA
 0003:00000008 00000004H .CRT$XIA                DATA
 0003:0000000c 0000000cH .CRT$XIC                DATA
 0003:00000018 00000004H .CRT$XIZ                DATA
 0003:0000001c 00000004H .CRT$XPA                DATA
 0003:00000020 00000004H .CRT$XPX                DATA
 0003:00000024 00000004H .CRT$XPZ                DATA
 0003:00000028 00000004H .CRT$XTA                DATA
 0003:0000002c 00000004H .CRT$XTZ                DATA
 0003:00000030 000165f0H .data                   DATA
 0003:00016620 00001b64H .bss                    DATA
 0004:00000000 00000058H .rsrc$01                DATA
 0004:00000060 000004e0H .rsrc$02                DATA

  Address         Publics by Value              Rva+Base     Lib:Object

 0001:00000000       _RestoreEdgeFlow           10001000 f   ichi_bns.obj
 0001:00000030       _SetAtomBondType           10001030 f   ichi_bns.obj
 0001:000002e0       _RunBalancedNetworkSearch  100012e0 f   ichi_bns.obj
 0001:00000380       _SetAtomRadAndChemValFromVertexCapFlow 10001380 f   ichi_bns.obj
 0001:00000410       _AddChangedAtHChargeBNS    10001410 f   ichi_bns.obj
 0001:00000470       _EliminatePlusMinusChargeAmbiguity 10001470 f   ichi_bns.obj
 0001:00000700       _AddOrRemoveExplOrImplH    10001700 f   ichi_bns.obj
 0001:00000a80       _SubtractOrChangeAtHChargeBNS 10001a80 f   ichi_bns.obj
 0001:00000c50       _SetBondsFromBnStructFlow  10001c50 f   ichi_bns.obj
 0001:00000fb0       _MarkAtomsAtTautGroups     10001fb0 f   ichi_bns.obj
 0001:00001340       _RestoreBnStructFlow       10002340 f   ichi_bns.obj
 0001:000014b0       _bNeedToTestTheFlow        100024b0 f   ichi_bns.obj
 0001:00001540       _nBondsValenceInpAt        10002540 f   ichi_bns.obj
 0001:000015b0       _BnsAdjustFlowBondsRad     100025b0 f   ichi_bns.obj
 0001:000017a0       _BnsTestAndMarkAltBonds    100027a0 f   ichi_bns.obj
 0001:00001b10       _SetForbiddenEdges         10002b10 f   ichi_bns.obj
 0001:00001d90       _fix_special_bonds         10002d90 f   ichi_bns.obj
 0001:00002eb0       _is_Z_atom                 10003eb0 f   ichi_bns.obj
 0001:00002f90       _IsZOX                     10003f90 f   ichi_bns.obj
 0001:00003080       _GetAtomChargeType         10004080 f   ichi_bns.obj
 0001:000039d0       _SimpleRemoveHplusNPO      100049d0 f   ichi_bns.obj
 0001:00003a80       _bIsAtomTypeHard           10004a80 f   ichi_bns.obj
 0001:00003ac0       _bIsHDonorAccAtomType      10004ac0 f   ichi_bns.obj
 0001:00003b40       _bIsNegAtomType            10004b40 f   ichi_bns.obj
 0001:00003be0       _bIsHardRemHCandidate      10004be0 f   ichi_bns.obj
 0001:00003c40       _CreateCGroupInBnStruct    10004c40 f   ichi_bns.obj
 0001:00003f90       _CreateTGroupInBnStruct    10004f90 f   ichi_bns.obj
 0001:000042f0       _RemoveLastGroupFromBnStruct 100052f0 f   ichi_bns.obj
 0001:000044f0       _SetInitCapFlowToCurrent   100054f0 f   ichi_bns.obj
 0001:00004570       _SimpleRemoveAcidicProtons 10005570 f   ichi_bns.obj
 0001:00004780       _bHasAcidicHydrogen        10005780 f   ichi_bns.obj
 0001:000047f0       _bHasOtherExchangableH     100057f0 f   ichi_bns.obj
 0001:00004840       _SimpleAddAcidicProtons    10005840 f   ichi_bns.obj
 0001:00004a40       _bHasAcidicMinus           10005a40 f   ichi_bns.obj
 0001:00004ab0       _HardRemoveAcidicProtons   10005ab0 f   ichi_bns.obj
 0001:00004df0       _HardAddAcidicProtons      10005df0 f   ichi_bns.obj
 0001:00005130       _HardRemoveHplusNP         10006130 f   ichi_bns.obj
 0001:00005460       _mark_at_type              10006460 f   ichi_bns.obj
 0001:000054c0       _RemoveNPProtonsAndAcidCharges 100064c0 f   ichi_bns.obj
 0001:00005780       _mark_alt_bonds_and_taut_groups 10006780 f   ichi_bns.obj
 0001:00005fc0       _nMaxFlow2Check            10006fc0 f   ichi_bns.obj
 0001:00005ff0       _nCurFlow2Check            10006ff0 f   ichi_bns.obj
 0001:00006010       _nMinFlow2Check            10007010 f   ichi_bns.obj
 0001:00006110       _bSetBondsAfterCheckOneBond 10007110 f   ichi_bns.obj
 0001:00006350       _bRestoreFlowAfterCheckOneBond 10007350 f   ichi_bns.obj
 0001:00006420       _bSetFlowToCheckOneBond    10007420 f   ichi_bns.obj
 0001:00006be0       _bAddNewVertex             10007be0 f   ichi_bns.obj
 0001:00006dd0       _AddNewEdge                10007dd0 f   ichi_bns.obj
 0001:00006fb0       _GetEdgeToGroupVertex      10007fb0 f   ichi_bns.obj
 0001:00007060       _GetGroupVertex            10008060 f   ichi_bns.obj
 0001:00007130       _bAddStCapToAVertex        10008130 f   ichi_bns.obj
 0001:00007210       _bSetBnsToCheckAltPath     10008210 f   ichi_bns.obj
 0001:00007d00       _bRestoreBnsAfterCheckAltPath 10008d00 f   ichi_bns.obj
 0001:00008040       _bExistsAnyAltPath         10009040 f   ichi_bns.obj
 0001:000080d0       _bIsBnsEndpoint            100090d0 f   ichi_bns.obj
 0001:00008150       _bRadChangesAtomType       10009150 f   ichi_bns.obj
 0001:00008220       _RegisterRadEndpoint       10009220 f   ichi_bns.obj
 0001:000085d0       _cmp_rad_endpoints         100095d0 f   ichi_bns.obj
 0001:00008610       _RemoveRadEndpoints        10009610 f   ichi_bns.obj
 0001:00008820       _RestoreRadicalsOnly       10009820 f   ichi_bns.obj
 0001:00008930       _SetRadEndpoints           10009930 f   ichi_bns.obj
 0001:00008b90       _SetRadEndpoints2          10009b90 f   ichi_bns.obj
 0001:000091f0       _bExistsAltPath            1000a1f0 f   ichi_bns.obj
 0001:00009940       _AllocateAndInitBnStruct   1000a940 f   ichi_bns.obj
 0001:00009ec0       _DeAllocateBnStruct        1000aec0 f   ichi_bns.obj
 0001:00009f50       _ReInitBnStructAltPaths    1000af50 f   ichi_bns.obj
 0001:00009fb0       _ReInitBnStructAddGroups   1000afb0 f   ichi_bns.obj
 0001:0000a020       _ReInitBnStruct            1000b020 f   ichi_bns.obj
 0001:0000a270       _CompTGroupNumber          1000b270 f   ichi_bns.obj
 0001:0000a290       _CompCGroupNumber          1000b290 f   ichi_bns.obj
 0001:0000a2b0       _AddTGroups2BnStruct       1000b2b0 f   ichi_bns.obj
 0001:0000a670       _AddCGroups2BnStruct       1000b670 f   ichi_bns.obj
 0001:0000a9d0       _ClearAllBnDataVertices    1000b9d0 f   ichi_bns.obj
 0001:0000aa00       _ClearAllBnDataEdges       1000ba00 f   ichi_bns.obj
 0001:0000aa20       _DeAllocateBnData          1000ba20 f   ichi_bns.obj
 0001:0000aac0       _AllocateAndInitBnData     1000bac0 f   ichi_bns.obj
 0001:0000ac00       _ReInitBnData              1000bc00 f   ichi_bns.obj
 0001:0000acc0       _GetVertexDegree           1000bcc0 f   ichi_bns.obj
 0001:0000ad00       _Get2ndEdgeVertex          1000bd00 f   ichi_bns.obj
 0001:0000ad50       _GetVertexNeighbor         1000bd50 f   ichi_bns.obj
 0001:0000ae10       _GetEdgePointer            1000be10 f   ichi_bns.obj
 0001:0000af10       _AugmentEdge               1000bf10 f   ichi_bns.obj
 0001:0000b180       _rescap_mark               1000c180 f   ichi_bns.obj
 0001:0000b250       _GetPrevVertex             1000c250 f   ichi_bns.obj
 0001:0000b310       _bIgnoreVertexNonTACN_atom 1000c310 f   ichi_bns.obj
 0001:0000b4b0       _bIgnoreVertexNonTACN_group 1000c4b0 f   ichi_bns.obj
 0001:0000b600       _rescap                    1000c600 f   ichi_bns.obj
 0001:0000b670       _BalancedNetworkSearch     1000c670 f   ichi_bns.obj
 0001:0000bad0       _FindBase                  1000cad0 f   ichi_bns.obj
 0001:0000bb10       _FindPathToVertex_s        1000cb10 f   ichi_bns.obj
 0001:0000bb70       _MakeBlossom               1000cb70 f   ichi_bns.obj
 0001:0000bdc0       _PullFlow                  1000cdc0 f   ichi_bns.obj
 0001:0000bf30       _FindPathCap               1000cf30 f   ichi_bns.obj
 0001:0000c000       _MarkRingSystemsAltBns     1000d000 f   ichi_bns.obj
 0001:0000c490       _ReInitBnStructForAltBns   1000d490 f   ichi_bns.obj
 0001:0000c650       _MarkNonStereoAltBns       1000d650 f   ichi_bns.obj
 0001:0000c830       _bHasChargedNeighbor       1000d830 f   ichi_bns.obj
 0001:0000c880       _AddRemoveProtonsRestr     1000d880 f   ichi_bns.obj
 0001:0000d240       _AddRemoveIsoProtonsRestr  1000e240 f   ichi_bns.obj
 0001:0000d4a0       _TranspositionCreate       1000e4a0 f   ichican2.obj
 0001:0000d4c0       _TranspositionFree         1000e4c0 f   ichican2.obj
 0001:0000d4e0       _NodeSetCreate             1000e4e0 f   ichican2.obj
 0001:0000d580       _NodeSetFree               1000e580 f   ichican2.obj
 0001:0000d5c0       _CTableCreate              1000e5c0 f   ichican2.obj
 0001:0000d720       _CTableFree                1000e720 f   ichican2.obj
 0001:0000d7b0       _UnorderedPartitionCreate  1000e7b0 f   ichican2.obj
 0001:0000d7d0       _UnorderedPartitionFree    1000e7d0 f   ichican2.obj
 0001:0000d7f0       _UnorderedPartitionMakeDiscrete 1000e7f0 f   ichican2.obj
 0001:0000d810       _PartitionCreate           1000e810 f   ichican2.obj
 0001:0000d850       _PartitionFree             1000e850 f   ichican2.obj
 0001:0000d890       _PartitionIsDiscrete       1000e890 f   ichican2.obj
 0001:0000d8e0       _PartitionGetFirstCell     1000e8e0 f   ichican2.obj
 0001:0000d9b0       _CellMakeEmpty             1000e9b0 f   ichican2.obj
 0001:0000d9e0       _NodeSetFromVertices       1000e9e0 f   ichican2.obj
 0001:0000da60       _AllNodesAreInSet          1000ea60 f   ichican2.obj
 0001:0000dac0       _PartitionGetMcrAndFixSet  1000eac0 f   ichican2.obj
 0001:0000dbf0       _NodeSetFromRadEndpoints   1000ebf0 f   ichican2.obj
 0001:0000dc70       _RemoveFromNodeSet         1000ec70 f   ichican2.obj
 0001:0000dcd0       _DoNodeSetsIntersect       1000ecd0 f   ichican2.obj
 0001:0000dd20       _IsNodeSetEmpty            1000ed20 f   ichican2.obj
 0001:0000dd60       _AddNodeSet2ToNodeSet1     1000ed60 f   ichican2.obj
 0001:0000dda0       _AddNodesToRadEndpoints    1000eda0 f   ichican2.obj
 0001:0000de50       _PartitionGetTransposition 1000ee50 f   ichican2.obj
 0001:0000de90       _nGetMcr2                  1000ee90 f   ichican2.obj
 0001:0000df00       _nJoin2Mcrs2               1000ef00 f   ichican2.obj
 0001:0000df50       _GetUnorderedPartitionMcrNode 1000ef50 f   ichican2.obj
 0001:0000df70       _UnorderedPartitionJoin    1000ef70 f   ichican2.obj
 0001:0000dfd0       _PartitionSatisfiesLemma_2_25 1000efd0 f   ichican2.obj
 0001:0000e060       _PartitionCopy             1000f060 f   ichican2.obj
 0001:0000e0d0       _PartitionColorVertex      1000f0d0 f   ichican2.obj
 0001:0000e2d0       _CellGetMinNode            1000f2d0 f   ichican2.obj
 0001:0000e480       _CellGetNumberOfNodes      1000f480 f   ichican2.obj
 0001:0000e4c0       _CellIntersectWithSet      1000f4c0 f   ichican2.obj
 0001:0000e570       _CtPartClear               1000f570 f   ichican2.obj
 0001:0000e5d0       _insertions_sort_NeighList_AT_NUMBERS2 1000f5d0 f   ichican2.obj
 0001:0000e670       _CtPartFill                1000f670 f   ichican2.obj
 0001:0000ea20       _CtPartInfinity            1000fa20 f   ichican2.obj
 0001:0000ea80       _CtPartCompare             1000fa80 f   ichican2.obj
 0001:0000f070       _CtFullCompare             10010070 f   ichican2.obj
 0001:0000f410       _CtFullCompareLayers       10010410 f   ichican2.obj
 0001:0000f440       _CtCompareLayersGetFirstDiff 10010440 f   ichican2.obj
 0001:0000f4d0       _CtPartCompareLayers       100104d0 f   ichican2.obj
 0001:0000f520       _UpdateCompareLayers       10010520 f   ichican2.obj
 0001:0000f560       _CtPartCopy                10010560 f   ichican2.obj
 0001:0000f810       _CtFullCopy                10010810 f   ichican2.obj
 0001:0000f840       _TranspositionGetMcrAndFixSetAndUnorderedPartition 10010840 f   ichican2.obj
 0001:0000fa30       _SetBitCreate              10010a30 f   ichican2.obj
 0001:0000fac0       _SetBitFree                10010ac0 f   ichican2.obj
 0001:0000faf0       _GetOneAdditionalLayer     10010af0 f   ichican2.obj
 0001:0000fb70       _CanonGraph                10010b70 f   ichican2.obj
 0001:00010e40       _SetInitialRanks2          10011e40 f   ichican2.obj
 0001:00010ee0       _FillOutAtomInvariant2     10011ee0 f   ichican2.obj
 0001:00011340       _CleanNumH                 10012340 f   ichican2.obj
 0001:00011380       _CleanCt                   10012380 f   ichican2.obj
 0001:000113b0       _CleanIsoSortKeys          100123b0 f   ichican2.obj
 0001:000113e0       _DeAllocBCN                100123e0 f   ichican2.obj
 0001:00011510       _GetBaseCanonRanking       10012510 f   ichican2.obj
 0001:000141d0       _InchiTimeGet              100151d0 f   ichicano.obj
 0001:000141f0       _InchiTimeMsecDiff         100151f0 f   ichicano.obj
 0001:00014330       _InchiTimeElapsed          10015330 f   ichicano.obj
 0001:00014360       _InchiTimeAddMsec          10015360 f   ichicano.obj
 0001:00014390       _bInchiTimeIsOver          10015390 f   ichicano.obj
 0001:00014450       _GetCanonLengths           10015450 f   ichicano.obj
 0001:000145f0       _DeAllocateCS              100155f0 f   ichicano.obj
 0001:00014980       _AllocateCS                10015980 f   ichicano.obj
 0001:00014ee0       _FillIsotopicAtLinearCT    10015ee0 f   ichicano.obj
 0001:00015020       _FillTautLinearCT2         10016020 f   ichicano.obj
 0001:000153c0       _UpdateFullLinearCT        100163c0 f   ichicano.obj
 0001:00015740       _FixCanonEquivalenceInfo   10016740 f   ichicano.obj
 0001:00015810       _Canon_INChI3              10016810 f   ichicano.obj
 0001:00017070       _Canon_INChI               10018070 f   ichicano.obj
 0001:000170c0       _find_atoms_with_parity    100180c0 f   ichicans.obj
 0001:00017140       _SetHalfStereoBondIllDefPariy 10018140 f   ichicans.obj
 0001:00017190       _RemoveHalfStereoBond      10018190 f   ichicans.obj
 0001:00017240       _SetOneStereoBondIllDefParity 10018240 f   ichicans.obj
 0001:000172c0       _RemoveOneStereoBond       100182c0 f   ichicans.obj
 0001:00017330       _RemoveOneStereoCenter     10018330 f   ichicans.obj
 0001:00017360       _UnmarkNonStereo           10018360 f   ichicans.obj
 0001:000177c0       _FillSingleStereoDescriptors 100187c0 f   ichicans.obj
 0001:00017b80       _SwitchAtomStereoAndIsotopicStereo 10018b80 f   ichicans.obj
 0001:00017c30       _SetCtToIsotopicStereo     10018c30 f   ichicans.obj
 0001:00017c80       _SetCtToNonIsotopicStereo  10018c80 f   ichicans.obj
 0001:00017ce0       _FillAllStereoDescriptors  10018ce0 f   ichicans.obj
 0001:00017db0       _SetKnownStereoBondParities 10018db0 f   ichicans.obj
 0001:000184c0       _MarkKnownEqualStereoBondParities 100194c0 f   ichicans.obj
 0001:00018a90       _GetNextNeighborAndRank    10019a90 f   ichicans.obj
 0001:00018b20       _GetAndCheckNextNeighbors  10019b20 f   ichicans.obj
 0001:00018d10       _PathsHaveIdenticalKnownParities 10019d10 f   ichicans.obj
 0001:00018ed0       _RemoveKnownNonStereoBondParities 10019ed0 f   ichicans.obj
 0001:00019190       _SetKnownStereoCenterParities 1001a190 f   ichicans.obj
 0001:00019430       _RemoveKnownNonStereoCenterParities 1001a430 f   ichicans.obj
 0001:00019700       _MarkKnownEqualStereoCenterParities 1001a700 f   ichicans.obj
 0001:00019880       _InvertStereo              1001a880 f   ichicans.obj
 0001:00019b30       _FillOutStereoParities     1001ab30 f   ichicans.obj
 0001:00019c60       _GetStereoNeighborPos      1001ac60 f   ichicans.obj
 0001:00019ca0       _GetStereoBondParity       1001aca0 f   ichicans.obj
 0001:00019e20       _GetPermutationParity      1001ae20 f   ichicans.obj
 0001:00019ed0       _GetStereoCenterParity     1001aed0 f   ichicans.obj
 0001:00019fa0       _make_iso_sort_key         1001afa0 f   ichiisot.obj
 0001:00019fc0       _set_atom_iso_sort_keys    1001afc0 f   ichiisot.obj
 0001:0001a0d0       _l_str_fgetc               1001b0d0 f   ichilnct.obj
 0001:0001a0f0       _l_str_fgets               1001b0f0 f   ichilnct.obj
 0001:0001a150       _l_my_fgets                1001b150 f   ichilnct.obj
 0001:0001a1f0       _FreeInchi_Atom            1001b1f0 f   ichilnct.obj
 0001:0001a210       _CreateInchi_Atom          1001b210 f   ichilnct.obj
 0001:0001a220       _FreeInchi_Input           1001b220 f   ichilnct.obj
 0001:0001a250       _is_in_the_slist           1001b250 f   ichilnct.obj
 0001:0001a280       _is_element_a_metal        1001b280 f   ichilnct.obj
 0001:0001a330       _l_str_fgetsTab            1001b330 f   ichilnct.obj
 0001:0001a390       _l_my_fgetsTab             1001b390 f   ichilnct.obj
 0001:0001a430       _l_my_fgetsTab1            1001b430 f   ichilnct.obj
 0001:0001a4b0       _CreateInchi_Stereo0D      1001b4b0 f   ichilnct.obj
 0001:0001a4c0       _FreeInchi_Stereo0D        1001b4c0 f   ichilnct.obj
 0001:0001a4e0       _l_INChIToInchi_Atom       1001b4e0 f   ichilnct.obj
 0001:0001a540       _FindToken                 1001b540 f   ichilnct.obj
 0001:0001a600       _LoadLine                  1001b600 f   ichilnct.obj
 0001:0001a6e0       _ll_INChIToInchi_Atom      1001b6e0 f   ichilnct.obj
 0001:0001e6e0       _Extract0DParities         1001f6e0 f   ichilnct.obj
 0001:0001eee0       _Get_inchi_Input_FromAuxInfo@12 1001fee0 f   ichilnct.obj
 0001:0001f080       _Free_inchi_Input@4        10020080 f   ichilnct.obj
 0001:0001f0b0       _INChIToInchi_Input        100200b0 f   ichilnct.obj
 0001:0001f4d0       _MakeHillFormulaString     100204d0 f   ichimak2.obj
 0001:0001f530       _GetHillFormulaIndexLength 10020530 f   ichimak2.obj
 0001:0001f560       _GetHillFormulaCounts      10020560 f   ichimak2.obj
 0001:0001f770       _AddElementAndCount        10020770 f   ichimak2.obj
 0001:0001f820       _MakeHillFormula           10020820 f   ichimak2.obj
 0001:0001fa40       _AllocateAndFillHillFormula 10020a40 f   ichimak2.obj
 0001:0001faf0       _Copy2StereoBondOrAllene   10020af0 f   ichimak2.obj
 0001:0001fd30       _CopyLinearCTStereoToINChIStereo 10020d30 f   ichimak2.obj
 0001:0001ff60       _MarkAmbiguousStereo       10020f60 f   ichimak2.obj
 0001:00020210       _UnmarkAllUndefinedUnknownStereo 10021210 f   ichimak2.obj
 0001:00020310       _WriteCoord                10021310 f   ichimak2.obj
 0001:00020470       _FillOutINChI              10021470 f   ichimak2.obj
 0001:000216f0       _inp2spATOM                100226f0 f   ichimake.obj
 0001:00021810       _GetElementAndCount        10022810 f   ichimake.obj
 0001:00021960       _CompareHillFormulas       10022960 f   ichimake.obj
 0001:00021a40       _CompareHillFormulasNoH    10022a40 f   ichimake.obj
 0001:00021b60       _CompareTautNonIsoPartOfINChI 10022b60 f   ichimake.obj
 0001:00021bc0       _CompINChITautVsNonTaut    10022bc0 f   ichimake.obj
 0001:00021ed0       _GetSp3RelRacAbs           10022ed0 f   ichimake.obj
 0001:00021f20       _CompINChILayers           10022f20 f   ichimake.obj
 0001:00022830       _INChI_SegmentAction       10023830 f   ichimake.obj
 0001:00022860       _MarkUnusedAndEmptyLayers  10023860 f   ichimake.obj
 0001:00022920       _CompareInchiStereo        10023920 f   ichimake.obj
 0001:00022a90       _CompINChI2                10023a90 f   ichimake.obj
 0001:00022f60       _CompINChINonTaut2         10023f60 f   ichimake.obj
 0001:00022fa0       _CompINChITaut2            10023fa0 f   ichimake.obj
 0001:00022fe0       _mystrrev                  10023fe0 f   ichimake.obj
 0001:00023010       _GetDfsOrder4CT            10024010 f   ichimake.obj
 0001:000236d0       _GetInpStructErrorType     100246d0 f   ichimake.obj
 0001:00023730       _ProcessStructError        10024730 f   ichimake.obj
 0001:00023900       _CompareReversedStereoINChI 10024900 f   ichimake.obj
 0001:00023a20       _CompareReversedStereoINChI2 10024a20 f   ichimake.obj
 0001:000240f0       _CompareReversedINChI      100250f0 f   ichimake.obj
 0001:000244c0       _CompareIcr                100254c0 f   ichimake.obj
 0001:000245b0       _CompareReversedINChI2     100255b0 f   ichimake.obj
 0001:00024e40       _Create_INChI              10025e40 f   ichimake.obj
 0001:00025d10       _CheckCanonNumberingCorrectness 10026d10 f   ichimake.obj
 0001:00025e60       _All_SC_Same               10026e60 f   ichimap1.obj
 0001:00025f20       _Next_SC_At_CanonRank2     10026f20 f   ichimap1.obj
 0001:00026010       _CompareLinCtStereoDble    10027010 f   ichimap1.obj
 0001:000260c0       _CompareLinCtStereoCarb    100270c0 f   ichimap1.obj
 0001:00026160       _CompareLinCtStereo        10027160 f   ichimap1.obj
 0001:000261a0       _CompareLinCtStereoAtomToValues 100271a0 f   ichimap1.obj
 0001:000261e0       _bUniqueAtNbrFromMappingRank 100271e0 f   ichimap1.obj
 0001:00026240       _nGetMcr                   10027240 f   ichimap1.obj
 0001:000262b0       _nJoin2Mcrs                100272b0 f   ichimap1.obj
 0001:00026300       _All_SB_Same               10027300 f   ichimap1.obj
 0001:00026690       _Next_SB_At_CanonRanks2    10027690 f   ichimap1.obj
 0001:00026a80       _NextStereoParity2Test     10027a80 f   ichimap1.obj
 0001:00026b60       _CompareLinCtStereoDoubleToValues 10027b60 f   ichimap1.obj
 0001:00026bb0       _SetUseAtomForStereo       10027bb0 f   ichimap1.obj
 0001:00026c20       _CurTreeAlloc              10027c20 f   ichimap1.obj
 0001:00026cb0       _CurTreeReAlloc            10027cb0 f   ichimap1.obj
 0001:00026d20       _CurTreeFree               10027d20 f   ichimap1.obj
 0001:00026d50       _CurTreeAddRank            10027d50 f   ichimap1.obj
 0001:00026db0       _CurTreeIsLastRank         10027db0 f   ichimap1.obj
 0001:00026df0       _CurTreeRemoveLastRankIfNoAtoms 10027df0 f   ichimap1.obj
 0001:00026e30       _CurTreeAddAtom            10027e30 f   ichimap1.obj
 0001:00026e90       _CurTreeKeepLastAtomsOnly  10027e90 f   ichimap1.obj
 0001:00026f10       _CurTreeRemoveIfLastAtom   10027f10 f   ichimap1.obj
 0001:00026f60       _CurTreeGetPos             10027f60 f   ichimap1.obj
 0001:00026f70       _CurTreeSetPos             10027f70 f   ichimap1.obj
 0001:00026f90       _CurTreeRemoveLastRank     10027f90 f   ichimap1.obj
 0001:00026fc0       _CurTreeIsLastAtomEqu      10027fc0 f   ichimap1.obj
 0001:00027030       _SortedEquInfoToRanks      10028030 f   ichimap2.obj
 0001:000270f0       _SortedRanksToEquInfo      100280f0 f   ichimap2.obj
 0001:00027170       _switch_ptrs               10028170 f   ichimap2.obj
 0001:00027190       _SetNewRanksFromNeighLists3 10028190 f   ichimap2.obj
 0001:000272e0       _SetNewRanksFromNeighLists4 100282e0 f   ichimap2.obj
 0001:00027440       _SetNewRanksFromNeighLists 10028440 f   ichimap2.obj
 0001:000274f0       _SortNeighListsBySymmAndCanonRank 100284f0 f   ichimap2.obj
 0001:00027520       _SortNeighLists2           10028520 f   ichimap2.obj
 0001:00027590       _SortNeighLists3           10028590 f   ichimap2.obj
 0001:00027600       _DifferentiateRanks2       10028600 f   ichimap2.obj
 0001:000276b0       _DifferentiateRanks3       100286b0 f   ichimap2.obj
 0001:00027710       _DifferentiateRanks4       10028710 f   ichimap2.obj
 0001:00027770       _DifferentiateRanksBasic   10028770 f   ichimap2.obj
 0001:00027810       _NumberOfTies              10028810 f   ichimap2.obj
 0001:000279c0       _HalfStereoBondParity      100289c0 f   ichimap2.obj
 0001:00027b60       _parity_of_mapped_half_bond 10028b60 f   ichimap2.obj
 0001:00027ec0       _parity_of_mapped_atom2    10028ec0 f   ichimap2.obj
 0001:00028220       _ClearPreviousMappings     10029220 f   ichimap2.obj
 0001:00028240       _map_an_atom2              10029240 f   ichimap2.obj
 0001:000284f0       _might_change_other_atom_parity 100294f0 f   ichimap2.obj
 0001:000285c0       _DeAllocateForNonStereoRemoval 100295c0 f   ichimap2.obj
 0001:00028680       _AllocateForNonStereoRemoval 10029680 f   ichimap2.obj
 0001:000287b0       _GetMinNewRank             100297b0 f   ichimap2.obj
 0001:00028800       _BreakNeighborsTie         10029800 f   ichimap2.obj
 0001:00029000       _CheckNextSymmNeighborsAndBonds 1002a000 f   ichimap2.obj
 0001:00029240       _CreateCheckSymmPaths      1002a240 f   ichimap2.obj
 0001:000295a0       _CalculatedPathsParitiesAreIdentical 1002a5a0 f   ichimap2.obj
 0001:0002a480       _RemoveCalculatedNonStereoBondParities 1002b480 f   ichimap2.obj
 0001:0002abf0       _RemoveCalculatedNonStereoCenterParities 1002bbf0 f   ichimap2.obj
 0001:0002b330       _RemoveCalculatedNonStereo 1002c330 f   ichimap2.obj
 0001:0002b550       _map_stereo_bonds4         1002c550 f   ichimap4.obj
 0001:0002d120       _map_stereo_atoms4         1002e120 f   ichimap4.obj
 0001:0002e510       _cmp_iso_atw_diff_component_no 1002f510 f   ichinorm.obj
 0001:0002e540       _MarkRingSystemsInp        1002f540 f   ichinorm.obj
 0001:0002ea80       _remove_terminal_HDT       1002fa80 f   ichinorm.obj
 0001:0002f160       _add_DT_to_num_H           10030160 f   ichinorm.obj
 0001:0002f1a0       _ReadCommandLineParms      100301a0 f   ichiparm.obj
 0001:00031020       _PrintInputParms           10032020 f   ichiparm.obj
 0001:000315e0       _HelpCommandLineParms      100325e0 f   ichiparm.obj
 0001:00031770       _HelpCommandLineParmsReduced 10032770 f   ichiparm.obj
 0001:000318e0       _PrintXmlStartTag          100328e0 f   ichiprt1.obj
 0001:00031a20       _Needs2addXmlEntityRefs    10032a20 f   ichiprt1.obj
 0001:00031b10       _AddXmlEntityRefs          10032b10 f   ichiprt1.obj
 0001:00031c30       _OutputINChIXmlRootStartTag 10032c30 f   ichiprt1.obj
 0001:00031c80       _OutputINChIXmlRootEndTag  10032c80 f   ichiprt1.obj
 0001:00031cc0       _OutputINChIXmlStructStartTag 10032cc0 f   ichiprt1.obj
 0001:00031fc0       _OutputINChIXmlStructEndTag 10032fc0 f   ichiprt1.obj
 0001:00032020       _OutputINChIXmlError       10033020 f   ichiprt1.obj
 0001:00032100       _OutputINChIPlainError     10033100 f   ichiprt1.obj
 0001:00032190       _EquString                 10033190 f   ichiprt1.obj
 0001:000329c0       _OutputINChI2              100339c0 f   ichiprt1.obj
 0001:00032ab0       _szGetTag                  10033ab0 f   ichiprt1.obj
 0001:00032d00       _OutputINChI1              10033d00 f   ichiprt1.obj
 0001:00037760       _str_LineStart             10038760 f   ichiprt1.obj
 0001:00037870       _str_LineEnd               10038870 f   ichiprt1.obj
 0001:00037980       _CleanOrigCoord            10038980 f   ichiprt1.obj
 0001:00037c20       _WriteOrigCoord            10038c20 f   ichiprt1.obj
 0001:00037d00       _WriteOrigAtoms            10038d00 f   ichiprt1.obj
 0001:00038170       _WriteOrigBonds            10039170 f   ichiprt1.obj
 0001:000389e0       _FillOutOrigStruct         100399e0 f   ichiprt1.obj
 0001:00038c30       _FreeOrigStruct            10039c30 f   ichiprt1.obj
 0001:00038c80       _Eql_INChI_Stereo          10039c80 f   ichiprt2.obj
 0001:00038f00       _Eql_INChI_Isotopic        10039f00 f   ichiprt2.obj
 0001:00038f90       _Eql_INChI_Aux_Equ         10039f90 f   ichiprt2.obj
 0001:000390a0       _Eql_INChI_Aux_Num         1003a0a0 f   ichiprt2.obj
 0001:00039180       _bHasOrigInfo              1003a180 f   ichiprt2.obj
 0001:000391d0       _EqlOrigInfo               1003a1d0 f   ichiprt2.obj
 0001:00039220       _bHasEquString             1003a220 f   ichiprt2.obj
 0001:00039280       _MakeMult                  1003a280 f   ichiprt2.obj
 0001:00039360       _MakeDelim                 1003a360 f   ichiprt2.obj
 0001:000393d0       _MakeEqStr                 1003a3d0 f   ichiprt2.obj
 0001:00039490       _MakeCtStringNew           1003a490 f   ichiprt2.obj
 0001:00039790       _MakeCtStringOld           1003a790 f   ichiprt2.obj
 0001:00039940       _MakeHString               1003a940 f   ichiprt2.obj
 0001:00039f40       _MakeCtString              1003af40 f   ichiprt2.obj
 0001:00039fb0       _MakeTautString            1003afb0 f   ichiprt2.obj
 0001:0003a290       _MakeCRVString             1003b290 f   ichiprt2.obj
 0001:0003a510       _MakeEquString             1003b510 f   ichiprt2.obj
 0001:0003a700       _MakeIsoAtomString         1003b700 f   ichiprt2.obj
 0001:0003a9d0       _MakeIsoTautString         1003b9d0 f   ichiprt2.obj
 0001:0003ac10       _MakeIsoHString            1003bc10 f   ichiprt2.obj
 0001:0003ada0       _MakeStereoString          1003bda0 f   ichiprt2.obj
 0001:0003af20       _MakeAbcNumber             1003bf20 f   ichiprt2.obj
 0001:0003aff0       _inchi_strtol              1003bff0 f   ichiprt2.obj
 0001:0003b100       _inchi_strtod              1003c100 f   ichiprt2.obj
 0001:0003b120       _MakeDecNumber             1003c120 f   ichiprt2.obj
 0001:0003b1e0       _str_Sp2                   1003c1e0 f   ichiprt3.obj
 0001:0003b760       _str_Sp3                   1003c760 f   ichiprt3.obj
 0001:0003bcb0       _str_IsoAtoms              1003ccb0 f   ichiprt3.obj
 0001:0003c320       _str_IsoSp2                1003d320 f   ichiprt3.obj
 0001:0003c960       _str_IsoSp3                1003d960 f   ichiprt3.obj
 0001:0003cf90       _str_AuxEqu                1003df90 f   ichiprt3.obj
 0001:0003d4b0       _str_AuxInvSp3             1003e4b0 f   ichiprt3.obj
 0001:0003dad0       _str_AuxInvSp3Numb         1003ead0 f   ichiprt3.obj
 0001:0003df50       _str_AuxIsoNumb            1003ef50 f   ichiprt3.obj
 0001:0003e390       _str_AuxIsoEqu             1003f390 f   ichiprt3.obj
 0001:0003e940       _str_AuxInvIsoSp3          1003f940 f   ichiprt3.obj
 0001:0003f120       _str_AuxInvIsoSp3Numb      10040120 f   ichiprt3.obj
 0001:0003f720       _str_HillFormula           10040720 f   ichiprt3.obj
 0001:0003fa20       _str_HillFormula2          10040a20 f   ichiprt3.obj
 0001:0003fe90       _str_Connections           10040e90 f   ichiprt3.obj
 0001:000401c0       _str_H_atoms               100411c0 f   ichiprt3.obj
 0001:00040550       _str_Charge2               10041550 f   ichiprt3.obj
 0001:00040a50       _str_FixedH_atoms          10041a50 f   ichiprt3.obj
 0001:00040da0       _str_AuxNumb               10041da0 f   ichiprt3.obj
 0001:00041190       _str_AuxTgroupEqu          10042190 f   ichiprt3.obj
 0001:00041470       _str_AuxChargeRadVal       10042470 f   ichiprt3.obj
 0001:00041680       _bin_AuxTautTrans          10042680 f   ichiprt3.obj
 0001:00041a10       _str_AuxTautTrans          10042a10 f   ichiprt3.obj
 0001:00041b60       _str_StereoAbsInv          10042b60 f   ichiprt3.obj
 0001:00041ce0       _str_IsoStereoAbsInv       10042ce0 f   ichiprt3.obj
 0001:00041e60       _str_AuxIsoTgroupEqu       10042e60 f   ichiprt3.obj
 0001:000422b0       _bIsCenterPointStrict      100432b0 f   ichiqueu.obj
 0001:00042340       _nGet14TautIn7MembAltRing  10043340 f   ichiqueu.obj
 0001:000423c0       _nGet14TautIn5MembAltRing  100433c0 f   ichiqueu.obj
 0001:00042440       _nGet12TautIn5MembAltRing  10043440 f   ichiqueu.obj
 0001:000424c0       _nGet15TautIn6MembAltRing  100434c0 f   ichiqueu.obj
 0001:00042540       _nGet15TautInAltPath       10043540 f   ichiqueu.obj
 0001:000425c0       _DFS_FindTautInARing       100435c0 f   ichiqueu.obj
 0001:000427f0       _DFS_FindTautAltPath       100437f0 f   ichiqueu.obj
 0001:00042a90       _are_alt_bonds             10043a90 f   ichiqueu.obj
 0001:00042b50       _AddBondsPos               10043b50 f   ichiqueu.obj
 0001:00042c70       _AddEndPoints              10043c70 f   ichiqueu.obj
 0001:00042d00       _Check7MembTautRing        10043d00 f   ichiqueu.obj
 0001:00043130       _Check6MembTautRing        10044130 f   ichiqueu.obj
 0001:00043660       _Check15TautPathCenterpoint 10044660 f   ichiqueu.obj
 0001:000436b0       _Check15TautPath           100446b0 f   ichiqueu.obj
 0001:00043b70       _Check5MembTautRing        10044b70 f   ichiqueu.obj
 0001:00043ef0       _ReadWriteInChI            10044ef0 f   ichiread.obj
 0001:00045990       _GetNumNeighborsFromInchi  10046990 f   ichiread.obj
 0001:00045b10       _CountStereoTypes          10046b10 f   ichiread.obj
 0001:00045c80       _bInpInchiComponentExists  10046c80 f   ichiread.obj
 0001:00045cf0       _bInpInchiComponentDeleted 10046cf0 f   ichiread.obj
 0001:00045d60       _bRevInchiComponentExists  10046d60 f   ichiread.obj
 0001:00045dd0       _bRevInchiComponentDeleted 10046dd0 f   ichiread.obj
 0001:00045e40       _DetectInpInchiCreationOptions 10046e40 f   ichiread.obj
 0001:0004ee00       _insertions_sort_AT_NUMB   1004fe00 f   ichiread.obj
 0001:0004f120       _QueueCreate               10050120 f   ichiring.obj
 0001:0004f170       _QueueAdd                  10050170 f   ichiring.obj
 0001:0004f1b0       _QueueGet                  100501b0 f   ichiring.obj
 0001:0004f210       _QueueGetAny               10050210 f   ichiring.obj
 0001:0004f240       _QueueDelete               10050240 f   ichiring.obj
 0001:0004f270       _QueueReinit               10050270 f   ichiring.obj
 0001:0004f290       _QueueLength               10050290 f   ichiring.obj
 0001:0004f2a0       _QueueWrittenLength        100502a0 f   ichiring.obj
 0001:0004f2c0       _GetMinRingSize            100502c0 f   ichiring.obj
 0001:0004f4b0       _is_bond_in_Nmax_memb_ring 100504b0 f   ichiring.obj
 0001:0004f5e0       _is_atom_in_3memb_ring     100505e0 f   ichiring.obj
 0001:0004f6d0       _clear_t_group_info        100506d0 f   ichirvr1.obj
 0001:0004f7f0       _GetTgroupInfoFromInChI    100507f0 f   ichirvr1.obj
 0001:0004fa70       _FillOutpStructEndpointFromInChI 10050a70 f   ichirvr1.obj
 0001:0004fb40       _cmp_charge_val            10050b40 f   ichirvr1.obj
 0001:0004fb90       _bMayBeACationInMobileHLayer 10050b90 f   ichirvr1.obj
 0001:0004fce0       _clean_charge_val          10050ce0 f   ichirvr1.obj
 0001:00050010       _GetAtomRestoreInfo        10051010 f   ichirvr1.obj
 0001:00050570       _get_sp_element_type       10051570 f   ichirvr1.obj
 0001:00050720       _ReallocTCGroups           10051720 f   ichirvr1.obj
 0001:000507c0       _RegisterTCGroup           100517c0 f   ichirvr1.obj
 0001:00050890       _nTautEndpointEdgeCap      10051890 f   ichirvr1.obj
 0001:00050930       _BondFlowMaxcapMinorder    10051930 f   ichirvr1.obj
 0001:00050b20       _AtomStcapStflow           10051b20 f   ichirvr1.obj
 0001:00050c40       _nCountBnsSizes            10051c40 f   ichirvr1.obj
 0001:00051280       _nAddSuperCGroups          10052280 f   ichirvr1.obj
 0001:00051480       _AddTGroups2TCGBnStruct    10052480 f   ichirvr1.obj
 0001:00051790       _ConnectTwoVertices        10052790 f   ichirvr1.obj
 0001:00051960       _AddRadicalToMetal         10052960 f   ichirvr1.obj
 0001:00051a00       _ConnectMetalFlower        10052a00 f   ichirvr1.obj
 0001:00051df0       _SetEdgeCapFlow            10052df0 f   ichirvr1.obj
 0001:00051e10       _AddEdgeFlow               10052e10 f   ichirvr1.obj
 0001:00051f10       _ConnectSuperCGroup        10052f10 f   ichirvr1.obj
 0001:00052380       _AddStCapFlow              10053380 f   ichirvr1.obj
 0001:000523c0       _SetStCapFlow              100533c0 f   ichirvr1.obj
 0001:00052410       _AddCGroups2TCGBnStruct    10053410 f   ichirvr1.obj
 0001:000531c0       _nNumEdgesToCnVertex       100541c0 f   ichirvr1.obj
 0001:00053220       _AllocateAndInitTCGBnStruct 10054220 f   ichirvr1.obj
 0001:00053850       _IncrZeroBondsAndClearEndpts 10054850 f   ichirvr1.obj
 0001:000538a0       _IncrZeroBonds             100548a0 f   ichirvr1.obj
 0001:000538f0       _ClearEndpts               100548f0 f   ichirvr1.obj
 0001:00053910       _GetDeltaChargeFromVF      10054910 f   ichirvr1.obj
 0001:00053ac0       _EvaluateChargeChanges     10054ac0 f   ichirvr1.obj
 0001:00053fb0       _RunBnsTestOnce            10054fb0 f   ichirvr1.obj
 0001:00054090       _RunBnsRestoreOnce         10055090 f   ichirvr1.obj
 0001:00054110       _comp_cc_cand              10055110 f   ichirvr1.obj
 0001:000541a0       _get_pVA_atom_type         100551a0 f   ichirvr1.obj
 0001:000542a0       _AllocEdgeList             100552a0 f   ichirvr1.obj
 0001:00054370       _AddToEdgeList             10055370 f   ichirvr1.obj
 0001:000543c0       _RemoveFromEdgeListByIndex 100553c0 f   ichirvr1.obj
 0001:00054410       _FindInEdgeList            10055410 f   ichirvr1.obj
 0001:00054440       _RemoveFromEdgeListByValue 10055440 f   ichirvr1.obj
 0001:00054480       _AllocBfsQueue             10055480 f   ichirvr1.obj
 0001:00054570       _RemoveForbiddenEdgeMask   10055570 f   ichirvr1.obj
 0001:000545b0       _SetForbiddenEdgeMask      100555b0 f   ichirvr1.obj
 0001:000545f0       _RemoveForbiddenBondFlowBits 100555f0 f   ichirvr1.obj
 0001:00054630       _GetChargeFlowerUpperEdge  10055630 f   ichirvr1.obj
 0001:00054800       _MakeOneInChIOutOfStrFromINChI2 10055800 f   ichirvr1.obj
 0001:00054990       _MakeOneInChIOutOfStrFromINChI 10055990 f   ichirvr1.obj
 0001:00054f40       _ConnectDisconnectedH      10055f40 f   ichirvr1.obj
 0001:000551e0       _DisconnectedConnectedH    100561e0 f   ichirvr1.obj
 0001:00055440       _MakeInChIOutOfStrFromINChI2 10056440 f   ichirvr1.obj
 0001:00055770       _OutputInChIOutOfStrFromINChI 10056770 f   ichirvr1.obj
 0001:00055a70       _CopyAt2St                 10056a70 f   ichirvr2.obj
 0001:00055b10       _CopySt2At                 10056b10 f   ichirvr2.obj
 0001:00055bb0       _RestoreAtomConnectionsSetStereo 10056bb0 f   ichirvr2.obj
 0001:00056c70       _SetStereoBondTypeFor0DParity 10057c70 f   ichirvr2.obj
 0001:00056dc0       _SetStereoBondTypesFrom0DStereo 10057dc0 f   ichirvr2.obj
 0001:00057020       _CopyBnsToAtom             10058020 f   ichirvr2.obj
 0001:000574c0       _CheckBnsConsistency       100584c0 f   ichirvr2.obj
 0001:000574d0       _AddExplicitDeletedH       100584d0 f   ichirvr2.obj
 0001:00057650       _bFindCumuleneChain        10058650 f   ichirvr2.obj
 0001:000577d0       _set_bond_type             100587d0 f   ichirvr2.obj
 0001:000578a0       _set_cumulene_0D_parity    100588a0 f   ichirvr2.obj
 0001:00057c90       _set_atom_0D_parity        10058c90 f   ichirvr2.obj
 0001:00057e20       _MoveRadToAtomsAddCharges  10058e20 f   ichirvr2.obj
 0001:00058400       _AdjustTgroupsToForbiddenEdges2 10059400 f   ichirvr2.obj
 0001:0005a300       _RearrangePlusMinusEdgesFlow 1005b300 f   ichirvr2.obj
 0001:0005a5e0       _IncrementZeroOrderBondsToHeteroat 1005b5e0 f   ichirvr2.obj
 0001:0005ac50       _MovePlusFromS2DiaminoCarbon 1005bc50 f   ichirvr2.obj
 0001:0005b120       _EliminateChargeSeparationOnHeteroatoms 1005c120 f   ichirvr2.obj
 0001:0005b7f0       _RestoreCyanoGroup         1005c7f0 f   ichirvr2.obj
 0001:0005bb20       _RestoreIsoCyanoGroup      1005cb20 f   ichirvr2.obj
 0001:0005c390       _FixMetal_Nminus_Ominus    1005d390 f   ichirvr2.obj
 0001:0005c850       _RestoreNNNgroup           1005d850 f   ichirvr2.obj
 0001:0005e1f0       _EliminateNitrogen5Val3Bonds 1005f1f0 f   ichirvr2.obj
 0001:0005e8c0       _Convert_SIV_to_SVI        1005f8c0 f   ichirvr2.obj
 0001:0005eea0       _PlusFromDB_N_DB_O_to_Metal 1005fea0 f   ichirvr2.obj
 0001:0005f310       _MoveMobileHToAvoidFixedBonds 10060310 f   ichirvr2.obj
 0001:0005f430       _RemoveRadFromMobileHEndpoint 10060430 f   ichirvr2.obj
 0001:0005ff90       _RemoveRadFromMobileHEndpointFixH 10060f90 f   ichirvr2.obj
 0001:00061340       _MoveChargeToMakeCenerpoints 10062340 f   ichirvr2.obj
 0001:00061840       _bHas_N_V                  10062840 f   ichirvr3.obj
 0001:000618a0       _FixFixedHRestoredStructure 100628a0 f   ichirvr3.obj
 0001:0006fb00       _ForbidCarbonChargeEdges   10070b00 f   ichirvr4.obj
 0001:0006fbb0       _ForbidNintrogenPlus2BondsInSmallRings 10070bb0 f   ichirvr4.obj
 0001:0006fca0       _FixLessHydrogenInFormula  10070ca0 f   ichirvr4.obj
 0001:000702c0       _FixMoreHydrogenInFormula  100712c0 f   ichirvr4.obj
 0001:000706f0       _FixRemoveExtraTautEndpoints 100716f0 f   ichirvr4.obj
 0001:00070b10       _FillOutExtraFixedHDataRestr 10071b10 f   ichirvr4.obj
 0001:00070c40       _FillOutExtraFixedHDataInChI 10071c40 f   ichirvr4.obj
 0001:00070d00       _FillOutCMP2FHINCHI        10071d00 f   ichirvr4.obj
 0001:00071350       _FillOutCMP2MHINCHI        10072350 f   ichirvr4.obj
 0001:00071d80       _NormalizeAndCompare       10072d80 f   ichirvr4.obj
 0001:000728b0       _CheckAndRefixStereobonds  100738b0 f   ichirvr4.obj
 0001:00072cd0       _MoveChargeToRemoveCenerpoints 10073cd0 f   ichirvr4.obj
 0001:00073670       _MakeSingleBondsMetal2ChargedHeteroat 10074670 f   ichirvr4.obj
 0001:00073a00       _SaltBondsToCoordBonds     10074a00 f   ichirvr4.obj
 0001:000742a0       _RunBnsRestore1            100752a0 f   ichirvr4.obj
 0001:00074a00       _RestoreAtomMakeBNS        10075a00 f   ichirvr4.obj
 0001:00075040       _OneInChI2Atom             10076040 f   ichirvr4.obj
 0001:00075180       _MakeProtonComponent       10076180 f   ichirvr4.obj
 0001:00075230       _AddRemProtonsInRestrStruct 10076230 f   ichirvr4.obj
 0001:00075650       _AddRemIsoProtonsInRestrStruct 10076650 f   ichirvr4.obj
 0001:00075940       _GetPlusMinusVertex        10076940 f   ichirvr5.obj
 0001:00075a10       _bIsUnsatCarbonInASmallRing 10076a10 f   ichirvr5.obj
 0001:00075b20       _FixMobileHRestoredStructure 10076b20 f   ichirvr5.obj
 0001:00078690       _FixRestoredStructureStereo 10079690 f   ichirvr6.obj
 0001:0007afd0       _InChI2Atom                1007bfd0 f   ichirvr7.obj
 0001:0007b110       _RemoveFixHInChIIdentical2MobH 1007c110 f   ichirvr7.obj
 0001:0007b1a0       _MarkDisconectedIdenticalToReconnected 1007c1a0 f   ichirvr7.obj
 0001:0007b380       _SetUpSrm                  1007c380 f   ichirvr7.obj
 0001:0007b3c0       _MergeStructureComponents  1007c3c0 f   ichirvr7.obj
 0001:0007b8e0       _AllInchiToStructure       1007c8e0 f   ichirvr7.obj
 0001:0007bba0       _AddProtonAndIsoHBalanceToMobHStruct 1007cba0 f   ichirvr7.obj
 0001:0007bed0       _FreeStrFromINChI          1007ced0 f   ichirvr7.obj
 0001:0007c050       _FreeInpInChI              1007d050 f   ichirvr7.obj
 0001:0007c140       _CompareAllOrigInchiToRevInChI 1007d140 f   ichirvr7.obj
 0001:0007c350       _CompareAllDisconnectedOrigInchiToRevInChI 1007d350 f   ichirvr7.obj
 0001:0007ce60       _CompareTwoPairsOfInChI    1007de60 f   ichirvr7.obj
 0001:0007cee0       _CompareOneOrigInchiToRevInChI 1007dee0 f   ichirvr7.obj
 0001:0007d130       _CompareReversedStereoINChI3 1007e130 f   ichirvr7.obj
 0001:0007d800       _CompareReversedINChI3     1007e800 f   ichirvr7.obj
 0001:0007e0d0       _AddOneMsg                 1007f0d0 f   ichirvr7.obj
 0001:0007e220       _FillOutCompareMessage     1007f220 f   ichirvr7.obj
 0001:0007e470       _swap                      1007f470 f   ichisort.obj
 0001:0007e4a0       _insertions_sort           1007f4a0 f   ichisort.obj
 0001:0007e510       _insertions_sort_AT_NUMBERS 1007f510 f   ichisort.obj
 0001:0007e590       _insertions_sort_NeighList_AT_NUMBERS 1007f590 f   ichisort.obj
 0001:0007e610       _insertions_sort_AT_RANK   1007f610 f   ichisort.obj
 0001:0007e670       _insertions_sort_NeighList_AT_NUMBERS3 1007f670 f   ichisort.obj
 0001:0007e720       _insertions_sort_NeighListBySymmAndCanonRank 1007f720 f   ichisort.obj
 0001:0007e7e0       _CompNeighborsAT_NUMBER    1007f7e0 f   ichisort.obj
 0001:0007e830       _comp_AT_RANK              1007f830 f   ichisort.obj
 0001:0007e850       _CompRank                  1007f850 f   ichisort.obj
 0001:0007e880       _CompRanksOrd              1007f880 f   ichisort.obj
 0001:0007e8c0       _CompAtomInvariants2Only   1007f8c0 f   ichisort.obj
 0001:0007e980       _CompAtomInvariants2       1007f980 f   ichisort.obj
 0001:0007e9b0       _CompChemElemLex           1007f9b0 f   ichisort.obj
 0001:0007e9d0       _CompareNeighListLex       1007f9d0 f   ichisort.obj
 0001:0007ea50       _CompareNeighListLexUpToMaxRank 1007fa50 f   ichisort.obj
 0001:0007eb40       _compare_NeighLists        1007fb40 f   ichisort.obj
 0001:0007eb60       _CompNeighListRanks        1007fb60 f   ichisort.obj
 0001:0007ebb0       _CompNeighLists            1007fbb0 f   ichisort.obj
 0001:0007ebe0       _CompNeighListsUpToMaxRank 1007fbe0 f   ichisort.obj
 0001:0007ec20       _CompNeighListRanksOrd     1007fc20 f   ichisort.obj
 0001:0007ec50       _CompRanksInvOrd           1007fc50 f   ichisort.obj
 0001:0007ec70       _CompNeighborsRanksCountEql 1007fc70 f   ichisort.obj
 0001:0007ecc0       _CreateNeighListFromLinearCT 1007fcc0 f   ichisort.obj
 0001:0007eec0       _CreateNeighList           1007fec0 f   ichisort.obj
 0001:0007f200       _FreeNeighList             10080200 f   ichisort.obj
 0001:0007f230       _BreakAllTies              10080230 f   ichisort.obj
 0001:0007f370       _comp_AT_NUMB              10080370 f   ichister.obj
 0001:0007f390       _bCanInpAtomBeAStereoCenter 10080390 f   ichister.obj
 0001:0007f6b0       _bAtomHasValence3          100806b0 f   ichister.obj
 0001:0007f730       _bCanAtomHaveAStereoBond   10080730 f   ichister.obj
 0001:0007f7c0       _bCanAtomBeMiddleAllene    100807c0 f   ichister.obj
 0001:0007f850       _bCanAtomBeTerminalAllene  10080850 f   ichister.obj
 0001:0007f8e0       _GetHalfStereobond0DParity 100808e0 f   ichister.obj
 0001:0007fa90       _FixSb0DParities           10080a90 f   ichister.obj
 0001:0007ffc0       _FixUnkn0DStereoBonds      10080fc0 f   ichister.obj
 0001:00080030       _GetStereocenter0DParity   10081030 f   ichister.obj
 0001:00080140       _set_stereo_parity         10081140 f   ichister.obj
 0001:00084520       _ReconcileAllCmlBondParities 10085520 f   ichister.obj
 0001:000845c0       _ReconcileCmlIncidentBondParities 100855c0 f   ichister.obj
 0001:00084930       _get_opposite_sb_atom      10085930 f   ichister.obj
 0001:00084a20       _is_centerpoint_elem       10085a20 f   ichitaut.obj
 0001:00084ba0       _is_centerpoint_elem_KET   10085ba0 f   ichitaut.obj
 0001:00084c00       _is_centerpoint_elem_strict 10085c00 f   ichitaut.obj
 0001:00084cd0       _get_endpoint_valence      10085cd0 f   ichitaut.obj
 0001:00084dc0       _get_endpoint_valence_KET  10085dc0 f   ichitaut.obj
 0001:00084e50       _AddAtom2num               10085e50 f   ichitaut.obj
 0001:00084ef0       _AddAtom2DA                10085ef0 f   ichitaut.obj
 0001:00084ff0       _AddEndPoint               10085ff0 f   ichitaut.obj
 0001:00085060       _nGetEndpointInfo          10086060 f   ichitaut.obj
 0001:000851a0       _nGetEndpointInfo_KET      100861a0 f   ichitaut.obj
 0001:00085350       _RegisterEndPoints         10086350 f   ichitaut.obj
 0001:00085d60       _SetTautomericBonds        10086d60 f   ichitaut.obj
 0001:00085e40       _GetNeutralRepsIfNeeded    10086e40 f   ichitaut.obj
 0001:00086180       _FindAccessibleEndPoints   10087180 f   ichitaut.obj
 0001:00086760       _bCanBeACPoint             10087760 f   ichitaut.obj
 0001:00086910       _GetChargeType             10087910 f   ichitaut.obj
 0001:00086a60       _CmpCCandidates            10087a60 f   ichitaut.obj
 0001:00086a90       _RegisterCPoints           10087a90 f   ichitaut.obj
 0001:00086d00       _MarkChargeGroups          10087d00 f   ichitaut.obj
 0001:00087000       _GetSaltChargeType         10088000 f   ichitaut.obj
 0001:00087220       _bDoNotMergeNonTautAtom    10088220 f   ichitaut.obj
 0001:00087260       _GetOtherSaltChargeType    10088260 f   ichitaut.obj
 0001:00087490       _GetOtherSaltType          10088490 f   ichitaut.obj
 0001:00087610       _comp_candidates           10088610 f   ichitaut.obj
 0001:000876a0       _MarkSaltChargeGroups2     100886a0 f   ichitaut.obj
 0001:00088040       _MarkSaltChargeGroups      10089040 f   ichitaut.obj
 0001:00088500       _MergeSaltTautGroups       10089500 f   ichitaut.obj
 0001:000888e0       _MakeIsotopicHGroup        100898e0 f   ichitaut.obj
 0001:00088ba0       _MarkTautomerGroups        10089ba0 f   ichitaut.obj
 0001:0008a2e0       _free_t_group_info         1008b2e0 f   ichitaut.obj
 0001:0008a340       _make_a_copy_of_t_group_info 1008b340 f   ichitaut.obj
 0001:0008a4b0       _set_tautomer_iso_sort_keys 1008b4b0 f   ichitaut.obj
 0001:0008a520       _CountTautomerGroups       1008b520 f   ichitaut.obj
 0001:0008a930       _CompRankTautomer          1008b930 f   ichitaut.obj
 0001:0008a960       _SortTautomerGroupsAndEndpoints 1008b960 f   ichitaut.obj
 0001:0008aa20       _base26_triplet_1          1008ba20 f   ikey_base26.obj
 0001:0008aa40       _base26_triplet_2          1008ba40 f   ikey_base26.obj
 0001:0008aa70       _base26_triplet_3          1008ba70 f   ikey_base26.obj
 0001:0008aaa0       _base26_triplet_4          1008baa0 f   ikey_base26.obj
 0001:0008aad0       _base26_dublet_for_bits_28_to_36 1008bad0 f   ikey_base26.obj
 0001:0008ab00       _base26_dublet_for_bits_56_to_64 1008bb00 f   ikey_base26.obj
 0001:0008ab20       _base26_checksum           1008bb20 f   ikey_base26.obj
 0001:0008ab80       _CheckINCHIKey@4           1008bb80 f   ikey_dll.obj
 0001:0008ac90       _GetINCHIKeyFromINCHI@8    1008bc90 f   ikey_dll.obj
 0001:0008b170       _fprint_digest             1008c170 f   ikey_dll.obj
 0001:0008b1c0       _get_inchikey_flag_char    1008c1c0 f   ikey_dll.obj
 0001:0008b2f0       _decode_inchikey_flag_char 1008c2f0 f   ikey_dll.obj
 0001:0008b390       _cdecl_CheckINCHIKey       1008c390 f   ikey_dll.obj
 0001:0008b3a0       _cdecl_GetINCHIKeyFromINCHI 1008c3a0 f   ikey_dll.obj
 0001:0008b3b0       _FreeINCHI@4               1008c3b0 f   inchi_dll.obj
 0001:0008b400       _FreeStructFromINCHI@4     1008c400 f   inchi_dll.obj
 0001:0008b460       _GetINCHI@8                1008c460 f   inchi_dll.obj
 0001:0008bba0       _AddMOLfileError           1008cba0 f   inchi_dll.obj
 0001:0008bce0       _CopyMOLfile               1008cce0 f   inchi_dll.obj
 0001:0008bcf0       _SetNumImplicitH           1008ccf0 f   inchi_dll.obj
 0001:0008bd70       _FreeInpAtom               1008cd70 f   inchi_dll.obj
 0001:0008bd90       _CreateInpAtom             1008cd90 f   inchi_dll.obj
 0001:0008bdb0       _FreeInpAtomData           1008cdb0 f   inchi_dll.obj
 0001:0008bdf0       _CreateInpAtomData         1008cdf0 f   inchi_dll.obj
 0001:0008be40       _FreeCompAtomData          1008ce40 f   inchi_dll.obj
 0001:0008be70       _FreeOrigAtData            1008ce70 f   inchi_dll.obj
 0001:0008bee0       _parse_options_string      1008cee0 f   inchi_dll.obj
 0001:0008c010       _SetAtomProperties         1008d010 f   inchi_dll.obj
 0001:0008c230       _SetBondProperties         1008d230 f   inchi_dll.obj
 0001:0008c7d0       _SetAtomAndBondProperties  1008d7d0 f   inchi_dll.obj
 0001:0008cbe0       _InpAtom0DToInchiAtom      1008dbe0 f   inchi_dll.obj
 0001:0008d0a0       _ExtractOneStructure       1008e0a0 f   inchi_dll.obj
 0001:0008d3c0       _GetStringLength@4         1008e3c0 f   inchi_dll.obj
 0001:0008d3e0       _GetINCHIfromINCHI@8       1008e3e0 f   inchi_dll.obj
 0001:0008d7f0       _GetStructFromINCHI@8      1008e7f0 f   inchi_dll.obj
 0001:0008dc50       _cdecl_GetINCHI            1008ec50 f   inchi_dll.obj
 0001:0008dc60       _cdecl_FreeINCHI           1008ec60 f   inchi_dll.obj
 0001:0008dc70       _cdecl_GetStringLength     1008ec70 f   inchi_dll.obj
 0001:0008dc80       _cdecl_Get_inchi_Input_FromAuxInfo 1008ec80 f   inchi_dll.obj
 0001:0008dca0       _cdecl_Free_inchi_Input    1008eca0 f   inchi_dll.obj
 0001:0008dcb0       _cdecl_GetStructFromINCHI  1008ecb0 f   inchi_dll.obj
 0001:0008dcc0       _cdecl_GetINCHIfromINCHI   1008ecc0 f   inchi_dll.obj
 0001:0008dcd0       _cdecl_FreeStructFromINCHI 1008ecd0 f   inchi_dll.obj
 0001:0008dce0       _INCHIGEN_Create@0         1008ece0 f   inchi_dll_a.obj
 0001:0008ddb0       _INCHIGEN_Setup@12         1008edb0 f   inchi_dll_a.obj
 0001:0008e0a0       _INCHIGEN_DoNormalization@8 1008f0a0 f   inchi_dll_a.obj
 0001:0008e3e0       _INCHIGEN_DoCanonicalization@8 1008f3e0 f   inchi_dll_a.obj
 0001:0008e5c0       _INCHIGEN_DoSerialization@12 1008f5c0 f   inchi_dll_a.obj
 0001:0008ead0       _INCHIGEN_Reset@12         1008fad0 f   inchi_dll_a.obj
 0001:0008ee20       _INCHIGEN_Destroy@4        1008fe20 f   inchi_dll_a.obj
 0001:0008ee50       _cdecl_INCHIGEN_Create     1008fe50 f   inchi_dll_a.obj
 0001:0008ee60       _cdecl_INCHIGEN_Setup      1008fe60 f   inchi_dll_a.obj
 0001:0008ee80       _cdecl_INCHIGEN_DoNormalization 1008fe80 f   inchi_dll_a.obj
 0001:0008ee90       _cdecl_INCHIGEN_DoCanonicalization 1008fe90 f   inchi_dll_a.obj
 0001:0008eea0       _cdecl_INCHIGEN_DoSerialization 1008fea0 f   inchi_dll_a.obj
 0001:0008eec0       _cdecl_INCHIGEN_Reset      1008fec0 f   inchi_dll_a.obj
 0001:0008eee0       _cdecl_INCHIGEN_Destroy    1008fee0 f   inchi_dll_a.obj
 0001:0008eef0       _NormOneStructureINChI     1008fef0 f   inchi_dll_a2.obj
 0001:0008f560       _CanonOneStructureINChI    10090560 f   inchi_dll_a2.obj
 0001:0008f720       _NormOneComponentINChI     10090720 f   inchi_dll_a2.obj
 0001:0008fc70       _CanonOneComponentINChI    10090c70 f   inchi_dll_a2.obj
 0001:000900f0       _Normalization_step        100910f0 f   inchi_dll_a2.obj
 0001:00090920       _Canonicalization_step     10091920 f   inchi_dll_a2.obj
 0001:00090fe0       _CreateCompositeNormAtom   10091fe0 f   inchi_dll_a2.obj
 0001:00091640       _CreateCompAtomData        10092640 f   inchi_dll_a2.obj
 0001:000916b0       _FillOutINChIReducedWarn   100926b0 f   inchi_dll_a2.obj
 0001:00092900       _make_norm_atoms_from_inp_atoms 10093900 f   inchi_dll_a2.obj
 0001:00092970       _GetMaxPrintfLength        10093970 f   runichi.obj
 0001:00092d50       _inchi_print               10093d50 f   runichi.obj
 0001:00092e20       _inchi_print_nodisplay     10093e20 f   runichi.obj
 0001:00092ef0       _my_fprintf                10093ef0 f   runichi.obj
 0001:00092fc0       _my_fileprintf             10093fc0 f   runichi.obj
 0001:00093040       _ErrMsg                    10094040 f   runichi.obj
 0001:00093190       _SortAndPrintINChI         10094190 f   runichi.obj
 0001:00093760       _FreeAllINChIArrays        10094760 f   runichi.obj
 0001:000937d0       _FreeINChIArrays           100947d0 f   runichi.obj
 0001:00093830       _TreatReadTheStructureErrors 10094830 f   runichi.obj
 0001:00093d70       _GetOneComponent           10094d70 f   runichi.obj
 0001:00093f00       _GetProcessingWarningsOneINChI 10094f00 f   runichi.obj
 0001:00093f90       _GetProcessingWarnings     10094f90 f   runichi.obj
 0001:00093ff0       _CreateOneComponentINChI   10094ff0 f   runichi.obj
 0001:000944a0       _TreatCreateOneComponentINChIError 100954a0 f   runichi.obj
 0001:00094640       _TreatCreateINChIWarning   10095640 f   runichi.obj
 0001:00094780       _DuplicateOrigAtom         10095780 f   runichi.obj
 0001:00094960       _bCheckUnusualValences     10095960 f   runichi.obj
 0001:00094ad0       _PreprocessOneStructure    10095ad0 f   runichi.obj
 0001:00094ff0       _ProcessOneStructure       10095ff0 f   runichi.obj
 0001:000954f0       _bIsStructChiral           100964f0 f   runichi.obj
 0001:000955b0       _CreateOneStructureINChI   100965b0 f   runichi.obj
 0001:00095c70       _sha2_starts               10096c70 f   sha2.obj
 0001:00095cc0       _sha2_update               10096cc0 f   sha2.obj
 0001:00099e70       _sha2_finish               1009ae70 f   sha2.obj
 0001:0009a010       _sha2_file                 1009b010 f   sha2.obj
 0001:0009a0b0       _sha2_csum                 1009b0b0 f   sha2.obj
 0001:0009a0f0       _sha2_hmac                 1009b0f0 f   sha2.obj
 0001:0009a200       _sha2_self_test            1009b200 f   sha2.obj
 0001:0009a210       _the_only_doublet_neigh    1009b210 f   strutil.obj
 0001:0009a2e0       _fix_odd_things            1009b2e0 f   strutil.obj
 0001:0009ad00       _post_fix_odd_things       1009bd00 f   strutil.obj
 0001:0009ad10       _nFindOneOM                1009bd10 f   strutil.obj
 0001:0009af30       _remove_ion_pairs          1009bf30 f   strutil.obj
 0001:0009d990       _RemoveInpAtBond           1009e990 f   strutil.obj
 0001:0009dea0       _DisconnectInpAtBond       1009eea0 f   strutil.obj
 0001:0009df70       _bIsAmmoniumSalt           1009ef70 f   strutil.obj
 0001:0009e260       _DisconnectAmmoniumSalt    1009f260 f   strutil.obj
 0001:0009e510       _bIsMetalSalt              1009f510 f   strutil.obj
 0001:0009e800       _DisconnectMetalSalt       1009f800 f   strutil.obj
 0001:0009e8c0       _DisconnectSalts           1009f8c0 f   strutil.obj
 0001:0009e9a0       _bIsMetalToDisconnect      1009f9a0 f   strutil.obj
 0001:0009ea60       _bMayDisconnectMetals      1009fa60 f   strutil.obj
 0001:0009eb80       _DisconnectMetals          1009fb80 f   strutil.obj
 0001:0009f140       _DisconnectOneLigand       100a0140 f   strutil.obj
 0001:0009f480       _dist3D                    100a0480 f   strutil.obj
 0001:0009f4c0       _GetMinDistDistribution    100a04c0 f   strutil.obj
 0001:0009fb50       _move_explicit_Hcation     100a0b50 f   strutil.obj
 0001:000a00b0       _get_iat_number            100a10b0 f   strutil.obj
 0001:000a00e0       _bHeteroAtomMayHaveXchgIsoH 100a10e0 f   strutil.obj
 0001:000a02f0       _bNumHeterAtomHasIsotopicH 100a12f0 f   strutil.obj
 0001:000a05d0       _cmp_components            100a15d0 f   strutil.obj
 0001:000a0600       _MarkDisconnectedComponents 100a1600 f   strutil.obj
 0001:000a0a10       _ExtractConnectedComponent 100a1a10 f   strutil.obj
 0001:000a0ae0       _SetConnectedComponentNumber 100a1ae0 f   strutil.obj
 0001:000a0b10       _Free_INChI_Stereo         100a1b10 f   strutil.obj
 0001:000a0bb0       _Alloc_INChI_Stereo        100a1bb0 f   strutil.obj
 0001:000a0c70       _Free_INChI                100a1c70 f   strutil.obj
 0001:000a0cb0       _Free_INChI_Members        100a1cb0 f   strutil.obj
 0001:000a0db0       _Alloc_INChI               100a1db0 f   strutil.obj
 0001:000a1010       _Free_INChI_Aux            100a2010 f   strutil.obj
 0001:000a1110       _Alloc_INChI_Aux           100a2110 f   strutil.obj
 0001:000a12d0       _WriteOrigAtomDataToSDfile 100a22d0 f   strutil.obj
 0001:000a2120       _GetElementFormulaFromAtNum 100a3120 f   util.obj
 0001:000a2190       _get_el_number             100a3190 f   util.obj
 0001:000a2200       _get_periodic_table_number 100a3200 f   util.obj
 0001:000a2230       _do_not_add_H              100a3230 f   util.obj
 0001:000a2250       _get_el_valence            100a3250 f   util.obj
 0001:000a2290       _get_unusual_el_valence    100a3290 f   util.obj
 0001:000a2360       _needed_unusual_el_valence 100a3360 f   util.obj
 0001:000a24c0       _detect_unusual_el_valence 100a34c0 f   util.obj
 0001:000a2570       _get_el_type               100a3570 f   util.obj
 0001:000a2580       _is_el_a_metal             100a3580 f   util.obj
 0001:000a25a0       _extract_ChargeRadical     100a35a0 f   util.obj
 0001:000a2720       _extract_H_atoms           100a3720 f   util.obj
 0001:000a2850       _get_num_H                 100a3850 f   util.obj
 0001:000a2a20       _get_atw_from_elnum        100a3a20 f   util.obj
 0001:000a2a50       _mystrncpy                 100a3a50 f   util.obj
 0001:000a2ac0       _LtrimRtrim                100a3ac0 f   util.obj
 0001:000a2ba0       _is_in_the_list            100a3ba0 f   util.obj
 0001:000a2bd0       _nBondsValToMetal          100a3bd0 f   util.obj
 0001:000a2c50       _num_of_H                  100a3c50 f   util.obj
 0001:000a2cf0       _has_other_ion_neigh       100a3cf0 f   util.obj
 0001:000a2da0       _has_other_ion_in_sphere_2 100a3da0 f   util.obj
 0001:000a2f30       _nNoMetalNumBonds          100a3f30 f   util.obj
 0001:000a30d0       _nNoMetalBondsValence      100a40d0 f   util.obj
 0001:000a3240       _nNoMetalNeighIndex        100a4240 f   util.obj
 0001:000a32a0       _nNoMetalOtherNeighIndex   100a42a0 f   util.obj
 0001:000a3310       _nNoMetalOtherNeighIndex2  100a4310 f   util.obj
 0001:000a3390       _memmove                   100a4390 f   LIBCMT:memmove.obj
 0001:000a36c5       _free                      100a46c5 f   LIBCMT:free.obj
 0001:000a370d       _calloc                    100a470d f   LIBCMT:calloc.obj
 0001:000a37a0       _memchr                    100a47a0 f   LIBCMT:memchr.obj
 0001:000a3860       _strchr                    100a4860 f   LIBCMT:strchr.obj
 0001:000a3866       ___from_strstr_to_strchr   100a4866 f   LIBCMT:strchr.obj
 0001:000a391c       _malloc                    100a491c f   LIBCMT:malloc.obj
 0001:000a392e       __nh_malloc                100a492e f   LIBCMT:malloc.obj
 0001:000a395a       __heap_alloc               100a495a f   LIBCMT:malloc.obj
 0001:000a39a8       _qsort                     100a49a8 f   LIBCMT:qsort.obj
 0001:000a3b76       __fpmath                   100a4b76 f   LIBCMT:fpinit.obj
 0001:000a3b8d       __fpclear                  100a4b8d f   LIBCMT:fpinit.obj
 0001:000a3b8e       __cfltcvt_init             100a4b8e f   LIBCMT:fpinit.obj
 0001:000a3bd0       _strstr                    100a4bd0 f   LIBCMT:strstr.obj
 0001:000a3c50       _clock                     100a4c50 f   LIBCMT:clock.obj
 0001:000a3c93       ___inittime                100a4c93 f   LIBCMT:clock.obj
 0001:000a3cc8       __isctype                  100a4cc8 f   LIBCMT:isctype.obj
 0001:000a3d40       _strrchr                   100a4d40 f   LIBCMT:strrchr.obj
 0001:000a3d67       _strtod                    100a4d67 f   LIBCMT:strtod.obj
 0001:000a3e20       _strspn                    100a4e20 f   LIBCMT:strspn.obj
 0001:000a3e5e       _strtol                    100a4e5e f   LIBCMT:strtol.obj
 0001:000a407a       _sprintf                   100a507a f   LIBCMT:sprintf.obj
 0001:000a40d0       _strncpy                   100a50d0 f   LIBCMT:strncpy.obj
 0001:000a41ce       __dosmaperr                100a51ce f   LIBCMT:dosmap.obj
 0001:000a4241       __errno                    100a5241 f   LIBCMT:dosmap.obj
 0001:000a424a       ___doserrno                100a524a f   LIBCMT:dosmap.obj
 0001:000a4253       _toupper                   100a5253 f   LIBCMT:toupper.obj
 0001:000a42c2       __toupper_lk               100a52c2 f   LIBCMT:toupper.obj
 0001:000a4390       __ftol                     100a5390 f   LIBCMT:ftol.obj
 0001:000a43c0       _strcspn                   100a53c0 f   LIBCMT:strcspn.obj
 0001:000a4400       __chkstk                   100a5400 f   LIBCMT:chkstk.obj
 0001:000a4400       __alloca_probe             100a5400 f   LIBCMT:chkstk.obj
 0001:000a442f       _floor                     100a542f f   LIBCMT:floor.obj
 0001:000a44fe       _fprintf                   100a54fe f   LIBCMT:fprintf.obj
 0001:000a453a       _atol                      100a553a f   LIBCMT:atox.obj
 0001:000a45c5       _atoi                      100a55c5 f   LIBCMT:atox.obj
 0001:000a45d0       _vsprintf                  100a55d0 f   LIBCMT:vsprintf.obj
 0001:000a4621       _vfprintf                  100a5621 f   LIBCMT:vfprintf.obj
 0001:000a465c       ___initstdio               100a565c f   LIBCMT:_file.obj
 0001:000a4704       ___endstdio                100a5704 f   LIBCMT:_file.obj
 0001:000a4718       __lock_file                100a5718 f   LIBCMT:_file.obj
 0001:000a4747       __lock_file2               100a5747 f   LIBCMT:_file.obj
 0001:000a476a       __unlock_file              100a576a f   LIBCMT:_file.obj
 0001:000a4799       __unlock_file2             100a5799 f   LIBCMT:_file.obj
 0001:000a47bc       _fclose                    100a57bc f   LIBCMT:fclose.obj
 0001:000a47ed       __fclose_lk                100a57ed f   LIBCMT:fclose.obj
 0001:000a4839       _fread                     100a5839 f   LIBCMT:fread.obj
 0001:000a4868       __fread_lk                 100a5868 f   LIBCMT:fread.obj
 0001:000a4950       __fsopen                   100a5950 f   LIBCMT:fopen.obj
 0001:000a4981       _fopen                     100a5981 f   LIBCMT:fopen.obj
 0001:000a49a0       _strpbrk                   100a59a0 f   LIBCMT:strpbrk.obj
 0001:000a49da       __CRT_INIT@12              100a59da f   LIBCMT:dllcrt0.obj
 0001:000a4ab3       __DllMainCRTStartup@12     100a5ab3 f   LIBCMT:dllcrt0.obj
 0001:000a4b50       __amsg_exit                100a5b50 f   LIBCMT:dllcrt0.obj
 0001:000a4b83       __heap_init                100a5b83 f   LIBCMT:heapinit.obj
 0001:000a4bbf       __heap_term                100a5bbf f   LIBCMT:heapinit.obj
 0001:000a4c34       __mtinitlocks              100a5c34 f   LIBCMT:mlock.obj
 0001:000a4c5d       __mtdeletelocks            100a5c5d f   LIBCMT:mlock.obj
 0001:000a4cc9       __lock                     100a5cc9 f   LIBCMT:mlock.obj
 0001:000a4d2a       __unlock                   100a5d2a f   LIBCMT:mlock.obj
 0001:000a4d3f       ___sbh_heap_init           100a5d3f f   LIBCMT:sbheap.obj
 0001:000a4d7d       ___sbh_find_block          100a5d7d f   LIBCMT:sbheap.obj
 0001:000a4da8       ___sbh_free_block          100a5da8 f   LIBCMT:sbheap.obj
 0001:000a50d3       ___sbh_alloc_block         100a60d3 f   LIBCMT:sbheap.obj
 0001:000a53dc       ___sbh_alloc_new_region    100a63dc f   LIBCMT:sbheap.obj
 0001:000a548d       ___sbh_alloc_new_group     100a648d f   LIBCMT:sbheap.obj
 0001:000a5590       _memset                    100a6590 f   LIBCMT:memset.obj
 0001:000a55e8       __callnewh                 100a65e8 f   LIBCMT:handler.obj
 0001:000a5603       __setdefaultprecision      100a6603 f   LIBCMT:fp8.obj
 0001:000a5615       __ms_p5_test_fdiv          100a6615 f   LIBCMT:testfdiv.obj
 0001:000a5653       __ms_p5_mp_test_fdiv       100a6653 f   LIBCMT:testfdiv.obj
 0001:000a567c       __forcdecpt                100a667c f   LIBCMT:cvt.obj
 0001:000a56d6       __cropzeros                100a66d6 f   LIBCMT:cvt.obj
 0001:000a5724       __positive                 100a6724 f   LIBCMT:cvt.obj
 0001:000a573c       __fassign                  100a673c f   LIBCMT:cvt.obj
 0001:000a577a       __cftoe                    100a677a f   LIBCMT:cvt.obj
 0001:000a589d       __cftof                    100a689d f   LIBCMT:cvt.obj
 0001:000a5999       __cftog                    100a6999 f   LIBCMT:cvt.obj
 0001:000a5a2c       __cfltcvt                  100a6a2c f   LIBCMT:cvt.obj
 0001:000a5ab0       __aulldiv                  100a6ab0 f   LIBCMT:ulldiv.obj
 0001:000a5b20       __allmul                   100a6b20 f   LIBCMT:llmul.obj
 0001:000a5b54       ___crtGetStringTypeA       100a6b54 f   LIBCMT:a_str.obj
 0001:000a5ca0       __fltin2                   100a6ca0 f   LIBCMT:cfin.obj
 0001:000a5d20       _strlen                    100a6d20 f   LIBCMT:strlen.obj
 0001:000a5d9b       __flsbuf                   100a6d9b f   LIBCMT:_flsbuf.obj
 0001:000a5eb3       __output                   100a6eb3 f   LIBCMT:output.obj
 0001:000a66bd       __mtinit                   100a76bd f   LIBCMT:tidtable.obj
 0001:000a6711       __mtterm                   100a7711 f   LIBCMT:tidtable.obj
 0001:000a672f       __initptd                  100a772f f   LIBCMT:tidtable.obj
 0001:000a6742       __getptd                   100a7742 f   LIBCMT:tidtable.obj
 0001:000a67a9       __freeptd                  100a77a9 f   LIBCMT:tidtable.obj
 0001:000a6849       ___crtLCMapStringA         100a7849 f   LIBCMT:a_map.obj
 0001:000a6a98       __handle_qnan1             100a7a98 f   LIBCMT:fpexcept.obj
 0001:000a6aec       __except1                  100a7aec f   LIBCMT:fpexcept.obj
 0001:000a6b84       __raise_exc                100a7b84 f   LIBCMT:fpexcept.obj
 0001:000a6e37       __handle_exc               100a7e37 f   LIBCMT:fpexcept.obj
 0001:000a704e       __umatherr                 100a804e f   LIBCMT:fpexcept.obj
 0001:000a70d6       __set_errno                100a80d6 f   LIBCMT:fpexcept.obj
 0001:000a7123       __errcode                  100a8123 f   LIBCMT:fpexcept.obj
 0001:000a7150       __frnd                     100a8150 f   LIBCMT:frnd.obj
 0001:000a7162       __set_exp                  100a8162 f   LIBCMT:util.obj
 0001:000a718b       __sptype                   100a818b f   LIBCMT:util.obj
 0001:000a71e5       __decomp                   100a81e5 f   LIBCMT:util.obj
 0001:000a72a6       __statfp                   100a82a6 f   LIBCMT:fpctrl.obj
 0001:000a72b4       __clrfp                    100a82b4 f   LIBCMT:fpctrl.obj
 0001:000a72c3       __ctrlfp                   100a82c3 f   LIBCMT:fpctrl.obj
 0001:000a72e6       __set_statfp               100a82e6 f   LIBCMT:fpctrl.obj
 0001:000a733c       __stbuf                    100a833c f   LIBCMT:_sftbuf.obj
 0001:000a73c9       __ftbuf                    100a83c9 f   LIBCMT:_sftbuf.obj
 0001:000a73f3       __ioinit                   100a83f3 f   LIBCMT:ioinit.obj
 0001:000a75af       __ioterm                   100a85af f   LIBCMT:ioinit.obj
 0001:000a7603       __fcloseall                100a8603 f   LIBCMT:closeall.obj
 0001:000a7684       __cinit                    100a8684 f   LIBCMT:crt0dat.obj
 0001:000a76b1       __exit                     100a86b1 f   LIBCMT:crt0dat.obj
 0001:000a76c2       __cexit                    100a86c2 f   LIBCMT:crt0dat.obj
 0001:000a7776       __lockexit                 100a8776 f   LIBCMT:crt0dat.obj
 0001:000a777f       __unlockexit               100a877f f   LIBCMT:crt0dat.obj
 0001:000a77a2       __fflush_lk                100a87a2 f   LIBCMT:fflush.obj
 0001:000a77d0       __flush                    100a87d0 f   LIBCMT:fflush.obj
 0001:000a782c       __flushall                 100a882c f   LIBCMT:fflush.obj
 0001:000a78d9       __close                    100a88d9 f   LIBCMT:close.obj
 0001:000a7936       __close_lk                 100a8936 f   LIBCMT:close.obj
 0001:000a79b9       __freebuf                  100a89b9 f   LIBCMT:_freebuf.obj
 0001:000a79e4       __filbuf                   100a89e4 f   LIBCMT:_filbuf.obj
 0001:000a7ac0       __read                     100a8ac0 f   LIBCMT:read.obj
 0001:000a7b25       __read_lk                  100a8b25 f   LIBCMT:read.obj
 0001:000a7d00       _memcpy                    100a8d00 f   LIBCMT:memcpy.obj
 0001:000a8035       __openfile                 100a9035 f   LIBCMT:_open.obj
 0001:000a81a5       __getstream                100a91a5 f   LIBCMT:stream.obj
 0001:000a826d       __setenvp                  100a926d f   LIBCMT:stdenvp.obj
 0001:000a8326       __setargv                  100a9326 f   LIBCMT:stdargv.obj
 0001:000a8573       ___crtGetEnvironmentStringsA 100a9573 f   LIBCMT:a_env.obj
 0001:000a86a5       _DllMain@12                100a96a5 f   LIBCMT:dllmain.obj
 0001:000a86ab       __FF_MSGBANNER             100a96ab f   LIBCMT:crt0msg.obj
 0001:000a86e4       __NMSG_WRITE               100a96e4 f   LIBCMT:crt0msg.obj
 0001:000a8837       __control87                100a9837 f   LIBCMT:ieee87.obj
 0001:000a886c       __controlfp                100a986c f   LIBCMT:ieee87.obj
 0001:000a899d       _tolower                   100a999d f   LIBCMT:tolower.obj
 0001:000a8a0c       __tolower_lk               100a9a0c f   LIBCMT:tolower.obj
 0001:000a8ad7       __ZeroTail                 100a9ad7 f   LIBCMT:intrncvt.obj
 0001:000a8b20       __IncMan                   100a9b20 f   LIBCMT:intrncvt.obj
 0001:000a8b76       __RoundMan                 100a9b76 f   LIBCMT:intrncvt.obj
 0001:000a8c02       __CopyMan                  100a9c02 f   LIBCMT:intrncvt.obj
 0001:000a8c1d       __FillZeroMan              100a9c1d f   LIBCMT:intrncvt.obj
 0001:000a8c29       __IsZeroMan                100a9c29 f   LIBCMT:intrncvt.obj
 0001:000a8c44       __ShrMan                   100a9c44 f   LIBCMT:intrncvt.obj
 0001:000a8cd1       __ld12cvt                  100a9cd1 f   LIBCMT:intrncvt.obj
 0001:000a8e3d       __ld12tod                  100a9e3d f   LIBCMT:intrncvt.obj
 0001:000a8e53       __ld12tof                  100a9e53 f   LIBCMT:intrncvt.obj
 0001:000a8e69       __atodbl                   100a9e69 f   LIBCMT:intrncvt.obj
 0001:000a8e96       __atoflt                   100a9e96 f   LIBCMT:intrncvt.obj
 0001:000a8ec3       __fptostr                  100a9ec3 f   LIBCMT:_fptostr.obj
 0001:000a8f3a       __fltout2                  100a9f3a f   LIBCMT:cfout.obj
 0001:000a8f96       ___dtold                   100a9f96 f   LIBCMT:cfout.obj
 0001:000a9050       _strcpy                    100aa050 f   LIBCMT:strcat.obj
 0001:000a9060       _strcat                    100aa060 f   LIBCMT:strcat.obj
 0001:000a9140       __fptrap                   100aa140 f   LIBCMT:crt0fp.obj
 0001:000a914c       __global_unwind2           100aa14c f   LIBCMT:exsup.obj
 0001:000a918e       __local_unwind2            100aa18e f   LIBCMT:exsup.obj
 0001:000a91e6       __NLG_Return2              100aa1e6 f   LIBCMT:exsup.obj
 0001:000a91f6       __abnormal_termination     100aa1f6 f   LIBCMT:exsup.obj
 0001:000a9219       __NLG_Notify1              100aa219 f   LIBCMT:exsup.obj
 0001:000a9222       __NLG_Notify               100aa222 f   LIBCMT:exsup.obj
 0001:000a9235       __NLG_Dispatch             100aa235 f   LIBCMT:exsup.obj
 0001:000a9244       __except_handler3          100aa244 f   LIBCMT:exsup3.obj
 0001:000a9301       __seh_longjmp_unwind@4     100aa301 f   LIBCMT:exsup3.obj
 0001:000a931c       ___strgtold12              100aa31c f   LIBCMT:strgtold.obj
 0001:000a97ed       __lseek                    100aa7ed f   LIBCMT:lseek.obj
 0001:000a9852       __lseek_lk                 100aa852 f   LIBCMT:lseek.obj
 0001:000a98c5       __write                    100aa8c5 f   LIBCMT:write.obj
 0001:000a992a       __write_lk                 100aa92a f   LIBCMT:write.obj
 0001:000a9ab5       __getbuf                   100aaab5 f   LIBCMT:_getbuf.obj
 0001:000a9af9       __isatty                   100aaaf9 f   LIBCMT:isatty.obj
 0001:000a9b22       _wctomb                    100aab22 f   LIBCMT:wctomb.obj
 0001:000a9b7b       __wctomb_lk                100aab7b f   LIBCMT:wctomb.obj
 0001:000a9bf0       __aullrem                  100aabf0 f   LIBCMT:ullrem.obj
 0001:000a9c70       _strcmp                    100aac70 f   LIBCMT:strcmp.obj
 0001:000a9d00       _strncmp                   100aad00 f   LIBCMT:strncmp.obj
 0001:000a9d38       __matherr                  100aad38 f   LIBCMT:matherr.obj
 0001:000a9d3b       __commit                   100aad3b f   LIBCMT:commit.obj
 0001:000a9dce       __alloc_osfhnd             100aadce f   LIBCMT:osfinfo.obj
 0001:000a9ef1       __set_osfhnd               100aaef1 f   LIBCMT:osfinfo.obj
 0001:000a9f6d       __free_osfhnd              100aaf6d f   LIBCMT:osfinfo.obj
 0001:000a9fec       __get_osfhandle            100aafec f   LIBCMT:osfinfo.obj
 0001:000aa02e       __lock_fhandle             100ab02e f   LIBCMT:osfinfo.obj
 0001:000aa08d       __unlock_fhandle           100ab08d f   LIBCMT:osfinfo.obj
 0001:000aa0af       __sopen                    100ab0af f   LIBCMT:open.obj
 0001:000aa37e       __setmbcp                  100ab37e f   LIBCMT:mbctype.obj
 0001:000aa756       ___initmbctable            100ab756 f   LIBCMT:mbctype.obj
 0001:000aa772       ___crtMessageBoxA          100ab772 f   LIBCMT:crtmbox.obj
 0001:000aa7fb       ___addl                    100ab7fb f   LIBCMT:mantold.obj
 0001:000aa81c       ___add_12                  100ab81c f   LIBCMT:mantold.obj
 0001:000aa87a       ___shl_12                  100ab87a f   LIBCMT:mantold.obj
 0001:000aa8a8       ___shr_12                  100ab8a8 f   LIBCMT:mantold.obj
 0001:000aa8d5       ___mtold12                 100ab8d5 f   LIBCMT:mantold.obj
 0001:000aa99c       _$I10_OUTPUT               100ab99c f   LIBCMT:x10fout.obj
 0001:000aac2f       ___ld12mul                 100abc2f f   LIBCMT:tenpow.obj
 0001:000aae4f       ___multtenpow12            100abe4f f   LIBCMT:tenpow.obj
 0001:000aaed0       __strcmpi                  100abed0 f   LIBCMT:stricmp.obj
 0001:000aaed0       __stricmp                  100abed0 f   LIBCMT:stricmp.obj
 0001:000aaed0       _stricmp                   100abed0 f   LIBCMT:stricmp.obj
 0001:000aafa0       __strnicmp                 100abfa0 f   LIBCMT:strnicmp.obj
 0001:000ab0a1       __chsize_lk                100ac0a1 f   LIBCMT:chsize.obj
 0001:000ab1c6       __setmode_lk               100ac1c6 f   LIBCMT:setmode.obj
 0001:000ab230       _RtlUnwind@16              100ac230 f   kernel32:KERNEL32.dll
 0001:000ab240       _memicmp                   100ac240 f   LIBCMT:memicmp.obj
 0001:000ab240       __memicmp                  100ac240 f   LIBCMT:memicmp.obj
 0002:00000000       __imp__HeapFree@12         100ad000     kernel32:KERNEL32.dll
 0002:00000004       __imp__HeapAlloc@12        100ad004     kernel32:KERNEL32.dll
 0002:00000008       __imp__GetSystemTimeAsFileTime@4 100ad008     kernel32:KERNEL32.dll
 0002:0000000c       __imp__InterlockedDecrement@4 100ad00c     kernel32:KERNEL32.dll
 0002:00000010       __imp__InterlockedIncrement@4 100ad010     kernel32:KERNEL32.dll
 0002:00000014       __imp__EnterCriticalSection@4 100ad014     kernel32:KERNEL32.dll
 0002:00000018       __imp__LeaveCriticalSection@4 100ad018     kernel32:KERNEL32.dll
 0002:0000001c       __imp__GetCommandLineA@0   100ad01c     kernel32:KERNEL32.dll
 0002:00000020       __imp__GetVersion@0        100ad020     kernel32:KERNEL32.dll
 0002:00000024       __imp__HeapDestroy@4       100ad024     kernel32:KERNEL32.dll
 0002:00000028       __imp__HeapCreate@12       100ad028     kernel32:KERNEL32.dll
 0002:0000002c       __imp__VirtualFree@12      100ad02c     kernel32:KERNEL32.dll
 0002:00000030       __imp__InitializeCriticalSection@4 100ad030     kernel32:KERNEL32.dll
 0002:00000034       __imp__DeleteCriticalSection@4 100ad034     kernel32:KERNEL32.dll
 0002:00000038       __imp__ExitProcess@4       100ad038     kernel32:KERNEL32.dll
 0002:0000003c       __imp__VirtualAlloc@16     100ad03c     kernel32:KERNEL32.dll
 0002:00000040       __imp__HeapReAlloc@16      100ad040     kernel32:KERNEL32.dll
 0002:00000044       __imp__GetProcAddress@8    100ad044     kernel32:KERNEL32.dll
 0002:00000048       __imp__GetModuleHandleA@4  100ad048     kernel32:KERNEL32.dll
 0002:0000004c       __imp__MultiByteToWideChar@24 100ad04c     kernel32:KERNEL32.dll
 0002:00000050       __imp__GetStringTypeA@20   100ad050     kernel32:KERNEL32.dll
 0002:00000054       __imp__GetStringTypeW@16   100ad054     kernel32:KERNEL32.dll
 0002:00000058       __imp__GetCurrentThreadId@0 100ad058     kernel32:KERNEL32.dll
 0002:0000005c       __imp__TlsSetValue@8       100ad05c     kernel32:KERNEL32.dll
 0002:00000060       __imp__TlsAlloc@0          100ad060     kernel32:KERNEL32.dll
 0002:00000064       __imp__TlsFree@4           100ad064     kernel32:KERNEL32.dll
[...]
 0003:00016230       ___lconv                   100c7230     LIBCMT:lconv.obj
 0003:00016240       __pow10pos                 100c7240     LIBCMT:constpow.obj
 0003:000163a0       __pow10neg                 100c73a0     LIBCMT:constpow.obj
 0003:000164fc       __timezone                 100c74fc     LIBCMT:timeset.obj
 0003:00016500       __daylight                 100c7500     LIBCMT:timeset.obj
 0003:00016504       __dstbias                  100c7504     LIBCMT:timeset.obj
 0003:00016588       __tzname                   100c7588     LIBCMT:timeset.obj
 0003:000165ac       __lpdays                   100c75ac     LIBCMT:days.obj
 0003:000165e0       __days                     100c75e0     LIBCMT:days.obj
 0003:00016664       _MaxPositiveClock          100c7664     ichicano.obj
 0003:00016668       _MinNegativeClock          100c7668     ichicano.obj
 0003:0001666c       _HalfMaxPositiveClock      100c766c     ichicano.obj
 0003:00016670       _HalfMinNegativeClock      100c7670     ichicano.obj
 0003:000168b0       _bInterrupted              100c78b0     inchi_dll.obj
 0003:000168b4       _bLibInchiSemaphore        100c78b4     inchi_dll.obj
 0003:000168d0       _dummy_inchi_dll_main      100c78d0     inchi_dll_main.obj
 0003:00016914       _ConsoleQuit               100c7914     runichi.obj
 0003:00016918       _UserAction                100c7918     runichi.obj
 0003:00016a00       ___fastflag                100c7a00     LIBCMT:fpinit.obj
 0003:00016a04       __adjust_fdiv              100c7a04     LIBCMT:fpinit.obj
 0003:00016a10       __cflush                   100c7a10     LIBCMT:_file.obj
 0003:00016a18       __aenvptr                  100c7a18     LIBCMT:dllcrt0.obj
 0003:00016a1c       __wenvptr                  100c7a1c     LIBCMT:dllcrt0.obj
 0003:00016a20       ___error_mode              100c7a20     LIBCMT:dllcrt0.obj
 0003:00016a24       ___app_type                100c7a24     LIBCMT:dllcrt0.obj
 0003:00016a88       ?_pnhHeap@@3P6AHI@ZA       100c7a88     LIBCMT:handler.obj
 0003:00016a8c       __newmode                  100c7a8c     LIBCMT:_newmode.obj
 0003:00016aa0       ___lc_handle               100c7aa0     LIBCMT:nlsdata2.obj
 0003:00016ab8       ___lc_codepage             100c7ab8     LIBCMT:nlsdata2.obj
 0003:00016abc       ___lc_collate_cp           100c7abc     LIBCMT:nlsdata2.obj
 0003:00016ac4       __stdbuf                   100c7ac4     LIBCMT:_sftbuf.obj
 0003:00016acc       __umaskval                 100c7acc     LIBCMT:crt0dat.obj
 0003:00016ad0       __osver                    100c7ad0     LIBCMT:crt0dat.obj
 0003:00016ad4       __winver                   100c7ad4     LIBCMT:crt0dat.obj
 0003:00016ad8       __winmajor                 100c7ad8     LIBCMT:crt0dat.obj
 0003:00016adc       __winminor                 100c7adc     LIBCMT:crt0dat.obj
 0003:00016ae0       ___argc                    100c7ae0     LIBCMT:crt0dat.obj
 0003:00016ae4       ___argv                    100c7ae4     LIBCMT:crt0dat.obj
 0003:00016ae8       ___wargv                   100c7ae8     LIBCMT:crt0dat.obj
 0003:00016aec       __environ                  100c7aec     LIBCMT:crt0dat.obj
 0003:00016af0       ___initenv                 100c7af0     LIBCMT:crt0dat.obj
 0003:00016af4       __wenviron                 100c7af4     LIBCMT:crt0dat.obj
 0003:00016af8       ___winitenv                100c7af8     LIBCMT:crt0dat.obj
 0003:00016afc       __pgmptr                   100c7afc     LIBCMT:crt0dat.obj
 0003:00016b00       __wpgmptr                  100c7b00     LIBCMT:crt0dat.obj
 0003:00016b04       __exitflag                 100c7b04     LIBCMT:crt0dat.obj
 0003:00016b08       __C_Termination_Done       100c7b08     LIBCMT:crt0dat.obj
 0003:00016b0c       __C_Exit_Done              100c7b0c     LIBCMT:crt0dat.obj
 0003:00016c18       __adbgmsg                  100c7c18     LIBCMT:crt0msg.obj
 0003:00016c1c       ___lc_time_intl            100c7c1c     LIBCMT:inittime.obj
 0003:00016c38       ___lc_id                   100c7c38     LIBCMT:nlsdata3.obj
 0003:00016c80       __commode                  100c7c80     LIBCMT:ncommode.obj
 0003:00016cb0       ___lconv_static_null       100c7cb0     LIBCMT:lconv.obj
 0003:00016cb8       __fmode                    100c7cb8     LIBCMT:txtmode.obj
 0003:00016d88       _pn_tRankForSort           100c7d88     <common>
 0003:00016da0       _VER_STRING                100c7da0     <common>
 0003:00016de0       _nMaxAtNeighRankForSort    100c7de0     <common>
 0003:00016de4       _pAtomInvariant2ForSort    100c7de4     <common>
 0003:00016de8       _pNeighborsForSort         100c7de8     <common>
 0003:00016dec       _pNeighList_RankForSort    100c7dec     <common>
 0003:00016df0       _pn_RankForSort            100c7df0     <common>
 0003:00016df4       _nNumCompNeighborsRanksCountEql 100c7df4     <common>
 0003:00016df8       _rank_mask_bit             100c7df8     <common>
 0003:00016dfa       _rank_mark_bit             100c7dfa     <common>
 0003:00016dfc       ___mbcodepage              100c7dfc     <common>
 0003:00016e00       ___mbulinfo                100c7e00     <common>
 0003:00016e0c       ___ismbcodepage            100c7e0c     <common>
 0003:00016e20       __mbcasemap                100c7e20     <common>
 0003:00016f20       __mbctype                  100c7f20     <common>
 0003:00017024       ___mblcid                  100c8024     <common>
 0003:00017028       ___env_initialized         100c8028     <common>
 0003:0001702c       ___mbctype_initialized     100c802c     <common>
 0003:00017030       ___onexitend               100c8030     <common>
 0003:00017034       ___onexitbegin             100c8034     <common>
 0003:00017040       ___pioinfo                 100c8040     <common>
 0003:00017140       __nhandle                  100c8140     <common>
 0003:00017144       ___setlc_active            100c8144     <common>
 0003:00017148       ___unguarded_readlc_active 100c8148     <common>
 0003:0001714c       ___sbh_sizeHeaderList      100c814c     <common>
 0003:00017150       ___sbh_indGroupDefer       100c8150     <common>
 0003:00017154       ___sbh_pHeaderScan         100c8154     <common>
 0003:00017158       ___sbh_pHeaderDefer        100c8158     <common>
 0003:0001715c       ___sbh_cntHeaderList       100c815c     <common>
 0003:00017160       ___sbh_pHeaderList         100c8160     <common>
 0003:00017164       __crtheap                  100c8164     <common>
 0003:00017168       __acmdln                   100c8168     <common>
 0003:0001716c       __pRawDllMain              100c816c     <common>
 0003:00017170       ___piob                    100c8170     <common>
 0003:00017180       __bufin                    100c8180     <common>
 0003:00018180       __nstream                  100c9180     <common>

 entry point at        0001:000a4ab3

 Static symbols

 0001:00095d90       _sha2_process              10096d90 f   sha2.obj
 0001:0007f4d0       _bInpAtomHasRequirdNeigh   100804d0 f   ichister.obj
 0001:0007ff00       _len3                      10080f00 f   ichister.obj
 0001:0007ff30       _mult3                     10080f30 f   ichister.obj
 0001:0007ff60       _cross_prod3               10080f60 f   ichister.obj
 0001:000803c0       _can_be_a_stereo_bond_with_isotopic_H 100813c0 f   ichister.obj
 0001:00080840       _bIsSuitableHeteroInpAtom  10081840 f   ichister.obj
 0001:000808b0       _bIsOxide                  100818b0 f   ichister.obj
 0001:00080990       _get_allowed_stereo_bond_type 10081990 f   ichister.obj
 0001:000809c0       _set_stereo_bonds_parity   100819c0 f   ichister.obj
 0001:00081700       _dot_prodchar3             10082700 f   ichister.obj
 0001:00081760       _triple_prod_char          10082760 f   ichister.obj
 0001:00081990       _add3                      10082990 f   ichister.obj
 0001:000819c0       _triple_prod               100829c0 f   ichister.obj
 0001:00081a60       _dot_prod3                 10082a60 f   ichister.obj
 0001:00081a80       _half_stereo_bond_parity   10082a80 f   ichister.obj
 0001:000825e0       _get_z_coord               100835e0 f   ichister.obj
 0001:00082760       _len2                      10083760 f   ichister.obj
 0001:00082780       _diff3                     10083780 f   ichister.obj
 0001:000827b0       _copy3                     100837b0 f   ichister.obj
 0001:000827e0       _save_a_stereo_bond        100837e0 f   ichister.obj
 0001:00082880       _half_stereo_bond_action   10083880 f   ichister.obj
 0001:000829b0       _can_be_a_stereo_atom_with_isotopic_H 100839b0 f   ichister.obj
 0001:00082a00       _set_stereo_atom_parity    10083a00 f   ichister.obj
 0001:00083480       _change_sign3              10084480 f   ichister.obj
 0001:000834a0       _Get2DTetrahedralAmbiguity 100844a0 f   ichister.obj
 0001:00083cf0       _CompDble                  10084cf0 f   ichister.obj
 0001:00083d30       _triple_prod_and_min_abs_sine2 10084d30 f   ichister.obj
 0001:00084330       _are_3_vect_in_one_plane   10085330 f   ichister.obj
 0001:00084370       _triple_prod_and_min_abs_sine 10085370 f   ichister.obj
 0001:00084460       _are_4at_in_one_plane      10085460 f   ichister.obj
 0001:0006f640       _FillTgDiffHChgFH          10070640 f   ichirvr3.obj
 0001:00044cd0       _getInchiStateReadErr      10045cd0 f   ichiread.obj
 0001:00044d40       _getInchiErrName           10045d40 f   ichiread.obj
 0001:00044d90       _SetHillFormFromInChI      10045d90 f   ichiread.obj
 0001:00044ea0       _OutputInChIAsRequested    10045ea0 f   ichiread.obj
 0001:00046050       _bInChIHasReconnectedMetal 10047050 f   ichiread.obj
 0001:000460c0       _SetProtonsAndXchgIsoH     100470c0 f   ichiread.obj
 0001:00046490       _InChILine2Data            10047490 f   ichiread.obj
 0001:00047b50       _GetInChIFormulaNumH       10048b50 f   ichiread.obj
 0001:00047c20       _GetInChINumH              10048c20 f   ichiread.obj
 0001:00047cf0       _GetInChIIsoH              10048cf0 f   ichiread.obj
 0001:00047da0       _ReadInChICoord            10048da0 f   ichiread.obj
 0001:000485f0       _ParseAuxSegmentVersion    100495f0 f   ichiread.obj
 0001:00048650       _ParseAuxSegmentNumbers    10049650 f   ichiread.obj
 0001:00048ae0       _CopyAtomNumbers           10049ae0 f   ichiread.obj
 0001:00048ba0       _ParseAuxSegmentAtomEqu    10049ba0 f   ichiread.obj
 0001:00048c40       _ParseAuxSegmentGroupEqu   10049c40 f   ichiread.obj
 0001:00048cc0       _ParseAuxSegmentSp3Inv     10049cc0 f   ichiread.obj
 0001:00048d70       _ParseAuxSegmentSp3InvNumbers 10049d70 f   ichiread.obj
 0001:00048e20       _ParseAuxSegmentReverseCRV 10049e20 f   ichiread.obj
 0001:00048e50       _ParseAuxSegmentReverseAtoms 10049e50 f   ichiread.obj
 0001:00048e80       _ParseAuxSegmentReverseBonds 10049e80 f   ichiread.obj
 0001:00048eb0       _ParseAuxSegmentReverseXYZ 10049eb0 f   ichiread.obj
 0001:00048fc0       _AddAuxSegmentCoord        10049fc0 f   ichiread.obj
 0001:000492f0       _ReadInChILine             1004a2f0 f   ichiread.obj
 0001:00049d70       _ParseSegmentIsoExchgH     1004ad70 f   ichiread.obj
 0001:00049fb0       _ParseSegmentPerm          1004afb0 f   ichiread.obj
 0001:0004a250       _ParseSegmentIsoAtoms      1004b250 f   ichiread.obj
 0001:0004aad0       _ParseSegmentSp3s          1004bad0 f   ichiread.obj
 0001:0004ac80       _ParseSegmentSp3m          1004bc80 f   ichiread.obj
 0001:0004afa0       _bIsSp3LayerNotEmpty       1004bfa0 f   ichiread.obj
 0001:0004b000       _ParseSegmentSp3           1004c000 f   ichiread.obj
 0001:0004b820       _ParseSegmentSp2           1004c820 f   ichiread.obj
 0001:0004c0b0       _ParseSegmentProtons       1004d0b0 f   ichiread.obj
 0001:0004c1b0       _ParseSegmentCharge        1004d1b0 f   ichiread.obj
 0001:0004c4b0       _ParseSegmentMobileH       1004d4b0 f   ichiread.obj
 0001:0004d380       _ParseSegmentConnections   1004e380 f   ichiread.obj
 0001:0004deb0       _nFillOutProtonMobileH     1004eeb0 f   ichiread.obj
 0001:0004dfa0       _nProtonCopyIsotopicInfo   1004efa0 f   ichiread.obj
 0001:0004e040       _ParseSegmentFormula       1004f040 f   ichiread.obj
 0001:0004e930       _CopySegment               1004f930 f   ichiread.obj
 0001:0004ee60       _getInChIChar              1004fe60 f   ichiread.obj
 0001:0004ee80       _nGetInChISegment          1004fe80 f   ichiread.obj
 0001:0004eed0       _AddInChIChar              1004fed0 f   ichiread.obj
 0001:0004efd0       _AddLinkedBond             1004ffd0 f   ichiread.obj
 0001:0003b020       _abctol                    1003c020 f   ichiprt2.obj
 0001:00023650       _CompareDfsDescendants4CT  10024650 f   ichimake.obj
 0001:000141e0       _InchiClock                100151e0 f   ichicano.obj
 0001:000142f0       _FillMaxMinClock           100152f0 f   ichicano.obj
 0001:00005f80       _remove_alt_bond_marks     10006f80 f   ichi_bns.obj
 0001:000aa52b       _getSystemCP               100ab52b f   LIBCMT:mbctype.obj
 0001:000aa575       _CPtoLCID                  100ab575 f   LIBCMT:mbctype.obj
 0001:000aa5a8       _setSBCS                   100ab5a8 f   LIBCMT:mbctype.obj
 0001:000aa5d1       _setSBUpLow                100ab5d1 f   LIBCMT:mbctype.obj
 0001:000a9164       _gu_return                 100aa164 f   LIBCMT:exsup.obj
 0001:000a916c       __unwind_handler           100aa16c f   LIBCMT:exsup.obj
 0001:000a8882       __abstract_cw              100a9882 f   LIBCMT:ieee87.obj
 0001:000a8914       __hw_cw                    100a9914 f   LIBCMT:ieee87.obj
 0001:000a83bf       _parse_cmdline             100a93bf f   LIBCMT:stdargv.obj
 0001:000a7d70       LeadUp1                    100a8d70 f   LIBCMT:memcpy.obj
 0001:000a7d9c       LeadUp2                    100a8d9c f   LIBCMT:memcpy.obj
 0001:000a7dc0       LeadUp3                    100a8dc0 f   LIBCMT:memcpy.obj
 0001:000a7e3f       UnwindUp0                  100a8e3f f   LIBCMT:memcpy.obj
 0001:000a7e2c       UnwindUp1                  100a8e2c f   LIBCMT:memcpy.obj
 0001:000a7e24       UnwindUp2                  100a8e24 f   LIBCMT:memcpy.obj
 0001:000a7e1c       UnwindUp3                  100a8e1c f   LIBCMT:memcpy.obj
 0001:000a7e14       UnwindUp4                  100a8e14 f   LIBCMT:memcpy.obj
 0001:000a7e0c       UnwindUp5                  100a8e0c f   LIBCMT:memcpy.obj
 0001:000a7e04       UnwindUp6                  100a8e04 f   LIBCMT:memcpy.obj
 0001:000a7dfc       UnwindUp7                  100a8dfc f   LIBCMT:memcpy.obj
 0001:000a7e58       TrailUp0                   100a8e58 f   LIBCMT:memcpy.obj
 0001:000a7e60       TrailUp1                   100a8e60 f   LIBCMT:memcpy.obj
 0001:000a7e6c       TrailUp2                   100a8e6c f   LIBCMT:memcpy.obj
 0001:000a7e80       TrailUp3                   100a8e80 f   LIBCMT:memcpy.obj
 0001:000a7ef8       LeadDown1                  100a8ef8 f   LIBCMT:memcpy.obj
 0001:000a7f18       LeadDown2                  100a8f18 f   LIBCMT:memcpy.obj
 0001:000a7f40       LeadDown3                  100a8f40 f   LIBCMT:memcpy.obj
 0001:000a7f94       UnwindDown7                100a8f94 f   LIBCMT:memcpy.obj
 0001:000a7f9c       UnwindDown6                100a8f9c f   LIBCMT:memcpy.obj
 0001:000a7fa4       UnwindDown5                100a8fa4 f   LIBCMT:memcpy.obj
 0001:000a7fac       UnwindDown4                100a8fac f   LIBCMT:memcpy.obj
 0001:000a7fb4       UnwindDown3                100a8fb4 f   LIBCMT:memcpy.obj
 0001:000a7fbc       UnwindDown2                100a8fbc f   LIBCMT:memcpy.obj
 0001:000a7fc4       UnwindDown1                100a8fc4 f   LIBCMT:memcpy.obj
 0001:000a7fd7       UnwindDown0                100a8fd7 f   LIBCMT:memcpy.obj
 0001:000a7ff0       TrailDown0                 100a8ff0 f   LIBCMT:memcpy.obj
 0001:000a7ff8       TrailDown1                 100a8ff8 f   LIBCMT:memcpy.obj
 0001:000a8008       TrailDown2                 100a9008 f   LIBCMT:memcpy.obj
 0001:000a801c       TrailDown3                 100a901c f   LIBCMT:memcpy.obj
 0001:000a7835       _flsall                    100a8835 f   LIBCMT:fflush.obj
 0001:000a76d1       _doexit                    100a86d1 f   LIBCMT:crt0dat.obj
 0001:000a7788       __initterm                 100a8788 f   LIBCMT:crt0dat.obj
 0001:000a70fe       __get_fname                100a80fe f   LIBCMT:fpexcept.obj
 0001:000a6a6d       _strncnt                   100a7a6d f   LIBCMT:a_map.obj
 0001:000a65f4       _write_char                100a75f4 f   LIBCMT:output.obj
 0001:000a6629       _write_multi_char          100a7629 f   LIBCMT:output.obj
 0001:000a665a       _write_string              100a765a f   LIBCMT:output.obj
 0001:000a6692       _get_int_arg               100a7692 f   LIBCMT:output.obj
 0001:000a669f       _get_int64_arg             100a769f f   LIBCMT:output.obj
 0001:000a66af       _get_short_arg             100a76af f   LIBCMT:output.obj
 0001:000a57db       __cftoe2                   100a67db f   LIBCMT:cvt.obj
 0001:000a58f2       __cftof2                   100a68f2 f   LIBCMT:cvt.obj
 0001:000a5a7d       __shift                    100a6a7d f   LIBCMT:cvt.obj
 0001:000a3e75       _strtoxl                   100a4e75 f   LIBCMT:strtol.obj
 0001:000a3afc       _shortsort                 100a4afc f   LIBCMT:qsort.obj
 0001:000a3b4a       _swap                      100a4b4a f   LIBCMT:qsort.obj
 0001:000a3400       LeadUp1                    100a4400 f   LIBCMT:memmove.obj
 0001:000a342c       LeadUp2                    100a442c f   LIBCMT:memmove.obj
 0001:000a3450       LeadUp3                    100a4450 f   LIBCMT:memmove.obj
 0001:000a34cf       UnwindUp0                  100a44cf f   LIBCMT:memmove.obj
 0001:000a34bc       UnwindUp1                  100a44bc f   LIBCMT:memmove.obj
 0001:000a34b4       UnwindUp2                  100a44b4 f   LIBCMT:memmove.obj
 0001:000a34ac       UnwindUp3                  100a44ac f   LIBCMT:memmove.obj
 0001:000a34a4       UnwindUp4                  100a44a4 f   LIBCMT:memmove.obj
 0001:000a349c       UnwindUp5                  100a449c f   LIBCMT:memmove.obj
 0001:000a3494       UnwindUp6                  100a4494 f   LIBCMT:memmove.obj
 0001:000a348c       UnwindUp7                  100a448c f   LIBCMT:memmove.obj
 0001:000a34e8       TrailUp0                   100a44e8 f   LIBCMT:memmove.obj
 0001:000a34f0       TrailUp1                   100a44f0 f   LIBCMT:memmove.obj
 0001:000a34fc       TrailUp2                   100a44fc f   LIBCMT:memmove.obj
 0001:000a3510       TrailUp3                   100a4510 f   LIBCMT:memmove.obj
 0001:000a3588       LeadDown1                  100a4588 f   LIBCMT:memmove.obj
 0001:000a35a8       LeadDown2                  100a45a8 f   LIBCMT:memmove.obj
 0001:000a35d0       LeadDown3                  100a45d0 f   LIBCMT:memmove.obj
 0001:000a3624       UnwindDown7                100a4624 f   LIBCMT:memmove.obj
 0001:000a362c       UnwindDown6                100a462c f   LIBCMT:memmove.obj
 0001:000a3634       UnwindDown5                100a4634 f   LIBCMT:memmove.obj
 0001:000a363c       UnwindDown4                100a463c f   LIBCMT:memmove.obj
 0001:000a3644       UnwindDown3                100a4644 f   LIBCMT:memmove.obj
 0001:000a364c       UnwindDown2                100a464c f   LIBCMT:memmove.obj
 0001:000a3654       UnwindDown1                100a4654 f   LIBCMT:memmove.obj
 0001:000a3667       UnwindDown0                100a4667 f   LIBCMT:memmove.obj
 0001:000a3680       TrailDown0                 100a4680 f   LIBCMT:memmove.obj
 0001:000a3688       TrailDown1                 100a4688 f   LIBCMT:memmove.obj
 0001:000a3698       TrailDown2                 100a4698 f   LIBCMT:memmove.obj
 0001:000a36ac       TrailDown3                 100a46ac f   LIBCMT:memmove.obj
