 libinchi

 Timestamp is 44cf55ce (Tue Aug 01 09:23:26 2006)

 Preferred load address is 10000000

 Start         Length     Name                   Class
 0001:00000000 0009f891H .text                   CODE
 0002:00000000 000000e4H .idata$5                DATA
 0002:000000e8 000032e5H .rdata                  DATA
 0002:000033d0 00000014H .idata$2                DATA
 0002:000033e4 00000014H .idata$3                DATA
 0002:000033f8 000000e4H .idata$4                DATA
 0002:000034dc 000003f8H .idata$6                DATA
 0002:000038e0 00000200H .edata                  DATA
 0003:00000000 00000004H .CRT$XCA                DATA
 0003:00000004 00000004H .CRT$XCZ                DATA
 0003:00000008 00000004H .CRT$XIA                DATA
 0003:0000000c 0000000cH .CRT$XIC                DATA
 0003:00000018 00000004H .CRT$XIZ                DATA
 0003:0000001c 00000004H .CRT$XPA                DATA
 0003:00000020 00000004H .CRT$XPX                DATA
 0003:00000024 00000004H .CRT$XPZ                DATA
 0003:00000028 00000004H .CRT$XTA                DATA
 0003:0000002c 00000004H .CRT$XTZ                DATA
 0003:00000030 00006050H .data                   DATA
 0003:00006080 00001a68H .bss                    DATA
 0004:00000000 00000058H .rsrc$01                DATA
 0004:00000060 000004b8H .rsrc$02                DATA

  Address         Publics by Value              Rva+Base     Lib:Object

 0001:00000000       _RestoreEdgeFlow           10001000 f   ichi_bns.obj
 0001:00000030       _SetAtomBondType           10001030 f   ichi_bns.obj
 0001:000002e0       _RunBalancedNetworkSearch  100012e0 f   ichi_bns.obj
 0001:00000380       _SetAtomRadAndChemValFromVertexCapFlow 10001380 f   ichi_bns.obj
 0001:00000410       _AddChangedAtHChargeBNS    10001410 f   ichi_bns.obj
 0001:00000470       _EliminatePlusMinusChargeAmbiguity 10001470 f   ichi_bns.obj
 0001:00000700       _AddOrRemoveExplOrImplH    10001700 f   ichi_bns.obj
 0001:00000a80       _SubtractOrChangeAtHChargeBNS 10001a80 f   ichi_bns.obj
 0001:00000c50       _SetBondsFromBnStructFlow  10001c50 f   ichi_bns.obj
 0001:00000fb0       _MarkAtomsAtTautGroups     10001fb0 f   ichi_bns.obj
 0001:00001340       _RestoreBnStructFlow       10002340 f   ichi_bns.obj
 0001:000014b0       _bNeedToTestTheFlow        100024b0 f   ichi_bns.obj
 0001:00001540       _nBondsValenceInpAt        10002540 f   ichi_bns.obj
 0001:000015b0       _BnsAdjustFlowBondsRad     100025b0 f   ichi_bns.obj
 0001:000017a0       _BnsTestAndMarkAltBonds    100027a0 f   ichi_bns.obj
 0001:00001b10       _SetForbiddenEdges         10002b10 f   ichi_bns.obj
 0001:00001d90       _fix_special_bonds         10002d90 f   ichi_bns.obj
 0001:00002eb0       _is_Z_atom                 10003eb0 f   ichi_bns.obj
 0001:00002f90       _IsZOX                     10003f90 f   ichi_bns.obj
 0001:00003080       _GetAtomChargeType         10004080 f   ichi_bns.obj
 0001:000039d0       _SimpleRemoveHplusNPO      100049d0 f   ichi_bns.obj
 0001:00003a80       _bIsAtomTypeHard           10004a80 f   ichi_bns.obj
 0001:00003ac0       _bIsHDonorAccAtomType      10004ac0 f   ichi_bns.obj
 0001:00003b40       _bIsNegAtomType            10004b40 f   ichi_bns.obj
 0001:00003be0       _bIsHardRemHCandidate      10004be0 f   ichi_bns.obj
 0001:00003c40       _CreateCGroupInBnStruct    10004c40 f   ichi_bns.obj
 0001:00003f90       _CreateTGroupInBnStruct    10004f90 f   ichi_bns.obj
 0001:000042f0       _RemoveLastGroupFromBnStruct 100052f0 f   ichi_bns.obj
 0001:000044f0       _SetInitCapFlowToCurrent   100054f0 f   ichi_bns.obj
 0001:00004570       _SimpleRemoveAcidicProtons 10005570 f   ichi_bns.obj
 0001:00004780       _bHasAcidicHydrogen        10005780 f   ichi_bns.obj
 0001:000047f0       _bHasOtherExchangableH     100057f0 f   ichi_bns.obj
 0001:00004840       _SimpleAddAcidicProtons    10005840 f   ichi_bns.obj
 0001:00004a40       _bHasAcidicMinus           10005a40 f   ichi_bns.obj
 0001:00004ab0       _HardRemoveAcidicProtons   10005ab0 f   ichi_bns.obj
 0001:00004df0       _HardAddAcidicProtons      10005df0 f   ichi_bns.obj
 0001:00005130       _HardRemoveHplusNP         10006130 f   ichi_bns.obj
 0001:00005460       _mark_at_type              10006460 f   ichi_bns.obj
 0001:000054c0       _RemoveNPProtonsAndAcidCharges 100064c0 f   ichi_bns.obj
 0001:00005780       _mark_alt_bonds_and_taut_groups 10006780 f   ichi_bns.obj
 0001:00005fc0       _nMaxFlow2Check            10006fc0 f   ichi_bns.obj
 0001:00005ff0       _nCurFlow2Check            10006ff0 f   ichi_bns.obj
 0001:00006010       _nMinFlow2Check            10007010 f   ichi_bns.obj
 0001:00006110       _bSetBondsAfterCheckOneBond 10007110 f   ichi_bns.obj
 0001:00006350       _bRestoreFlowAfterCheckOneBond 10007350 f   ichi_bns.obj
 0001:00006420       _bSetFlowToCheckOneBond    10007420 f   ichi_bns.obj
 0001:00006be0       _bAddNewVertex             10007be0 f   ichi_bns.obj
 0001:00006dd0       _AddNewEdge                10007dd0 f   ichi_bns.obj
 0001:00006fb0       _GetEdgeToGroupVertex      10007fb0 f   ichi_bns.obj
 0001:00007060       _GetGroupVertex            10008060 f   ichi_bns.obj
 0001:00007130       _bAddStCapToAVertex        10008130 f   ichi_bns.obj
 0001:00007210       _bSetBnsToCheckAltPath     10008210 f   ichi_bns.obj
 0001:00007d00       _bRestoreBnsAfterCheckAltPath 10008d00 f   ichi_bns.obj
 0001:00008040       _bExistsAnyAltPath         10009040 f   ichi_bns.obj
 0001:000080d0       _bIsBnsEndpoint            100090d0 f   ichi_bns.obj
 0001:00008150       _bRadChangesAtomType       10009150 f   ichi_bns.obj
 0001:00008220       _RegisterRadEndpoint       10009220 f   ichi_bns.obj
 0001:000085d0       _cmp_rad_endpoints         100095d0 f   ichi_bns.obj
 0001:00008610       _RemoveRadEndpoints        10009610 f   ichi_bns.obj
 0001:00008820       _RestoreRadicalsOnly       10009820 f   ichi_bns.obj
 0001:00008930       _SetRadEndpoints           10009930 f   ichi_bns.obj
 0001:00008b90       _SetRadEndpoints2          10009b90 f   ichi_bns.obj
 0001:000091f0       _bExistsAltPath            1000a1f0 f   ichi_bns.obj
 0001:00009880       _AllocateAndInitBnStruct   1000a880 f   ichi_bns.obj
 0001:00009e00       _DeAllocateBnStruct        1000ae00 f   ichi_bns.obj
 0001:00009e90       _ReInitBnStructAltPaths    1000ae90 f   ichi_bns.obj
 0001:00009ef0       _ReInitBnStructAddGroups   1000aef0 f   ichi_bns.obj
 0001:00009f60       _ReInitBnStruct            1000af60 f   ichi_bns.obj
 0001:0000a1b0       _CompTGroupNumber          1000b1b0 f   ichi_bns.obj
 0001:0000a1d0       _CompCGroupNumber          1000b1d0 f   ichi_bns.obj
 0001:0000a1f0       _AddTGroups2BnStruct       1000b1f0 f   ichi_bns.obj
 0001:0000a590       _AddCGroups2BnStruct       1000b590 f   ichi_bns.obj
 0001:0000a8f0       _ClearAllBnDataVertices    1000b8f0 f   ichi_bns.obj
 0001:0000a920       _ClearAllBnDataEdges       1000b920 f   ichi_bns.obj
 0001:0000a940       _DeAllocateBnData          1000b940 f   ichi_bns.obj
 0001:0000a9e0       _AllocateAndInitBnData     1000b9e0 f   ichi_bns.obj
 0001:0000ab20       _ReInitBnData              1000bb20 f   ichi_bns.obj
 0001:0000abe0       _GetVertexDegree           1000bbe0 f   ichi_bns.obj
 0001:0000ac20       _Get2ndEdgeVertex          1000bc20 f   ichi_bns.obj
 0001:0000ac70       _GetVertexNeighbor         1000bc70 f   ichi_bns.obj
 0001:0000ad30       _GetEdgePointer            1000bd30 f   ichi_bns.obj
 0001:0000ae30       _AugmentEdge               1000be30 f   ichi_bns.obj
 0001:0000b0a0       _rescap_mark               1000c0a0 f   ichi_bns.obj
 0001:0000b170       _GetPrevVertex             1000c170 f   ichi_bns.obj
 0001:0000b230       _bIgnoreVertexNonTACN_atom 1000c230 f   ichi_bns.obj
 0001:0000b3d0       _bIgnoreVertexNonTACN_group 1000c3d0 f   ichi_bns.obj
 0001:0000b520       _rescap                    1000c520 f   ichi_bns.obj
 0001:0000b590       _BalancedNetworkSearch     1000c590 f   ichi_bns.obj
 0001:0000b9f0       _FindBase                  1000c9f0 f   ichi_bns.obj
 0001:0000ba30       _FindPathToVertex_s        1000ca30 f   ichi_bns.obj
 0001:0000ba90       _MakeBlossom               1000ca90 f   ichi_bns.obj
 0001:0000bce0       _PullFlow                  1000cce0 f   ichi_bns.obj
 0001:0000be50       _FindPathCap               1000ce50 f   ichi_bns.obj
 0001:0000bf20       _MarkRingSystemsAltBns     1000cf20 f   ichi_bns.obj
 0001:0000c3b0       _ReInitBnStructForAltBns   1000d3b0 f   ichi_bns.obj
 0001:0000c570       _MarkNonStereoAltBns       1000d570 f   ichi_bns.obj
 0001:0000c750       _bHasChargedNeighbor       1000d750 f   ichi_bns.obj
 0001:0000c7a0       _AddRemoveProtonsRestr     1000d7a0 f   ichi_bns.obj
 0001:0000d160       _AddRemoveIsoProtonsRestr  1000e160 f   ichi_bns.obj
 0001:0000d3c0       _NodeSetCreate             1000e3c0 f   ichican2.obj
 0001:0000d460       _NodeSetFree               1000e460 f   ichican2.obj
 0001:0000d4a0       _CTableCreate              1000e4a0 f   ichican2.obj
 0001:0000d600       _CTableFree                1000e600 f   ichican2.obj
 0001:0000d690       _TranspositionCreate       1000e690 f   ichican2.obj
 0001:0000d690       _UnorderedPartitionCreate  1000e690 f   ichican2.obj
 0001:0000d6b0       _UnorderedPartitionFree    1000e6b0 f   ichican2.obj
 0001:0000d6d0       _UnorderedPartitionMakeDiscrete 1000e6d0 f   ichican2.obj
 0001:0000d6f0       _PartitionCreate           1000e6f0 f   ichican2.obj
 0001:0000d730       _PartitionFree             1000e730 f   ichican2.obj
 0001:0000d770       _PartitionIsDiscrete       1000e770 f   ichican2.obj
 0001:0000d7c0       _PartitionGetFirstCell     1000e7c0 f   ichican2.obj
 0001:0000d890       _CellMakeEmpty             1000e890 f   ichican2.obj
 0001:0000d8c0       _NodeSetFromVertices       1000e8c0 f   ichican2.obj
 0001:0000d940       _AllNodesAreInSet          1000e940 f   ichican2.obj
 0001:0000d9a0       _PartitionGetMcrAndFixSet  1000e9a0 f   ichican2.obj
 0001:0000dad0       _NodeSetFromRadEndpoints   1000ead0 f   ichican2.obj
 0001:0000db50       _RemoveFromNodeSet         1000eb50 f   ichican2.obj
 0001:0000dbb0       _DoNodeSetsIntersect       1000ebb0 f   ichican2.obj
 0001:0000dc00       _IsNodeSetEmpty            1000ec00 f   ichican2.obj
 0001:0000dc40       _AddNodeSet2ToNodeSet1     1000ec40 f   ichican2.obj
 0001:0000dc80       _AddNodesToRadEndpoints    1000ec80 f   ichican2.obj
 0001:0000dd30       _PartitionGetTransposition 1000ed30 f   ichican2.obj
 0001:0000dd70       _nGetMcr                   1000ed70 f   ichican2.obj
 0001:0000dd70       _nGetMcr2                  1000ed70 f   ichican2.obj
 0001:0000dde0       _nJoin2Mcrs                1000ede0 f   ichican2.obj
 0001:0000dde0       _nJoin2Mcrs2               1000ede0 f   ichican2.obj
 0001:0000de30       _GetUnorderedPartitionMcrNode 1000ee30 f   ichican2.obj
 0001:0000de50       _UnorderedPartitionJoin    1000ee50 f   ichican2.obj
 0001:0000deb0       _PartitionSatisfiesLemma_2_25 1000eeb0 f   ichican2.obj
 0001:0000df40       _PartitionCopy             1000ef40 f   ichican2.obj
 0001:0000dfb0       _PartitionColorVertex      1000efb0 f   ichican2.obj
 0001:0000e1b0       _CellGetMinNode            1000f1b0 f   ichican2.obj
 0001:0000e360       _CellGetNumberOfNodes      1000f360 f   ichican2.obj
 0001:0000e3a0       _CellIntersectWithSet      1000f3a0 f   ichican2.obj
 0001:0000e450       _CtPartClear               1000f450 f   ichican2.obj
 0001:0000e4b0       _insertions_sort_NeighList_AT_NUMBERS2 1000f4b0 f   ichican2.obj
 0001:0000e550       _CtPartFill                1000f550 f   ichican2.obj
 0001:0000e900       _CtPartInfinity            1000f900 f   ichican2.obj
 0001:0000e960       _CtPartCompare             1000f960 f   ichican2.obj
 0001:0000ef50       _CtFullCompare             1000ff50 f   ichican2.obj
 0001:0000f2f0       _CtFullCompareLayers       100102f0 f   ichican2.obj
 0001:0000f320       _CtCompareLayersGetFirstDiff 10010320 f   ichican2.obj
 0001:0000f3b0       _CtPartCompareLayers       100103b0 f   ichican2.obj
 0001:0000f400       _UpdateCompareLayers       10010400 f   ichican2.obj
 0001:0000f440       _CtPartCopy                10010440 f   ichican2.obj
 0001:0000f6f0       _CtFullCopy                100106f0 f   ichican2.obj
 0001:0000f720       _TranspositionGetMcrAndFixSetAndUnorderedPartition 10010720 f   ichican2.obj
 0001:0000f910       _SetBitCreate              10010910 f   ichican2.obj
 0001:0000f9a0       _SetBitFree                100109a0 f   ichican2.obj
 0001:0000f9d0       _GetOneAdditionalLayer     100109d0 f   ichican2.obj
 0001:0000fa50       _CanonGraph                10010a50 f   ichican2.obj
 0001:00010d20       _SetInitialRanks2          10011d20 f   ichican2.obj
 0001:00010dc0       _FillOutAtomInvariant2     10011dc0 f   ichican2.obj
 0001:000112a0       _CleanNumH                 100122a0 f   ichican2.obj
 0001:000112e0       _CleanCt                   100122e0 f   ichican2.obj
 0001:00011310       _CleanIsoSortKeys          10012310 f   ichican2.obj
 0001:00011340       _DeAllocBCN                10012340 f   ichican2.obj
 0001:00011470       _GetBaseCanonRanking       10012470 f   ichican2.obj
 0001:00014130       _InchiTimeGet              10015130 f   ichicano.obj
 0001:00014150       _InchiTimeMsecDiff         10015150 f   ichicano.obj
 0001:00014290       _InchiTimeElapsed          10015290 f   ichicano.obj
 0001:000142c0       _InchiTimeAddMsec          100152c0 f   ichicano.obj
 0001:000142f0       _bInchiTimeIsOver          100152f0 f   ichicano.obj
 0001:000143b0       _GetCanonLengths           100153b0 f   ichicano.obj
 0001:00014550       _DeAllocateCS              10015550 f   ichicano.obj
 0001:000148e0       _AllocateCS                100158e0 f   ichicano.obj
 0001:00014e40       _FillIsotopicAtLinearCT    10015e40 f   ichicano.obj
 0001:00014f80       _FillTautLinearCT2         10015f80 f   ichicano.obj
 0001:00015320       _UpdateFullLinearCT        10016320 f   ichicano.obj
 0001:000156a0       _FixCanonEquivalenceInfo   100166a0 f   ichicano.obj
 0001:00015770       _Canon_INChI3              10016770 f   ichicano.obj
 0001:00016fd0       _Canon_INChI               10017fd0 f   ichicano.obj
 0001:00017020       _find_atoms_with_parity    10018020 f   ichicans.obj
 0001:000170a0       _SetHalfStereoBondIllDefPariy 100180a0 f   ichicans.obj
 0001:000170f0       _RemoveHalfStereoBond      100180f0 f   ichicans.obj
 0001:000171a0       _SetOneStereoBondIllDefParity 100181a0 f   ichicans.obj
 0001:00017220       _RemoveOneStereoBond       10018220 f   ichicans.obj
 0001:00017290       _RemoveOneStereoCenter     10018290 f   ichicans.obj
 0001:000172c0       _UnmarkNonStereo           100182c0 f   ichicans.obj
 0001:00017720       _FillSingleStereoDescriptors 10018720 f   ichicans.obj
 0001:00017ae0       _SwitchAtomStereoAndIsotopicStereo 10018ae0 f   ichicans.obj
 0001:00017b90       _SetCtToIsotopicStereo     10018b90 f   ichicans.obj
 0001:00017be0       _SetCtToNonIsotopicStereo  10018be0 f   ichicans.obj
 0001:00017c40       _FillAllStereoDescriptors  10018c40 f   ichicans.obj
 0001:00017d10       _SetKnownStereoBondParities 10018d10 f   ichicans.obj
 0001:00018420       _MarkKnownEqualStereoBondParities 10019420 f   ichicans.obj
 0001:000189f0       _GetNextNeighborAndRank    100199f0 f   ichicans.obj
 0001:00018a80       _GetAndCheckNextNeighbors  10019a80 f   ichicans.obj
 0001:00018c70       _PathsHaveIdenticalKnownParities 10019c70 f   ichicans.obj
 0001:00018e30       _RemoveKnownNonStereoBondParities 10019e30 f   ichicans.obj
 0001:000190f0       _SetKnownStereoCenterParities 1001a0f0 f   ichicans.obj
 0001:00019390       _RemoveKnownNonStereoCenterParities 1001a390 f   ichicans.obj
 0001:00019660       _MarkKnownEqualStereoCenterParities 1001a660 f   ichicans.obj
 0001:000197e0       _InvertStereo              1001a7e0 f   ichicans.obj
 0001:00019a90       _FillOutStereoParities     1001aa90 f   ichicans.obj
 0001:00019bc0       _GetStereoNeighborPos      1001abc0 f   ichicans.obj
 0001:00019c00       _GetStereoBondParity       1001ac00 f   ichicans.obj
 0001:00019d80       _GetPermutationParity      1001ad80 f   ichicans.obj
 0001:00019e30       _GetStereoCenterParity     1001ae30 f   ichicans.obj
 0001:00019f00       _make_iso_sort_key         1001af00 f   ichiisot.obj
 0001:00019f20       _set_atom_iso_sort_keys    1001af20 f   ichiisot.obj
 0001:0001a030       _l_str_fgetc               1001b030 f   ichilnct.obj
 0001:0001a050       _l_str_fgets               1001b050 f   ichilnct.obj
 0001:0001a0b0       _l_my_fgets                1001b0b0 f   ichilnct.obj
 0001:0001a150       _CreateInchi_Atom          1001b150 f   ichilnct.obj
 0001:0001a160       _FreeInchi_Input           1001b160 f   ichilnct.obj
 0001:0001a190       _is_element_a_metal        1001b190 f   ichilnct.obj
 0001:0001a240       _l_str_fgetsTab            1001b240 f   ichilnct.obj
 0001:0001a2a0       _l_my_fgetsTab             1001b2a0 f   ichilnct.obj
 0001:0001a340       _l_my_fgetsTab1            1001b340 f   ichilnct.obj
 0001:0001a3c0       _CreateInchi_Stereo0D      1001b3c0 f   ichilnct.obj
 0001:0001a3d0       _l_INChIToInchi_Atom       1001b3d0 f   ichilnct.obj
 0001:0001a430       _FindToken                 1001b430 f   ichilnct.obj
 0001:0001a4f0       _LoadLine                  1001b4f0 f   ichilnct.obj
 0001:0001a5d0       _ll_INChIToInchi_Atom      1001b5d0 f   ichilnct.obj
 0001:0001e570       _Extract0DParities         1001f570 f   ichilnct.obj
 0001:0001ed70       _Get_inchi_Input_FromAuxInfo@12 1001fd70 f   ichilnct.obj
 0001:0001ef10       _Free_inchi_Input@4        1001ff10 f   ichilnct.obj
 0001:0001ef40       _INChIToInchi_Input        1001ff40 f   ichilnct.obj
 0001:0001f360       _MakeHillFormulaString     10020360 f   ichimak2.obj
 0001:0001f3c0       _GetHillFormulaIndexLength 100203c0 f   ichimak2.obj
 0001:0001f3f0       _GetHillFormulaCounts      100203f0 f   ichimak2.obj
 0001:0001f670       _AddElementAndCount        10020670 f   ichimak2.obj
 0001:0001f720       _MakeHillFormula           10020720 f   ichimak2.obj
 0001:0001f950       _AllocateAndFillHillFormula 10020950 f   ichimak2.obj
 0001:0001fa00       _Copy2StereoBondOrAllene   10020a00 f   ichimak2.obj
 0001:0001fc40       _CopyLinearCTStereoToINChIStereo 10020c40 f   ichimak2.obj
 0001:0001fe70       _MarkAmbiguousStereo       10020e70 f   ichimak2.obj
 0001:00020120       _UnmarkAllUndefinedUnknownStereo 10021120 f   ichimak2.obj
 0001:00020220       _WriteCoord                10021220 f   ichimak2.obj
 0001:00020380       _FillOutINChI              10021380 f   ichimak2.obj
 0001:00021600       _inp2spATOM                10022600 f   ichimake.obj
 0001:00021720       _GetElementAndCount        10022720 f   ichimake.obj
 0001:00021870       _CompareHillFormulas       10022870 f   ichimake.obj
 0001:00021950       _CompareHillFormulasNoH    10022950 f   ichimake.obj
 0001:00021a70       _CompareTautNonIsoPartOfINChI 10022a70 f   ichimake.obj
 0001:00021ad0       _CompINChITautVsNonTaut    10022ad0 f   ichimake.obj
 0001:00021de0       _GetSp3RelRacAbs           10022de0 f   ichimake.obj
 0001:00021e30       _CompINChILayers           10022e30 f   ichimake.obj
 0001:00022740       _INChI_SegmentAction       10023740 f   ichimake.obj
 0001:00022770       _MarkUnusedAndEmptyLayers  10023770 f   ichimake.obj
 0001:00022830       _CompareInchiStereo        10023830 f   ichimake.obj
 0001:000229a0       _CompINChI2                100239a0 f   ichimake.obj
 0001:00022e70       _CompINChINonTaut2         10023e70 f   ichimake.obj
 0001:00022eb0       _CompINChITaut2            10023eb0 f   ichimake.obj
 0001:00022ef0       _mystrrev                  10023ef0 f   ichimake.obj
 0001:00022f20       _GetDfsOrder4CT            10023f20 f   ichimake.obj
 0001:000235e0       _GetInpStructErrorType     100245e0 f   ichimake.obj
 0001:00023640       _ProcessStructError        10024640 f   ichimake.obj
 0001:00023810       _CompareReversedStereoINChI 10024810 f   ichimake.obj
 0001:00023930       _CompareReversedStereoINChI2 10024930 f   ichimake.obj
 0001:00024000       _CompareReversedINChI      10025000 f   ichimake.obj
 0001:000243d0       _CompareIcr                100253d0 f   ichimake.obj
 0001:000244c0       _CompareReversedINChI2     100254c0 f   ichimake.obj
 0001:00024d50       _Create_INChI              10025d50 f   ichimake.obj
 0001:00025c20       _CheckCanonNumberingCorrectness 10026c20 f   ichimake.obj
 0001:00025d70       _All_SC_Same               10026d70 f   ichimap1.obj
 0001:00025e30       _Next_SC_At_CanonRank2     10026e30 f   ichimap1.obj
 0001:00025f20       _CompareLinCtStereoDble    10026f20 f   ichimap1.obj
 0001:00025fd0       _CompareLinCtStereoCarb    10026fd0 f   ichimap1.obj
 0001:00026070       _CompareLinCtStereo        10027070 f   ichimap1.obj
 0001:000260b0       _CompareLinCtStereoAtomToValues 100270b0 f   ichimap1.obj
 0001:000260f0       _bUniqueAtNbrFromMappingRank 100270f0 f   ichimap1.obj
 0001:00026150       _All_SB_Same               10027150 f   ichimap1.obj
 0001:000264e0       _Next_SB_At_CanonRanks2    100274e0 f   ichimap1.obj
 0001:000268d0       _NextStereoParity2Test     100278d0 f   ichimap1.obj
 0001:000269b0       _CompareLinCtStereoDoubleToValues 100279b0 f   ichimap1.obj
 0001:00026a00       _SetUseAtomForStereo       10027a00 f   ichimap1.obj
 0001:00026a70       _CurTreeAlloc              10027a70 f   ichimap1.obj
 0001:00026b00       _CurTreeReAlloc            10027b00 f   ichimap1.obj
 0001:00026b70       _CurTreeFree               10027b70 f   ichimap1.obj
 0001:00026ba0       _CurTreeAddRank            10027ba0 f   ichimap1.obj
 0001:00026c00       _CurTreeIsLastRank         10027c00 f   ichimap1.obj
 0001:00026c40       _CurTreeRemoveLastRankIfNoAtoms 10027c40 f   ichimap1.obj
 0001:00026c80       _CurTreeAddAtom            10027c80 f   ichimap1.obj
 0001:00026ce0       _CurTreeKeepLastAtomsOnly  10027ce0 f   ichimap1.obj
 0001:00026d60       _CurTreeRemoveIfLastAtom   10027d60 f   ichimap1.obj
 0001:00026db0       _CurTreeGetPos             10027db0 f   ichimap1.obj
 0001:00026dc0       _CurTreeSetPos             10027dc0 f   ichimap1.obj
 0001:00026de0       _CurTreeRemoveLastRank     10027de0 f   ichimap1.obj
 0001:00026e10       _CurTreeIsLastAtomEqu      10027e10 f   ichimap1.obj
 0001:00026e80       _SortedEquInfoToRanks      10027e80 f   ichimap2.obj
 0001:00026f40       _SortedRanksToEquInfo      10027f40 f   ichimap2.obj
 0001:00026fc0       _switch_ptrs               10027fc0 f   ichimap2.obj
 0001:00026fe0       _SetNewRanksFromNeighLists3 10027fe0 f   ichimap2.obj
 0001:00027130       _SetNewRanksFromNeighLists4 10028130 f   ichimap2.obj
 0001:00027290       _SetNewRanksFromNeighLists 10028290 f   ichimap2.obj
 0001:00027340       _SortNeighListsBySymmAndCanonRank 10028340 f   ichimap2.obj
 0001:00027370       _SortNeighLists2           10028370 f   ichimap2.obj
 0001:000273e0       _SortNeighLists3           100283e0 f   ichimap2.obj
 0001:00027450       _DifferentiateRanks2       10028450 f   ichimap2.obj
 0001:00027500       _DifferentiateRanks3       10028500 f   ichimap2.obj
 0001:00027560       _DifferentiateRanks4       10028560 f   ichimap2.obj
 0001:000275c0       _DifferentiateRanksBasic   100285c0 f   ichimap2.obj
 0001:00027660       _NumberOfTies              10028660 f   ichimap2.obj
 0001:00027810       _HalfStereoBondParity      10028810 f   ichimap2.obj
 0001:000279b0       _parity_of_mapped_half_bond 100289b0 f   ichimap2.obj
 0001:00027d10       _parity_of_mapped_atom2    10028d10 f   ichimap2.obj
 0001:00028070       _ClearPreviousMappings     10029070 f   ichimap2.obj
 0001:00028090       _map_an_atom2              10029090 f   ichimap2.obj
 0001:00028340       _might_change_other_atom_parity 10029340 f   ichimap2.obj
 0001:00028410       _DeAllocateForNonStereoRemoval 10029410 f   ichimap2.obj
 0001:000284d0       _AllocateForNonStereoRemoval 100294d0 f   ichimap2.obj
 0001:00028600       _GetMinNewRank             10029600 f   ichimap2.obj
 0001:00028650       _BreakNeighborsTie         10029650 f   ichimap2.obj
 0001:00028e50       _CheckNextSymmNeighborsAndBonds 10029e50 f   ichimap2.obj
 0001:00029090       _CreateCheckSymmPaths      1002a090 f   ichimap2.obj
 0001:000293f0       _CalculatedPathsParitiesAreIdentical 1002a3f0 f   ichimap2.obj
 0001:0002a2d0       _RemoveCalculatedNonStereoBondParities 1002b2d0 f   ichimap2.obj
 0001:0002aa40       _RemoveCalculatedNonStereoCenterParities 1002ba40 f   ichimap2.obj
 0001:0002b180       _RemoveCalculatedNonStereo 1002c180 f   ichimap2.obj
 0001:0002b3a0       _map_stereo_bonds4         1002c3a0 f   ichimap4.obj
 0001:0002cf70       _map_stereo_atoms4         1002df70 f   ichimap4.obj
 0001:0002e360       _cmp_iso_atw_diff_component_no 1002f360 f   ichinorm.obj
 0001:0002e390       _MarkRingSystemsInp        1002f390 f   ichinorm.obj
 0001:0002e8c0       _remove_terminal_HDT       1002f8c0 f   ichinorm.obj
 0001:0002efa0       _add_DT_to_num_H           1002ffa0 f   ichinorm.obj
 0001:0002efe0       _ReadCommandLineParms      1002ffe0 f   ichiparm.obj
 0001:00030d70       _PrintInputParms           10031d70 f   ichiparm.obj
 0001:00031310       _HelpCommandLineParms      10032310 f   ichiparm.obj
 0001:00031490       _PrintXmlStartTag          10032490 f   ichiprt1.obj
 0001:000315d0       _Needs2addXmlEntityRefs    100325d0 f   ichiprt1.obj
 0001:000316c0       _AddXmlEntityRefs          100326c0 f   ichiprt1.obj
 0001:000317e0       _OutputINChIXmlRootStartTag 100327e0 f   ichiprt1.obj
 0001:00031830       _OutputINChIXmlRootEndTag  10032830 f   ichiprt1.obj
 0001:00031870       _OutputINChIXmlStructStartTag 10032870 f   ichiprt1.obj
 0001:00031b70       _OutputINChIXmlStructEndTag 10032b70 f   ichiprt1.obj
 0001:00031bd0       _OutputINChIXmlError       10032bd0 f   ichiprt1.obj
 0001:00031cb0       _EquString                 10032cb0 f   ichiprt1.obj
 0001:000322e0       _OutputINChI2              100332e0 f   ichiprt1.obj
 0001:000323d0       _szGetTag                  100333d0 f   ichiprt1.obj
 0001:00032650       _OutputINChI1              10033650 f   ichiprt1.obj
 0001:00037070       _str_LineStart             10038070 f   ichiprt1.obj
 0001:00037180       _str_LineEnd               10038180 f   ichiprt1.obj
 0001:00037290       _CleanOrigCoord            10038290 f   ichiprt1.obj
 0001:00037530       _WriteOrigCoord            10038530 f   ichiprt1.obj
 0001:00037610       _WriteOrigAtoms            10038610 f   ichiprt1.obj
 0001:00037a80       _WriteOrigBonds            10038a80 f   ichiprt1.obj
 0001:000382f0       _FillOutOrigStruct         100392f0 f   ichiprt1.obj
 0001:00038540       _FreeOrigStruct            10039540 f   ichiprt1.obj
 0001:00038590       _Eql_INChI_Stereo          10039590 f   ichiprt2.obj
 0001:00038810       _Eql_INChI_Isotopic        10039810 f   ichiprt2.obj
 0001:000388a0       _Eql_INChI_Aux_Equ         100398a0 f   ichiprt2.obj
 0001:000389b0       _Eql_INChI_Aux_Num         100399b0 f   ichiprt2.obj
 0001:00038a90       _bHasOrigInfo              10039a90 f   ichiprt2.obj
 0001:00038ae0       _EqlOrigInfo               10039ae0 f   ichiprt2.obj
 0001:00038b30       _bHasEquString             10039b30 f   ichiprt2.obj
 0001:00038b90       _MakeMult                  10039b90 f   ichiprt2.obj
 0001:00038c70       _MakeDelim                 10039c70 f   ichiprt2.obj
 0001:00038ce0       _MakeEqStr                 10039ce0 f   ichiprt2.obj
 0001:00038da0       _MakeCtStringNew           10039da0 f   ichiprt2.obj
 0001:000390a0       _MakeCtStringOld           1003a0a0 f   ichiprt2.obj
 0001:00039250       _MakeHString               1003a250 f   ichiprt2.obj
 0001:00039850       _MakeCtString              1003a850 f   ichiprt2.obj
 0001:000398c0       _MakeTautString            1003a8c0 f   ichiprt2.obj
 0001:00039bb0       _MakeCRVString             1003abb0 f   ichiprt2.obj
 0001:00039e30       _MakeEquString             1003ae30 f   ichiprt2.obj
 0001:0003a020       _MakeIsoAtomString         1003b020 f   ichiprt2.obj
 0001:0003a2f0       _MakeIsoTautString         1003b2f0 f   ichiprt2.obj
 0001:0003a530       _MakeIsoHString            1003b530 f   ichiprt2.obj
 0001:0003a6c0       _MakeStereoString          1003b6c0 f   ichiprt2.obj
 0001:0003a840       _MakeAbcNumber             1003b840 f   ichiprt2.obj
 0001:0003a910       _inchi_strtol              1003b910 f   ichiprt2.obj
 0001:0003aa20       _inchi_strtod              1003ba20 f   ichiprt2.obj
 0001:0003aa40       _MakeDecNumber             1003ba40 f   ichiprt2.obj
 0001:0003ab00       _str_Sp2                   1003bb00 f   ichiprt3.obj
 0001:0003b080       _str_Sp3                   1003c080 f   ichiprt3.obj
 0001:0003b5d0       _str_IsoAtoms              1003c5d0 f   ichiprt3.obj
 0001:0003bc40       _str_IsoSp2                1003cc40 f   ichiprt3.obj
 0001:0003c280       _str_IsoSp3                1003d280 f   ichiprt3.obj
 0001:0003c8b0       _str_AuxEqu                1003d8b0 f   ichiprt3.obj
 0001:0003cdd0       _str_AuxInvSp3             1003ddd0 f   ichiprt3.obj
 0001:0003d3f0       _str_AuxInvSp3Numb         1003e3f0 f   ichiprt3.obj
 0001:0003d870       _str_AuxIsoNumb            1003e870 f   ichiprt3.obj
 0001:0003dcb0       _str_AuxIsoEqu             1003ecb0 f   ichiprt3.obj
 0001:0003e260       _str_AuxInvIsoSp3          1003f260 f   ichiprt3.obj
 0001:0003ea40       _str_AuxInvIsoSp3Numb      1003fa40 f   ichiprt3.obj
 0001:0003f040       _str_HillFormula           10040040 f   ichiprt3.obj
 0001:0003f340       _str_HillFormula2          10040340 f   ichiprt3.obj
 0001:0003f7b0       _str_Connections           100407b0 f   ichiprt3.obj
 0001:0003fae0       _str_H_atoms               10040ae0 f   ichiprt3.obj
 0001:0003fe70       _str_Charge2               10040e70 f   ichiprt3.obj
 0001:00040370       _str_FixedH_atoms          10041370 f   ichiprt3.obj
 0001:000406c0       _str_AuxNumb               100416c0 f   ichiprt3.obj
 0001:00040ab0       _str_AuxTgroupEqu          10041ab0 f   ichiprt3.obj
 0001:00040d90       _str_AuxChargeRadVal       10041d90 f   ichiprt3.obj
 0001:00040fa0       _bin_AuxTautTrans          10041fa0 f   ichiprt3.obj
 0001:00041330       _str_AuxTautTrans          10042330 f   ichiprt3.obj
 0001:00041480       _str_StereoAbsInv          10042480 f   ichiprt3.obj
 0001:00041600       _str_IsoStereoAbsInv       10042600 f   ichiprt3.obj
 0001:00041780       _str_AuxIsoTgroupEqu       10042780 f   ichiprt3.obj
 0001:00041bd0       _bIsCenterPointStrict      10042bd0 f   ichiqueu.obj
 0001:00041c60       _nGet14TautIn7MembAltRing  10042c60 f   ichiqueu.obj
 0001:00041ce0       _nGet14TautIn5MembAltRing  10042ce0 f   ichiqueu.obj
 0001:00041d60       _nGet12TautIn5MembAltRing  10042d60 f   ichiqueu.obj
 0001:00041de0       _nGet15TautIn6MembAltRing  10042de0 f   ichiqueu.obj
 0001:00041e60       _DFS_FindTautInARing       10042e60 f   ichiqueu.obj
 0001:000420a0       _are_alt_bonds             100430a0 f   ichiqueu.obj
 0001:00042160       _AddBondsPos               10043160 f   ichiqueu.obj
 0001:00042280       _AddEndPoints              10043280 f   ichiqueu.obj
 0001:00042310       _Check7MembTautRing        10043310 f   ichiqueu.obj
 0001:00042740       _Check6MembTautRing        10043740 f   ichiqueu.obj
 0001:00042c50       _Check5MembTautRing        10043c50 f   ichiqueu.obj
 0001:00042fd0       _ReadWriteInChI            10043fd0 f   ichiread.obj
 0001:00044950       _GetNumNeighborsFromInchi  10045950 f   ichiread.obj
 0001:00044ad0       _CountStereoTypes          10045ad0 f   ichiread.obj
 0001:00044c40       _bInpInchiComponentExists  10045c40 f   ichiread.obj
 0001:00044cb0       _bInpInchiComponentDeleted 10045cb0 f   ichiread.obj
 0001:00044d20       _bRevInchiComponentExists  10045d20 f   ichiread.obj
 0001:00044d90       _bRevInchiComponentDeleted 10045d90 f   ichiread.obj
 0001:00044e00       _DetectInpInchiCreationOptions 10045e00 f   ichiread.obj
 0001:0004dbb0       _insertions_sort_AT_RANK   1004ebb0 f   ichiread.obj
 0001:0004dbb0       _insertions_sort_AT_NUMB   1004ebb0 f   ichiread.obj
 0001:0004ded0       _QueueCreate               1004eed0 f   ichiring.obj
 0001:0004df20       _QueueAdd                  1004ef20 f   ichiring.obj
 0001:0004df60       _QueueGet                  1004ef60 f   ichiring.obj
 0001:0004dfc0       _QueueGetAny               1004efc0 f   ichiring.obj
 0001:0004dff0       _QueueDelete               1004eff0 f   ichiring.obj
 0001:0004e020       _QueueReinit               1004f020 f   ichiring.obj
 0001:0004e040       _QueueLength               1004f040 f   ichiring.obj
 0001:0004e050       _QueueWrittenLength        1004f050 f   ichiring.obj
 0001:0004e070       _GetMinRingSize            1004f070 f   ichiring.obj
 0001:0004e260       _is_bond_in_Nmax_memb_ring 1004f260 f   ichiring.obj
 0001:0004e390       _is_atom_in_3memb_ring     1004f390 f   ichiring.obj
 0001:0004e480       _clear_t_group_info        1004f480 f   ichirvr1.obj
 0001:0004e5a0       _GetTgroupInfoFromInChI    1004f5a0 f   ichirvr1.obj
 0001:0004e820       _FillOutpStructEndpointFromInChI 1004f820 f   ichirvr1.obj
 0001:0004e8f0       _cmp_charge_val            1004f8f0 f   ichirvr1.obj
 0001:0004e940       _bMayBeACationInMobileHLayer 1004f940 f   ichirvr1.obj
 0001:0004ea90       _clean_charge_val          1004fa90 f   ichirvr1.obj
 0001:0004edc0       _GetAtomRestoreInfo        1004fdc0 f   ichirvr1.obj
 0001:0004f320       _get_sp_element_type       10050320 f   ichirvr1.obj
 0001:0004f4d0       _ReallocTCGroups           100504d0 f   ichirvr1.obj
 0001:0004f570       _RegisterTCGroup           10050570 f   ichirvr1.obj
 0001:0004f640       _nTautEndpointEdgeCap      10050640 f   ichirvr1.obj
 0001:0004f6e0       _BondFlowMaxcapMinorder    100506e0 f   ichirvr1.obj
 0001:0004f8d0       _AtomStcapStflow           100508d0 f   ichirvr1.obj
 0001:0004f9f0       _nCountBnsSizes            100509f0 f   ichirvr1.obj
 0001:00050030       _nAddSuperCGroups          10051030 f   ichirvr1.obj
 0001:00050230       _AddTGroups2TCGBnStruct    10051230 f   ichirvr1.obj
 0001:00050540       _ConnectTwoVertices        10051540 f   ichirvr1.obj
 0001:00050710       _AddRadicalToMetal         10051710 f   ichirvr1.obj
 0001:000507b0       _ConnectMetalFlower        100517b0 f   ichirvr1.obj
 0001:00050ba0       _SetEdgeCapFlow            10051ba0 f   ichirvr1.obj
 0001:00050bc0       _AddEdgeFlow               10051bc0 f   ichirvr1.obj
 0001:00050cc0       _ConnectSuperCGroup        10051cc0 f   ichirvr1.obj
 0001:00051130       _AddStCapFlow              10052130 f   ichirvr1.obj
 0001:00051170       _SetStCapFlow              10052170 f   ichirvr1.obj
 0001:000511c0       _AddCGroups2TCGBnStruct    100521c0 f   ichirvr1.obj
 0001:00051f70       _nNumEdgesToCnVertex       10052f70 f   ichirvr1.obj
 0001:00051fd0       _AllocateAndInitTCGBnStruct 10052fd0 f   ichirvr1.obj
 0001:00052600       _IncrZeroBondsAndClearEndpts 10053600 f   ichirvr1.obj
 0001:00052650       _IncrZeroBonds             10053650 f   ichirvr1.obj
 0001:000526a0       _ClearEndpts               100536a0 f   ichirvr1.obj
 0001:000526c0       _GetDeltaChargeFromVF      100536c0 f   ichirvr1.obj
 0001:00052870       _EvaluateChargeChanges     10053870 f   ichirvr1.obj
 0001:00052d60       _RunBnsTestOnce            10053d60 f   ichirvr1.obj
 0001:00052e40       _RunBnsRestoreOnce         10053e40 f   ichirvr1.obj
 0001:00052ec0       _comp_cc_cand              10053ec0 f   ichirvr1.obj
 0001:00052f50       _get_pVA_atom_type         10053f50 f   ichirvr1.obj
 0001:00053050       _AllocEdgeList             10054050 f   ichirvr1.obj
 0001:00053120       _AddToEdgeList             10054120 f   ichirvr1.obj
 0001:00053170       _RemoveFromEdgeListByIndex 10054170 f   ichirvr1.obj
 0001:000531c0       _FindInEdgeList            100541c0 f   ichirvr1.obj
 0001:000531f0       _RemoveFromEdgeListByValue 100541f0 f   ichirvr1.obj
 0001:00053230       _AllocBfsQueue             10054230 f   ichirvr1.obj
 0001:00053320       _RemoveForbiddenEdgeMask   10054320 f   ichirvr1.obj
 0001:00053360       _SetForbiddenEdgeMask      10054360 f   ichirvr1.obj
 0001:000533a0       _RemoveForbiddenBondFlowBits 100543a0 f   ichirvr1.obj
 0001:000533e0       _GetChargeFlowerUpperEdge  100543e0 f   ichirvr1.obj
 0001:000535b0       _MakeOneInChIOutOfStrFromINChI2 100545b0 f   ichirvr1.obj
 0001:00053740       _MakeOneInChIOutOfStrFromINChI 10054740 f   ichirvr1.obj
 0001:00053cf0       _ConnectDisconnectedH      10054cf0 f   ichirvr1.obj
 0001:00053f90       _DisconnectedConnectedH    10054f90 f   ichirvr1.obj
 0001:000541f0       _MakeInChIOutOfStrFromINChI2 100551f0 f   ichirvr1.obj
 0001:00054520       _CopyAt2St                 10055520 f   ichirvr2.obj
 0001:000545c0       _CopySt2At                 100555c0 f   ichirvr2.obj
 0001:00054660       _RestoreAtomConnectionsSetStereo 10055660 f   ichirvr2.obj
 0001:00055720       _SetStereoBondTypeFor0DParity 10056720 f   ichirvr2.obj
 0001:00055870       _SetStereoBondTypesFrom0DStereo 10056870 f   ichirvr2.obj
 0001:00055ad0       _CopyBnsToAtom             10056ad0 f   ichirvr2.obj
 0001:00055f70       _AddExplicitDeletedH       10056f70 f   ichirvr2.obj
 0001:000560f0       _bFindCumuleneChain        100570f0 f   ichirvr2.obj
 0001:00056270       _set_bond_type             10057270 f   ichirvr2.obj
 0001:00056340       _set_cumulene_0D_parity    10057340 f   ichirvr2.obj
 0001:00056730       _set_atom_0D_parity        10057730 f   ichirvr2.obj
 0001:000568c0       _MoveRadToAtomsAddCharges  100578c0 f   ichirvr2.obj
 0001:00056ea0       _AdjustTgroupsToForbiddenEdges2 10057ea0 f   ichirvr2.obj
 0001:00058da0       _RearrangePlusMinusEdgesFlow 10059da0 f   ichirvr2.obj
 0001:00059080       _IncrementZeroOrderBondsToHeteroat 1005a080 f   ichirvr2.obj
 0001:000596f0       _MovePlusFromS2DiaminoCarbon 1005a6f0 f   ichirvr2.obj
 0001:00059bc0       _EliminateChargeSeparationOnHeteroatoms 1005abc0 f   ichirvr2.obj
 0001:0005a290       _RestoreCyanoGroup         1005b290 f   ichirvr2.obj
 0001:0005a5c0       _RestoreIsoCyanoGroup      1005b5c0 f   ichirvr2.obj
 0001:0005ae30       _FixMetal_Nminus_Ominus    1005be30 f   ichirvr2.obj
 0001:0005b2f0       _RestoreNNNgroup           1005c2f0 f   ichirvr2.obj
 0001:0005cc90       _EliminateNitrogen5Val3Bonds 1005dc90 f   ichirvr2.obj
 0001:0005d360       _Convert_SIV_to_SVI        1005e360 f   ichirvr2.obj
 0001:0005d940       _PlusFromDB_N_DB_O_to_Metal 1005e940 f   ichirvr2.obj
 0001:0005ddb0       _MoveMobileHToAvoidFixedBonds 1005edb0 f   ichirvr2.obj
 0001:0005ded0       _RemoveRadFromMobileHEndpoint 1005eed0 f   ichirvr2.obj
 0001:0005ea30       _RemoveRadFromMobileHEndpointFixH 1005fa30 f   ichirvr2.obj
 0001:0005fde0       _MoveChargeToMakeCenerpoints 10060de0 f   ichirvr2.obj
 0001:000602e0       _bHas_N_V                  100612e0 f   ichirvr3.obj
 0001:00060340       _FixFixedHRestoredStructure 10061340 f   ichirvr3.obj
 0001:0006e5a0       _ForbidCarbonChargeEdges   1006f5a0 f   ichirvr4.obj
 0001:0006e650       _ForbidNintrogenPlus2BondsInSmallRings 1006f650 f   ichirvr4.obj
 0001:0006e740       _FixLessHydrogenInFormula  1006f740 f   ichirvr4.obj
 0001:0006ed60       _FixMoreHydrogenInFormula  1006fd60 f   ichirvr4.obj
 0001:0006f190       _FixRemoveExtraTautEndpoints 10070190 f   ichirvr4.obj
 0001:0006f5b0       _FillOutExtraFixedHDataRestr 100705b0 f   ichirvr4.obj
 0001:0006f6e0       _FillOutExtraFixedHDataInChI 100706e0 f   ichirvr4.obj
 0001:0006f7a0       _FillOutCMP2FHINCHI        100707a0 f   ichirvr4.obj
 0001:0006fdf0       _FillOutCMP2MHINCHI        10070df0 f   ichirvr4.obj
 0001:00070820       _NormalizeAndCompare       10071820 f   ichirvr4.obj
 0001:00071350       _CheckAndRefixStereobonds  10072350 f   ichirvr4.obj
 0001:00071770       _MoveChargeToRemoveCenerpoints 10072770 f   ichirvr4.obj
 0001:00072110       _MakeSingleBondsMetal2ChargedHeteroat 10073110 f   ichirvr4.obj
 0001:000724a0       _SaltBondsToCoordBonds     100734a0 f   ichirvr4.obj
 0001:00072d40       _RunBnsRestore1            10073d40 f   ichirvr4.obj
 0001:000734a0       _RestoreAtomMakeBNS        100744a0 f   ichirvr4.obj
 0001:00073ae0       _OneInChI2Atom             10074ae0 f   ichirvr4.obj
 0001:00073c20       _MakeProtonComponent       10074c20 f   ichirvr4.obj
 0001:00073cd0       _AddRemProtonsInRestrStruct 10074cd0 f   ichirvr4.obj
 0001:000740f0       _AddRemIsoProtonsInRestrStruct 100750f0 f   ichirvr4.obj
 0001:00074400       _GetPlusMinusVertex        10075400 f   ichirvr5.obj
 0001:000744d0       _bIsUnsatCarbonInASmallRing 100754d0 f   ichirvr5.obj
 0001:000745e0       _FixMobileHRestoredStructure 100755e0 f   ichirvr5.obj
 0001:00077150       _FixRestoredStructureStereo 10078150 f   ichirvr6.obj
 0001:00079a90       _InChI2Atom                1007aa90 f   ichirvr7.obj
 0001:00079bd0       _RemoveFixHInChIIdentical2MobH 1007abd0 f   ichirvr7.obj
 0001:00079c60       _MarkDisconectedIdenticalToReconnected 1007ac60 f   ichirvr7.obj
 0001:00079e40       _SetUpSrm                  1007ae40 f   ichirvr7.obj
 0001:00079e80       _MergeStructureComponents  1007ae80 f   ichirvr7.obj
 0001:0007a3a0       _AllInchiToStructure       1007b3a0 f   ichirvr7.obj
 0001:0007a660       _AddProtonAndIsoHBalanceToMobHStruct 1007b660 f   ichirvr7.obj
 0001:0007a990       _FreeStrFromINChI          1007b990 f   ichirvr7.obj
 0001:0007ab10       _FreeInpInChI              1007bb10 f   ichirvr7.obj
 0001:0007ac00       _CompareAllOrigInchiToRevInChI 1007bc00 f   ichirvr7.obj
 0001:0007ae20       _CompareAllDisconnectedOrigInchiToRevInChI 1007be20 f   ichirvr7.obj
 0001:0007b930       _CompareTwoPairsOfInChI    1007c930 f   ichirvr7.obj
 0001:0007b9b0       _CompareOneOrigInchiToRevInChI 1007c9b0 f   ichirvr7.obj
 0001:0007bc00       _CompareReversedStereoINChI3 1007cc00 f   ichirvr7.obj
 0001:0007c2d0       _CompareReversedINChI3     1007d2d0 f   ichirvr7.obj
 0001:0007cba0       _AddOneMsg                 1007dba0 f   ichirvr7.obj
 0001:0007ccf0       _FillOutCompareMessage     1007dcf0 f   ichirvr7.obj
 0001:0007cf40       _swap                      1007df40 f   ichisort.obj
 0001:0007cf70       _insertions_sort           1007df70 f   ichisort.obj
 0001:0007cfe0       _insertions_sort_AT_NUMBERS 1007dfe0 f   ichisort.obj
 0001:0007d060       _insertions_sort_NeighList_AT_NUMBERS 1007e060 f   ichisort.obj
 0001:0007d0e0       _insertions_sort_NeighList_AT_NUMBERS3 1007e0e0 f   ichisort.obj
 0001:0007d190       _insertions_sort_NeighListBySymmAndCanonRank 1007e190 f   ichisort.obj
 0001:0007d250       _CompNeighborsAT_NUMBER    1007e250 f   ichisort.obj
 0001:0007d2a0       _comp_AT_NUMB              1007e2a0 f   ichisort.obj
 0001:0007d2a0       _comp_AT_RANK              1007e2a0 f   ichisort.obj
 0001:0007d2c0       _CompRank                  1007e2c0 f   ichisort.obj
 0001:0007d2f0       _CompRanksOrd              1007e2f0 f   ichisort.obj
 0001:0007d330       _CompAtomInvariants2Only   1007e330 f   ichisort.obj
 0001:0007d3f0       _CompAtomInvariants2       1007e3f0 f   ichisort.obj
 0001:0007d420       _CompChemElemLex           1007e420 f   ichisort.obj
 0001:0007d440       _CompareNeighListLex       1007e440 f   ichisort.obj
 0001:0007d4c0       _CompareNeighListLexUpToMaxRank 1007e4c0 f   ichisort.obj
 0001:0007d5b0       _compare_NeighLists        1007e5b0 f   ichisort.obj
 0001:0007d5d0       _CompNeighListRanks        1007e5d0 f   ichisort.obj
 0001:0007d620       _CompNeighLists            1007e620 f   ichisort.obj
 0001:0007d650       _CompNeighListsUpToMaxRank 1007e650 f   ichisort.obj
 0001:0007d690       _CompNeighListRanksOrd     1007e690 f   ichisort.obj
 0001:0007d6c0       _CompRanksInvOrd           1007e6c0 f   ichisort.obj
 0001:0007d6e0       _CompNeighborsRanksCountEql 1007e6e0 f   ichisort.obj
 0001:0007d730       _CreateNeighListFromLinearCT 1007e730 f   ichisort.obj
 0001:0007d930       _CreateNeighList           1007e930 f   ichisort.obj
 0001:0007dc70       _FreeNeighList             1007ec70 f   ichisort.obj
 0001:0007dca0       _BreakAllTies              1007eca0 f   ichisort.obj
 0001:0007dde0       _bCanInpAtomBeAStereoCenter 1007ede0 f   ichister.obj
 0001:0007e120       _bAtomHasValence3          1007f120 f   ichister.obj
 0001:0007e1a0       _bCanAtomHaveAStereoBond   1007f1a0 f   ichister.obj
 0001:0007e230       _bCanAtomBeMiddleAllene    1007f230 f   ichister.obj
 0001:0007e2c0       _bCanAtomBeTerminalAllene  1007f2c0 f   ichister.obj
 0001:0007e350       _GetHalfStereobond0DParity 1007f350 f   ichister.obj
 0001:0007e500       _FixSb0DParities           1007f500 f   ichister.obj
 0001:0007ea30       _FixUnkn0DStereoBonds      1007fa30 f   ichister.obj
 0001:0007eaa0       _GetStereocenter0DParity   1007faa0 f   ichister.obj
 0001:0007ebb0       _set_stereo_parity         1007fbb0 f   ichister.obj
 0001:00082f90       _ReconcileAllCmlBondParities 10083f90 f   ichister.obj
 0001:00083030       _ReconcileCmlIncidentBondParities 10084030 f   ichister.obj
 0001:000833a0       _get_opposite_sb_atom      100843a0 f   ichister.obj
 0001:00083490       _is_centerpoint_elem       10084490 f   ichitaut.obj
 0001:00083610       _is_centerpoint_elem_strict 10084610 f   ichitaut.obj
 0001:000836e0       _get_endpoint_valence      100846e0 f   ichitaut.obj
 0001:000837d0       _AddAtom2num               100847d0 f   ichitaut.obj
 0001:00083870       _AddAtom2DA                10084870 f   ichitaut.obj
 0001:00083970       _AddEndPoint               10084970 f   ichitaut.obj
 0001:000839e0       _nGetEndpointInfo          100849e0 f   ichitaut.obj
 0001:00083b30       _RegisterEndPoints         10084b30 f   ichitaut.obj
 0001:00084520       _SetTautomericBonds        10085520 f   ichitaut.obj
 0001:00084600       _GetNeutralRepsIfNeeded    10085600 f   ichitaut.obj
 0001:00084940       _FindAccessibleEndPoints   10085940 f   ichitaut.obj
 0001:00084f10       _bCanBeACPoint             10085f10 f   ichitaut.obj
 0001:000850c0       _GetChargeType             100860c0 f   ichitaut.obj
 0001:00085210       _CmpCCandidates            10086210 f   ichitaut.obj
 0001:00085240       _RegisterCPoints           10086240 f   ichitaut.obj
 0001:000854b0       _MarkChargeGroups          100864b0 f   ichitaut.obj
 0001:000857b0       _GetSaltChargeType         100867b0 f   ichitaut.obj
 0001:000859d0       _bDoNotMergeNonTautAtom    100869d0 f   ichitaut.obj
 0001:00085a10       _GetOtherSaltChargeType    10086a10 f   ichitaut.obj
 0001:00085c50       _GetOtherSaltType          10086c50 f   ichitaut.obj
 0001:00085dd0       _comp_candidates           10086dd0 f   ichitaut.obj
 0001:00085e60       _MarkSaltChargeGroups2     10086e60 f   ichitaut.obj
 0001:00086800       _MarkSaltChargeGroups      10087800 f   ichitaut.obj
 0001:00086cc0       _MergeSaltTautGroups       10087cc0 f   ichitaut.obj
 0001:000870a0       _MakeIsotopicHGroup        100880a0 f   ichitaut.obj
 0001:00087360       _MarkTautomerGroups        10088360 f   ichitaut.obj
 0001:000883e0       _free_t_group_info         100893e0 f   ichitaut.obj
 0001:00088440       _make_a_copy_of_t_group_info 10089440 f   ichitaut.obj
 0001:000885b0       _set_tautomer_iso_sort_keys 100895b0 f   ichitaut.obj
 0001:00088620       _CountTautomerGroups       10089620 f   ichitaut.obj
 0001:00088a30       _CompRankTautomer          10089a30 f   ichitaut.obj
 0001:00088a60       _SortTautomerGroupsAndEndpoints 10089a60 f   ichitaut.obj
 0001:00088b20       _FreeINCHI@4               10089b20 f   inchi_dll.obj
 0001:00088b70       _FreeStructFromINCHI@4     10089b70 f   inchi_dll.obj
 0001:00088bd0       _GetINCHI@8                10089bd0 f   inchi_dll.obj
 0001:00089360       _AddMOLfileError           1008a360 f   inchi_dll.obj
 0001:000894f0       _SetNumImplicitH           1008a4f0 f   inchi_dll.obj
 0001:00089570       _FreeInpAtom               1008a570 f   inchi_dll.obj
 0001:00089570       _TranspositionFree         1008a570 f   inchi_dll.obj
 0001:00089570       _FreeInchi_Atom            1008a570 f   inchi_dll.obj
 0001:00089570       _FreeInchi_Stereo0D        1008a570 f   inchi_dll.obj
 0001:00089590       _CreateInpAtom             1008a590 f   inchi_dll.obj
 0001:000895b0       _FreeInpAtomData           1008a5b0 f   inchi_dll.obj
 0001:000895f0       _CreateInpAtomData         1008a5f0 f   inchi_dll.obj
 0001:00089640       _FreeCompAtomData          1008a640 f   inchi_dll.obj
 0001:00089670       _FreeOrigAtData            1008a670 f   inchi_dll.obj
 0001:000896e0       _parse_options_string      1008a6e0 f   inchi_dll.obj
 0001:00089810       _SetAtomProperties         1008a810 f   inchi_dll.obj
 0001:00089a30       _SetBondProperties         1008aa30 f   inchi_dll.obj
 0001:00089fd0       _SetAtomAndBondProperties  1008afd0 f   inchi_dll.obj
 0001:0008a3d0       _InpAtom0DToInchiAtom      1008b3d0 f   inchi_dll.obj
 0001:0008a890       _ExtractOneStructure       1008b890 f   inchi_dll.obj
 0001:0008abb0       _GetStringLength@4         1008bbb0 f   inchi_dll.obj
 0001:0008abd0       _GetINCHIfromINCHI@8       1008bbd0 f   inchi_dll.obj
 0001:0008b000       _GetStructFromINCHI@8      1008c000 f   inchi_dll.obj
 0001:0008b470       _cdecl_GetINCHI            1008c470 f   inchi_dll.obj
 0001:0008b480       _cdecl_FreeINCHI           1008c480 f   inchi_dll.obj
 0001:0008b490       _cdecl_GetStringLength     1008c490 f   inchi_dll.obj
 0001:0008b4a0       _cdecl_Get_inchi_Input_FromAuxInfo 1008c4a0 f   inchi_dll.obj
 0001:0008b4c0       _cdecl_Free_inchi_Input    1008c4c0 f   inchi_dll.obj
 0001:0008b4d0       _cdecl_GetStructFromINCHI  1008c4d0 f   inchi_dll.obj
 0001:0008b4e0       _cdecl_GetINCHIfromINCHI   1008c4e0 f   inchi_dll.obj
 0001:0008b4f0       _cdecl_FreeStructFromINCHI 1008c4f0 f   inchi_dll.obj
 0001:0008b500       _GetMaxPrintfLength        1008c500 f   runichi.obj
 0001:0008b8e0       _inchi_print               1008c8e0 f   runichi.obj
 0001:0008b8e0       _inchi_print_nodisplay     1008c8e0 f   runichi.obj
 0001:0008b8e0       _my_fprintf                1008c8e0 f   runichi.obj
 0001:0008b9b0       _ErrMsg                    1008c9b0 f   runichi.obj
 0001:0008bb00       _SortAndPrintINChI         1008cb00 f   runichi.obj
 0001:0008c0d0       _FreeAllINChIArrays        1008d0d0 f   runichi.obj
 0001:0008c140       _FreeINChIArrays           1008d140 f   runichi.obj
 0001:0008c1a0       _TreatReadTheStructureErrors 1008d1a0 f   runichi.obj
 0001:0008c6e0       _GetOneComponent           1008d6e0 f   runichi.obj
 0001:0008c870       _GetProcessingWarningsOneINChI 1008d870 f   runichi.obj
 0001:0008c900       _GetProcessingWarnings     1008d900 f   runichi.obj
 0001:0008c960       _CreateOneComponentINChI   1008d960 f   runichi.obj
 0001:0008ce10       _TreatCreateOneComponentINChIError 1008de10 f   runichi.obj
 0001:0008cfb0       _TreatCreateINChIWarning   1008dfb0 f   runichi.obj
 0001:0008d0f0       _DuplicateOrigAtom         1008e0f0 f   runichi.obj
 0001:0008d2d0       _bCheckUnusualValences     1008e2d0 f   runichi.obj
 0001:0008d440       _PreprocessOneStructure    1008e440 f   runichi.obj
 0001:0008d960       _ProcessOneStructure       1008e960 f   runichi.obj
 0001:0008de60       _bIsStructChiral           1008ee60 f   runichi.obj
 0001:0008df20       _CreateOneStructureINChI   1008ef20 f   runichi.obj
 0001:0008e5e0       _the_only_doublet_neigh    1008f5e0 f   strutil.obj
 0001:0008e6b0       _fix_odd_things            1008f6b0 f   strutil.obj
 0001:0008f0d0       _CopyMOLfile               100900d0 f   strutil.obj
 0001:0008f0d0       _CheckBnsConsistency       100900d0 f   strutil.obj
 0001:0008f0d0       _post_fix_odd_things       100900d0 f   strutil.obj
 0001:0008f0e0       _nFindOneOM                100900e0 f   strutil.obj
 0001:0008f300       _remove_ion_pairs          10090300 f   strutil.obj
 0001:00091d60       _RemoveInpAtBond           10092d60 f   strutil.obj
 0001:00092270       _DisconnectInpAtBond       10093270 f   strutil.obj
 0001:00092340       _bIsAmmoniumSalt           10093340 f   strutil.obj
 0001:00092630       _DisconnectAmmoniumSalt    10093630 f   strutil.obj
 0001:000928e0       _bIsMetalSalt              100938e0 f   strutil.obj
 0001:00092bd0       _DisconnectMetalSalt       10093bd0 f   strutil.obj
 0001:00092c90       _DisconnectSalts           10093c90 f   strutil.obj
 0001:00092d70       _bIsMetalToDisconnect      10093d70 f   strutil.obj
 0001:00092e30       _bMayDisconnectMetals      10093e30 f   strutil.obj
 0001:00092f50       _DisconnectMetals          10093f50 f   strutil.obj
 0001:00093510       _DisconnectOneLigand       10094510 f   strutil.obj
 0001:00093850       _dist3D                    10094850 f   strutil.obj
 0001:00093890       _GetMinDistDistribution    10094890 f   strutil.obj
 0001:00093f20       _move_explicit_Hcation     10094f20 f   strutil.obj
 0001:00094480       _get_iat_number            10095480 f   strutil.obj
 0001:000944b0       _bHeteroAtomMayHaveXchgIsoH 100954b0 f   strutil.obj
 0001:000946c0       _bNumHeterAtomHasIsotopicH 100956c0 f   strutil.obj
 0001:000949a0       _cmp_components            100959a0 f   strutil.obj
 0001:000949d0       _MarkDisconnectedComponents 100959d0 f   strutil.obj
 0001:00094de0       _ExtractConnectedComponent 10095de0 f   strutil.obj
 0001:00094eb0       _SetConnectedComponentNumber 10095eb0 f   strutil.obj
 0001:00094ee0       _Free_INChI_Stereo         10095ee0 f   strutil.obj
 0001:00094f80       _Alloc_INChI_Stereo        10095f80 f   strutil.obj
 0001:00095040       _Free_INChI                10096040 f   strutil.obj
 0001:00095080       _Free_INChI_Members        10096080 f   strutil.obj
 0001:00095180       _Alloc_INChI               10096180 f   strutil.obj
 0001:00095420       _Free_INChI_Aux            10096420 f   strutil.obj
 0001:00095520       _Alloc_INChI_Aux           10096520 f   strutil.obj
 0001:000956e0       _WriteOrigAtomDataToSDfile 100966e0 f   strutil.obj
 0001:00096a00       _GetElementFormulaFromAtNum 10097a00 f   util.obj
 0001:00096a70       _get_el_number             10097a70 f   util.obj
 0001:00096ae0       _get_periodic_table_number 10097ae0 f   util.obj
 0001:00096b10       _do_not_add_H              10097b10 f   util.obj
 0001:00096b30       _get_el_valence            10097b30 f   util.obj
 0001:00096b70       _get_unusual_el_valence    10097b70 f   util.obj
 0001:00096c40       _needed_unusual_el_valence 10097c40 f   util.obj
 0001:00096da0       _detect_unusual_el_valence 10097da0 f   util.obj
 0001:00096e50       _get_el_type               10097e50 f   util.obj
 0001:00096e60       _is_el_a_metal             10097e60 f   util.obj
 0001:00096e80       _extract_ChargeRadical     10097e80 f   util.obj
 0001:00097000       _extract_H_atoms           10098000 f   util.obj
 0001:00097130       _get_num_H                 10098130 f   util.obj
 0001:00097300       _get_atw_from_elnum        10098300 f   util.obj
 0001:00097330       _mystrncpy                 10098330 f   util.obj
 0001:000973a0       _LtrimRtrim                100983a0 f   util.obj
 0001:00097480       _is_in_the_slist           10098480 f   util.obj
 0001:00097480       _is_in_the_list            10098480 f   util.obj
 0001:000974b0       _nBondsValToMetal          100984b0 f   util.obj
 0001:00097530       _num_of_H                  10098530 f   util.obj
 0001:000975d0       _has_other_ion_neigh       100985d0 f   util.obj
 0001:00097680       _has_other_ion_in_sphere_2 10098680 f   util.obj
 0001:00097810       _nNoMetalNumBonds          10098810 f   util.obj
 0001:000979b0       _nNoMetalBondsValence      100989b0 f   util.obj
 0001:00097b20       _nNoMetalNeighIndex        10098b20 f   util.obj
 0001:00097b80       _nNoMetalOtherNeighIndex   10098b80 f   util.obj
 0001:00097bf0       _nNoMetalOtherNeighIndex2  10098bf0 f   util.obj
 0001:00097c70       _memmove                   10098c70 f   LIBCMT:memmove.obj
 0001:00097fa5       _free                      10098fa5 f   LIBCMT:free.obj
 0001:0009808e       _calloc                    1009908e f   LIBCMT:calloc.obj
 0001:000981d0       _memchr                    100991d0 f   LIBCMT:memchr.obj
 0001:00098290       _strchr                    10099290 f   LIBCMT:strchr.obj
 0001:00098296       ___from_strstr_to_strchr   10099296 f   LIBCMT:strchr.obj
 0001:0009834c       _malloc                    1009934c f   LIBCMT:malloc.obj
 0001:0009835e       __nh_malloc                1009935e f   LIBCMT:malloc.obj
 0001:0009838a       __heap_alloc               1009938a f   LIBCMT:malloc.obj
 0001:00098486       _qsort                     10099486 f   LIBCMT:qsort.obj
 0001:00098654       __fpmath                   10099654 f   LIBCMT:fpinit.obj
 0001:0009866b       __fpclear                  1009966b f   LIBCMT:fpinit.obj
 0001:0009866c       __cfltcvt_init             1009966c f   LIBCMT:fpinit.obj
 0001:000986b0       _strstr                    100996b0 f   LIBCMT:strstr.obj
 0001:00098730       _clock                     10099730 f   LIBCMT:clock.obj
 0001:00098773       ___inittime                10099773 f   LIBCMT:clock.obj
 0001:000987a8       __isctype                  100997a8 f   LIBCMT:isctype.obj
 0001:00098820       _strrchr                   10099820 f   LIBCMT:strrchr.obj
 0001:00098847       _strtod                    10099847 f   LIBCMT:strtod.obj
 0001:00098900       _strspn                    10099900 f   LIBCMT:strspn.obj
 0001:0009893e       _strtol                    1009993e f   LIBCMT:strtol.obj
 0001:00098b5a       _sprintf                   10099b5a f   LIBCMT:sprintf.obj
 0001:00098bb0       _strncpy                   10099bb0 f   LIBCMT:strncpy.obj
 0001:00098cae       __dosmaperr                10099cae f   LIBCMT:dosmap.obj
 0001:00098d21       __errno                    10099d21 f   LIBCMT:dosmap.obj
 0001:00098d2a       ___doserrno                10099d2a f   LIBCMT:dosmap.obj
 0001:00098d33       _toupper                   10099d33 f   LIBCMT:toupper.obj
 0001:00098da2       __toupper_lk               10099da2 f   LIBCMT:toupper.obj
 0001:00098e70       __ftol                     10099e70 f   LIBCMT:ftol.obj
 0001:00098ea0       _strcspn                   10099ea0 f   LIBCMT:strcspn.obj
 0001:00098ee0       __alloca_probe             10099ee0 f   LIBCMT:chkstk.obj
 0001:00098ee0       __chkstk                   10099ee0 f   LIBCMT:chkstk.obj
 0001:00098f0f       _floor                     10099f0f f   LIBCMT:floor.obj
 0001:00098fde       _atol                      10099fde f   LIBCMT:atox.obj
 0001:00099069       _atoi                      1009a069 f   LIBCMT:atox.obj
 0001:00099074       _vsprintf                  1009a074 f   LIBCMT:vsprintf.obj
 0001:000990d0       _strpbrk                   1009a0d0 f   LIBCMT:strpbrk.obj
 0001:0009910a       __CRT_INIT@12              1009a10a f   LIBCMT:dllcrt0.obj
 0001:000991e3       __DllMainCRTStartup@12     1009a1e3 f   LIBCMT:dllcrt0.obj
 0001:00099280       __amsg_exit                1009a280 f   LIBCMT:dllcrt0.obj
 0001:000992b3       __GetLinkerVersion         1009a2b3 f   LIBCMT:heapinit.obj
 0001:000992e0       ___heap_select             1009a2e0 f   LIBCMT:heapinit.obj
 0001:00099428       __heap_init                1009a428 f   LIBCMT:heapinit.obj
 0001:00099485       __heap_term                1009a485 f   LIBCMT:heapinit.obj
 0001:0009952d       ___sbh_heap_init           1009a52d f   LIBCMT:sbheap.obj
 0001:00099575       ___sbh_find_block          1009a575 f   LIBCMT:sbheap.obj
 0001:000995a0       ___sbh_free_block          1009a5a0 f   LIBCMT:sbheap.obj
 0001:000998c9       ___sbh_alloc_block         1009a8c9 f   LIBCMT:sbheap.obj
 0001:00099bd2       ___sbh_alloc_new_region    1009abd2 f   LIBCMT:sbheap.obj
 0001:00099c83       ___sbh_alloc_new_group     1009ac83 f   LIBCMT:sbheap.obj
 0001:00099d7e       ___old_sbh_new_region      1009ad7e f   LIBCMT:sbheap.obj
 0001:00099ec2       ___old_sbh_release_region  1009aec2 f   LIBCMT:sbheap.obj
 0001:00099f18       ___old_sbh_decommit_pages  1009af18 f   LIBCMT:sbheap.obj
 0001:00099fda       ___old_sbh_find_block      1009afda f   LIBCMT:sbheap.obj
 0001:0009a031       ___old_sbh_free_block      1009b031 f   LIBCMT:sbheap.obj
 0001:0009a076       ___old_sbh_alloc_block     1009b076 f   LIBCMT:sbheap.obj
 0001:0009a27e       ___old_sbh_alloc_block_from_page 1009b27e f   LIBCMT:sbheap.obj
 0001:0009a3a2       __mtinitlocks              1009b3a2 f   LIBCMT:mlock.obj
 0001:0009a3cb       __mtdeletelocks            1009b3cb f   LIBCMT:mlock.obj
 0001:0009a437       __lock                     1009b437 f   LIBCMT:mlock.obj
 0001:0009a498       __unlock                   1009b498 f   LIBCMT:mlock.obj
 0001:0009a4b0       __global_unwind2           1009b4b0 f   LIBCMT:exsup.obj
 0001:0009a4f2       __local_unwind2            1009b4f2 f   LIBCMT:exsup.obj
 0001:0009a54a       __NLG_Return2              1009b54a f   LIBCMT:exsup.obj
 0001:0009a55a       __abnormal_termination     1009b55a f   LIBCMT:exsup.obj
 0001:0009a57d       __NLG_Notify1              1009b57d f   LIBCMT:exsup.obj
 0001:0009a586       __NLG_Notify               1009b586 f   LIBCMT:exsup.obj
 0001:0009a599       __NLG_Dispatch             1009b599 f   LIBCMT:exsup.obj
 0001:0009a5a8       __except_handler3          1009b5a8 f   LIBCMT:exsup3.obj
 0001:0009a665       __seh_longjmp_unwind@4     1009b665 f   LIBCMT:exsup3.obj
 0001:0009a680       __callnewh                 1009b680 f   LIBCMT:handler.obj
 0001:0009a6a0       _memset                    1009b6a0 f   LIBCMT:memset.obj
 0001:0009a6f8       __setdefaultprecision      1009b6f8 f   LIBCMT:fp8.obj
 0001:0009a70a       __ms_p5_test_fdiv          1009b70a f   LIBCMT:testfdiv.obj
 0001:0009a748       __ms_p5_mp_test_fdiv       1009b748 f   LIBCMT:testfdiv.obj
 0001:0009a771       __forcdecpt                1009b771 f   LIBCMT:cvt.obj
 0001:0009a7cb       __cropzeros                1009b7cb f   LIBCMT:cvt.obj
 0001:0009a819       __positive                 1009b819 f   LIBCMT:cvt.obj
 0001:0009a831       __fassign                  1009b831 f   LIBCMT:cvt.obj
 0001:0009a86f       __cftoe                    1009b86f f   LIBCMT:cvt.obj
 0001:0009a992       __cftof                    1009b992 f   LIBCMT:cvt.obj
 0001:0009aa8e       __cftog                    1009ba8e f   LIBCMT:cvt.obj
 0001:0009ab21       __cfltcvt                  1009bb21 f   LIBCMT:cvt.obj
 0001:0009aba0       __aulldiv                  1009bba0 f   LIBCMT:ulldiv.obj
 0001:0009ac10       __allmul                   1009bc10 f   LIBCMT:llmul.obj
 0001:0009ac44       ___crtGetStringTypeA       1009bc44 f   LIBCMT:a_str.obj
 0001:0009ad90       __fltin2                   1009bd90 f   LIBCMT:cfin.obj
 0001:0009ae10       _strlen                    1009be10 f   LIBCMT:strlen.obj
 0001:0009ae8b       __flsbuf                   1009be8b f   LIBCMT:_flsbuf.obj
 0001:0009afa3       __output                   1009bfa3 f   LIBCMT:output.obj
 0001:0009b80a       __mtinit                   1009c80a f   LIBCMT:tidtable.obj
 0001:0009b85e       __mtterm                   1009c85e f   LIBCMT:tidtable.obj
 0001:0009b87c       __initptd                  1009c87c f   LIBCMT:tidtable.obj
 0001:0009b88f       __getptd                   1009c88f f   LIBCMT:tidtable.obj
 0001:0009b8f6       __freeptd                  1009c8f6 f   LIBCMT:tidtable.obj
 0001:0009b996       ___crtLCMapStringA         1009c996 f   LIBCMT:a_map.obj
 0001:0009bbe5       __handle_qnan1             1009cbe5 f   LIBCMT:fpexcept.obj
 0001:0009bc39       __except1                  1009cc39 f   LIBCMT:fpexcept.obj
 0001:0009bcd1       __raise_exc                1009ccd1 f   LIBCMT:fpexcept.obj
 0001:0009bf84       __handle_exc               1009cf84 f   LIBCMT:fpexcept.obj
 0001:0009c19b       __umatherr                 1009d19b f   LIBCMT:fpexcept.obj
 0001:0009c223       __set_errno                1009d223 f   LIBCMT:fpexcept.obj
 0001:0009c270       __errcode                  1009d270 f   LIBCMT:fpexcept.obj
 0001:0009c29d       __frnd                     1009d29d f   LIBCMT:frnd.obj
 0001:0009c2af       __set_exp                  1009d2af f   LIBCMT:util.obj
 0001:0009c2d8       __sptype                   1009d2d8 f   LIBCMT:util.obj
 0001:0009c332       __decomp                   1009d332 f   LIBCMT:util.obj
 0001:0009c3f3       __statfp                   1009d3f3 f   LIBCMT:fpctrl.obj
 0001:0009c401       __clrfp                    1009d401 f   LIBCMT:fpctrl.obj
 0001:0009c410       __ctrlfp                   1009d410 f   LIBCMT:fpctrl.obj
 0001:0009c433       __set_statfp               1009d433 f   LIBCMT:fpctrl.obj
 0001:0009c489       __cinit                    1009d489 f   LIBCMT:crt0dat.obj
 0001:0009c4b6       __exit                     1009d4b6 f   LIBCMT:crt0dat.obj
 0001:0009c4c7       __cexit                    1009d4c7 f   LIBCMT:crt0dat.obj
 0001:0009c57b       __lockexit                 1009d57b f   LIBCMT:crt0dat.obj
 0001:0009c584       __unlockexit               1009d584 f   LIBCMT:crt0dat.obj
 0001:0009c5a7       __ioinit                   1009d5a7 f   LIBCMT:ioinit.obj
 0001:0009c763       __ioterm                   1009d763 f   LIBCMT:ioinit.obj
 0001:0009c7b7       __setenvp                  1009d7b7 f   LIBCMT:stdenvp.obj
 0001:0009c870       __setargv                  1009d870 f   LIBCMT:stdargv.obj
 0001:0009cabd       ___crtGetEnvironmentStringsA 1009dabd f   LIBCMT:a_env.obj
 0001:0009cbef       _DllMain@12                1009dbef f   LIBCMT:dllmain.obj
 0001:0009cbf5       __FF_MSGBANNER             1009dbf5 f   LIBCMT:crt0msg.obj
 0001:0009cc2e       __NMSG_WRITE               1009dc2e f   LIBCMT:crt0msg.obj
 0001:0009cd90       _strncmp                   1009dd90 f   LIBCMT:strncmp.obj
 0001:0009cdc8       __control87                1009ddc8 f   LIBCMT:ieee87.obj
 0001:0009cdfd       __controlfp                1009ddfd f   LIBCMT:ieee87.obj
 0001:0009cf2e       _tolower                   1009df2e f   LIBCMT:tolower.obj
 0001:0009cf9d       __tolower_lk               1009df9d f   LIBCMT:tolower.obj
 0001:0009d068       __ZeroTail                 1009e068 f   LIBCMT:intrncvt.obj
 0001:0009d0b1       __IncMan                   1009e0b1 f   LIBCMT:intrncvt.obj
 0001:0009d107       __RoundMan                 1009e107 f   LIBCMT:intrncvt.obj
 0001:0009d193       __CopyMan                  1009e193 f   LIBCMT:intrncvt.obj
 0001:0009d1ae       __FillZeroMan              1009e1ae f   LIBCMT:intrncvt.obj
 0001:0009d1ba       __IsZeroMan                1009e1ba f   LIBCMT:intrncvt.obj
 0001:0009d1d5       __ShrMan                   1009e1d5 f   LIBCMT:intrncvt.obj
 0001:0009d262       __ld12cvt                  1009e262 f   LIBCMT:intrncvt.obj
 0001:0009d3ce       __ld12tod                  1009e3ce f   LIBCMT:intrncvt.obj
 0001:0009d3e4       __ld12tof                  1009e3e4 f   LIBCMT:intrncvt.obj
 0001:0009d3fa       __atodbl                   1009e3fa f   LIBCMT:intrncvt.obj
 0001:0009d427       __atoflt                   1009e427 f   LIBCMT:intrncvt.obj
 0001:0009d454       __fptostr                  1009e454 f   LIBCMT:_fptostr.obj
 0001:0009d4cb       __fltout2                  1009e4cb f   LIBCMT:cfout.obj
 0001:0009d527       ___dtold                   1009e527 f   LIBCMT:cfout.obj
 0001:0009d5e0       _strcpy                    1009e5e0 f   LIBCMT:strcat.obj
 0001:0009d5f0       _strcat                    1009e5f0 f   LIBCMT:strcat.obj
 0001:0009d6d0       __fptrap                   1009e6d0 f   LIBCMT:crt0fp.obj
 0001:0009d6d9       ___strgtold12              1009e6d9 f   LIBCMT:strgtold.obj
 0001:0009dbaa       __lseek                    1009ebaa f   LIBCMT:lseek.obj
 0001:0009dc0f       __lseek_lk                 1009ec0f f   LIBCMT:lseek.obj
 0001:0009dc82       __write                    1009ec82 f   LIBCMT:write.obj
 0001:0009dce7       __write_lk                 1009ece7 f   LIBCMT:write.obj
 0001:0009de72       __getbuf                   1009ee72 f   LIBCMT:_getbuf.obj
 0001:0009deb6       __isatty                   1009eeb6 f   LIBCMT:isatty.obj
 0001:0009dedf       ___initstdio               1009eedf f   LIBCMT:_file.obj
 0001:0009df87       ___endstdio                1009ef87 f   LIBCMT:_file.obj
 0001:0009df9b       __lock_file                1009ef9b f   LIBCMT:_file.obj
 0001:0009dfca       __lock_file2               1009efca f   LIBCMT:_file.obj
 0001:0009dfed       __unlock_file              1009efed f   LIBCMT:_file.obj
 0001:0009e01c       __unlock_file2             1009f01c f   LIBCMT:_file.obj
 0001:0009e03f       _wctomb                    1009f03f f   LIBCMT:wctomb.obj
 0001:0009e098       __wctomb_lk                1009f098 f   LIBCMT:wctomb.obj
 0001:0009e110       __aullrem                  1009f110 f   LIBCMT:ullrem.obj
 0001:0009e190       _strcmp                    1009f190 f   LIBCMT:strcmp.obj
 0001:0009e220       _memcpy                    1009f220 f   LIBCMT:memcpy.obj
 0001:0009e555       __matherr                  1009f555 f   LIBCMT:matherr.obj
 0001:0009e558       __setmbcp                  1009f558 f   LIBCMT:mbctype.obj
 0001:0009e930       ___initmbctable            1009f930 f   LIBCMT:mbctype.obj
 0001:0009e94c       ___crtMessageBoxA          1009f94c f   LIBCMT:crtmbox.obj
 0001:0009e9d5       ___addl                    1009f9d5 f   LIBCMT:mantold.obj
 0001:0009e9f6       ___add_12                  1009f9f6 f   LIBCMT:mantold.obj
 0001:0009ea54       ___shl_12                  1009fa54 f   LIBCMT:mantold.obj
 0001:0009ea82       ___shr_12                  1009fa82 f   LIBCMT:mantold.obj
 0001:0009eaaf       ___mtold12                 1009faaf f   LIBCMT:mantold.obj
 0001:0009eb76       _$I10_OUTPUT               1009fb76 f   LIBCMT:x10fout.obj
 0001:0009ee09       ___ld12mul                 1009fe09 f   LIBCMT:tenpow.obj
 0001:0009f029       ___multtenpow12            100a0029 f   LIBCMT:tenpow.obj
 0001:0009f0a5       __free_osfhnd              100a00a5 f   LIBCMT:osfinfo.obj
 0001:0009f124       __get_osfhandle            100a0124 f   LIBCMT:osfinfo.obj
 0001:0009f166       __lock_fhandle             100a0166 f   LIBCMT:osfinfo.obj
 0001:0009f1c5       __unlock_fhandle           100a01c5 f   LIBCMT:osfinfo.obj
 0001:0009f1e7       __fcloseall                100a01e7 f   LIBCMT:closeall.obj
 0001:0009f268       __fflush_lk                100a0268 f   LIBCMT:fflush.obj
 0001:0009f296       __flush                    100a0296 f   LIBCMT:fflush.obj
 0001:0009f2f2       __flushall                 100a02f2 f   LIBCMT:fflush.obj
 0001:0009f3a0       __stricmp                  100a03a0 f   LIBCMT:stricmp.obj
 0001:0009f3a0       __strcmpi                  100a03a0 f   LIBCMT:stricmp.obj
 0001:0009f3a0       _stricmp                   100a03a0 f   LIBCMT:stricmp.obj
 0001:0009f470       __strnicmp                 100a0470 f   LIBCMT:strnicmp.obj
 0001:0009f571       _fclose                    100a0571 f   LIBCMT:fclose.obj
 0001:0009f5a2       __fclose_lk                100a05a2 f   LIBCMT:fclose.obj
 0001:0009f5ee       __commit                   100a05ee f   LIBCMT:commit.obj
 0001:0009f681       __close                    100a0681 f   LIBCMT:close.obj
 0001:0009f6de       __close_lk                 100a06de f   LIBCMT:close.obj
 0001:0009f761       __freebuf                  100a0761 f   LIBCMT:_freebuf.obj
 0001:0009f790       _RtlUnwind@16              100a0790 f   kernel32:KERNEL32.dll
 0001:0009f7a0       __memicmp                  100a07a0 f   LIBCMT:memicmp.obj
 0001:0009f7a0       _memicmp                   100a07a0 f   LIBCMT:memicmp.obj
 0002:00000000       __imp__HeapAlloc@12        100a1000     kernel32:KERNEL32.dll
 0002:00000004       __imp__GetSystemTimeAsFileTime@4 100a1004     kernel32:KERNEL32.dll
 0002:00000008       __imp__InterlockedDecrement@4 100a1008     kernel32:KERNEL32.dll
 0002:0000000c       __imp__InterlockedIncrement@4 100a100c     kernel32:KERNEL32.dll
 0002:00000010       __imp__GetCommandLineA@0   100a1010     kernel32:KERNEL32.dll
 0002:00000014       __imp__GetVersion@0        100a1014     kernel32:KERNEL32.dll
 0002:00000018       __imp__GetModuleHandleA@4  100a1018     kernel32:KERNEL32.dll
 0002:0000001c       __imp__GetModuleFileNameA@12 100a101c     kernel32:KERNEL32.dll
 0002:00000020       __imp__GetEnvironmentVariableA@12 100a1020     kernel32:KERNEL32.dll
 0002:00000024       __imp__GetVersionExA@4     100a1024     kernel32:KERNEL32.dll
 0002:00000028       __imp__HeapDestroy@4       100a1028     kernel32:KERNEL32.dll
 0002:0000002c       __imp__HeapCreate@12       100a102c     kernel32:KERNEL32.dll
 0002:00000030       __imp__VirtualFree@12      100a1030     kernel32:KERNEL32.dll
 0002:00000034       __imp__VirtualAlloc@16     100a1034     kernel32:KERNEL32.dll
 0002:00000038       __imp__HeapReAlloc@16      100a1038     kernel32:KERNEL32.dll
 0002:0000003c       __imp__InitializeCriticalSection@4 100a103c     kernel32:KERNEL32.dll
 0002:00000040       __imp__DeleteCriticalSection@4 100a1040     kernel32:KERNEL32.dll
 0002:00000044       __imp__EnterCriticalSection@4 100a1044     kernel32:KERNEL32.dll
 0002:00000048       __imp__LeaveCriticalSection@4 100a1048     kernel32:KERNEL32.dll
 0002:0000004c       __imp__ExitProcess@4       100a104c     kernel32:KERNEL32.dll
 0002:00000050       __imp__RtlUnwind@16        100a1050     kernel32:KERNEL32.dll
 0002:00000054       __imp__GetProcAddress@8    100a1054     kernel32:KERNEL32.dll
 0002:00000058       __imp__MultiByteToWideChar@24 100a1058     kernel32:KERNEL32.dll
 0002:0000005c       __imp__GetStringTypeA@20   100a105c     kernel32:KERNEL32.dll
 0002:00000060       __imp__GetStringTypeW@16   100a1060     kernel32:KERNEL32.dll
 0002:00000064       __imp__GetCurrentThreadId@0 100a1064     kernel32:KERNEL32.dll
 0002:00000068       __imp__TlsSetValue@8       100a1068     kernel32:KERNEL32.dll
 0002:0000006c       __imp__TlsAlloc@0          100a106c     kernel32:KERNEL32.dll
 0002:00000070       __imp__TlsFree@4           100a1070     kernel32:KERNEL32.dll
 0002:00000074       __imp__SetLastError@4      100a1074     kernel32:KERNEL32.dll
 0002:00000078       __imp__TlsGetValue@4       100a1078     kernel32:KERNEL32.dll
 0002:0000007c       __imp__GetLastError@0      100a107c     kernel32:KERNEL32.dll
 0002:00000080       __imp__HeapFree@12         100a1080     kernel32:KERNEL32.dll
 0002:00000084       __imp__WideCharToMultiByte@32 100a1084     kernel32:KERNEL32.dll
 0002:00000088       __imp__LCMapStringA@24     100a1088     kernel32:KERNEL32.dll
 0002:0000008c       __imp__LCMapStringW@24     100a108c     kernel32:KERNEL32.dll
 0002:00000090       __imp__RaiseException@16   100a1090     kernel32:KERNEL32.dll
 0002:00000094       __imp__TerminateProcess@8  100a1094     kernel32:KERNEL32.dll
 0002:00000098       __imp__GetCurrentProcess@0 100a1098     kernel32:KERNEL32.dll
 0002:0000009c       __imp__SetHandleCount@4    100a109c     kernel32:KERNEL32.dll
 0002:000000a0       __imp__GetStdHandle@4      100a10a0     kernel32:KERNEL32.dll
 0002:000000a4       __imp__GetFileType@4       100a10a4     kernel32:KERNEL32.dll
 0002:000000a8       __imp__GetStartupInfoA@4   100a10a8     kernel32:KERNEL32.dll
 0002:000000ac       __imp__FreeEnvironmentStringsA@4 100a10ac     kernel32:KERNEL32.dll
 0002:000000b0       __imp__FreeEnvironmentStringsW@4 100a10b0     kernel32:KERNEL32.dll
 0002:000000b4       __imp__GetEnvironmentStrings@0 100a10b4     kernel32:KERNEL32.dll
 0002:000000b8       __imp__GetEnvironmentStringsW@0 100a10b8     kernel32:KERNEL32.dll
 0002:000000bc       __imp__WriteFile@20        100a10bc     kernel32:KERNEL32.dll
 0002:000000c0       __imp__SetFilePointer@16   100a10c0     kernel32:KERNEL32.dll
 0002:000000c4       __imp__GetCPInfo@8         100a10c4     kernel32:KERNEL32.dll
 0002:000000c8       __imp__GetACP@0            100a10c8     kernel32:KERNEL32.dll
 0002:000000cc       __imp__GetOEMCP@0          100a10cc     kernel32:KERNEL32.dll
 0002:000000d0       __imp__LoadLibraryA@4      100a10d0     kernel32:KERNEL32.dll
 0002:000000d4       __imp__SetStdHandle@8      100a10d4     kernel32:KERNEL32.dll
 0002:000000d8       __imp__FlushFileBuffers@4  100a10d8     kernel32:KERNEL32.dll
 0002:000000dc       __imp__CloseHandle@4       100a10dc     kernel32:KERNEL32.dll
 0002:000000e0       \177KERNEL32_NULL_THUNK_DATA 100a10e0     kernel32:KERNEL32.dll
 0002:00000104       _FullMaxClock              100a1104     ichicano.obj
 0002:00000108       _HalfMaxClock              100a1108     ichicano.obj
 0002:00000348       __real@8@3feb8637bd05af6c6800 100a1348     ichilnct.obj
 0002:00000350       __real@8@00000000000000000000 100a1350     ichilnct.obj
 0002:00000358       __real@8@4019bebc1ffcccccd000 100a1358     ichimak2.obj
 0002:00000360       __real@8@401698967ffd70a3d800 100a1360     ichimak2.obj
 0002:00000368       __real@8@4012f423fffbe76c8800 100a1368     ichimak2.obj
 0002:00000370       __real@8@400fc34ffffcb923a000 100a1370     ichimak2.obj
 0002:00000378       __real@8@c00fc34fffdf3b645800 100a1378     ichimak2.obj
 0002:00000380       __real@8@c012f423ffd70a3d7000 100a1380     ichimak2.obj
 0002:00000388       __real@8@c01698967fe666666800 100a1388     ichimak2.obj
 0002:00000398       __real@8@401effffffff00000000 100a1398     ichiparm.obj
 0002:000003a0       __real@8@4008fa00000000000000 100a13a0     ichiparm.obj
 0002:000003a8       _sCompDelim                100a13a8     ichiprt1.obj
 0002:000003ac       _sIdenticalValues          100a13ac     ichiprt1.obj
 0002:000003b0       _x_space                   100a13b0     ichiprt1.obj
 0002:000003c4       _x_inchi                   100a13c4     ichiprt1.obj
 0002:000003cc       _x_inchi_ver               100a13cc     ichiprt1.obj
 0002:000003d4       _x_curr_ver                100a13d4     ichiprt1.obj
 0002:000003d8       _x_structure               100a13d8     ichiprt1.obj
 0002:000003e4       _x_number                  100a13e4     ichiprt1.obj
 0002:000003ec       _x_header                  100a13ec     ichiprt1.obj
 0002:000003f4       _x_value                   100a13f4     ichiprt1.obj
 0002:00000400       _x_empty                   100a1400     ichiprt1.obj
 0002:00000404       _x_type                    100a1404     ichiprt1.obj
 0002:0000040c       _x_message                 100a140c     ichiprt1.obj
 0002:00000414       _x_text                    100a1414     ichiprt1.obj
 0002:0000041c       _x_ferr                    100a141c     ichiprt1.obj
 0002:0000042c       _x_err                     100a142c     ichiprt1.obj
 0002:00000440       _x_warn                    100a1440     ichiprt1.obj
 0002:00000448       _x_basic                   100a1448     ichiprt1.obj
[...]
 0003:00005c90       ___lconv                   100aac90     LIBCMT:lconv.obj
 0003:00005ca0       __pow10pos                 100aaca0     LIBCMT:constpow.obj
 0003:00005e00       __pow10neg                 100aae00     LIBCMT:constpow.obj
 0003:00005f5c       __timezone                 100aaf5c     LIBCMT:timeset.obj
 0003:00005f60       __daylight                 100aaf60     LIBCMT:timeset.obj
 0003:00005f64       __dstbias                  100aaf64     LIBCMT:timeset.obj
 0003:00005fe8       __tzname                   100aafe8     LIBCMT:timeset.obj
 0003:0000600c       __lpdays                   100ab00c     LIBCMT:days.obj
 0003:00006040       __days                     100ab040     LIBCMT:days.obj
 0003:000060c4       _MaxPositiveClock          100ab0c4     ichicano.obj
 0003:000060c8       _MinNegativeClock          100ab0c8     ichicano.obj
 0003:000060cc       _HalfMaxPositiveClock      100ab0cc     ichicano.obj
 0003:000060d0       _HalfMinNegativeClock      100ab0d0     ichicano.obj
 0003:00006128       ??_C@_00A@?$AA@            100ab128     ichiparm.obj
 0003:0000612c       ??_C@_01A@?$AA?$AA@        100ab12c     ichiprt1.obj
 0003:0000622c       _bInterrupted              100ab22c     inchi_dll.obj
 0003:00006230       _bLibInchiSemaphore        100ab230     inchi_dll.obj
 0003:00006238       _dummy_inchi_dll_main      100ab238     inchi_dll_main.obj
 0003:0000627c       _ConsoleQuit               100ab27c     runichi.obj
 0003:00006280       _UserAction                100ab280     runichi.obj
 0003:00006340       ??_C@_05A@?$AA?$AA?$AA?$AA?$AA?$AA@ 100ab340     strutil.obj
 0003:0000635c       ___fastflag                100ab35c     LIBCMT:fpinit.obj
 0003:00006360       __adjust_fdiv              100ab360     LIBCMT:fpinit.obj
 0003:00006374       __aenvptr                  100ab374     LIBCMT:dllcrt0.obj
 0003:00006378       __wenvptr                  100ab378     LIBCMT:dllcrt0.obj
 0003:0000637c       ___error_mode              100ab37c     LIBCMT:dllcrt0.obj
 0003:00006380       ___app_type                100ab380     LIBCMT:dllcrt0.obj
 0003:000063e8       ?_pnhHeap@@3P6AHI@ZA       100ab3e8     LIBCMT:handler.obj
 0003:000063ec       __newmode                  100ab3ec     LIBCMT:_newmode.obj
 0003:00006400       ___lc_handle               100ab400     LIBCMT:nlsdata2.obj
 0003:00006418       ___lc_codepage             100ab418     LIBCMT:nlsdata2.obj
 0003:0000641c       ___lc_collate_cp           100ab41c     LIBCMT:nlsdata2.obj
 0003:00006424       __umaskval                 100ab424     LIBCMT:crt0dat.obj
 0003:00006428       __osver                    100ab428     LIBCMT:crt0dat.obj
 0003:0000642c       __winver                   100ab42c     LIBCMT:crt0dat.obj
 0003:00006430       __winmajor                 100ab430     LIBCMT:crt0dat.obj
 0003:00006434       __winminor                 100ab434     LIBCMT:crt0dat.obj
 0003:00006438       ___argc                    100ab438     LIBCMT:crt0dat.obj
 0003:0000643c       ___argv                    100ab43c     LIBCMT:crt0dat.obj
 0003:00006440       ___wargv                   100ab440     LIBCMT:crt0dat.obj
 0003:00006444       __environ                  100ab444     LIBCMT:crt0dat.obj
 0003:00006448       ___initenv                 100ab448     LIBCMT:crt0dat.obj
 0003:0000644c       __wenviron                 100ab44c     LIBCMT:crt0dat.obj
 0003:00006450       ___winitenv                100ab450     LIBCMT:crt0dat.obj
 0003:00006454       __pgmptr                   100ab454     LIBCMT:crt0dat.obj
 0003:00006458       __wpgmptr                  100ab458     LIBCMT:crt0dat.obj
 0003:0000645c       __exitflag                 100ab45c     LIBCMT:crt0dat.obj
 0003:00006460       __C_Termination_Done       100ab460     LIBCMT:crt0dat.obj
 0003:00006464       __C_Exit_Done              100ab464     LIBCMT:crt0dat.obj
 0003:00006570       __adbgmsg                  100ab570     LIBCMT:crt0msg.obj
 0003:00006574       __cflush                   100ab574     LIBCMT:_file.obj
 0003:00006578       ___lc_time_intl            100ab578     LIBCMT:inittime.obj
 0003:00006594       ___lc_id                   100ab594     LIBCMT:nlsdata3.obj
 0003:00006608       ___lconv_static_null       100ab608     LIBCMT:lconv.obj
 0003:000066d8       _pn_tRankForSort           100ab6d8     <common>
 0003:000066e0       _VER_STRING                100ab6e0     <common>
 0003:00006720       _nMaxAtNeighRankForSort    100ab720     <common>
 0003:00006724       _pAtomInvariant2ForSort    100ab724     <common>
 0003:00006728       _pNeighborsForSort         100ab728     <common>
 0003:0000672c       _pNeighList_RankForSort    100ab72c     <common>
 0003:00006730       _pn_RankForSort            100ab730     <common>
 0003:00006734       _nNumCompNeighborsRanksCountEql 100ab734     <common>
 0003:00006738       _rank_mask_bit             100ab738     <common>
 0003:0000673a       _rank_mark_bit             100ab73a     <common>
 0003:0000673c       ___mbcodepage              100ab73c     <common>
 0003:00006740       ___mbulinfo                100ab740     <common>
 0003:0000674c       ___ismbcodepage            100ab74c     <common>
 0003:00006760       __mbcasemap                100ab760     <common>
 0003:00006860       __mbctype                  100ab860     <common>
 0003:00006964       ___mblcid                  100ab964     <common>
 0003:00006968       ___piob                    100ab968     <common>
 0003:00006980       __bufin                    100ab980     <common>
 0003:00007980       __nstream                  100ac980     <common>
 0003:000079a0       ___pioinfo                 100ac9a0     <common>
 0003:00007aa0       __nhandle                  100acaa0     <common>
 0003:00007aa4       ___env_initialized         100acaa4     <common>
 0003:00007aa8       ___mbctype_initialized     100acaa8     <common>
 0003:00007aac       ___onexitend               100acaac     <common>
 0003:00007ab0       ___onexitbegin             100acab0     <common>
 0003:00007ab4       ___setlc_active            100acab4     <common>
 0003:00007ab8       ___unguarded_readlc_active 100acab8     <common>
 0003:00007abc       ___sbh_sizeHeaderList      100acabc     <common>
 0003:00007ac0       ___sbh_indGroupDefer       100acac0     <common>
 0003:00007ac4       ___sbh_pHeaderScan         100acac4     <common>
 0003:00007ac8       ___sbh_pHeaderDefer        100acac8     <common>
 0003:00007acc       ___sbh_cntHeaderList       100acacc     <common>
 0003:00007ad0       ___sbh_pHeaderList         100acad0     <common>
 0003:00007ad4       ___sbh_threshold           100acad4     <common>
 0003:00007ad8       __crtheap                  100acad8     <common>
 0003:00007adc       ___active_heap             100acadc     <common>
 0003:00007ae0       __acmdln                   100acae0     <common>
 0003:00007ae4       __pRawDllMain              100acae4     <common>

 entry point at        0001:000991e3

 Static symbols

 0001:0007df20       _bInpAtomHasRequirdNeigh   1007ef20 f   ichister.obj
 0001:0007e970       _len3                      1007f970 f   ichister.obj
 0001:0007e9a0       _mult3                     1007f9a0 f   ichister.obj
 0001:0007e9d0       _cross_prod3               1007f9d0 f   ichister.obj
 0001:0007ee30       _can_be_a_stereo_bond_with_isotopic_H 1007fe30 f   ichister.obj
 0001:0007f2b0       _bIsSuitableHeteroInpAtom  100802b0 f   ichister.obj
 0001:0007f320       _bIsOxide                  10080320 f   ichister.obj
 0001:0007f400       _get_allowed_stereo_bond_type 10080400 f   ichister.obj
 0001:0007f430       _set_stereo_bonds_parity   10080430 f   ichister.obj
 0001:00080170       _dot_prodchar3             10081170 f   ichister.obj
 0001:000801d0       _triple_prod_char          100811d0 f   ichister.obj
 0001:00080400       _add3                      10081400 f   ichister.obj
 0001:00080430       _triple_prod               10081430 f   ichister.obj
 0001:000804d0       _dot_prod3                 100814d0 f   ichister.obj
 0001:000804f0       _half_stereo_bond_parity   100814f0 f   ichister.obj
 0001:00081050       _get_z_coord               10082050 f   ichister.obj
 0001:000811d0       _len2                      100821d0 f   ichister.obj
 0001:000811f0       _diff3                     100821f0 f   ichister.obj
 0001:00081220       _copy3                     10082220 f   ichister.obj
 0001:00081250       _save_a_stereo_bond        10082250 f   ichister.obj
 0001:000812f0       _half_stereo_bond_action   100822f0 f   ichister.obj
 0001:00081420       _can_be_a_stereo_atom_with_isotopic_H 10082420 f   ichister.obj
 0001:00081470       _set_stereo_atom_parity    10082470 f   ichister.obj
 0001:00081ef0       _change_sign3              10082ef0 f   ichister.obj
 0001:00081f10       _Get2DTetrahedralAmbiguity 10082f10 f   ichister.obj
 0001:00082760       _CompDble                  10083760 f   ichister.obj
 0001:000827a0       _triple_prod_and_min_abs_sine2 100837a0 f   ichister.obj
 0001:00082da0       _are_3_vect_in_one_plane   10083da0 f   ichister.obj
 0001:00082de0       _triple_prod_and_min_abs_sine 10083de0 f   ichister.obj
 0001:00082ed0       _are_4at_in_one_plane      10083ed0 f   ichister.obj
 0001:0006e0e0       _FillTgDiffHChgFH          1006f0e0 f   ichirvr3.obj
 0001:00043da0       _getInchiStateReadErr      10044da0 f   ichiread.obj
 0001:00043e10       _getInchiErrName           10044e10 f   ichiread.obj
 0001:00043e60       _OutputInChIAsRequested    10044e60 f   ichiread.obj
 0001:00045010       _bInChIHasReconnectedMetal 10046010 f   ichiread.obj
 0001:00045080       _SetProtonsAndXchgIsoH     10046080 f   ichiread.obj
 0001:00045450       _InChILine2Data            10046450 f   ichiread.obj
 0001:00046ac0       _GetInChIFormulaNumH       10047ac0 f   ichiread.obj
 0001:00046b90       _GetInChINumH              10047b90 f   ichiread.obj
 0001:00046c60       _GetInChIIsoH              10047c60 f   ichiread.obj
 0001:00046d10       _ReadInChICoord            10047d10 f   ichiread.obj
 0001:00047510       _ParseAuxSegmentVersion    10048510 f   ichiread.obj
 0001:00047570       _ParseAuxSegmentNumbers    10048570 f   ichiread.obj
 0001:00047a00       _CopyAtomNumbers           10048a00 f   ichiread.obj
 0001:00047ac0       _ParseAuxSegmentAtomEqu    10048ac0 f   ichiread.obj
 0001:00047b30       _ParseAuxSegmentGroupEqu   10048b30 f   ichiread.obj
 0001:00047bb0       _ParseAuxSegmentSp3Inv     10048bb0 f   ichiread.obj
 0001:00047c40       _ParseAuxSegmentSp3InvNumbers 10048c40 f   ichiread.obj
 0001:00047cd0       _ParseAuxSegmentReverseCRV 10048cd0 f   ichiread.obj
 0001:00047d00       _ParseAuxSegmentReverseAtoms 10048d00 f   ichiread.obj
 0001:00047d30       _ParseAuxSegmentReverseBonds 10048d30 f   ichiread.obj
 0001:00047d60       _ParseAuxSegmentReverseXYZ 10048d60 f   ichiread.obj
 0001:00047e70       _AddAuxSegmentCoord        10048e70 f   ichiread.obj
 0001:000481d0       _ReadInChILine             100491d0 f   ichiread.obj
 0001:00048c50       _ParseSegmentIsoExchgH     10049c50 f   ichiread.obj
 0001:00048e90       _ParseSegmentPerm          10049e90 f   ichiread.obj
 0001:00049130       _ParseSegmentIsoAtoms      1004a130 f   ichiread.obj
 0001:000499b0       _ParseSegmentSp3s          1004a9b0 f   ichiread.obj
 0001:00049b60       _ParseSegmentSp3m          1004ab60 f   ichiread.obj
 0001:00049e80       _bIsSp3LayerNotEmpty       1004ae80 f   ichiread.obj
 0001:00049ee0       _ParseSegmentSp3           1004aee0 f   ichiread.obj
 0001:0004a6d0       _ParseSegmentSp2           1004b6d0 f   ichiread.obj
 0001:0004af20       _ParseSegmentProtons       1004bf20 f   ichiread.obj
 0001:0004b020       _ParseSegmentCharge        1004c020 f   ichiread.obj
 0001:0004b300       _ParseSegmentMobileH       1004c300 f   ichiread.obj
 0001:0004c1c0       _ParseSegmentConnections   1004d1c0 f   ichiread.obj
 0001:0004cc90       _nFillOutProtonMobileH     1004dc90 f   ichiread.obj
 0001:0004cd80       _nProtonCopyIsotopicInfo   1004dd80 f   ichiread.obj
 0001:0004ce20       _ParseSegmentFormula       1004de20 f   ichiread.obj
 0001:0004d6e0       _CopySegment               1004e6e0 f   ichiread.obj
 0001:0004dc10       _getInChIChar              1004ec10 f   ichiread.obj
 0001:0004dc30       _nGetInChISegment          1004ec30 f   ichiread.obj
 0001:0004dc80       _AddInChIChar              1004ec80 f   ichiread.obj
 0001:0004dd80       _AddLinkedBond             1004ed80 f   ichiread.obj
 0001:0003a940       _abctol                    1003b940 f   ichiprt2.obj
 0001:00023560       _CompareDfsDescendants4CT  10024560 f   ichimake.obj
 0001:00014140       _InchiClock                10015140 f   ichicano.obj
 0001:00014250       _FillMaxMinClock           10015250 f   ichicano.obj
 0001:00005f80       _remove_alt_bond_marks     10006f80 f   ichi_bns.obj
 0001:0009f2fb       _flsall                    100a02fb f   LIBCMT:fflush.obj
 0001:0009e705       _getSystemCP               1009f705 f   LIBCMT:mbctype.obj
 0001:0009e74f       _CPtoLCID                  1009f74f f   LIBCMT:mbctype.obj
 0001:0009e782       _setSBCS                   1009f782 f   LIBCMT:mbctype.obj
 0001:0009e7ab       _setSBUpLow                1009f7ab f   LIBCMT:mbctype.obj
 0001:0009e290       LeadUp1                    1009f290 f   LIBCMT:memcpy.obj
 0001:0009e2bc       LeadUp2                    1009f2bc f   LIBCMT:memcpy.obj
 0001:0009e2e0       LeadUp3                    1009f2e0 f   LIBCMT:memcpy.obj
 0001:0009e35f       UnwindUp0                  1009f35f f   LIBCMT:memcpy.obj
 0001:0009e34c       UnwindUp1                  1009f34c f   LIBCMT:memcpy.obj
 0001:0009e344       UnwindUp2                  1009f344 f   LIBCMT:memcpy.obj
 0001:0009e33c       UnwindUp3                  1009f33c f   LIBCMT:memcpy.obj
 0001:0009e334       UnwindUp4                  1009f334 f   LIBCMT:memcpy.obj
 0001:0009e32c       UnwindUp5                  1009f32c f   LIBCMT:memcpy.obj
 0001:0009e324       UnwindUp6                  1009f324 f   LIBCMT:memcpy.obj
 0001:0009e31c       UnwindUp7                  1009f31c f   LIBCMT:memcpy.obj
 0001:0009e378       TrailUp0                   1009f378 f   LIBCMT:memcpy.obj
 0001:0009e380       TrailUp1                   1009f380 f   LIBCMT:memcpy.obj
 0001:0009e38c       TrailUp2                   1009f38c f   LIBCMT:memcpy.obj
 0001:0009e3a0       TrailUp3                   1009f3a0 f   LIBCMT:memcpy.obj
 0001:0009e418       LeadDown1                  1009f418 f   LIBCMT:memcpy.obj
 0001:0009e438       LeadDown2                  1009f438 f   LIBCMT:memcpy.obj
 0001:0009e460       LeadDown3                  1009f460 f   LIBCMT:memcpy.obj
 0001:0009e4b4       UnwindDown7                1009f4b4 f   LIBCMT:memcpy.obj
 0001:0009e4bc       UnwindDown6                1009f4bc f   LIBCMT:memcpy.obj
 0001:0009e4c4       UnwindDown5                1009f4c4 f   LIBCMT:memcpy.obj
 0001:0009e4cc       UnwindDown4                1009f4cc f   LIBCMT:memcpy.obj
 0001:0009e4d4       UnwindDown3                1009f4d4 f   LIBCMT:memcpy.obj
 0001:0009e4dc       UnwindDown2                1009f4dc f   LIBCMT:memcpy.obj
 0001:0009e4e4       UnwindDown1                1009f4e4 f   LIBCMT:memcpy.obj
 0001:0009e4f7       UnwindDown0                1009f4f7 f   LIBCMT:memcpy.obj
 0001:0009e510       TrailDown0                 1009f510 f   LIBCMT:memcpy.obj
 0001:0009e518       TrailDown1                 1009f518 f   LIBCMT:memcpy.obj
 0001:0009e528       TrailDown2                 1009f528 f   LIBCMT:memcpy.obj
 0001:0009e53c       TrailDown3                 1009f53c f   LIBCMT:memcpy.obj
 0001:0009ce13       __abstract_cw              1009de13 f   LIBCMT:ieee87.obj
 0001:0009cea5       __hw_cw                    1009dea5 f   LIBCMT:ieee87.obj
 0001:0009c909       _parse_cmdline             1009d909 f   LIBCMT:stdargv.obj
 0001:0009c4d6       _doexit                    1009d4d6 f   LIBCMT:crt0dat.obj
 0001:0009c58d       __initterm                 1009d58d f   LIBCMT:crt0dat.obj
 0001:0009c24b       __get_fname                1009d24b f   LIBCMT:fpexcept.obj
 0001:0009bbba       _strncnt                   1009cbba f   LIBCMT:a_map.obj
 0001:0009b741       _write_char                1009c741 f   LIBCMT:output.obj
 0001:0009b776       _write_multi_char          1009c776 f   LIBCMT:output.obj
 0001:0009b7a7       _write_string              1009c7a7 f   LIBCMT:output.obj
 0001:0009b7df       _get_int_arg               1009c7df f   LIBCMT:output.obj
 0001:0009b7ec       _get_int64_arg             1009c7ec f   LIBCMT:output.obj
 0001:0009b7fc       _get_short_arg             1009c7fc f   LIBCMT:output.obj
 0001:0009a8d0       __cftoe2                   1009b8d0 f   LIBCMT:cvt.obj
 0001:0009a9e7       __cftof2                   1009b9e7 f   LIBCMT:cvt.obj
 0001:0009ab72       __shift                    1009bb72 f   LIBCMT:cvt.obj
 0001:0009a4c8       _gu_return                 1009b4c8 f   LIBCMT:exsup.obj
 0001:0009a4d0       __unwind_handler           1009b4d0 f   LIBCMT:exsup.obj
 0001:00098955       _strtoxl                   10099955 f   LIBCMT:strtol.obj
 0001:000985da       _shortsort                 100995da f   LIBCMT:qsort.obj
 0001:00098628       _swap                      10099628 f   LIBCMT:qsort.obj
 0001:00097ce0       LeadUp1                    10098ce0 f   LIBCMT:memmove.obj
 0001:00097d0c       LeadUp2                    10098d0c f   LIBCMT:memmove.obj
 0001:00097d30       LeadUp3                    10098d30 f   LIBCMT:memmove.obj
 0001:00097daf       UnwindUp0                  10098daf f   LIBCMT:memmove.obj
 0001:00097d9c       UnwindUp1                  10098d9c f   LIBCMT:memmove.obj
 0001:00097d94       UnwindUp2                  10098d94 f   LIBCMT:memmove.obj
 0001:00097d8c       UnwindUp3                  10098d8c f   LIBCMT:memmove.obj
 0001:00097d84       UnwindUp4                  10098d84 f   LIBCMT:memmove.obj
 0001:00097d7c       UnwindUp5                  10098d7c f   LIBCMT:memmove.obj
 0001:00097d74       UnwindUp6                  10098d74 f   LIBCMT:memmove.obj
 0001:00097d6c       UnwindUp7                  10098d6c f   LIBCMT:memmove.obj
 0001:00097dc8       TrailUp0                   10098dc8 f   LIBCMT:memmove.obj
 0001:00097dd0       TrailUp1                   10098dd0 f   LIBCMT:memmove.obj
 0001:00097ddc       TrailUp2                   10098ddc f   LIBCMT:memmove.obj
 0001:00097df0       TrailUp3                   10098df0 f   LIBCMT:memmove.obj
 0001:00097e68       LeadDown1                  10098e68 f   LIBCMT:memmove.obj
 0001:00097e88       LeadDown2                  10098e88 f   LIBCMT:memmove.obj
 0001:00097eb0       LeadDown3                  10098eb0 f   LIBCMT:memmove.obj
 0001:00097f04       UnwindDown7                10098f04 f   LIBCMT:memmove.obj
 0001:00097f0c       UnwindDown6                10098f0c f   LIBCMT:memmove.obj
 0001:00097f14       UnwindDown5                10098f14 f   LIBCMT:memmove.obj
 0001:00097f1c       UnwindDown4                10098f1c f   LIBCMT:memmove.obj
 0001:00097f24       UnwindDown3                10098f24 f   LIBCMT:memmove.obj
 0001:00097f2c       UnwindDown2                10098f2c f   LIBCMT:memmove.obj
 0001:00097f34       UnwindDown1                10098f34 f   LIBCMT:memmove.obj
 0001:00097f47       UnwindDown0                10098f47 f   LIBCMT:memmove.obj
 0001:00097f60       TrailDown0                 10098f60 f   LIBCMT:memmove.obj
 0001:00097f68       TrailDown1                 10098f68 f   LIBCMT:memmove.obj
 0001:00097f78       TrailDown2                 10098f78 f   LIBCMT:memmove.obj
 0001:00097f8c       TrailDown3                 10098f8c f   LIBCMT:memmove.obj

 944 bytes saved through ICF

