 InChI_MAIN

 Timestamp is 44cf55d2 (Tue Aug 01 09:23:30 2006)

 Preferred load address is 00400000

 Start         Length     Name                   Class
 0001:00000000 000146dcH .text                   CODE
 0002:00000000 000000dcH .idata$5                DATA
 0002:000000e0 000006cfH .rdata                  DATA
 0002:000007b0 00000028H .idata$2                DATA
 0002:000007d8 00000014H .idata$3                DATA
 0002:000007ec 000000dcH .idata$4                DATA
 0002:000008c8 000003ceH .idata$6                DATA
 0002:00000c96 00000000H .edata                  DATA
 0003:00000000 00000004H .CRT$XCA                DATA
 0003:00000004 00000004H .CRT$XCZ                DATA
 0003:00000008 00000004H .CRT$XIA                DATA
 0003:0000000c 0000000cH .CRT$XIC                DATA
 0003:00000018 00000004H .CRT$XIZ                DATA
 0003:0000001c 00000004H .CRT$XPA                DATA
 0003:00000020 00000004H .CRT$XPX                DATA
 0003:00000024 00000004H .CRT$XPZ                DATA
 0003:00000028 00000004H .CRT$XTA                DATA
 0003:0000002c 00000004H .CRT$XTZ                DATA
 0003:00000030 00004df0H .data                   DATA
 0003:00004e20 00001d04H .bss                    DATA
 0004:00000000 00000058H .rsrc$01                DATA
 0004:00000060 000004f0H .rsrc$02                DATA

  Address         Publics by Value              Rva+Base     Lib:Object

 0001:00000000       _e_inchi_print             00401000 f   e_ichi_io.obj
 0001:00000050       _e_my_fprintf              00401050 f   e_ichi_io.obj
 0001:000000d0       _e_PrintFileName           004010d0 f   e_ichi_io.obj
 0001:000000f0       _e_fgetsTab                004010f0 f   e_ichi_io.obj
 0001:00000150       _e_my_fgetsTab             00401150 f   e_ichi_io.obj
 0001:000001f0       _e_my_fgetsTab1            004011f0 f   e_ichi_io.obj
 0001:00000270       _fgets_up_to_lf            00401270 f   e_ichi_io.obj
 0001:00000310       _my_fgetsUpToLfOrTab       00401310 f   e_ichi_io.obj
 0001:000003f0       _e_InchiTimeGet            004013f0 f   e_ichi_io.obj
 0001:00000410       _e_InchiTimeMsecDiff       00401410 f   e_ichi_io.obj
 0001:00000550       _e_InchiTimeElapsed        00401550 f   e_ichi_io.obj
 0001:00000580       _e_ReadCommandLineParms    00401580 f   e_ichi_parms.obj
 0001:00002300       _e_PrintInputParms         00403300 f   e_ichi_parms.obj
 0001:000028a0       _e_HelpCommandLineParms    004038a0 f   e_ichi_parms.obj
 0001:00002a30       _e_OpenFiles               00403a30 f   e_ichi_parms.obj
 0001:00002de0       _e_DetectInputINChIFileType 00403de0 f   e_ichi_parms.obj
 0001:00003260       _MyHandlerRoutine@4        00404260 f   e_ichimain.obj
 0001:00003290       _main                      00404290 f   e_ichimain.obj
 0001:000042c0       _e_MakeOutputHeader        004052c0 f   e_ichimain.obj
 0001:00004460       _e_GetChiralFlagString     00405460 f   e_ichimain.obj
 0001:000044a0       _e_FreeInchi_Stereo0D      004054a0 f   e_inchi_atom.obj
 0001:000044a0       _e_FreeInchi_Atom          004054a0 f   e_inchi_atom.obj
 0001:000044c0       _e_CreateInchi_Atom        004054c0 f   e_inchi_atom.obj
 0001:000044d0       _e_CreateInchi_Stereo0D    004054d0 f   e_inchi_atom.obj
 0001:000044e0       _e_FreeInchi_Input         004054e0 f   e_inchi_atom.obj
 0001:00004510       _e_RemoveRedundantNeighbors 00405510 f   e_inchi_atom.obj
 0001:000045f0       _mol_to_inchi_Atom         004055f0 f   e_mol2atom.obj
 0001:00004ce0       _mol_to_inchi_Atom_xyz     00405ce0 f   e_mol2atom.obj
 0001:00005080       _GetMolfileNumber          00406080 f   e_mol2atom.obj
 0001:00005110       _MolfileToInchi_Atom       00406110 f   e_mol2atom.obj
 0001:000053e0       _e_MolfileToInchi_Input    004063e0 f   e_mol2atom.obj
 0001:00005690       _str_fgetc                 00406690 f   e_readinch.obj
 0001:000056a0       _str_fgets                 004066a0 f   e_readinch.obj
 0001:00005700       _e_my_fgets                00406700 f   e_readinch.obj
 0001:000057a0       _e_INChIToInchi_Atom       004067a0 f   e_readinch.obj
 0001:00005800       _e_FindToken               00406800 f   e_readinch.obj
 0001:000058c0       _e_LoadLine                004068c0 f   e_readinch.obj
 0001:000059a0       _ee_INChIToIbChI_Atom      004069a0 f   e_readinch.obj
 0001:00009940       _e_INChIToInchi_Input      0040a940 f   e_readinch.obj
 0001:00009d60       _e_AddMOLfileError         0040ad60 f   e_readmol.obj
 0001:00009ef0       _e_delete_mol_data         0040aef0 f   e_readmol.obj
 0001:00009f50       _e_read_mol_file           0040af50 f   e_readmol.obj
 0001:0000bc30       _e_bypass_sdf_data_items   0040cc30 f   e_readmol.obj
 0001:0000c320       _e_read_sdfile_segment     0040d320 f   e_readmol.obj
 0001:0000c3b0       _e_CopyMOLfile             0040d3b0 f   e_readmol.obj
 0001:0000c550       _e_ReadStructure           0040d550 f   e_readstru.obj
 0001:0000c920       _e_TreatReadTheStructureErrors 0040d920 f   e_readstru.obj
 0001:0000cca0       _e_GetInpStructErrorType   0040dca0 f   e_readstru.obj
 0001:0000ccf0       _e_extract_ChargeRadical   0040dcf0 f   e_util.obj
 0001:0000ce70       _e_normalize_name          0040de70 f   e_util.obj
 0001:0000cf30       _e_mystrncpy               0040df30 f   e_util.obj
 0001:0000cfa0       _e_LtrimRtrim              0040dfa0 f   e_util.obj
 0001:0000d080       _e_remove_trailing_spaces  0040e080 f   e_util.obj
 0001:0000d0e0       _e_remove_one_lf           0040e0e0 f   e_util.obj
 0001:0000d120       _e_is_in_the_slist         0040e120 f   e_util.obj
 0001:0000d150       _e_is_element_a_metal      0040e150 f   e_util.obj
 0001:0000d200       _strstr                    0040e200 f   LIBC:strstr.obj
 0001:0000d280       _free                      0040e280 f   LIBC:free.obj
 0001:0000d2e9       _calloc                    0040e2e9 f   LIBC:calloc.obj
 0001:0000d3a0       _strrchr                   0040e3a0 f   LIBC:strrchr.obj
 0001:0000d3d0       _memmove                   0040e3d0 f   LIBC:memmove.obj
 0001:0000d705       _strtol                    0040e705 f   LIBC:strtol.obj
 0001:0000d930       _strpbrk                   0040e930 f   LIBC:strpbrk.obj
 0001:0000d96a       __isctype                  0040e96a f   LIBC:isctype.obj
 0001:0000d9df       __fpmath                   0040e9df f   LIBC:fpinit.obj
 0001:0000d9f6       __fpclear                  0040e9f6 f   LIBC:fpinit.obj
 0001:0000d9f7       __cfltcvt_init             0040e9f7 f   LIBC:fpinit.obj
 0001:0000da30       __ftol                     0040ea30 f   LIBC:ftol.obj
 0001:0000da57       ___initstdio               0040ea57 f   LIBC:_file.obj
 0001:0000dafc       ___endstdio                0040eafc f   LIBC:_file.obj
 0001:0000db10       _vfprintf                  0040eb10 f   LIBC:vfprintf.obj
 0001:0000db41       _fprintf                   0040eb41 f   LIBC:fprintf.obj
 0001:0000db73       _fgetc                     0040eb73 f   LIBC:fgetc.obj
 0001:0000dba0       _strchr                    0040eba0 f   LIBC:strchr.obj
 0001:0000dba6       ___from_strstr_to_strchr   0040eba6 f   LIBC:strchr.obj
 0001:0000dc5c       _fgets                     0040ec5c f   LIBC:fgets.obj
 0001:0000dcb3       _clock                     0040ecb3 f   LIBC:clock.obj
 0001:0000dcf6       ___inittime                0040ecf6 f   LIBC:clock.obj
 0001:0000dd2b       _malloc                    0040ed2b f   LIBC:malloc.obj
 0001:0000dd3d       __nh_malloc                0040ed3d f   LIBC:malloc.obj
 0001:0000dd69       __heap_alloc               0040ed69 f   LIBC:malloc.obj
 0001:0000dddd       __cinit                    0040eddd f   LIBC:crt0dat.obj
 0001:0000de0a       _exit                      0040ee0a f   LIBC:crt0dat.obj
 0001:0000de1b       __exit                     0040ee1b f   LIBC:crt0dat.obj
 0001:0000dedf       _strtod                    0040eedf f   LIBC:strtod.obj
 0001:0000df79       _toupper                   0040ef79 f   LIBC:toupper.obj
 0001:0000e050       _strncpy                   0040f050 f   LIBC:strncpy.obj
 0001:0000e14e       _fclose                    0040f14e f   LIBC:fclose.obj
 0001:0000e1a4       __fsopen                   0040f1a4 f   LIBC:fopen.obj
 0001:0000e1c4       _fopen                     0040f1c4 f   LIBC:fopen.obj
 0001:0000e1d7       _sprintf                   0040f1d7 f   LIBC:sprintf.obj
 0001:0000e230       _strcspn                   0040f230 f   LIBC:strcspn.obj
 0001:0000e270       _strspn                    0040f270 f   LIBC:strspn.obj
 0001:0000e2b0       _tolower                   0040f2b0 f   LIBC:tolower.obj
 0001:0000e37b       _fputs                     0040f37b f   LIBC:fputs.obj
 0001:0000e3be       _ftell                     0040f3be f   LIBC:ftell.obj
 0001:0000e516       _fseek                     0040f516 f   LIBC:fseek.obj
 0001:0000e5b0       _memchr                    0040f5b0 f   LIBC:memchr.obj
 0001:0000e655       _mainCRTStartup            0040f655 f   LIBC:crt0.obj
 0001:0000e734       __amsg_exit                0040f734 f   LIBC:crt0.obj
 0001:0000e77d       __GetLinkerVersion         0040f77d f   LIBC:heapinit.obj
 0001:0000e7aa       ___heap_select             0040f7aa f   LIBC:heapinit.obj
 0001:0000e8f2       __heap_init                0040f8f2 f   LIBC:heapinit.obj
 0001:0000e94f       ___sbh_heap_init           0040f94f f   LIBC:sbheap.obj
 0001:0000e997       ___sbh_find_block          0040f997 f   LIBC:sbheap.obj
 0001:0000e9c2       ___sbh_free_block          0040f9c2 f   LIBC:sbheap.obj
 0001:0000eceb       ___sbh_alloc_block         0040fceb f   LIBC:sbheap.obj
 0001:0000eff4       ___sbh_alloc_new_region    0040fff4 f   LIBC:sbheap.obj
 0001:0000f0a5       ___sbh_alloc_new_group     004100a5 f   LIBC:sbheap.obj
 0001:0000f1a0       ___old_sbh_new_region      004101a0 f   LIBC:sbheap.obj
 0001:0000f2e4       ___old_sbh_release_region  004102e4 f   LIBC:sbheap.obj
 0001:0000f33a       ___old_sbh_decommit_pages  0041033a f   LIBC:sbheap.obj
 0001:0000f3fc       ___old_sbh_find_block      004103fc f   LIBC:sbheap.obj
 0001:0000f453       ___old_sbh_free_block      00410453 f   LIBC:sbheap.obj
 0001:0000f498       ___old_sbh_alloc_block     00410498 f   LIBC:sbheap.obj
 0001:0000f6a0       ___old_sbh_alloc_block_from_page 004106a0 f   LIBC:sbheap.obj
 0001:0000f7d0       _memset                    004107d0 f   LIBC:memset.obj
 0001:0000f828       __callnewh                 00410828 f   LIBC:handler.obj
 0001:0000f843       ___crtGetStringTypeA       00410843 f   LIBC:a_str.obj
 0001:0000f98c       __setdefaultprecision      0041098c f   LIBC:fp8.obj
 0001:0000f99e       __ms_p5_test_fdiv          0041099e f   LIBC:testfdiv.obj
 0001:0000f9dc       __ms_p5_mp_test_fdiv       004109dc f   LIBC:testfdiv.obj
 0001:0000fa05       __forcdecpt                00410a05 f   LIBC:cvt.obj
 0001:0000fa5f       __cropzeros                00410a5f f   LIBC:cvt.obj
 0001:0000faad       __positive                 00410aad f   LIBC:cvt.obj
 0001:0000fac5       __fassign                  00410ac5 f   LIBC:cvt.obj
 0001:0000fb03       __cftoe                    00410b03 f   LIBC:cvt.obj
 0001:0000fc07       __cftof                    00410c07 f   LIBC:cvt.obj
 0001:0000fce5       __cftog                    00410ce5 f   LIBC:cvt.obj
 0001:0000fdca       __cfltcvt                  00410dca f   LIBC:cvt.obj
 0001:0000fe40       __ioinit                   00410e40 f   LIBC:ioinit.obj
 0001:0000ffeb       __fcloseall                00410feb f   LIBC:closeall.obj
 0001:00010043       _fflush                    00411043 f   LIBC:fflush.obj
 0001:0001007e       __flush                    0041107e f   LIBC:fflush.obj
 0001:000100da       __flushall                 004110da f   LIBC:fflush.obj
 0001:00010150       __stbuf                    00411150 f   LIBC:_sftbuf.obj
 0001:000101dd       __ftbuf                    004111dd f   LIBC:_sftbuf.obj
 0001:0001021a       __output                   0041121a f   LIBC:output.obj
 0001:00010a81       __filbuf                   00411a81 f   LIBC:_filbuf.obj
 0001:00010b60       __aulldiv                  00411b60 f   LIBC:ulldiv.obj
 0001:00010bd0       __allmul                   00411bd0 f   LIBC:llmul.obj
 0001:00010c04       __fltin                    00411c04 f   LIBC:cfin.obj
 0001:00010ca0       _strlen                    00411ca0 f   LIBC:strlen.obj
 0001:00010d1b       ___crtLCMapStringA         00411d1b f   LIBC:a_map.obj
 0001:00010f6a       __close                    00411f6a f   LIBC:close.obj
 0001:0001101d       __freebuf                  0041201d f   LIBC:_freebuf.obj
 0001:00011048       __openfile                 00412048 f   LIBC:_open.obj
 0001:000111b8       __getstream                004121b8 f   LIBC:stream.obj
 0001:00011230       __flsbuf                   00412230 f   LIBC:_flsbuf.obj
 0001:00011345       _fwrite                    00412345 f   LIBC:fwrite.obj
 0001:0001144f       __lseek                    0041244f f   LIBC:lseek.obj
 0001:000114e9       __XcptFilter               004124e9 f   LIBC:winxfltr.obj
 0001:0001166d       __setenvp                  0041266d f   LIBC:stdenvp.obj
 0001:00011726       __setargv                  00412726 f   LIBC:stdargv.obj
 0001:00011973       ___crtGetEnvironmentStringsA 00412973 f   LIBC:a_env.obj
 0001:00011aa8       __global_unwind2           00412aa8 f   LIBC:exsup.obj
 0001:00011aea       __local_unwind2            00412aea f   LIBC:exsup.obj
 0001:00011b42       __NLG_Return2              00412b42 f   LIBC:exsup.obj
 0001:00011b52       __abnormal_termination     00412b52 f   LIBC:exsup.obj
 0001:00011b75       __NLG_Notify1              00412b75 f   LIBC:exsup.obj
 0001:00011b7e       __NLG_Notify               00412b7e f   LIBC:exsup.obj
 0001:00011b91       __NLG_Dispatch             00412b91 f   LIBC:exsup.obj
 0001:00011ba0       __except_handler3          00412ba0 f   LIBC:exsup3.obj
 0001:00011c5d       __seh_longjmp_unwind@4     00412c5d f   LIBC:exsup3.obj
 0001:00011c78       __FF_MSGBANNER             00412c78 f   LIBC:crt0msg.obj
 0001:00011cb1       __NMSG_WRITE               00412cb1 f   LIBC:crt0msg.obj
 0001:00011e10       _strncmp                   00412e10 f   LIBC:strncmp.obj
 0001:00011e50       __alloca_probe             00412e50 f   LIBC:chkstk.obj
 0001:00011e50       __chkstk                   00412e50 f   LIBC:chkstk.obj
 0001:00011e7f       __control87                00412e7f f   LIBC:ieee87.obj
 0001:00011eb4       __controlfp                00412eb4 f   LIBC:ieee87.obj
 0001:00011fe5       __ZeroTail                 00412fe5 f   LIBC:intrncvt.obj
 0001:0001202e       __IncMan                   0041302e f   LIBC:intrncvt.obj
 0001:00012084       __RoundMan                 00413084 f   LIBC:intrncvt.obj
 0001:00012110       __CopyMan                  00413110 f   LIBC:intrncvt.obj
 0001:0001212b       __FillZeroMan              0041312b f   LIBC:intrncvt.obj
 0001:00012137       __IsZeroMan                00413137 f   LIBC:intrncvt.obj
 0001:00012152       __ShrMan                   00413152 f   LIBC:intrncvt.obj
 0001:000121df       __ld12cvt                  004131df f   LIBC:intrncvt.obj
 0001:0001234b       __ld12tod                  0041334b f   LIBC:intrncvt.obj
 0001:00012361       __ld12tof                  00413361 f   LIBC:intrncvt.obj
 0001:00012377       __atodbl                   00413377 f   LIBC:intrncvt.obj
 0001:000123a4       __atoflt                   004133a4 f   LIBC:intrncvt.obj
 0001:000123e0       _strcpy                    004133e0 f   LIBC:strcat.obj
 0001:000123f0       _strcat                    004133f0 f   LIBC:strcat.obj
 0001:000124d0       __fptostr                  004134d0 f   LIBC:_fptostr.obj
 0001:00012547       __fltout                   00413547 f   LIBC:cfout.obj
 0001:000125ab       ___dtold                   004135ab f   LIBC:cfout.obj
 0001:00012661       __fptrap                   00413661 f   LIBC:crt0fp.obj
 0001:0001266a       __commit                   0041366a f   LIBC:commit.obj
 0001:000126c1       __write                    004136c1 f   LIBC:write.obj
 0001:0001286e       __isatty                   0041386e f   LIBC:isatty.obj
 0001:00012894       _wctomb                    00413894 f   LIBC:wctomb.obj
 0001:00012900       __aullrem                  00413900 f   LIBC:ullrem.obj
 0001:00012975       __read                     00413975 f   LIBC:read.obj
 0001:00012b6b       __getbuf                   00413b6b f   LIBC:_getbuf.obj
 0001:00012baf       ___strgtold12              00413baf f   LIBC:strgtold.obj
 0001:00013080       __dosmaperr                00414080 f   LIBC:dosmap.obj
 0001:000130e7       __alloc_osfhnd             004140e7 f   LIBC:osfinfo.obj
 0001:0001317c       __set_osfhnd               0041417c f   LIBC:osfinfo.obj
 0001:000131f3       __free_osfhnd              004141f3 f   LIBC:osfinfo.obj
 0001:0001326d       __get_osfhandle            0041426d f   LIBC:osfinfo.obj
 0001:000132aa       __sopen                    004142aa f   LIBC:open.obj
 0001:00013570       _memcpy                    00414570 f   LIBC:memcpy.obj
 0001:000138a5       __setmbcp                  004148a5 f   LIBC:mbctype.obj
 0001:00013c69       ___initmbctable            00414c69 f   LIBC:mbctype.obj
 0001:00013c85       ___crtMessageBoxA          00414c85 f   LIBC:crtmbox.obj
 0001:00013d0e       ___addl                    00414d0e f   LIBC:mantold.obj
 0001:00013d2f       ___add_12                  00414d2f f   LIBC:mantold.obj
 0001:00013d8d       ___shl_12                  00414d8d f   LIBC:mantold.obj
 0001:00013dbb       ___shr_12                  00414dbb f   LIBC:mantold.obj
 0001:00013de8       ___mtold12                 00414de8 f   LIBC:mantold.obj
 0001:00013eaf       _$I10_OUTPUT               00414eaf f   LIBC:x10fout.obj
 0001:00014142       ___ld12mul                 00415142 f   LIBC:tenpow.obj
 0001:00014362       ___multtenpow12            00415362 f   LIBC:tenpow.obj
 0001:000143de       __chsize                   004153de f   LIBC:chsize.obj
 0001:00014524       __setmode                  00415524 f   LIBC:setmode.obj
 0001:000145a0       _RtlUnwind@16              004155a0 f   kernel32:KERNEL32.dll
 0001:000145b0       _memicmp                   004155b0 f   LIBC:memicmp.obj
 0001:000145b0       __memicmp                  004155b0 f   LIBC:memicmp.obj
 0001:00014650       __strcmpi                  00415650 f   LIBC:stricmp.obj
 0001:00014650       __stricmp                  00415650 f   LIBC:stricmp.obj
 0001:00014650       _stricmp                   00415650 f   LIBC:stricmp.obj
 0002:00000000       __imp__GetStringTypeW@16   00416000     kernel32:KERNEL32.dll
 0002:00000004       __imp__GetProcAddress@8    00416004     kernel32:KERNEL32.dll
 0002:00000008       __imp__LoadLibraryA@4      00416008     kernel32:KERNEL32.dll
 0002:0000000c       __imp__GetOEMCP@0          0041600c     kernel32:KERNEL32.dll
 0002:00000010       __imp__SetEndOfFile@4      00416010     kernel32:KERNEL32.dll
 0002:00000014       __imp__GetCPInfo@8         00416014     kernel32:KERNEL32.dll
 0002:00000018       __imp__HeapFree@12         00416018     kernel32:KERNEL32.dll
 0002:0000001c       __imp__HeapAlloc@12        0041601c     kernel32:KERNEL32.dll
 0002:00000020       __imp__GetSystemTimeAsFileTime@4 00416020     kernel32:KERNEL32.dll
 0002:00000024       __imp__ExitProcess@4       00416024     kernel32:KERNEL32.dll
 0002:00000028       __imp__TerminateProcess@8  00416028     kernel32:KERNEL32.dll
 0002:0000002c       __imp__GetCurrentProcess@0 0041602c     kernel32:KERNEL32.dll
 0002:00000030       __imp__GetCommandLineA@0   00416030     kernel32:KERNEL32.dll
 0002:00000034       __imp__GetVersion@0        00416034     kernel32:KERNEL32.dll
 0002:00000038       __imp__GetModuleHandleA@4  00416038     kernel32:KERNEL32.dll
 0002:0000003c       __imp__GetModuleFileNameA@12 0041603c     kernel32:KERNEL32.dll
 0002:00000040       __imp__GetEnvironmentVariableA@12 00416040     kernel32:KERNEL32.dll
 0002:00000044       __imp__GetVersionExA@4     00416044     kernel32:KERNEL32.dll
 0002:00000048       __imp__HeapDestroy@4       00416048     kernel32:KERNEL32.dll
 0002:0000004c       __imp__HeapCreate@12       0041604c     kernel32:KERNEL32.dll
 0002:00000050       __imp__VirtualFree@12      00416050     kernel32:KERNEL32.dll
 0002:00000054       __imp__VirtualAlloc@16     00416054     kernel32:KERNEL32.dll
 0002:00000058       __imp__HeapReAlloc@16      00416058     kernel32:KERNEL32.dll
 0002:0000005c       __imp__MultiByteToWideChar@24 0041605c     kernel32:KERNEL32.dll
 0002:00000060       __imp__GetStringTypeA@20   00416060     kernel32:KERNEL32.dll
 0002:00000064       __imp__SetConsoleCtrlHandler@8 00416064     kernel32:KERNEL32.dll
 0002:00000068       __imp__CreateFileA@28      00416068     kernel32:KERNEL32.dll
 0002:0000006c       __imp__GetACP@0            0041606c     kernel32:KERNEL32.dll
 0002:00000070       __imp__SetHandleCount@4    00416070     kernel32:KERNEL32.dll
 0002:00000074       __imp__GetStdHandle@4      00416074     kernel32:KERNEL32.dll
 0002:00000078       __imp__GetFileType@4       00416078     kernel32:KERNEL32.dll
 0002:0000007c       __imp__GetStartupInfoA@4   0041607c     kernel32:KERNEL32.dll
 0002:00000080       __imp__WideCharToMultiByte@32 00416080     kernel32:KERNEL32.dll
 0002:00000084       __imp__LCMapStringA@24     00416084     kernel32:KERNEL32.dll
 0002:00000088       __imp__LCMapStringW@24     00416088     kernel32:KERNEL32.dll
 0002:0000008c       __imp__GetLastError@0      0041608c     kernel32:KERNEL32.dll
 0002:00000090       __imp__CloseHandle@4       00416090     kernel32:KERNEL32.dll
 0002:00000094       __imp__SetFilePointer@16   00416094     kernel32:KERNEL32.dll
 0002:00000098       __imp__UnhandledExceptionFilter@4 00416098     kernel32:KERNEL32.dll
 0002:0000009c       __imp__FreeEnvironmentStringsA@4 0041609c     kernel32:KERNEL32.dll
 0002:000000a0       __imp__FreeEnvironmentStringsW@4 004160a0     kernel32:KERNEL32.dll
 0002:000000a4       __imp__GetEnvironmentStrings@0 004160a4     kernel32:KERNEL32.dll
 0002:000000a8       __imp__GetEnvironmentStringsW@0 004160a8     kernel32:KERNEL32.dll
 0002:000000ac       __imp__RtlUnwind@16        004160ac     kernel32:KERNEL32.dll
 0002:000000b0       __imp__WriteFile@20        004160b0     kernel32:KERNEL32.dll
 0002:000000b4       __imp__FlushFileBuffers@4  004160b4     kernel32:KERNEL32.dll
 0002:000000b8       __imp__ReadFile@20         004160b8     kernel32:KERNEL32.dll
 0002:000000bc       __imp__SetStdHandle@8      004160bc     kernel32:KERNEL32.dll
 0002:000000c0       \177KERNEL32_NULL_THUNK_DATA 004160c0     kernel32:KERNEL32.dll
 0002:000000c4       __imp__GetINCHI@8          004160c4     libinchi:libinchi.dll
 0002:000000c8       __imp__FreeINCHI@4         004160c8     libinchi:libinchi.dll
 0002:000000cc       __imp__FreeStructFromINCHI@4 004160cc     libinchi:libinchi.dll
 0002:000000d0       __imp__GetINCHIfromINCHI@8 004160d0     libinchi:libinchi.dll
 0002:000000d4       __imp__GetStructFromINCHI@8 004160d4     libinchi:libinchi.dll
 0002:000000d8       \177libinchi_NULL_THUNK_DATA 004160d8     libinchi:libinchi.dll
 0002:000000e0       __real@8@00000000000000000000 004160e0     e_0dstereo.obj
 0002:000000e8       __real@8@3fff8000000000000000 004160e8     e_0dstereo.obj
 0002:000000f0       __real@8@3feb8637bd05af6c6800 004160f0     e_0dstereo.obj
 0002:000000f8       _e_FullMaxClock            004160f8     e_ichi_io.obj
 0002:000000fc       _e_HalfMaxClock            004160fc     e_ichi_io.obj
 0002:00000100       __real@8@401effffffff00000000 00416100     e_ichi_parms.obj
 0002:00000108       __real@8@4008fa00000000000000 00416108     e_ichi_parms.obj
 0002:00000110       __real@8@3fdddbe6fecebdedd800 00416110     e_mol2atom.obj
 0002:00000118       __real@8@40078000000000000000 00416118     e_mol2atom.obj
 0002:00000120       __real@8@3feea7c5ac471b478800 00416120     e_mol2atom.obj
 0002:00000280       __real@8@407effffff0000000000 00416280     e_readmol.obj
 0002:00000288       __real@8@3f818000000000000000 00416288     e_readmol.obj
 0002:0000029c       ??_C@_0BH@PHHF@__GLOBAL_HEAP_SELECTED?$AA@ 0041629c     LIBC:heapinit.obj
 0002:000002b4       ??_C@_0BF@BBGL@__MSVCRT_HEAP_SELECT?$AA@ 004162b4     LIBC:heapinit.obj
 0002:000002cc       ??_C@_01A@?$AA?$AA@        004162cc     LIBC:a_str.obj
 0002:000002d0       ??_C@_13A@?$AA?$AA?$AA?$AA@ 004162d0     LIBC:a_str.obj
 0002:000002e4       ??_C@_03GAFO@_yn?$AA@      004162e4     LIBC:fpexcept.obj
 0002:000002e8       ??_C@_03GNLD@_y1?$AA@      004162e8     LIBC:fpexcept.obj
 0002:000002ec       ??_C@_03MHCE@_y0?$AA@      004162ec     LIBC:fpexcept.obj
 0002:000002f0       ??_C@_05PAK@frexp?$AA@     004162f0     LIBC:fpexcept.obj
 0002:000002f8       ??_C@_04JKCH@fmod?$AA@     004162f8     LIBC:fpexcept.obj
 0002:00000300       ??_C@_06GGHF@_hypot?$AA@   00416300     LIBC:fpexcept.obj
 0002:00000308       ??_C@_05JNMC@_cabs?$AA@    00416308     LIBC:fpexcept.obj
 0002:00000310       ??_C@_05MEKH@ldexp?$AA@    00416310     LIBC:fpexcept.obj
 0002:00000318       ??_C@_04KAOJ@modf?$AA@     00416318     LIBC:fpexcept.obj
 0002:00000320       ??_C@_04EHAJ@fabs?$AA@     00416320     LIBC:fpexcept.obj
 0002:00000328       ??_C@_05MFBN@floor?$AA@    00416328     LIBC:fpexcept.obj
 0002:00000330       ??_C@_04JJMP@ceil?$AA@     00416330     LIBC:fpexcept.obj
 0002:00000338       ??_C@_03JLPI@tan?$AA@      00416338     LIBC:fpexcept.obj
 0002:0000033c       ??_C@_03DLFL@cos?$AA@      0041633c     LIBC:fpexcept.obj
 0002:00000340       ??_C@_03JAMN@sin?$AA@      00416340     LIBC:fpexcept.obj
 0002:00000344       ??_C@_04LMBE@sqrt?$AA@     00416344     LIBC:fpexcept.obj
 0002:0000034c       ??_C@_05BFPO@atan2?$AA@    0041634c     LIBC:fpexcept.obj
 0002:00000354       ??_C@_04EAGN@atan?$AA@     00416354     LIBC:fpexcept.obj
 0002:0000035c       ??_C@_04OAMO@acos?$AA@     0041635c     LIBC:fpexcept.obj
 0002:00000364       ??_C@_04ELFI@asin?$AA@     00416364     LIBC:fpexcept.obj
 0002:0000036c       ??_C@_04LFAD@tanh?$AA@     0041636c     LIBC:fpexcept.obj
 0002:00000374       ??_C@_04PFKD@cosh?$AA@     00416374     LIBC:fpexcept.obj
 0002:0000037c       ??_C@_04NPAI@sinh?$AA@     0041637c     LIBC:fpexcept.obj
 0002:00000384       ??_C@_05IJHH@log10?$AA@    00416384     LIBC:fpexcept.obj
 0002:0000038c       ??_C@_03BGKD@log?$AA@      0041638c     LIBC:fpexcept.obj
 0002:00000390       ??_C@_03EGFG@pow?$AA@      00416390     LIBC:fpexcept.obj
 0002:00000394       ??_C@_03CDGJ@exp?$AA@      00416394     LIBC:fpexcept.obj
 0002:00000398       __real@8@4015800bf60000000000 00416398     LIBC:testfdiv.obj
 0002:000003a0       __real@8@4014bffffc0000000000 004163a0     LIBC:testfdiv.obj
 0002:000003a8       ??_C@_0BK@JEGK@IsProcessorFeaturePresent?$AA@ 004163a8     LIBC:testfdiv.obj
 0002:000003c4       ??_C@_08OBID@KERNEL32?$AA@ 004163c4     LIBC:testfdiv.obj
 0002:000003d0       ??_C@_05OFLO@e?$CL000?$AA@ 004163d0     LIBC:cvt.obj
 0002:000003d8       ___lookuptable             004163d8     LIBC:output.obj
 0002:00000434       ??_C@_1O@POHA@?$AA?$CI?$AAn?$AAu?$AAl?$AAl?$AA?$CJ?$AA?$AA@ 00416434     LIBC:output.obj
 0002:00000444       ??_C@_06ONKE@?$CInull?$CJ?$AA@ 00416444     LIBC:output.obj
 0002:00000468       ??_C@_0P@GGKG@runtime?5error?5?$AA@ 00416468     LIBC:crt0msg.obj
 0002:00000478       ??_C@_02PIMC@?$AN?6?$AA@   00416478     LIBC:crt0msg.obj
 0002:0000047c       ??_C@_0O@DELO@TLOSS?5error?$AN?6?$AA@ 0041647c     LIBC:crt0msg.obj
 0002:0000048c       ??_C@_0N@OMLL@SING?5error?$AN?6?$AA@ 0041648c     LIBC:crt0msg.obj
 0002:0000049c       ??_C@_0P@OJAK@DOMAIN?5error?$AN?6?$AA@ 0041649c     LIBC:crt0msg.obj
 0002:000004ac       ??_C@_0CF@EANP@R6028?$AN?6?9?5unable?5to?5initialize?5he@ 004164ac     LIBC:crt0msg.obj
 0002:000004d4       ??_C@_0DF@ECGN@R6027?$AN?6?9?5not?5enough?5space?5for?5lo@ 004164d4     LIBC:crt0msg.obj
 0002:0000050c       ??_C@_0DF@FKAC@R6026?$AN?6?9?5not?5enough?5space?5for?5st@ 0041650c     LIBC:crt0msg.obj
 0002:00000544       ??_C@_0CG@DPMN@R6025?$AN?6?9?5pure?5virtual?5function?5c@ 00416544     LIBC:crt0msg.obj
 0002:0000056c       ??_C@_0DF@CKIP@R6024?$AN?6?9?5not?5enough?5space?5for?5_o@ 0041656c     LIBC:crt0msg.obj
 0002:000005a4       ??_C@_0CJ@GGOE@R6019?$AN?6?9?5unable?5to?5open?5console?5@ 004165a4     LIBC:crt0msg.obj
 0002:000005d0       ??_C@_0CB@LBOB@R6018?$AN?6?9?5unexpected?5heap?5error?$AN?6@ 004165d0     LIBC:crt0msg.obj
 0002:000005f4       ??_C@_0CN@FPEG@R6017?$AN?6?9?5unexpected?5multithread?5@ 004165f4     LIBC:crt0msg.obj
 0002:00000624       ??_C@_0CM@OBIC@R6016?$AN?6?9?5not?5enough?5space?5for?5th@ 00416624     LIBC:crt0msg.obj
 0002:00000650       ??_C@_0CB@HPAL@?$AN?6abnormal?5program?5termination?$AN?6@ 00416650     LIBC:crt0msg.obj
 0002:00000674       ??_C@_0CM@JOOB@R6009?$AN?6?9?5not?5enough?5space?5for?5en@ 00416674     LIBC:crt0msg.obj
 0002:000006a0       ??_C@_0CK@OIBL@R6008?$AN?6?9?5not?5enough?5space?5for?5ar@ 004166a0     LIBC:crt0msg.obj
 0002:000006cc       ??_C@_0CF@LKPB@R6002?$AN?6?9?5floating?5point?5not?5load@ 004166cc     LIBC:crt0msg.obj
 0002:000006f4       ??_C@_0CF@JPDF@Microsoft?5Visual?5C?$CL?$CL?5Runtime?5Lib@ 004166f4     LIBC:crt0msg.obj
 0002:0000071c       ??_C@_02JJJH@?6?6?$AA@     0041671c     LIBC:crt0msg.obj
 0002:00000720       ??_C@_0BK@DEOK@Runtime?5Error?$CB?6?6Program?3?5?$AA@ 00416720     LIBC:crt0msg.obj
 0002:0000073c       ??_C@_0BH@NNCD@?$DMprogram?5name?5unknown?$DO?$AA@ 0041673c     LIBC:crt0msg.obj
 0002:00000754       ??_C@_0BD@NJFP@GetLastActivePopup?$AA@ 00416754     LIBC:crtmbox.obj
 0002:00000768       ??_C@_0BA@GILI@GetActiveWindow?$AA@ 00416768     LIBC:crtmbox.obj
 0002:00000778       ??_C@_0M@PKCK@MessageBoxA?$AA@ 00416778     LIBC:crtmbox.obj
 0002:00000784       ??_C@_0L@HKL@user32?4dll?$AA@ 00416784     LIBC:crtmbox.obj
 0002:00000790       ??_C@_06PAPI@1?$CDQNAN?$AA@ 00416790     LIBC:x10fout.obj
 0002:00000798       ??_C@_05BGNL@1?$CDINF?$AA@ 00416798     LIBC:x10fout.obj
 0002:000007a0       ??_C@_05EDPF@1?$CDIND?$AA@ 004167a0     LIBC:x10fout.obj
 0002:000007a8       ??_C@_06LKFM@1?$CDSNAN?$AA@ 004167a8     LIBC:x10fout.obj
 0002:000007b0       __IMPORT_DESCRIPTOR_KERNEL32 004167b0     kernel32:KERNEL32.dll
 0002:000007c4       __IMPORT_DESCRIPTOR_libinchi 004167c4     libinchi:libinchi.dll
 0002:000007d8       __NULL_IMPORT_DESCRIPTOR   004167d8     kernel32:KERNEL32.dll
 0003:00000000       ___xc_a                    00417000     LIBC:crt0init.obj
 0003:00000004       ___xc_z                    00417004     LIBC:crt0init.obj
 0003:00000008       ___xi_a                    00417008     LIBC:crt0init.obj
 0003:00000018       ___xi_z                    00417018     LIBC:crt0init.obj
 0003:0000001c       ___xp_a                    0041701c     LIBC:crt0init.obj
 0003:00000024       ___xp_z                    00417024     LIBC:crt0init.obj
 0003:00000028       ___xt_a                    00417028     LIBC:crt0init.obj
 0003:0000002c       ___xt_z                    0041702c     LIBC:crt0init.obj
 0003:0000003c       ??_C@_03KPCH@?$CL?9?$FO?$AA@ 0041703c     e_0dstereo.obj
 0003:00000040       _e_gsMissing               00417040     e_ichi_io.obj
 0003:0000004c       _e_gsSpace                 0041704c     e_ichi_io.obj
 0003:00000050       _e_gsEqual                 00417050     e_ichi_io.obj
 0003:000000d4       ??_C@_03COEA@NUL?$AA@      004170d4     e_ichi_parms.obj
 0003:000000d8       ??_C@_0BM@HBDK@Unrecognized?5option?3?5?$CC?$CFs?$CC?4?6?$AA@ 004170d8     e_ichi_parms.obj
 0003:000000f4       ??_C@_01FKLC@F?$AA@        004170f4     e_ichi_parms.obj
 0003:000000f8       ??_C@_01FJFF@W?$AA@        004170f8     e_ichi_parms.obj
 0003:000000fc       ??_C@_09CJCC@EQUNONISO?$AA@ 004170fc     e_ichi_parms.obj
 0003:00000108       ??_C@_03EFDL@EQU?$AA@      00417108     e_ichi_parms.obj
 0003:0000010c       ??_C@_0M@MMAC@ONLYRECSALT?$AA@ 0041710c     e_ichi_parms.obj
 0003:00000118       ??_C@_0L@BEJC@ONLYRECMET?$AA@ 00417118     e_ichi_parms.obj
 0003:00000124       ??_C@_04GJLA@TAUT?$AA@     00417124     e_ichi_parms.obj
 0003:0000012c       ??_C@_0L@DJIG@ONLYNONISO?$AA@ 0041712c     e_ichi_parms.obj
 0003:00000138       ??_C@_0L@FIGD@ONLYFIXEDH?$AA@ 00417138     e_ichi_parms.obj
 0003:00000144       ??_C@_09LGGH@ONLYEXACT?$AA@ 00417144     e_ichi_parms.obj
 0003:00000150       ??_C@_0N@FCNH@OutputANNXML?$AA@ 00417150     e_ichi_parms.obj
 0003:00000160       ??_C@_0P@LIHD@OutputANNPLAIN?$AA@ 00417160     e_ichi_parms.obj
 0003:00000170       ??_C@_09KEHC@OutputXML?$AA@ 00417170     e_ichi_parms.obj
 0003:0000017c       ??_C@_0M@LGFM@OutputPLAIN?$AA@ 0041717c     e_ichi_parms.obj
 0003:00000188       ??_C@_0O@IHAL@MOLFILENUMBER?$AA@ 00417188     e_ichi_parms.obj
 0003:00000198       ??_C@_05OCNK@EXACT?$AA@    00417198     e_ichi_parms.obj
 0003:000001a0       ??_C@_05BPLE@STDIO?$AA@    004171a0     e_ichi_parms.obj
 0003:000001a8       ??_C@_08EKGF@SdfSplit?$AA@ 004171a8     e_ichi_parms.obj
 0003:000001b4       ??_C@_0L@OFJC@SdfAtomsDT?$AA@ 004171b4     e_ichi_parms.obj
 0003:000001c0       ??_C@_09KNBO@OUTPUTSDF?$AA@ 004171c0     e_ichi_parms.obj
 0003:000001cc       ??_C@_07JONH@RECMET?9?$AA@ 004171cc     e_ichi_parms.obj
 0003:000001d4       ??_C@_04IEPO@SDF?3?$AA@    004171d4     e_ichi_parms.obj
 0003:000001dc       ??_C@_0N@BLLC@KeepBalanceP?$AA@ 004171dc     e_ichi_parms.obj
 0003:000001ec       ??_C@_0N@MCCA@InChI2Struct?$AA@ 004171ec     e_ichi_parms.obj
 0003:000001fc       ??_C@_0L@LAJD@SplitInChI?$AA@ 004171fc     e_ichi_parms.obj
 0003:00000208       ??_C@_0M@KLLO@InChI2InChI?$AA@ 00417208     e_ichi_parms.obj
 0003:00000214       ??_C@_03IAC@MIN?$AA@       00417214     e_ichi_parms.obj
 0003:00000218       ??_C@_04CLJK@FULL?$AA@     00417218     e_ichi_parms.obj
 0003:00000220       ??_C@_08BKMO@COMPRESS?$AA@ 00417220     e_ichi_parms.obj
 0003:0000022c       ??_C@_0BF@OHDD@WarnOnEmptyStructure?$AA@ 0041722c     e_ichi_parms.obj
 0003:00000244       ??_C@_08OPHH@NOLABELS?$AA@ 00417244     e_ichi_parms.obj
 0003:00000250       ??_C@_05KNNH@DDSRC?$AA@    00417250     e_ichi_parms.obj
 0003:00000258       ??_C@_01PJM@D?$AA@         00417258     e_ichi_parms.obj
 0003:0000025c       ??_C@_06PFCO@AUXMIN?$AA@   0041725c     e_ichi_parms.obj
 0003:00000264       ??_C@_06BGHI@AUXMAX?$AA@   00417264     e_ichi_parms.obj
 0003:0000026c       ??_C@_07FLGH@AUXFULL?$AA@  0041726c     e_ichi_parms.obj
 0003:00000274       ??_C@_07LHHP@AUXNONE?$AA@  00417274     e_ichi_parms.obj
 0003:0000027c       ??_C@_06EEMG@RECMET?$AA@   0041727c     e_ichi_parms.obj
 0003:00000284       ??_C@_03NCIM@SUU?$AA@      00417284     e_ichi_parms.obj
 0003:00000288       ??_C@_04MNBH@SABS?$AA@     00417288     e_ichi_parms.obj
 0003:00000290       ??_C@_04OHJE@SNON?$AA@     00417290     e_ichi_parms.obj
 0003:00000298       ??_C@_06IDH@FIXEDH?$AA@    00417298     e_ichi_parms.obj
 0003:000002a0       ??_C@_0BM@CEBL@Unrecognized?5option?3?5?$CC?$CFc?$CC?4?6?$AA@ 004172a0     e_ichi_parms.obj
 0003:000002bc       ??_C@_02JJFJ@PW?$AA@       004172bc     e_ichi_parms.obj
 0003:000002c0       ??_C@_06BBGJ@SASXYZ?$AA@   004172c0     e_ichi_parms.obj
 0003:000002c8       ??_C@_05LAGL@SPXYZ?$AA@    004172c8     e_ichi_parms.obj
 0003:000002d0       ??_C@_05FJK@NEWPS?$AA@     004172d0     e_ichi_parms.obj
 0003:000002d8       ??_C@_02CNLE@FB?$AA@       004172d8     e_ichi_parms.obj
 0003:000002dc       ??_C@_09HJKB@FixSp3bug?$AA@ 004172dc     e_ichi_parms.obj
 0003:000002e8       ??_C@_05MNEL@NoADP?$AA@    004172e8     e_ichi_parms.obj
 0003:000002f0       ??_C@_06FGLE@NoVarH?$AA@   004172f0     e_ichi_parms.obj
 0003:000002f8       ??_C@_05PAIE@NOHDR?$AA@    004172f8     e_ichi_parms.obj
 0003:00000300       ??_C@_03MGON@DSB?$AA@      00417300     e_ichi_parms.obj
 0003:00000304       ??_C@_03FDE@DCR?$AA@       00417304     e_ichi_parms.obj
 0003:00000308       ??_C@_03MLKN@PGO?$AA@      00417308     e_ichi_parms.obj
 0003:0000030c       ??_C@_05KCEH@MERGE?$AA@    0041730c     e_ichi_parms.obj
 0003:00000314       ??_C@_08OAKN@AUXINFO?3?$AA@ 00417314     e_ichi_parms.obj
 0003:00000320       ??_C@_09ECH@DONOTADDH?$AA@ 00417320     e_ichi_parms.obj
 0003:0000032c       ??_C@_06KIFB@ANNXML?$AA@   0041732c     e_ichi_parms.obj
 0003:00000334       ??_C@_08PNEK@ANNPLAIN?$AA@ 00417334     e_ichi_parms.obj
 0003:00000340       ??_C@_06HAOK@Tabbed?$AA@   00417340     e_ichi_parms.obj
 0003:00000348       ??_C@_05DALB@PLAIN?$AA@    00417348     e_ichi_parms.obj
 0003:00000350       ??_C@_03DMKA@XML?$AA@      00417350     e_ichi_parms.obj
 0003:00000354       ??_C@_05EFLJ@SDFID?$AA@    00417354     e_ichi_parms.obj
 0003:0000035c       ??_C@_06HOPE@NOUUSC?$AA@   0041735c     e_ichi_parms.obj
 0003:00000364       ??_C@_06NEGD@NOUUSB?$AA@   00417364     e_ichi_parms.obj
 0003:0000036c       ??_C@_0O@DBLK@ChiralFlagOFF?$AA@ 0041736c     e_ichi_parms.obj
 0003:0000037c       ??_C@_0N@FMCO@ChiralFlagON?$AA@ 0041737c     e_ichi_parms.obj
 0003:0000038c       ??_C@_04BLDG@SUCF?$AA@     0041738c     e_ichi_parms.obj
 0003:00000394       ??_C@_04IIMJ@SRAC?$AA@     00417394     e_ichi_parms.obj
 0003:0000039c       ??_C@_04NDDO@SREL?$AA@     0041739c     e_ichi_parms.obj
 0003:000003a4       ??_C@_09NDHG@CMPNONISO?$AA@ 004173a4     e_ichi_parms.obj
 0003:000003b0       ??_C@_03CMNA@CMP?$AA@      004173b0     e_ichi_parms.obj
 0003:000003b4       ??_C@_03GFEN@SCT?$AA@      004173b4     e_ichi_parms.obj
 0003:000003b8       ??_C@_03DEAL@ALT?$AA@      004173b8     e_ichi_parms.obj
 0003:000003bc       ??_C@_03JBHE@OP?3?$AA@     004173bc     e_ichi_parms.obj
 0003:000003c0       ??_C@_02IEKC@O?3?$AA@      004173c0     e_ichi_parms.obj
 0003:000003c4       ??_C@_09GGCD@ACIDTAUT?3?$AA@ 004173c4     e_ichi_parms.obj
 0003:000003d0       ??_C@_0BA@FIFN@UNCHARGEDACIDS?3?$AA@ 004173d0     e_ichi_parms.obj
 0003:000003e0       ??_C@_0N@ICEJ@MERGESALTTG?3?$AA@ 004173e0     e_ichi_parms.obj
 0003:000003f0       ??_C@_08PHGI@MOVEPOS?3?$AA@ 004173f0     e_ichi_parms.obj
 0003:000003fc       ??_C@_0BD@LOKP@DISCONMETALCHKVAL?3?$AA@ 004173fc     e_ichi_parms.obj
 0003:00000410       ??_C@_0M@BNPI@RECONMETAL?3?$AA@ 00417410     e_ichi_parms.obj
 0003:0000041c       ??_C@_0N@MPEK@DISCONMETAL?3?$AA@ 0041741c     e_ichi_parms.obj
 0003:0000042c       ??_C@_0M@CMLD@DISCONSALT?3?$AA@ 0041742c     e_ichi_parms.obj
 0003:00000438       ??_C@_04GEAN@RSB?3?$AA@    00417438     e_ichi_parms.obj
 0003:00000440       ??_C@_04BHPO@END?3?$AA@    00417440     e_ichi_parms.obj
 0003:00000448       ??_C@_06BGOF@START?3?$AA@  00417448     e_ichi_parms.obj
 0003:00000450       ??_C@_03PIEG@SDF?$AA@      00417450     e_ichi_parms.obj
 0003:00000454       ??_C@_03CKND@MOL?$AA@      00417454     e_ichi_parms.obj
 0003:00000458       ??_C@_04CDCO@?4prb?$AA@    00417458     e_ichi_parms.obj
 0003:00000460       ??_C@_04EJJN@?4log?$AA@    00417460     e_ichi_parms.obj
 0003:00000468       ??_C@_04KFHH@?4txt?$AA@    00417468     e_ichi_parms.obj
 0003:00000470       ??_C@_04LAIK@?4mol?$AA@    00417470     e_ichi_parms.obj
 0003:00000478       ??_C@_0DH@KDHO@Saving?5only?5all?5good?5structures?5@ 00417478     e_ichi_parms.obj
 0003:000004b0       ??_C@_0DB@OHNL@Saving?5warning?5structures?5into?5t@ 004174b0     e_ichi_parms.obj
 0003:000004e4       ??_C@_0CA@JAME@Terminate?5after?5structure?5?$CD?$CFld?6?$AA@ 004174e4     e_ichi_parms.obj
 0003:00000504       ??_C@_0BK@JGDL@Skipping?5?$CFld?5structure?$CFs?6?$AA@ 00417504     e_ichi_parms.obj
 0003:00000520       ??_C@_01KBOJ@s?$AA@        00417520     e_ichi_parms.obj
 0003:00000524       ??_C@_0CA@KGOF@?$CFsUp?5to?5?$CFd?5atoms?5per?5structure?6?$AA@ 00417524     e_ichi_parms.obj
 0003:00000544       ??_C@_0L@MLFE@No?5timeout?$AA@ 00417544     e_ichi_parms.obj
 0003:00000550       ??_C@_0CF@FHMJ@Timeout?5per?5structure?3?5?$CFlu?4?$CF03lu@ 00417550     e_ichi_parms.obj
 0003:00000578       ??_C@_0BF@FPGJ@Output?5format?3?5?$CFs?$CFs?6?$AA@ 00417578     e_ichi_parms.obj
 0003:00000590       ??_C@_0M@KNBG@SDfile?5only?$AA@ 00417590     e_ichi_parms.obj
 0003:0000059c       ??_C@_0L@BIJJ@Plain?5text?$AA@ 0041759c     e_ichi_parms.obj
 0003:000005a8       ??_C@_08HCEG@?0?5tabbed?$AA@ 004175a8     e_ichi_parms.obj
 0003:000005b4       ??_C@_0CG@MIBF@?5?5?$CIattempting?5to?5read?5Molfile?5nu@ 004175b4     e_ichi_parms.obj
 0003:000005dc       ??_C@_0BB@KPDD@Input?5format?3?5?$CFs?$AA@ 004175dc     e_ichi_parms.obj
 0003:000005f0       ??_C@_07PCHH@Unknown?$AA@  004175f0     e_ichi_parms.obj
 0003:000005f8       ??_C@_0O@ILFF@InChI?5?$CIplain?$CJ?$AA@ 004175f8     e_ichi_parms.obj
 0003:00000608       ??_C@_0M@GOHH@InChI?5?$CIxml?$CJ?$AA@ 00417608     e_ichi_parms.obj
 0003:00000614       ??_C@_0BJ@EMOP@InChI?5?$CIplain?5identifier?$CJ?$AA@ 00417614     e_ichi_parms.obj
 0003:00000630       ??_C@_07BLAA@CMLfile?$AA@  00417630     e_ichi_parms.obj
 0003:00000638       ??_C@_06EGDP@SDfile?$AA@   00417638     e_ichi_parms.obj
 0003:00000640       ??_C@_07KDJA@MOLfile?$AA@  00417640     e_ichi_parms.obj
 0003:00000648       ??_C@_0BK@GMOP@SDfile?5data?5header?3?5?$CC?$CFs?$CC?6?$AA@ 00417648     e_ichi_parms.obj
 0003:00000664       ??_C@_0CC@OJNM@Issue?5warning?5on?5empty?5structure@ 00417664     e_ichi_parms.obj
 0003:00000688       ??_C@_0P@LALF@?$CFsDo?5not?5add?5H?$AA@ 00417688     e_ichi_parms.obj
 0003:00000698       ??_C@_0BB@MPNE@?$CFsFull?5Aux?4?5info?$AA@ 00417698     e_ichi_parms.obj
 0003:000006ac       ??_C@_0BE@GLAG@?$CFsMinimal?5Aux?4?5info?$AA@ 004176ac     e_ichi_parms.obj
 0003:000006c0       ??_C@_0BH@KDPJ@?$CFsAux?4?5info?5suppressed?$AA@ 004176c0     e_ichi_parms.obj
 0003:000006d8       ??_C@_02GDLA@?$DL?5?$AA@   004176d8     e_ichi_parms.obj
 0003:000006dc       ??_C@_0BK@LOHB@Connection?5table?3?5?$CFs?0?5?$CFs?6?$AA@ 004176dc     e_ichi_parms.obj
 0003:000006f8       ??_C@_0CI@DBBK@Canon_numbers?$CIbranching?0?5ring?5cl@ 004176f8     e_ichi_parms.obj
 0003:00000720       ??_C@_0BO@IPDD@Predecessor_numbers?$CIclosures?$CJ?$AA@ 00417720     e_ichi_parms.obj
 0003:00000740       ??_C@_09IOFG@Numerical?$AA@ 00417740     e_ichi_parms.obj
 0003:0000074c       ??_C@_0BE@GNCA@Shorter?5alternative?$AA@ 0041774c     e_ichi_parms.obj
 0003:00000760       ??_C@_0BL@ENKK@Representation?3?5Compressed?$AA@ 00417760     e_ichi_parms.obj
 0003:0000077c       ??_C@_0BK@JIBM@Do?5not?5disconnect?5metals?6?$AA@ 0041777c     e_ichi_parms.obj
 0003:00000798       ??_C@_0BJ@HGJJ@Include?5bonds?5to?5metals?6?$AA@ 00417798     e_ichi_parms.obj
 0003:000007b4       ??_C@_0N@OJC@?0?5Stereo?5OFF?$AA@ 004177b4     e_ichi_parms.obj
 0003:000007c4       ??_C@_0DG@IIE@?$CFsFix?5bug?5leading?5to?5missing?5or?5@ 004177c4     e_ichi_parms.obj
 0003:000007fc       ??_C@_0CC@LGFH@?$CFsInclude?5arsine?5stereochemistry@ 004177fc     e_ichi_parms.obj
 0003:00000820       ??_C@_0CE@CHB@?$CFsInclude?5phoshine?5stereochemist@ 00417820     e_ichi_parms.obj
 0003:00000844       ??_C@_0DD@DBIM@?$CFsOnly?5narrow?5end?5of?5wedge?5point@ 00417844     e_ichi_parms.obj
 0003:00000878       ??_C@_0CC@JCBH@?6Min?4?5stereobond?5ring?5size?3?5NONE@ 00417878     e_ichi_parms.obj
 0003:0000089c       ??_C@_0CA@PGEH@?6Min?4?5stereobond?5ring?5size?3?5?$CFd?6?$AA@ 0041789c     e_ichi_parms.obj
 0003:000008bc       ??_C@_0DG@KEBK@?6Omit?5undefined?1unknown?5stereoge@ 004178bc     e_ichi_parms.obj
 0003:000008f4       ??_C@_0CK@KIF@?6Omit?5undefined?1unknown?5stereoge@ 004178f4     e_ichi_parms.obj
 0003:00000920       ??_C@_0CM@IGPP@?6Omit?5undefined?1unknown?5stereoge@ 00417920     e_ichi_parms.obj
 0003:0000094c       ??_C@_0DJ@IEAJ@?6Include?5undefined?1unknown?5stere@ 0041794c     e_ichi_parms.obj
 0003:00000988       ??_C@_0BE@EFHP@?0?5?$CFs?$CFs?$CFs?$CFsStereo?5ON?$AA@ 00417988     e_ichi_parms.obj
 0003:0000099c       ??_C@_05GFDB@Slow?5?$AA@   0041799c     e_ichi_parms.obj
 0003:000009a4       ??_C@_08JOBP@Redund?4?5?$AA@ 004179a4     e_ichi_parms.obj
 0003:000009b0       ??_C@_0M@JJPJ@No?5AltBond?5?$AA@ 004179b0     e_ichi_parms.obj
 0003:000009bc       ??_C@_09OCNI@Absolute?5?$AA@ 004179bc     e_ichi_parms.obj
 0003:000009c8       ??_C@_0N@PCDI@Chiral?5Flag?5?$AA@ 004179c8     e_ichi_parms.obj
 0003:000009d8       ??_C@_09LBDO@Relative?5?$AA@ 004179d8     e_ichi_parms.obj
 0003:000009e4       ??_C@_08HIIC@Racemic?5?$AA@ 004179e4     e_ichi_parms.obj
 0003:000009f0       ??_C@_0N@JEPG@Isotopic?5OFF?$AA@ 004179f0     e_ichi_parms.obj
 0003:00000a00       ??_C@_0M@BAAG@Isotopic?5ON?$AA@ 00417a00     e_ichi_parms.obj
 0003:00000a0c       ??_C@_01BJG@?6?$AA@        00417a0c     e_ichi_parms.obj
 0003:00000a10       ??_C@_0CG@BNCH@?0?5Disabled?5Aggressive?5?$CIDe?$CJproton@ 00417a10     e_ichi_parms.obj
 0003:00000a38       ??_C@_0BI@KLMA@Undefined?5Mobile?5H?5mode?$AA@ 00417a38     e_ichi_parms.obj
 0003:00000a50       ??_C@_0BB@IJKE@Mobile?5H?5ignored?$AA@ 00417a50     e_ichi_parms.obj
 0003:00000a64       ??_C@_0BH@LHKD@Mobile?5H?5Perception?5ON?$AA@ 00417a64     e_ichi_parms.obj
 0003:00000a7c       ??_C@_0BI@EOFB@Mobile?5H?5Perception?5OFF?$AA@ 00417a7c     e_ichi_parms.obj
 0003:00000a94       ??_C@_0BG@PCEH@Output?5SDfile?5only?$CFs?6?$AA@ 00417a94     e_ichi_parms.obj
 0003:00000aac       ??_C@_0BM@CMOK@?5?$CIwrite?5H?5isotopes?5as?5D?0?5T?$CJ?$AA@ 00417aac     e_ichi_parms.obj
 0003:00000ac8       ??_C@_09IBPB@Options?3?5?$AA@ 00417ac8     e_ichi_parms.obj
 0003:00000ad4       ??_C@_0EG@HOHD@?5?5WarnOnEmptyStructure?5Warn?5and?5@ 00417ad4     e_ichi_parms.obj
 0003:00000b1c       ??_C@_0FB@OBBL@?5?5FB?5?5?5?5?5?5?5?5?5?5?$CIor?5FixSp3Bug?$CJ?5Fix@ 00417b1c     e_ichi_parms.obj
 0003:00000b70       ??_C@_0DB@EMGG@?5?5STDIO?5?5?5?5?5?5?5Use?5standard?5input@ 00417b70     e_ichi_parms.obj
 0003:00000ba4       ??_C@_0ED@OGMJ@?5?5SdfAtomsDT?5?5Output?5Hydrogen?5Is@ 00417ba4     e_ichi_parms.obj
 0003:00000be8       ??_C@_0EJ@ODHC@?5?5InChI2InChI?5?5Convert?5?$CFs?5string@ 00417be8     e_ichi_parms.obj
 0003:00000c34       ??_C@_0FL@DKLA@?5?5InChI2Struct?5Test?5mode?3?5Mol?1SD@ 00417c34     e_ichi_parms.obj
 0003:00000c90       ??_C@_0ED@PKEP@?5?5OutputSDF?5?5?5Convert?5?$CFs?5created@ 00417c90     e_ichi_parms.obj
 0003:00000cd4       ??_C@_0EE@JKC@?5?5Tabbed?5?5?5?5?5?5Separate?5structure@ 00417cd4     e_ichi_parms.obj
 0003:00000d18       ??_C@_0EH@PBJL@?5?5NoLabels?5?5?5?5Omit?5structure?5num@ 00417d18     e_ichi_parms.obj
 0003:00000d60       ??_C@_0EK@PPBO@?5?5SDF?3DataHeader?5Read?5from?5the?5i@ 00417d60     e_ichi_parms.obj
 0003:00000dac       ??_C@_0EJ@FJOI@?5?5Wnumber?5?5?5?5?5Set?5time?9out?5per?5s@ 00417dac     e_ichi_parms.obj
 0003:00000df8       ??_C@_0EL@CLGC@?5?5DoNotAddH?5?5?5Don?8t?5add?5H?5accord@ 00417df8     e_ichi_parms.obj
 0003:00000e44       ??_C@_0CB@IOLO@?5?5Compress?5?5?5?5Compressed?5output?6@ 00417e44     e_ichi_parms.obj
 0003:00000e68       ??_C@_0ED@LJAJ@?5?5NoADP?5?5?5?5?5?5?5Disable?5Aggressive@ 00417e68     e_ichi_parms.obj
 0003:00000eac       ??_C@_0DN@HALC@?5?5AuxNone?5?5?5?5?5Omit?5auxiliary?5inf@ 00417eac     e_ichi_parms.obj
 0003:00000eec       ??_C@_0DF@HHFM@?5?5FixedH?5?5?5?5?5?5Mobile?5H?5Perceptio@ 00417eec     e_ichi_parms.obj
 0003:00000f24       ??_C@_0DC@CPP@?5?5RecMet?5?5?5?5?5?5Include?5reconnecte@ 00417f24     e_ichi_parms.obj
 0003:00000f58       ??_C@_0CP@NNKD@?5?5SAsXYZ?5?5?5?5?5?5Include?5Arsines?5St@ 00417f58     e_ichi_parms.obj
 0003:00000f88       ??_C@_0DC@MOPJ@?5?5SPXYZ?5?5?5?5?5?5?5Include?5Phosphines@ 00417f88     e_ichi_parms.obj
 0003:00000fbc       ??_C@_0EK@BMGH@?5?5NEWPS?5?5?5?5?5?5?5Narrow?5end?5of?5wedg@ 00417fbc     e_ichi_parms.obj
 0003:00001008       ??_C@_0DI@HPGA@?5?5SUU?5?5?5?5?5?5?5?5?5Include?5omitted?5un@ 00418008     e_ichi_parms.obj
 0003:00001040       ??_C@_0EJ@DMIE@?5?5SUCF?5?5?5?5?5?5?5?5Use?5Chiral?5Flag?3?5O@ 00418040     e_ichi_parms.obj
 0003:0000108c       ??_C@_0BO@MAJI@?5?5SRac?5?5?5?5?5?5?5?5Racemic?5stereo?6?$AA@ 0041808c     e_ichi_parms.obj
 0003:000010ac       ??_C@_0BP@MPPM@?5?5SRel?5?5?5?5?5?5?5?5Relative?5stereo?6?$AA@ 004180ac     e_ichi_parms.obj
 0003:000010cc       ??_C@_0EB@EALI@?5?5SNon?5?5?5?5?5?5?5?5Exclude?5stereo?5?$CIDe@ 004180cc     e_ichi_parms.obj
 0003:00001110       ??_C@_0L@LDBB@?6Options?3?6?$AA@ 00418110     e_ichi_parms.obj
 0003:0000111c       ??_C@_0GF@DJKJ@?$CFs?5ver?5?$CFs?$CFs?4?6?6Usage?3?6c?$CFs?9?$CFs?5inpu@ 0041811c     e_ichi_parms.obj
 0003:00001184       ??_C@_0DP@GBMM@?0?5Software?5version?51?401?5testing?5@ 00418184     e_ichi_parms.obj
 0003:000011c4       ??_C@_05EBDN@InChI?$AA@    004181c4     e_ichi_parms.obj
 0003:000011cc       ??_C@_01FBAH@1?$AA@        004181cc     e_ichi_parms.obj
 0003:000011d0       ??_C@_0BK@OHMP@Opened?5problem?5file?5?8?$CFs?8?6?$AA@ 004181d0     e_ichi_parms.obj
 0003:000011ec       ??_C@_0CN@LJPE@Cannot?5open?5problem?5file?5?8?$CFs?8?4?5T@ 004181ec     e_ichi_parms.obj
 0003:0000121c       ??_C@_02NGAF@wb?$AA@       0041821c     e_ichi_parms.obj
 0003:00001220       ??_C@_0DD@CJJH@Output?5file?5not?5specified?4?5Using@ 00418220     e_ichi_parms.obj
 0003:00001254       ??_C@_0BE@DOLA@?$CK?5Input_File?3?5?$CC?$CFs?$CC?6?$AA@ 00418254     e_ichi_parms.obj
 0003:00001268       ??_C@_0BJ@IMFL@Opened?5output?5file?5?8?$CFs?8?6?$AA@ 00418268     e_ichi_parms.obj
 0003:00001284       ??_C@_0CM@KPLI@Cannot?5open?5output?5file?5?8?$CFs?8?4?5Te@ 00418284     e_ichi_parms.obj
 0003:000012b0       ??_C@_0DB@NHFJ@Input?5file?5not?5specified?4?5Using?5@ 004182b0     e_ichi_parms.obj
 0003:000012e4       ??_C@_0CN@JBND@Input?5file?5type?5not?5specified?4?5T@ 004182e4     e_ichi_parms.obj
 0003:00001314       ??_C@_0CL@JAKK@Cannot?5open?5input?5file?5?8?$CFs?8?4?5Ter@ 00418314     e_ichi_parms.obj
 0003:00001340       ??_C@_09MLPI@?$DMNo?5name?$DO?$AA@ 00418340     e_ichi_parms.obj
 0003:0000134c       ??_C@_0BI@MCOK@Opened?5input?5file?5?8?$CFs?8?6?$AA@ 0041834c     e_ichi_parms.obj
 0003:00001364       ??_C@_01LHO@r?$AA@         00418364     e_ichi_parms.obj
 0003:00001368       ??_C@_0CA@GBIA@Opened?5input?5file?5?8?$CFs?8?3?5no?5CR?4?6?$AA@ 00418368     e_ichi_parms.obj
 0003:00001388       ??_C@_0DJ@GEBK@Cannot?5open?5input?5file?5?8?$CFs?8?5?$CI2nd@ 00418388     e_ichi_parms.obj
 0003:000013c4       ??_C@_02JKAF@rb?$AA@       004183c4     e_ichi_parms.obj
 0003:000013c8       ??_C@_0DG@FGDC@Log?5file?5not?5specified?4?5Using?5st@ 004183c8     e_ichi_parms.obj
 0003:00001400       ??_C@_0BG@DPMB@Opened?5log?5file?5?8?$CFs?8?6?$AA@ 00418400     e_ichi_parms.obj
 0003:00001418       ??_C@_0DJ@JDH@Cannot?5open?5log?5file?5?8?$CFs?8?4?5Using@ 00418418     e_ichi_parms.obj
 0003:00001454       ??_C@_0BD@CALD@?$CFs?5version?5?$CFs?$CFs?$CFs?6?$AA@ 00418454     e_ichi_parms.obj
 0003:00001468       ??_C@_01LLF@w?$AA@         00418468     e_ichi_parms.obj
 0003:0000146c       ??_C@_0BO@IK@?$DMmessage?5type?$DN?$CCerror?5?$CIno?5?$CFs?$CJ?$CC?$AA@ 0041846c     e_ichi_parms.obj
 0003:0000148c       ??_C@_0BJ@OGIP@?$DMidentifier?5version?$DN?$CC1a?$CC?$AA@ 0041848c     e_ichi_parms.obj
 0003:000014a8       ??_C@_0BI@BLOO@?$DMidentifier?5version?$DN?$CC1?$CC?$AA@ 004184a8     e_ichi_parms.obj
 0003:000014c0       ??_C@_0BM@OPGG@?$DMidentifier?5version?$DN?$CC1?40RC?$CC?$AA@ 004184c0     e_ichi_parms.obj
 0003:000014dc       ??_C@_0BP@OAL@?$DMidentifier?5version?$DN?$CC1?412Beta?$CC?$AA@ 004184dc     e_ichi_parms.obj
 0003:000014fc       ??_C@_0BJ@MIED@?$DMidentifier?5version?$DN?$CC?$CFs?$CC?$AA@ 004184fc     e_ichi_parms.obj
 0003:00001518       ??_C@_0BF@LKM@?$DMMoChI?5version?$DN?$CC1a?$CC?$DO?$AA@ 00418518     e_ichi_parms.obj
 0003:00001530       ??_C@_0BE@JDLE@?$DMInChI?5version?$DN?$CC1?$CC?$DO?$AA@ 00418530     e_ichi_parms.obj
 0003:00001544       ??_C@_0BI@EDKI@?$DMInChI?5version?$DN?$CC1?40RC?$CC?$DO?$AA@ 00418544     e_ichi_parms.obj
 0003:0000155c       ??_C@_0BI@ELNH@?$DMINChI?5version?$DN?$CC1?40RC?$CC?$DO?$AA@ 0041855c     e_ichi_parms.obj
 0003:00001574       ??_C@_0BL@BHHJ@?$DMINChI?5version?$DN?$CC1?412Beta?$CC?$DO?$AA@ 00418574     e_ichi_parms.obj
 0003:00001590       ??_C@_0BC@PNFP@?$DM?$CFs?5version?$DN?$CC?$CFs?$CC?$DO?$AA@ 00418590     e_ichi_parms.obj
 0003:000015a4       ??_C@_0M@KFDG@AuxInfo?$DN1a?1?$AA@ 004185a4     e_ichi_parms.obj
 0003:000015b0       ??_C@_0L@IFKA@AuxInfo?$DN1?1?$AA@ 004185b0     e_ichi_parms.obj
 0003:000015bc       ??_C@_0P@EEOG@AuxInfo?$DN1?40RC?1?$AA@ 004185bc     e_ichi_parms.obj
 0003:000015cc       ??_C@_0BC@CLCM@AuxInfo?$DN1?412Beta?1?$AA@ 004185cc     e_ichi_parms.obj
 0003:000015e0       ??_C@_0M@ILPK@AuxInfo?$DN?$CFs?1?$AA@ 004185e0     e_ichi_parms.obj
 0003:000015ec       ??_C@_09JNMJ@MoChI?$DN1a?1?$AA@ 004185ec     e_ichi_parms.obj
 0003:000015f8       ??_C@_08HECD@InChI?$DN1?1?$AA@ 004185f8     e_ichi_parms.obj
 0003:00001604       ??_C@_0N@FCDP@InChI?$DN1?40RC?1?$AA@ 00418604     e_ichi_parms.obj
 0003:00001614       ??_C@_0N@DMH@INChI?$DN1?40RC?1?$AA@ 00418614     e_ichi_parms.obj
 0003:00001624       ??_C@_0BA@GHIB@INChI?$DN1?412Beta?1?$AA@ 00418624     e_ichi_parms.obj
 0003:00001634       ??_C@_06NIIM@?$CFs?$DN?$CFs?1?$AA@ 00418634     e_ichi_parms.obj
 0003:0000163c       ??_C@_0CK@CPPM@?6Processed?5?$CFld?5structure?$CFs?0?5?$CFld?5@ 0041863c     e_ichimain.obj
 0003:00001668       ??_C@_0DC@JLBC@?6Structure?5?$CFd?5could?5not?5be?5proce@ 00418668     e_ichimain.obj
 0003:0000169c       ??_C@_0M@IEKG@Skipped?5?$CFs?6?$AA@ 0041869c     e_ichimain.obj
 0003:000016a8       ??_C@_0CJ@ODIE@End?5of?5file?5detected?5after?5struc@ 004186a8     e_ichimain.obj
 0003:000016d4       ??_C@_0EA@BMBJ@Log?5start?3?9?9?9?9?9?9?9?9?9?9?9?9?9?9?9?9?9?9?9?9?9?6@ 004186d4     e_ichimain.obj
 0003:00001714       ??_C@_0P@EMKB@Log?5is?5missing?$AA@ 00418714     e_ichimain.obj
 0003:00001724       ??_C@_0BP@KMEJ@Fatal?5Error?5?$CINo?5INChI?$CFs?$CFs?$CJ?5?$CFs?6?$AA@ 00418724     e_ichimain.obj
 0003:00001744       ??_C@_0CN@CGJM@?6Structure?5?$CFd?5could?5not?5be?5read?3@ 00418744     e_ichimain.obj
 0003:00001774       ??_C@_0DJ@HNJA@?$ANStructure?5?$CFd?5could?5not?5be?5read?3@ 00418774     e_ichimain.obj
 0003:000017b0       ??_C@_03HHKO@?$CFs?6?$AA@  004187b0     e_ichimain.obj
 0003:000017b4       ??_C@_04DCMN@?$CFs?$CFs?$AA@ 004187b4     e_ichimain.obj
 0003:000017bc       ??_C@_01POCP@?7?$AA@       004187bc     e_ichimain.obj
 0003:000017c0       ??_C@_0BC@NMBI@?$DO?5?5?$DM?$CFs?$DO?6?$CFs?6?6$$$$?6?$AA@ 004187c0     e_ichimain.obj
 0003:000017d4       ??_C@_02DILL@?$CFs?$AA@    004187d4     e_ichimain.obj
 0003:000017d8       ??_C@_0P@OJC@Structure?5?$CD?$CFld?$AA@ 004187d8     e_ichimain.obj
 0003:000017e8       ??_C@_0BB@EGIL@Warning?5?$CI?$CFs?$CJ?5?$CFs?6?$AA@ 004187e8     e_ichimain.obj
 0003:000017fc       ??_C@_0BJ@CAMM@Error?5?$CINo?5INChI?$CFs?$CFs?$CJ?5?$CFs?6?$AA@ 004187fc     e_ichimain.obj
 0003:00001818       ??_C@_0CD@GGEG@GetStructFromINCHI?5failed?5?$CI?$CFs?$CJ?5?$CF@ 00418818     e_ichimain.obj
 0003:0000183c       ??_C@_03NMFM@?$DP?$DP?$DP?$AA@ 0041883c     e_ichimain.obj
 0003:00001840       ??_C@_07BBDI@?$AN?$CFs?5?5?5?$AN?$AA@ 00418840     e_ichimain.obj
 0003:00001848       ??_C@_0CB@FODO@?$ANStructure?3?5?$CFd?4?4?4?4?4?4?4?4?4?4?4?4?4?4?4?4?4?$AN@ 00418848     e_ichimain.obj
 0003:0000186c       ??_C@_0CH@KLLI@Too?5many?5options?4?5Option?5?$CC?$CFs?$CC?5ig@ 0041886c     e_ichimain.obj
 0003:00001894       ??_C@_05CNC@?5?$DPW60?$AA@ 00418894     e_ichimain.obj
 0003:0000189c       ??_C@_03LOCD@cml?$AA@      0041889c     e_ichimain.obj
 0003:000018a0       ??_C@_03OPLE@mol?$AA@      004188a0     e_ichimain.obj
 0003:000018a4       ??_C@_03DNCB@sdf?$AA@      004188a4     e_ichimain.obj
 0003:000018a8       ??_C@_01HMO@?$CC?$AA@      004188a8     e_ichimain.obj
 0003:000018ac       ??_C@_02CLHN@?5?7?$AA@     004188ac     e_ichimain.obj
 0003:000018b0       ??_C@_01FCOA@?5?$AA@       004188b0     e_ichimain.obj
 0003:000018b4       ??_C@_0N@DPLL@Inchi2Struct?$AA@ 004188b4     e_ichimain.obj
 0003:000018c4       ??_C@_0M@CADK@Inchi2Inchi?$AA@ 004188c4     e_ichimain.obj
 0003:000018d0       ??_C@_04CKDL@end?3?$AA@    004188d0     e_ichimain.obj
 0003:000018d8       ??_C@_06JLIO@start?3?$AA@  004188d8     e_ichimain.obj
 0003:000018e0       ??_C@_04MHDN@help?$AA@     004188e0     e_ichimain.obj
 0003:000018e8       ??_C@_01PKMN@?$DP?$AA@     004188e8     e_ichimain.obj
 0003:000018ec       ??_C@_0P@ELP@structure?5?$CD?$CFld?$AA@ 004188ec     e_ichimain.obj
 0003:000018fc       ??_C@_0P@CCFB@Structure?3?5?$CFld?$AA@ 004188fc     e_ichimain.obj
 0003:0000190c       ??_C@_04KLL@?3?$CFld?$AA@  0041890c     e_ichimain.obj
 0003:00001914       ??_C@_0BI@FNID@structure?5?$CD?$CFld?4?$CFs?$CFs?$CFs?$CFs?$AA@ 00418914     e_ichimain.obj
 0003:0000192c       ??_C@_0BI@JCFI@Structure?3?5?$CFld?4?$CFs?$CFs?$CFs?$CFs?$AA@ 0041892c     e_ichimain.obj
 0003:00001944       ??_C@_0N@BEDL@ChiralFlag?$CFs?$AA@ 00418944     e_ichimain.obj
 0003:00001954       ??_C@_03KLCE@Off?$AA@      00418954     e_ichimain.obj
 0003:00001958       ??_C@_02CCEO@On?$AA@       00418958     e_ichimain.obj
 0003:00001970       ??_C@_0CD@PMFI@Program?5error?5interpreting?5MOLfi@ 00418970     e_mol2atom.obj
 0003:00001994       ??_C@_0CE@EEJB@Atom?5has?5more?5than?53?5aromatic?5bo@ 00418994     e_mol2atom.obj
 0003:000019b8       ??_C@_0DH@BAHB@Unknown?5bond?5type?5in?5MOLfile?5ass@ 004189b8     e_mol2atom.obj
 0003:000019f0       ??_C@_0BJ@LLPJ@Bond?5to?5nonexistent?5atom?$AA@ 004189f0     e_mol2atom.obj
 0003:00001a0c       ??_C@_0BJ@KJLA@Unrecognized?5bond?5stereo?$AA@ 00418a0c     e_mol2atom.obj
 0003:00001a28       ??_C@_0BI@KNM@Unrecognized?5bond?5type?3?$AA@ 00418a28     e_mol2atom.obj
 0003:00001a40       ??_C@_02MECO@?$CFd?$AA@    00418a40     e_mol2atom.obj
 0003:00001a44       ??_C@_0CB@KDME@Multiple?5bonds?5between?5two?5atoms@ 00418a44     e_mol2atom.obj
 0003:00001a68       ??_C@_0CB@BJA@Atom?5?8?$CFs?8?5has?5more?5than?5?$CFd?5bonds@ 00418a68     e_mol2atom.obj
 0003:00001a8c       ??_C@_0L@NIOF@Out?5of?5RAM?$AA@ 00418a8c     e_mol2atom.obj
 0003:00001a98       ??_C@_0O@EJK@SDfile?5Output?$AA@ 00418a98     e_mol2atom.obj
 0003:00001aa8       ??_C@_0P@COOE@Too?5many?5atoms?$AA@ 00418aa8     e_mol2atom.obj
 0003:00001ab8       ??_C@_0P@IIDP@MOLFILECOMMENT?$AA@ 00418ab8     e_mol2atom.obj
 0003:00001ac8       ??_C@_0N@KDDO@MOLFILELINE2?$AA@ 00418ac8     e_mol2atom.obj
 0003:00001ad8       ??_C@_0M@GBFK@MOLFILENAME?$AA@ 00418ad8     e_mol2atom.obj
 0003:00001ae4       ??_C@_0O@NOFB@Unknown?5error?$AA@ 00418ae4     e_mol2atom.obj
 0003:00001af4       ??_C@_0BA@PMAN@Empty?5structure?$AA@ 00418af4     e_mol2atom.obj
 0003:00001b04       ??_C@_0BB@KLKJ@Wrong?5atoms?5data?$AA@ 00418b04     e_readinch.obj
 0003:00001b18       ??_C@_0BL@MPOH@Missing?5reversibility?5info?$AA@ 00418b18     e_readinch.obj
 0003:00001b34       ??_C@_0BG@IPHJ@Wrong?5number?5of?5atoms?$AA@ 00418b34     e_readinch.obj
 0003:00001b4c       ??_C@_0BG@IOLJ@Wrong?5number?5of?5bonds?$AA@ 00418b4c     e_readinch.obj
 0003:00001b64       ??_C@_0BM@MPEF@Wrong?5number?5of?5coordinates?$AA@ 00418b64     e_readinch.obj
 0003:00001b80       ??_C@_0BN@KOJM@0D?5stereobond?5not?5recognized?$AA@ 00418b80     e_readinch.obj
 0003:00001ba0       ??_C@_0CO@BBMB@Cannot?5find?5non?9metal?5stereobond@ 00418ba0     e_readinch.obj
 0003:00001bd0       ??_C@_0CE@OAKG@Cumulene?5stereo?5not?5recognized?5?$CI@ 00418bd0     e_readinch.obj
 0003:00001bf4       ??_C@_0CF@FIMP@Program?5error?5interpreting?5InChI@ 00418bf4     e_readinch.obj
 0003:00001c1c       ??_C@_0CJ@CELD@Atom?5has?51?5or?5more?5than?53?5aromat@ 00418c1c     e_readinch.obj
 0003:00001c48       ??_C@_0DJ@NPEP@Unknown?5bond?5type?5in?5InChI?5aux?5a@ 00418c48     e_readinch.obj
 0003:00001c84       ??_C@_0BM@KKKD@Wrong?5atom?5coordinates?5data?$AA@ 00418c84     e_readinch.obj
 0003:00001ca0       ??_C@_0BA@POPO@Wrong?5bond?5type?$AA@ 00418ca0     e_readinch.obj
 0003:00001cb0       ??_C@_0BB@FJOC@Wrong?5bonds?5data?$AA@ 00418cb0     e_readinch.obj
 0003:00001cc4       ??_C@_0BO@DDKG@Missing?5atom?5coordinates?5data?$AA@ 00418cc4     e_readinch.obj
 0003:00001ce4       ??_C@_0BD@KMBB@Missing?5bonds?5data?$AA@ 00418ce4     e_readinch.obj
 0003:00001cf8       ??_C@_0BC@FCLB@Missing?5atom?5data?$AA@ 00418cf8     e_readinch.obj
 0003:00001d0c       ??_C@_03IOKH@?5?6?$AN?$AA@ 00418d0c     e_readinch.obj
 0003:00001d10       ??_C@_08OODN@AuxInfo?$DN?$AA@ 00418d10     e_readinch.obj
 0003:00001d2c       ??_C@_03NAME@?4?4?4?$AA@   00418d2c     e_readmol.obj
 0003:00001d30       ??_C@_01FAJB@?$DL?$AA@     00418d30     e_readmol.obj
 0003:00001d34       ??_C@_0BO@KMFD@Cannot?5interpret?5counts?5line?3?$AA@ 00418d34     e_readmol.obj
 0003:00001d54       ??_C@_0BF@PKM@Too?5long?5counts?5line?$AA@ 00418d54     e_readmol.obj
 0003:00001d6c       ??_C@_0BI@MKFB@Cannot?5read?5counts?5line?$AA@ 00418d6c     e_readmol.obj
 0003:00001d84       ??_C@_0BM@BCMF@Cannot?5read?5atom?5block?5line?$AA@ 00418d84     e_readmol.obj
 0003:00001da0       ??_C@_0CC@FCFN@Cannot?5interpret?5atom?5block?5line@ 00418da0     e_readmol.obj
 0003:00001dc4       ??_C@_04ECMB@$$$$?$AA@     00418dc4     e_readmol.obj
 0003:00001dcc       ??_C@_0BJ@BCFH@Too?5long?5atom?5block?5line?$AA@ 00418dcc     e_readmol.obj
 0003:00001de8       ??_C@_0BM@OBJI@Cannot?5read?5bond?5block?5line?$AA@ 00418de8     e_readmol.obj
 0003:00001e04       ??_C@_0CC@DCKO@Cannot?5interpret?5bond?5block?5line@ 00418e04     e_readmol.obj
 0003:00001e28       ??_C@_0BN@BHFN@Cannot?5read?5STEXT?5block?5line?$AA@ 00418e28     e_readmol.obj
 0003:00001e48       ??_C@_0CC@EFJK@Cannot?5read?5properties?5block?5lin@ 00418e48     e_readmol.obj
 0003:00001e6c       ??_C@_0BO@JBCG@Isotopic?5data?5not?5recognized?3?$AA@ 00418e6c     e_readmol.obj
 0003:00001e8c       ??_C@_03BIGH@ISO?$AA@      00418e8c     e_readmol.obj
 0003:00001e90       ??_C@_0BI@LKNL@Radical?5not?5recognized?3?$AA@ 00418e90     e_readmol.obj
 0003:00001ea8       ??_C@_03LDHO@RAD?$AA@      00418ea8     e_readmol.obj
 0003:00001eac       ??_C@_0BH@LLPG@Charge?5not?5recognized?3?$AA@ 00418eac     e_readmol.obj
 0003:00001ec4       ??_C@_03JMEF@CHG?$AA@      00418ec4     e_readmol.obj
 0003:00001ec8       ??_C@_03PIHE@END?$AA@      00418ec8     e_readmol.obj
 0003:00001ecc       ??_C@_03BGGN@REG?$AA@      00418ecc     e_readmol.obj
 0003:00001ed0       ??_C@_03HKEF@SKP?$AA@      00418ed0     e_readmol.obj
 0003:00001ed4       ??_C@_0BP@LPCC@Too?5long?5properties?5block?5line?$AA@ 00418ed4     e_readmol.obj
 0003:00001ef4       ??_C@_0BM@NMOD@Bypassing?5to?5next?5structure?$AA@ 00418ef4     e_readmol.obj
 0003:00001f10       ??_C@_0BO@IIIP@Unexpected?5SData?5header?5line?3?$AA@ 00418f10     e_readmol.obj
 0003:00001f30       ??_C@_0BO@IEEN@Too?5long?5SData?5line?5truncated?$AA@ 00418f30     e_readmol.obj
 0003:00001f50       ??_C@_06FALE@M?5?5END?$AA@ 00418f50     e_readmol.obj
 0003:00001f58       ??_C@_03DMJH@CAS?$AA@      00418f58     e_readmol.obj
 0003:00001f5c       ??_C@_06NIHP@?$CD?$CFld?$CFs?$AA@ 00418f5c     e_readmol.obj
 0003:00001f64       ??_C@_01FDLN@?1?$AA@       00418f64     e_readmol.obj
 0003:00001f68       ??_C@_05JFKB@?5?$FL?$CL1?$FN?$AA@ 00418f68     e_readstru.obj
 0003:00001f70       ??_C@_03CFAH@?$CFd?$FN?$AA@ 00418f70     e_readstru.obj
 0003:00001f74       ??_C@_0CL@FAFP@Warning?3?5?$CI?$CFs?$CJ?5inp?5structure?5?$CD?$CFld@ 00418f74     e_readstru.obj
 0003:00001fa0       ??_C@_0DF@OKBM@Error?5?$CFd?5?$CIno?5INChI?$DL?5?$CFs?$CJ?5inp?5stru@ 00418fa0     e_readstru.obj
 0003:00001fd8       ??_C@_0DK@FBNM@Fatal?5Error?5?$CFd?5?$CIaborted?$DL?5?$CFs?$CJ?5inp@ 00418fd8     e_readstru.obj
 0003:00002014       ??_C@_0CG@JGDI@?$ANSkipping?5structure?5?$CD?$CFld?4?$CFs?$CFs?$CFs?$CF@ 00419014     e_readstru.obj
 0003:00002130       __pctype                   00419130     LIBC:ctype.obj
 0003:00002134       __pwctype                  00419134     LIBC:ctype.obj
 0003:00002138       __ctype                    00419138     LIBC:ctype.obj
 0003:0000233c       ___mb_cur_max              0041933c     LIBC:nlsdata1.obj
 0003:00002340       ___decimal_point           00419340     LIBC:nlsdata1.obj
 0003:00002344       ___decimal_point_length    00419344     LIBC:nlsdata1.obj
 0003:0000234c       __fltused                  0041934c     LIBC:fpinit.obj
 0003:00002350       __ldused                   00419350     LIBC:fpinit.obj
 0003:00002354       __FPinit                   00419354     LIBC:fpinit.obj
 0003:00002358       __FPmtinit                 00419358     LIBC:fpinit.obj
 0003:0000235c       __FPmtterm                 0041935c     LIBC:fpinit.obj
 0003:00002360       __iob                      00419360     LIBC:_file.obj
 0003:000025e0       __HUGE                     004195e0     LIBC:huge.obj
 0003:000025f0       __aexit_rtn                004195f0     LIBC:crt0.obj
 0003:000025f4       ___app_type                004195f4     LIBC:crt0.obj
 0003:000025f8       __amblksiz                 004195f8     LIBC:heapinit.obj
 0003:00002600       ___old_small_block_heap    00419600     LIBC:sbheap.obj
 0003:00004624       ___old_sbh_threshold       0041b624     LIBC:sbheap.obj
 0003:00004708       __d_inf                    0041b708     LIBC:util.obj
 0003:00004710       __d_ind                    0041b710     LIBC:util.obj
 0003:00004718       __d_max                    0041b718     LIBC:util.obj
 0003:00004720       __d_min                    0041b720     LIBC:util.obj
 0003:00004728       __d_mzero                  0041b728     LIBC:util.obj
 0003:00004748       __cfltcvt_tab              0041b748     LIBC:cmiscdat.obj
 0003:00004760       ___badioinfo               0041b760     LIBC:ioinit.obj
 0003:00004768       ___nullstring              0041b768     LIBC:output.obj
 0003:0000476c       ___wnullstring             0041b76c     LIBC:output.obj
 0003:00004780       __XcptActTab               0041b780     LIBC:winxfltr.obj
 0003:000047f8       __First_FPE_Indx           0041b7f8     LIBC:winxfltr.obj
 0003:000047fc       __Num_FPE                  0041b7fc     LIBC:winxfltr.obj
 0003:00004800       __XcptActTabCount          0041b800     LIBC:winxfltr.obj
 0003:00004804       __fpecode                  0041b804     LIBC:winxfltr.obj
 0003:00004808       __NLG_Destination          0041b808     LIBC:exsup.obj
 0003:000048b0       __matherr_flag             0041b8b0     LIBC:matherr.obj
 0003:00004b58       __pow10pos                 0041bb58     LIBC:constpow.obj
 0003:00004cb8       __pow10neg                 0041bcb8     LIBC:constpow.obj
 0003:00004e24       _e_gsEmpty                 0041be24     e_ichi_io.obj
 0003:00004e28       _e_MaxPositiveClock        0041be28     e_ichi_io.obj
 0003:00004e2c       _e_MinNegativeClock        0041be2c     e_ichi_io.obj
 0003:00004e30       _e_HalfMaxPositiveClock    0041be30     e_ichi_io.obj
 0003:00004e34       _e_HalfMinNegativeClock    0041be34     e_ichi_io.obj
 0003:000054e8       ??_C@_00A@?$AA@            0041c4e8     e_ichi_parms.obj
 0003:0000552c       _e_bInterrupted            0041c52c     e_ichimain.obj
 0003:00005574       ___fastflag                0041c574     LIBC:fpinit.obj
 0003:00005578       __adjust_fdiv              0041c578     LIBC:fpinit.obj
 0003:0000557c       __cflush                   0041c57c     LIBC:_file.obj
 0003:00005588       _errno                     0041c588     LIBC:crt0dat.obj
 0003:0000558c       __doserrno                 0041c58c     LIBC:crt0dat.obj
 0003:00005590       __umaskval                 0041c590     LIBC:crt0dat.obj
 0003:00005594       __osver                    0041c594     LIBC:crt0dat.obj
 0003:00005598       __winver                   0041c598     LIBC:crt0dat.obj
 0003:0000559c       __winmajor                 0041c59c     LIBC:crt0dat.obj
 0003:000055a0       __winminor                 0041c5a0     LIBC:crt0dat.obj
 0003:000055a4       ___argc                    0041c5a4     LIBC:crt0dat.obj
 0003:000055a8       ___argv                    0041c5a8     LIBC:crt0dat.obj
 0003:000055ac       ___wargv                   0041c5ac     LIBC:crt0dat.obj
 0003:000055b0       __environ                  0041c5b0     LIBC:crt0dat.obj
 0003:000055b4       ___initenv                 0041c5b4     LIBC:crt0dat.obj
 0003:000055b8       __wenviron                 0041c5b8     LIBC:crt0dat.obj
 0003:000055bc       ___winitenv                0041c5bc     LIBC:crt0dat.obj
 0003:000055c0       __pgmptr                   0041c5c0     LIBC:crt0dat.obj
 0003:000055c4       __wpgmptr                  0041c5c4     LIBC:crt0dat.obj
 0003:000055c8       __exitflag                 0041c5c8     LIBC:crt0dat.obj
 0003:000055cc       __C_Termination_Done       0041c5cc     LIBC:crt0dat.obj
 0003:000055d0       __C_Exit_Done              0041c5d0     LIBC:crt0dat.obj
 0003:000055d4       __aenvptr                  0041c5d4     LIBC:crt0.obj
 0003:000055d8       __wenvptr                  0041c5d8     LIBC:crt0.obj
 0003:000055dc       ___error_mode              0041c5dc     LIBC:crt0.obj
 0003:000055e4       ?_pnhHeap@@3P6AHI@ZA       0041c5e4     LIBC:handler.obj
 0003:000055e8       __newmode                  0041c5e8     LIBC:_newmode.obj
 0003:00005600       __stdbuf                   0041c600     LIBC:_sftbuf.obj
 0003:00005624       ___lc_handle               0041c624     LIBC:nlsdata2.obj
 0003:0000563c       ___lc_codepage             0041c63c     LIBC:nlsdata2.obj
 0003:00005640       ___lc_collate_cp           0041c640     LIBC:nlsdata2.obj
 0003:00005644       __pxcptinfoptrs            0041c644     LIBC:winxfltr.obj
 0003:00005750       __adbgmsg                  0041c750     LIBC:crt0msg.obj
 0003:00005788       __commode                  0041c788     LIBC:ncommode.obj
 0003:0000579c       __fmode                    0041c79c     LIBC:txtmode.obj
 0003:000057a0       ___mbcodepage              0041c7a0     <common>
 0003:000057b0       ___mbulinfo                0041c7b0     <common>
 0003:000057bc       ___ismbcodepage            0041c7bc     <common>
 0003:000057c0       __mbcasemap                0041c7c0     <common>
 0003:000058c0       __mbctype                  0041c8c0     <common>
 0003:000059c4       ___mblcid                  0041c9c4     <common>
 0003:000059e0       ___pioinfo                 0041c9e0     <common>
 0003:00005ae0       __nhandle                  0041cae0     <common>
 0003:00005ae4       ___sbh_sizeHeaderList      0041cae4     <common>
 0003:00005ae8       ___sbh_indGroupDefer       0041cae8     <common>
 0003:00005aec       ___sbh_pHeaderScan         0041caec     <common>
 0003:00005af0       ___sbh_pHeaderDefer        0041caf0     <common>
 0003:00005af4       ___sbh_cntHeaderList       0041caf4     <common>
 0003:00005af8       ___sbh_pHeaderList         0041caf8     <common>
 0003:00005afc       ___sbh_threshold           0041cafc     <common>
 0003:00005b00       __crtheap                  0041cb00     <common>
 0003:00005b04       ___active_heap             0041cb04     <common>
 0003:00005b08       __acmdln                   0041cb08     <common>
 0003:00005b0c       ___env_initialized         0041cb0c     <common>
 0003:00005b10       ___mbctype_initialized     0041cb10     <common>
 0003:00005b14       ___onexitend               0041cb14     <common>
 0003:00005b18       ___onexitbegin             0041cb18     <common>
 0003:00005b1c       ___piob                    0041cb1c     <common>
 0003:00005b20       __bufin                    0041cb20     <common>
 0003:00006b20       __nstream                  0041db20     <common>

 entry point at        0001:0000e655

 Static symbols

 0001:0000a210       _mol_read_hdr              0040b210 f   e_readmol.obj
 0001:0000a420       _mol_read_datum            0040b420 f   e_readmol.obj
 0001:0000a7e0       _mol_copy_check_empty      0040b7e0 f   e_readmol.obj
 0001:0000a870       _mol_read_counts_line      0040b870 f   e_readmol.obj
 0001:0000aa70       _e_RemoveNonPrintable      0040ba70 f   e_readmol.obj
 0001:0000aaa0       _read_atom_block           0040baa0 f   e_readmol.obj
 0001:0000afb0       _read_bonds_block          0040bfb0 f   e_readmol.obj
 0001:0000b200       _read_stext_block          0040c200 f   e_readmol.obj
 0001:0000b290       _read_properties_block     0040c290 f   e_readmol.obj
 0001:0000c100       _extract_cas_rn            0040d100 f   e_readmol.obj
 0001:0000c180       _identify_sdf_label        0040d180 f   e_readmol.obj
 0001:00004120       _e_bEnableCmdlineOption    00405120 f   e_ichimain.obj
 0001:00004240       _e_stristr                 00405240 f   e_ichimain.obj
 0001:00003210       _bMatchOnePrefix           00404210 f   e_ichi_parms.obj
 0001:00000400       _InchiClock                00401400 f   e_ichi_io.obj
 0001:00000510       _FillMaxMinClock           00401510 f   e_ichi_io.obj
 0001:00013a3e       _getSystemCP               00414a3e f   LIBC:mbctype.obj
 0001:00013a88       _CPtoLCID                  00414a88 f   LIBC:mbctype.obj
 0001:00013abb       _setSBCS                   00414abb f   LIBC:mbctype.obj
 0001:00013ae4       _setSBUpLow                00414ae4 f   LIBC:mbctype.obj
 0001:000135e0       LeadUp1                    004145e0 f   LIBC:memcpy.obj
 0001:0001360c       LeadUp2                    0041460c f   LIBC:memcpy.obj
 0001:00013630       LeadUp3                    00414630 f   LIBC:memcpy.obj
 0001:000136af       UnwindUp0                  004146af f   LIBC:memcpy.obj
 0001:0001369c       UnwindUp1                  0041469c f   LIBC:memcpy.obj
 0001:00013694       UnwindUp2                  00414694 f   LIBC:memcpy.obj
 0001:0001368c       UnwindUp3                  0041468c f   LIBC:memcpy.obj
 0001:00013684       UnwindUp4                  00414684 f   LIBC:memcpy.obj
 0001:0001367c       UnwindUp5                  0041467c f   LIBC:memcpy.obj
 0001:00013674       UnwindUp6                  00414674 f   LIBC:memcpy.obj
 0001:0001366c       UnwindUp7                  0041466c f   LIBC:memcpy.obj
 0001:000136c8       TrailUp0                   004146c8 f   LIBC:memcpy.obj
 0001:000136d0       TrailUp1                   004146d0 f   LIBC:memcpy.obj
 0001:000136dc       TrailUp2                   004146dc f   LIBC:memcpy.obj
 0001:000136f0       TrailUp3                   004146f0 f   LIBC:memcpy.obj
 0001:00013768       LeadDown1                  00414768 f   LIBC:memcpy.obj
 0001:00013788       LeadDown2                  00414788 f   LIBC:memcpy.obj
 0001:000137b0       LeadDown3                  004147b0 f   LIBC:memcpy.obj
 0001:00013804       UnwindDown7                00414804 f   LIBC:memcpy.obj
 0001:0001380c       UnwindDown6                0041480c f   LIBC:memcpy.obj
 0001:00013814       UnwindDown5                00414814 f   LIBC:memcpy.obj
 0001:0001381c       UnwindDown4                0041481c f   LIBC:memcpy.obj
 0001:00013824       UnwindDown3                00414824 f   LIBC:memcpy.obj
 0001:0001382c       UnwindDown2                0041482c f   LIBC:memcpy.obj
 0001:00013834       UnwindDown1                00414834 f   LIBC:memcpy.obj
 0001:00013847       UnwindDown0                00414847 f   LIBC:memcpy.obj
 0001:00013860       TrailDown0                 00414860 f   LIBC:memcpy.obj
 0001:00013868       TrailDown1                 00414868 f   LIBC:memcpy.obj
 0001:00013878       TrailDown2                 00414878 f   LIBC:memcpy.obj
 0001:0001388c       TrailDown3                 0041488c f   LIBC:memcpy.obj
 0001:00011eca       __abstract_cw              00412eca f   LIBC:ieee87.obj
 0001:00011f5c       __hw_cw                    00412f5c f   LIBC:ieee87.obj
 0001:00011ac0       _gu_return                 00412ac0 f   LIBC:exsup.obj
 0001:00011ac8       __unwind_handler           00412ac8 f   LIBC:exsup.obj
 0001:000117bf       _parse_cmdline             004127bf f   LIBC:stdargv.obj
 0001:0001162a       _xcptlookup                0041262a f   LIBC:winxfltr.obj
 0001:00010f3f       _strncnt                   00411f3f f   LIBC:a_map.obj
 0001:000109b8       _write_char                004119b8 f   LIBC:output.obj
 0001:000109ed       _write_multi_char          004119ed f   LIBC:output.obj
 0001:00010a1e       _write_string              00411a1e f   LIBC:output.obj
 0001:00010a56       _get_int_arg               00411a56 f   LIBC:output.obj
 0001:00010a63       _get_int64_arg             00411a63 f   LIBC:output.obj
 0001:00010a73       _get_short_arg             00411a73 f   LIBC:output.obj
 0001:000100e3       _flsall                    004110e3 f   LIBC:fflush.obj
 0001:0000fd80       __cftoe_g                  00410d80 f   LIBC:cvt.obj
 0001:0000fda7       __cftof_g                  00410da7 f   LIBC:cvt.obj
 0001:0000fe1b       __shift                    00410e1b f   LIBC:cvt.obj
 0001:0000e759       _fast_error_exit           0040f759 f   LIBC:crt0.obj
 0001:0000de2c       _doexit                    0040ee2c f   LIBC:crt0dat.obj
 0001:0000dec5       __initterm                 0040eec5 f   LIBC:crt0dat.obj
 0001:0000d71c       _strtoxl                   0040e71c f   LIBC:strtol.obj
 0001:0000d440       LeadUp1                    0040e440 f   LIBC:memmove.obj
 0001:0000d46c       LeadUp2                    0040e46c f   LIBC:memmove.obj
 0001:0000d490       LeadUp3                    0040e490 f   LIBC:memmove.obj
 0001:0000d50f       UnwindUp0                  0040e50f f   LIBC:memmove.obj
 0001:0000d4fc       UnwindUp1                  0040e4fc f   LIBC:memmove.obj
 0001:0000d4f4       UnwindUp2                  0040e4f4 f   LIBC:memmove.obj
 0001:0000d4ec       UnwindUp3                  0040e4ec f   LIBC:memmove.obj
 0001:0000d4e4       UnwindUp4                  0040e4e4 f   LIBC:memmove.obj
 0001:0000d4dc       UnwindUp5                  0040e4dc f   LIBC:memmove.obj
 0001:0000d4d4       UnwindUp6                  0040e4d4 f   LIBC:memmove.obj
 0001:0000d4cc       UnwindUp7                  0040e4cc f   LIBC:memmove.obj
 0001:0000d528       TrailUp0                   0040e528 f   LIBC:memmove.obj
 0001:0000d530       TrailUp1                   0040e530 f   LIBC:memmove.obj
 0001:0000d53c       TrailUp2                   0040e53c f   LIBC:memmove.obj
 0001:0000d550       TrailUp3                   0040e550 f   LIBC:memmove.obj
 0001:0000d5c8       LeadDown1                  0040e5c8 f   LIBC:memmove.obj
 0001:0000d5e8       LeadDown2                  0040e5e8 f   LIBC:memmove.obj
 0001:0000d610       LeadDown3                  0040e610 f   LIBC:memmove.obj
 0001:0000d664       UnwindDown7                0040e664 f   LIBC:memmove.obj
 0001:0000d66c       UnwindDown6                0040e66c f   LIBC:memmove.obj
 0001:0000d674       UnwindDown5                0040e674 f   LIBC:memmove.obj
 0001:0000d67c       UnwindDown4                0040e67c f   LIBC:memmove.obj
 0001:0000d684       UnwindDown3                0040e684 f   LIBC:memmove.obj
 0001:0000d68c       UnwindDown2                0040e68c f   LIBC:memmove.obj
 0001:0000d694       UnwindDown1                0040e694 f   LIBC:memmove.obj
 0001:0000d6a7       UnwindDown0                0040e6a7 f   LIBC:memmove.obj
 0001:0000d6c0       TrailDown0                 0040e6c0 f   LIBC:memmove.obj
 0001:0000d6c8       TrailDown1                 0040e6c8 f   LIBC:memmove.obj
 0001:0000d6d8       TrailDown2                 0040e6d8 f   LIBC:memmove.obj
 0001:0000d6ec       TrailDown3                 0040e6ec f   LIBC:memmove.obj

 32 bytes saved through ICF

