 libstdinchi

 Timestamp is 49689286 (Sat Jan 10 15:20:22 2009)

 Preferred load address is 10000000

 Start         Length     Name                   Class
 0001:00000000 000ac62eH .text                   CODE
 0002:00000000 000000f0H .idata$5                DATA
 0002:000000f0 00003331H .rdata                  DATA
 0002:00003424 00000014H .idata$2                DATA
 0002:00003438 00000014H .idata$3                DATA
 0002:0000344c 000000f0H .idata$4                DATA
 0002:0000353c 00000422H .idata$6                DATA
 0002:00003960 00000425H .edata                  DATA
 0003:00000000 00000004H .CRT$XCA                DATA
 0003:00000004 00000004H .CRT$XCZ                DATA
 0003:00000008 00000004H .CRT$XIA                DATA
 0003:0000000c 0000000cH .CRT$XIC                DATA
 0003:00000018 00000004H .CRT$XIZ                DATA
 0003:0000001c 00000004H .CRT$XPA                DATA
 0003:00000020 00000004H .CRT$XPX                DATA
 0003:00000024 00000004H .CRT$XPZ                DATA
 0003:00000028 00000004H .CRT$XTA                DATA
 0003:0000002c 00000004H .CRT$XTZ                DATA
 0003:00000030 00018114H .data                   DATA
 0003:00018148 00001b3cH .bss                    DATA
 0004:00000000 00000058H .rsrc$01                DATA
 0004:00000060 000004e0H .rsrc$02                DATA

  Address         Publics by Value              Rva+Base     Lib:Object

 0001:00000000       _RestoreEdgeFlow           10001000 f   ichi_bns.obj
 0001:00000030       _SetAtomBondType           10001030 f   ichi_bns.obj
 0001:000002e0       _RunBalancedNetworkSearch  100012e0 f   ichi_bns.obj
 0001:00000380       _SetAtomRadAndChemValFromVertexCapFlow 10001380 f   ichi_bns.obj
 0001:00000410       _AddChangedAtHChargeBNS    10001410 f   ichi_bns.obj
 0001:00000470       _EliminatePlusMinusChargeAmbiguity 10001470 f   ichi_bns.obj
 0001:00000700       _AddOrRemoveExplOrImplH    10001700 f   ichi_bns.obj
 0001:00000a80       _SubtractOrChangeAtHChargeBNS 10001a80 f   ichi_bns.obj
 0001:00000c50       _SetBondsFromBnStructFlow  10001c50 f   ichi_bns.obj
 0001:00000fb0       _MarkAtomsAtTautGroups     10001fb0 f   ichi_bns.obj
 0001:00001340       _RestoreBnStructFlow       10002340 f   ichi_bns.obj
 0001:000014b0       _bNeedToTestTheFlow        100024b0 f   ichi_bns.obj
 0001:00001540       _nBondsValenceInpAt        10002540 f   ichi_bns.obj
 0001:000015b0       _BnsAdjustFlowBondsRad     100025b0 f   ichi_bns.obj
 0001:000017a0       _BnsTestAndMarkAltBonds    100027a0 f   ichi_bns.obj
 0001:00001b10       _SetForbiddenEdges         10002b10 f   ichi_bns.obj
 0001:00001d90       _fix_special_bonds         10002d90 f   ichi_bns.obj
 0001:00002eb0       _is_Z_atom                 10003eb0 f   ichi_bns.obj
 0001:00002f90       _IsZOX                     10003f90 f   ichi_bns.obj
 0001:00003080       _GetAtomChargeType         10004080 f   ichi_bns.obj
 0001:000039d0       _SimpleRemoveHplusNPO      100049d0 f   ichi_bns.obj
 0001:00003a80       _bIsAtomTypeHard           10004a80 f   ichi_bns.obj
 0001:00003ac0       _bIsHDonorAccAtomType      10004ac0 f   ichi_bns.obj
 0001:00003b40       _bIsNegAtomType            10004b40 f   ichi_bns.obj
 0001:00003be0       _bIsHardRemHCandidate      10004be0 f   ichi_bns.obj
 0001:00003c40       _CreateCGroupInBnStruct    10004c40 f   ichi_bns.obj
 0001:00003f90       _CreateTGroupInBnStruct    10004f90 f   ichi_bns.obj
 0001:000042f0       _RemoveLastGroupFromBnStruct 100052f0 f   ichi_bns.obj
 0001:000044f0       _SetInitCapFlowToCurrent   100054f0 f   ichi_bns.obj
 0001:00004570       _SimpleRemoveAcidicProtons 10005570 f   ichi_bns.obj
 0001:00004780       _bHasAcidicHydrogen        10005780 f   ichi_bns.obj
 0001:000047f0       _bHasOtherExchangableH     100057f0 f   ichi_bns.obj
 0001:00004840       _SimpleAddAcidicProtons    10005840 f   ichi_bns.obj
 0001:00004a40       _bHasAcidicMinus           10005a40 f   ichi_bns.obj
 0001:00004ab0       _HardRemoveAcidicProtons   10005ab0 f   ichi_bns.obj
 0001:00004df0       _HardAddAcidicProtons      10005df0 f   ichi_bns.obj
 0001:00005130       _HardRemoveHplusNP         10006130 f   ichi_bns.obj
 0001:00005460       _mark_at_type              10006460 f   ichi_bns.obj
 0001:000054c0       _RemoveNPProtonsAndAcidCharges 100064c0 f   ichi_bns.obj
 0001:00005780       _mark_alt_bonds_and_taut_groups 10006780 f   ichi_bns.obj
 0001:00005fc0       _nMaxFlow2Check            10006fc0 f   ichi_bns.obj
 0001:00005ff0       _nCurFlow2Check            10006ff0 f   ichi_bns.obj
 0001:00006010       _nMinFlow2Check            10007010 f   ichi_bns.obj
 0001:00006110       _bSetBondsAfterCheckOneBond 10007110 f   ichi_bns.obj
 0001:00006350       _bRestoreFlowAfterCheckOneBond 10007350 f   ichi_bns.obj
 0001:00006420       _bSetFlowToCheckOneBond    10007420 f   ichi_bns.obj
 0001:00006be0       _bAddNewVertex             10007be0 f   ichi_bns.obj
 0001:00006dd0       _AddNewEdge                10007dd0 f   ichi_bns.obj
 0001:00006fb0       _GetEdgeToGroupVertex      10007fb0 f   ichi_bns.obj
 0001:00007060       _GetGroupVertex            10008060 f   ichi_bns.obj
 0001:00007130       _bAddStCapToAVertex        10008130 f   ichi_bns.obj
 0001:00007210       _bSetBnsToCheckAltPath     10008210 f   ichi_bns.obj
 0001:00007d00       _bRestoreBnsAfterCheckAltPath 10008d00 f   ichi_bns.obj
 0001:00008040       _bExistsAnyAltPath         10009040 f   ichi_bns.obj
 0001:000080d0       _bIsBnsEndpoint            100090d0 f   ichi_bns.obj
 0001:00008150       _bRadChangesAtomType       10009150 f   ichi_bns.obj
 0001:00008220       _RegisterRadEndpoint       10009220 f   ichi_bns.obj
 0001:000085d0       _cmp_rad_endpoints         100095d0 f   ichi_bns.obj
 0001:00008610       _RemoveRadEndpoints        10009610 f   ichi_bns.obj
 0001:00008820       _RestoreRadicalsOnly       10009820 f   ichi_bns.obj
 0001:00008930       _SetRadEndpoints           10009930 f   ichi_bns.obj
 0001:00008b90       _SetRadEndpoints2          10009b90 f   ichi_bns.obj
 0001:000091f0       _bExistsAltPath            1000a1f0 f   ichi_bns.obj
 0001:00009940       _AllocateAndInitBnStruct   1000a940 f   ichi_bns.obj
 0001:00009ec0       _DeAllocateBnStruct        1000aec0 f   ichi_bns.obj
 0001:00009f50       _ReInitBnStructAltPaths    1000af50 f   ichi_bns.obj
 0001:00009fb0       _ReInitBnStructAddGroups   1000afb0 f   ichi_bns.obj
 0001:0000a020       _ReInitBnStruct            1000b020 f   ichi_bns.obj
 0001:0000a270       _CompTGroupNumber          1000b270 f   ichi_bns.obj
 0001:0000a290       _CompCGroupNumber          1000b290 f   ichi_bns.obj
 0001:0000a2b0       _AddTGroups2BnStruct       1000b2b0 f   ichi_bns.obj
 0001:0000a670       _AddCGroups2BnStruct       1000b670 f   ichi_bns.obj
 0001:0000a9d0       _ClearAllBnDataVertices    1000b9d0 f   ichi_bns.obj
 0001:0000aa00       _ClearAllBnDataEdges       1000ba00 f   ichi_bns.obj
 0001:0000aa20       _DeAllocateBnData          1000ba20 f   ichi_bns.obj
 0001:0000aac0       _AllocateAndInitBnData     1000bac0 f   ichi_bns.obj
 0001:0000ac00       _ReInitBnData              1000bc00 f   ichi_bns.obj
 0001:0000acc0       _GetVertexDegree           1000bcc0 f   ichi_bns.obj
 0001:0000ad00       _Get2ndEdgeVertex          1000bd00 f   ichi_bns.obj
 0001:0000ad50       _GetVertexNeighbor         1000bd50 f   ichi_bns.obj
 0001:0000ae10       _GetEdgePointer            1000be10 f   ichi_bns.obj
 0001:0000af10       _AugmentEdge               1000bf10 f   ichi_bns.obj
 0001:0000b180       _rescap_mark               1000c180 f   ichi_bns.obj
 0001:0000b250       _GetPrevVertex             1000c250 f   ichi_bns.obj
 0001:0000b310       _bIgnoreVertexNonTACN_atom 1000c310 f   ichi_bns.obj
 0001:0000b4b0       _bIgnoreVertexNonTACN_group 1000c4b0 f   ichi_bns.obj
 0001:0000b600       _rescap                    1000c600 f   ichi_bns.obj
 0001:0000b670       _BalancedNetworkSearch     1000c670 f   ichi_bns.obj
 0001:0000bad0       _FindBase                  1000cad0 f   ichi_bns.obj
 0001:0000bb10       _FindPathToVertex_s        1000cb10 f   ichi_bns.obj
 0001:0000bb70       _MakeBlossom               1000cb70 f   ichi_bns.obj
 0001:0000bdc0       _PullFlow                  1000cdc0 f   ichi_bns.obj
 0001:0000bf30       _FindPathCap               1000cf30 f   ichi_bns.obj
 0001:0000c000       _MarkRingSystemsAltBns     1000d000 f   ichi_bns.obj
 0001:0000c490       _ReInitBnStructForAltBns   1000d490 f   ichi_bns.obj
 0001:0000c650       _MarkNonStereoAltBns       1000d650 f   ichi_bns.obj
 0001:0000c830       _bHasChargedNeighbor       1000d830 f   ichi_bns.obj
 0001:0000c880       _AddRemoveProtonsRestr     1000d880 f   ichi_bns.obj
 0001:0000d240       _AddRemoveIsoProtonsRestr  1000e240 f   ichi_bns.obj
 0001:0000d4a0       _inchi_ios_init            1000e4a0 f   ichi_io.obj
 0001:0000d4e0       _inchi_ios_flush           1000e4e0 f   ichi_io.obj
 0001:0000d560       _inchi_ios_flush2          1000e560 f   ichi_io.obj
 0001:0000d630       _inchi_ios_close           1000e630 f   ichi_io.obj
 0001:0000d690       _inchi_ios_reset           1000e690 f   ichi_io.obj
 0001:0000d6d0       _inchi_ios_str_getc        1000e6d0 f   ichi_io.obj
 0001:0000d710       _inchi_ios_str_gets        1000e710 f   ichi_io.obj
 0001:0000d770       _inchi_ios_str_getsTab     1000e770 f   ichi_io.obj
 0001:0000d7d0       _inchi_ios_gets            1000e7d0 f   ichi_io.obj
 0001:0000d870       _inchi_ios_getsTab         1000e870 f   ichi_io.obj
 0001:0000d910       _inchi_ios_getsTab1        1000e910 f   ichi_io.obj
 0001:0000d990       _inchi_ios_print           1000e990 f   ichi_io.obj
 0001:0000dac0       _inchi_ios_print_nodisplay 1000eac0 f   ichi_io.obj
 0001:0000dbc0       _inchi_ios_eprint          1000ebc0 f   ichi_io.obj
 0001:0000dcc0       _inchi_fprintf             1000ecc0 f   ichi_io.obj
 0001:0000dce0       _inchi_vfprintf            1000ece0 f   ichi_io.obj
 0001:0000dd40       _inchi_print_nodisplay     1000ed40 f   ichi_io.obj
 0001:0000dd70       _inchi_fgetsLfTab          1000ed70 f   ichi_io.obj
 0001:0000de50       _inchi_fgetsTab            1000ee50 f   ichi_io.obj
 0001:0000deb0       _inchi_fgetsLf             1000eeb0 f   ichi_io.obj
 0001:0000df50       _GetMaxPrintfLength        1000ef50 f   ichi_io.obj
 0001:0000e330       _TranspositionCreate       1000f330 f   ichican2.obj
 0001:0000e350       _TranspositionFree         1000f350 f   ichican2.obj
 0001:0000e370       _NodeSetCreate             1000f370 f   ichican2.obj
 0001:0000e410       _NodeSetFree               1000f410 f   ichican2.obj
 0001:0000e450       _CTableCreate              1000f450 f   ichican2.obj
 0001:0000e5b0       _CTableFree                1000f5b0 f   ichican2.obj
 0001:0000e640       _UnorderedPartitionCreate  1000f640 f   ichican2.obj
 0001:0000e660       _UnorderedPartitionFree    1000f660 f   ichican2.obj
 0001:0000e680       _UnorderedPartitionMakeDiscrete 1000f680 f   ichican2.obj
 0001:0000e6a0       _PartitionCreate           1000f6a0 f   ichican2.obj
 0001:0000e6e0       _PartitionFree             1000f6e0 f   ichican2.obj
 0001:0000e720       _PartitionIsDiscrete       1000f720 f   ichican2.obj
 0001:0000e770       _PartitionGetFirstCell     1000f770 f   ichican2.obj
 0001:0000e840       _CellMakeEmpty             1000f840 f   ichican2.obj
 0001:0000e870       _NodeSetFromVertices       1000f870 f   ichican2.obj
 0001:0000e8f0       _AllNodesAreInSet          1000f8f0 f   ichican2.obj
 0001:0000e950       _PartitionGetMcrAndFixSet  1000f950 f   ichican2.obj
 0001:0000ea80       _NodeSetFromRadEndpoints   1000fa80 f   ichican2.obj
 0001:0000eb00       _RemoveFromNodeSet         1000fb00 f   ichican2.obj
 0001:0000eb60       _DoNodeSetsIntersect       1000fb60 f   ichican2.obj
 0001:0000ebb0       _IsNodeSetEmpty            1000fbb0 f   ichican2.obj
 0001:0000ebf0       _AddNodeSet2ToNodeSet1     1000fbf0 f   ichican2.obj
 0001:0000ec30       _AddNodesToRadEndpoints    1000fc30 f   ichican2.obj
 0001:0000ece0       _PartitionGetTransposition 1000fce0 f   ichican2.obj
 0001:0000ed20       _nGetMcr2                  1000fd20 f   ichican2.obj
 0001:0000ed90       _nJoin2Mcrs2               1000fd90 f   ichican2.obj
 0001:0000ede0       _GetUnorderedPartitionMcrNode 1000fde0 f   ichican2.obj
 0001:0000ee00       _UnorderedPartitionJoin    1000fe00 f   ichican2.obj
 0001:0000ee60       _PartitionSatisfiesLemma_2_25 1000fe60 f   ichican2.obj
 0001:0000eef0       _PartitionCopy             1000fef0 f   ichican2.obj
 0001:0000ef60       _PartitionColorVertex      1000ff60 f   ichican2.obj
 0001:0000f160       _CellGetMinNode            10010160 f   ichican2.obj
 0001:0000f310       _CellGetNumberOfNodes      10010310 f   ichican2.obj
 0001:0000f350       _CellIntersectWithSet      10010350 f   ichican2.obj
 0001:0000f400       _CtPartClear               10010400 f   ichican2.obj
 0001:0000f460       _insertions_sort_NeighList_AT_NUMBERS2 10010460 f   ichican2.obj
 0001:0000f500       _CtPartFill                10010500 f   ichican2.obj
 0001:0000f8b0       _CtPartInfinity            100108b0 f   ichican2.obj
 0001:0000f910       _CtPartCompare             10010910 f   ichican2.obj
 0001:0000ff00       _CtFullCompare             10010f00 f   ichican2.obj
 0001:000102a0       _CtFullCompareLayers       100112a0 f   ichican2.obj
 0001:000102d0       _CtCompareLayersGetFirstDiff 100112d0 f   ichican2.obj
 0001:00010360       _CtPartCompareLayers       10011360 f   ichican2.obj
 0001:000103b0       _UpdateCompareLayers       100113b0 f   ichican2.obj
 0001:000103f0       _CtPartCopy                100113f0 f   ichican2.obj
 0001:000106a0       _CtFullCopy                100116a0 f   ichican2.obj
 0001:000106d0       _TranspositionGetMcrAndFixSetAndUnorderedPartition 100116d0 f   ichican2.obj
 0001:000108c0       _SetBitCreate              100118c0 f   ichican2.obj
 0001:00010950       _SetBitFree                10011950 f   ichican2.obj
 0001:00010980       _GetOneAdditionalLayer     10011980 f   ichican2.obj
 0001:00010a00       _CanonGraph                10011a00 f   ichican2.obj
 0001:00011cd0       _SetInitialRanks2          10012cd0 f   ichican2.obj
 0001:00011d70       _FillOutAtomInvariant2     10012d70 f   ichican2.obj
 0001:000121d0       _CleanNumH                 100131d0 f   ichican2.obj
 0001:00012210       _CleanCt                   10013210 f   ichican2.obj
 0001:00012240       _CleanIsoSortKeys          10013240 f   ichican2.obj
 0001:00012270       _DeAllocBCN                10013270 f   ichican2.obj
 0001:000123a0       _GetBaseCanonRanking       100133a0 f   ichican2.obj
 0001:00015120       _InchiTimeGet              10016120 f   ichicano.obj
 0001:00015140       _InchiTimeMsecDiff         10016140 f   ichicano.obj
 0001:00015280       _InchiTimeElapsed          10016280 f   ichicano.obj
 0001:000152b0       _InchiTimeAddMsec          100162b0 f   ichicano.obj
 0001:000152e0       _bInchiTimeIsOver          100162e0 f   ichicano.obj
 0001:000153a0       _GetCanonLengths           100163a0 f   ichicano.obj
 0001:00015540       _DeAllocateCS              10016540 f   ichicano.obj
 0001:000158d0       _AllocateCS                100168d0 f   ichicano.obj
 0001:00015e30       _FillIsotopicAtLinearCT    10016e30 f   ichicano.obj
 0001:00015f70       _FillTautLinearCT2         10016f70 f   ichicano.obj
 0001:00016310       _UpdateFullLinearCT        10017310 f   ichicano.obj
 0001:00016690       _FixCanonEquivalenceInfo   10017690 f   ichicano.obj
 0001:00016760       _Canon_INChI3              10017760 f   ichicano.obj
 0001:00017fc0       _Canon_INChI               10018fc0 f   ichicano.obj
 0001:00018010       _find_atoms_with_parity    10019010 f   ichicans.obj
 0001:00018090       _SetHalfStereoBondIllDefPariy 10019090 f   ichicans.obj
 0001:000180e0       _RemoveHalfStereoBond      100190e0 f   ichicans.obj
 0001:00018190       _SetOneStereoBondIllDefParity 10019190 f   ichicans.obj
 0001:00018210       _RemoveOneStereoBond       10019210 f   ichicans.obj
 0001:00018280       _RemoveOneStereoCenter     10019280 f   ichicans.obj
 0001:000182b0       _UnmarkNonStereo           100192b0 f   ichicans.obj
 0001:00018710       _FillSingleStereoDescriptors 10019710 f   ichicans.obj
 0001:00018ad0       _SwitchAtomStereoAndIsotopicStereo 10019ad0 f   ichicans.obj
 0001:00018b80       _SetCtToIsotopicStereo     10019b80 f   ichicans.obj
 0001:00018bd0       _SetCtToNonIsotopicStereo  10019bd0 f   ichicans.obj
 0001:00018c30       _FillAllStereoDescriptors  10019c30 f   ichicans.obj
 0001:00018d00       _SetKnownStereoBondParities 10019d00 f   ichicans.obj
 0001:00019410       _MarkKnownEqualStereoBondParities 1001a410 f   ichicans.obj
 0001:000199e0       _GetNextNeighborAndRank    1001a9e0 f   ichicans.obj
 0001:00019a70       _GetAndCheckNextNeighbors  1001aa70 f   ichicans.obj
 0001:00019c60       _PathsHaveIdenticalKnownParities 1001ac60 f   ichicans.obj
 0001:00019e20       _RemoveKnownNonStereoBondParities 1001ae20 f   ichicans.obj
 0001:0001a0e0       _SetKnownStereoCenterParities 1001b0e0 f   ichicans.obj
 0001:0001a380       _RemoveKnownNonStereoCenterParities 1001b380 f   ichicans.obj
 0001:0001a650       _MarkKnownEqualStereoCenterParities 1001b650 f   ichicans.obj
 0001:0001a7d0       _InvertStereo              1001b7d0 f   ichicans.obj
 0001:0001aa80       _FillOutStereoParities     1001ba80 f   ichicans.obj
 0001:0001abb0       _GetStereoNeighborPos      1001bbb0 f   ichicans.obj
 0001:0001abf0       _GetStereoBondParity       1001bbf0 f   ichicans.obj
 0001:0001ad70       _GetPermutationParity      1001bd70 f   ichicans.obj
 0001:0001ae20       _GetStereoCenterParity     1001be20 f   ichicans.obj
 0001:0001aef0       _make_iso_sort_key         1001bef0 f   ichiisot.obj
 0001:0001af10       _set_atom_iso_sort_keys    1001bf10 f   ichiisot.obj
 0001:0001b020       _FreeInchi_Atom            1001c020 f   ichilnct.obj
 0001:0001b040       _CreateInchi_Atom          1001c040 f   ichilnct.obj
 0001:0001b050       _FreeInchi_Input           1001c050 f   ichilnct.obj
 0001:0001b080       _is_in_the_slist           1001c080 f   ichilnct.obj
 0001:0001b0b0       _is_element_a_metal        1001c0b0 f   ichilnct.obj
 0001:0001b160       _CreateInchi_Stereo0D      1001c160 f   ichilnct.obj
 0001:0001b170       _FreeInchi_Stereo0D        1001c170 f   ichilnct.obj
 0001:0001b190       _l_INChIToInchi_Atom       1001c190 f   ichilnct.obj
 0001:0001b1f0       _FindToken                 1001c1f0 f   ichilnct.obj
 0001:0001b2b0       _LoadLine                  1001c2b0 f   ichilnct.obj
 0001:0001b390       _ll_INChIToInchi_Atom      1001c390 f   ichilnct.obj
 0001:0001f340       _Extract0DParities         10020340 f   ichilnct.obj
 0001:0001fae0       _Get_std_inchi_Input_FromAuxInfo@12 10020ae0 f   ichilnct.obj
 0001:0001fcb0       _Free_std_inchi_Input@4    10020cb0 f   ichilnct.obj
 0001:0001fcf0       _INChIToInchi_Input        10020cf0 f   ichilnct.obj
 0001:00020110       _MakeHillFormulaString     10021110 f   ichimak2.obj
 0001:00020170       _GetHillFormulaIndexLength 10021170 f   ichimak2.obj
 0001:000201a0       _GetHillFormulaCounts      100211a0 f   ichimak2.obj
 0001:000203b0       _AddElementAndCount        100213b0 f   ichimak2.obj
 0001:00020460       _MakeHillFormula           10021460 f   ichimak2.obj
 0001:00020680       _AllocateAndFillHillFormula 10021680 f   ichimak2.obj
 0001:00020730       _Copy2StereoBondOrAllene   10021730 f   ichimak2.obj
 0001:00020970       _CopyLinearCTStereoToINChIStereo 10021970 f   ichimak2.obj
 0001:00020ba0       _MarkAmbiguousStereo       10021ba0 f   ichimak2.obj
 0001:00020e50       _UnmarkAllUndefinedUnknownStereo 10021e50 f   ichimak2.obj
 0001:00020f50       _WriteCoord                10021f50 f   ichimak2.obj
 0001:000210b0       _FillOutINChI              100220b0 f   ichimak2.obj
 0001:00022330       _inp2spATOM                10023330 f   ichimake.obj
 0001:00022450       _GetElementAndCount        10023450 f   ichimake.obj
 0001:000225a0       _CompareHillFormulas       100235a0 f   ichimake.obj
 0001:00022680       _CompareHillFormulasNoH    10023680 f   ichimake.obj
 0001:000227a0       _CompareTautNonIsoPartOfINChI 100237a0 f   ichimake.obj
 0001:00022800       _CompINChITautVsNonTaut    10023800 f   ichimake.obj
 0001:00022b10       _GetSp3RelRacAbs           10023b10 f   ichimake.obj
 0001:00022b60       _CompINChILayers           10023b60 f   ichimake.obj
 0001:00023500       _INChI_SegmentAction       10024500 f   ichimake.obj
 0001:00023530       _MarkUnusedAndEmptyLayers  10024530 f   ichimake.obj
 0001:000235f0       _CompareInchiStereo        100245f0 f   ichimake.obj
 0001:00023760       _CompINChI2                10024760 f   ichimake.obj
 0001:00023c30       _CompINChINonTaut2         10024c30 f   ichimake.obj
 0001:00023c70       _CompINChITaut2            10024c70 f   ichimake.obj
 0001:00023cb0       _mystrrev                  10024cb0 f   ichimake.obj
 0001:00023ce0       _GetDfsOrder4CT            10024ce0 f   ichimake.obj
 0001:000243a0       _GetInpStructErrorType     100253a0 f   ichimake.obj
 0001:00024400       _ProcessStructError        10025400 f   ichimake.obj
 0001:000245d0       _CompareReversedStereoINChI 100255d0 f   ichimake.obj
 0001:000246f0       _CompareReversedStereoINChI2 100256f0 f   ichimake.obj
 0001:00024dc0       _CompareReversedINChI      10025dc0 f   ichimake.obj
 0001:00025190       _CompareIcr                10026190 f   ichimake.obj
 0001:00025280       _CompareReversedINChI2     10026280 f   ichimake.obj
 0001:00025b10       _Create_INChI              10026b10 f   ichimake.obj
 0001:00026a50       _CheckCanonNumberingCorrectness 10027a50 f   ichimake.obj
 0001:00026ba0       _All_SC_Same               10027ba0 f   ichimap1.obj
 0001:00026c60       _Next_SC_At_CanonRank2     10027c60 f   ichimap1.obj
 0001:00026d50       _CompareLinCtStereoDble    10027d50 f   ichimap1.obj
 0001:00026e00       _CompareLinCtStereoCarb    10027e00 f   ichimap1.obj
 0001:00026ea0       _CompareLinCtStereo        10027ea0 f   ichimap1.obj
 0001:00026ee0       _CompareLinCtStereoAtomToValues 10027ee0 f   ichimap1.obj
 0001:00026f20       _bUniqueAtNbrFromMappingRank 10027f20 f   ichimap1.obj
 0001:00026f80       _nGetMcr                   10027f80 f   ichimap1.obj
 0001:00026ff0       _nJoin2Mcrs                10027ff0 f   ichimap1.obj
 0001:00027040       _All_SB_Same               10028040 f   ichimap1.obj
 0001:000273d0       _Next_SB_At_CanonRanks2    100283d0 f   ichimap1.obj
 0001:000277c0       _NextStereoParity2Test     100287c0 f   ichimap1.obj
 0001:00027870       _CompareLinCtStereoDoubleToValues 10028870 f   ichimap1.obj
 0001:000278c0       _SetUseAtomForStereo       100288c0 f   ichimap1.obj
 0001:00027930       _CurTreeAlloc              10028930 f   ichimap1.obj
 0001:000279c0       _CurTreeReAlloc            100289c0 f   ichimap1.obj
 0001:00027a30       _CurTreeFree               10028a30 f   ichimap1.obj
 0001:00027a60       _CurTreeAddRank            10028a60 f   ichimap1.obj
 0001:00027ac0       _CurTreeIsLastRank         10028ac0 f   ichimap1.obj
 0001:00027b00       _CurTreeRemoveLastRankIfNoAtoms 10028b00 f   ichimap1.obj
 0001:00027b40       _CurTreeAddAtom            10028b40 f   ichimap1.obj
 0001:00027ba0       _CurTreeKeepLastAtomsOnly  10028ba0 f   ichimap1.obj
 0001:00027c20       _CurTreeRemoveIfLastAtom   10028c20 f   ichimap1.obj
 0001:00027c70       _CurTreeGetPos             10028c70 f   ichimap1.obj
 0001:00027c80       _CurTreeSetPos             10028c80 f   ichimap1.obj
 0001:00027ca0       _CurTreeRemoveLastRank     10028ca0 f   ichimap1.obj
 0001:00027cd0       _CurTreeIsLastAtomEqu      10028cd0 f   ichimap1.obj
 0001:00027d40       _SortedEquInfoToRanks      10028d40 f   ichimap2.obj
 0001:00027e00       _SortedRanksToEquInfo      10028e00 f   ichimap2.obj
 0001:00027e80       _switch_ptrs               10028e80 f   ichimap2.obj
 0001:00027ea0       _SetNewRanksFromNeighLists3 10028ea0 f   ichimap2.obj
 0001:00027ff0       _SetNewRanksFromNeighLists4 10028ff0 f   ichimap2.obj
 0001:00028150       _SetNewRanksFromNeighLists 10029150 f   ichimap2.obj
 0001:00028200       _SortNeighListsBySymmAndCanonRank 10029200 f   ichimap2.obj
 0001:00028230       _SortNeighLists2           10029230 f   ichimap2.obj
 0001:000282a0       _SortNeighLists3           100292a0 f   ichimap2.obj
 0001:00028310       _DifferentiateRanks2       10029310 f   ichimap2.obj
 0001:000283c0       _DifferentiateRanks3       100293c0 f   ichimap2.obj
 0001:00028420       _DifferentiateRanks4       10029420 f   ichimap2.obj
 0001:00028480       _DifferentiateRanksBasic   10029480 f   ichimap2.obj
 0001:00028520       _NumberOfTies              10029520 f   ichimap2.obj
 0001:000286d0       _HalfStereoBondParity      100296d0 f   ichimap2.obj
 0001:00028870       _parity_of_mapped_half_bond 10029870 f   ichimap2.obj
 0001:00028bd0       _parity_of_mapped_atom2    10029bd0 f   ichimap2.obj
 0001:00028f30       _ClearPreviousMappings     10029f30 f   ichimap2.obj
 0001:00028f50       _map_an_atom2              10029f50 f   ichimap2.obj
 0001:00029200       _might_change_other_atom_parity 1002a200 f   ichimap2.obj
 0001:000292d0       _DeAllocateForNonStereoRemoval 1002a2d0 f   ichimap2.obj
 0001:00029390       _AllocateForNonStereoRemoval 1002a390 f   ichimap2.obj
 0001:000294c0       _GetMinNewRank             1002a4c0 f   ichimap2.obj
 0001:00029510       _BreakNeighborsTie         1002a510 f   ichimap2.obj
 0001:00029d10       _CheckNextSymmNeighborsAndBonds 1002ad10 f   ichimap2.obj
 0001:00029f50       _CreateCheckSymmPaths      1002af50 f   ichimap2.obj
 0001:0002a2b0       _CalculatedPathsParitiesAreIdentical 1002b2b0 f   ichimap2.obj
 0001:0002b160       _RemoveCalculatedNonStereoBondParities 1002c160 f   ichimap2.obj
 0001:0002b8c0       _RemoveCalculatedNonStereoCenterParities 1002c8c0 f   ichimap2.obj
 0001:0002c000       _RemoveCalculatedNonStereo 1002d000 f   ichimap2.obj
 0001:0002c220       _map_stereo_bonds4         1002d220 f   ichimap4.obj
 0001:0002ddd0       _map_stereo_atoms4         1002edd0 f   ichimap4.obj
 0001:0002f170       _cmp_iso_atw_diff_component_no 10030170 f   ichinorm.obj
 0001:0002f1a0       _MarkRingSystemsInp        100301a0 f   ichinorm.obj
 0001:0002f6e0       _remove_terminal_HDT       100306e0 f   ichinorm.obj
 0001:0002fdd0       _add_DT_to_num_H           10030dd0 f   ichinorm.obj
 0001:0002fe10       _ReadCommandLineParms      10030e10 f   ichiparm.obj
 0001:000318a0       _PrintInputParms           100328a0 f   ichiparm.obj
 0001:00031c90       _HelpCommandLineParms      10032c90 f   ichiparm.obj
 0001:00031dd0       _HelpCommandLineParmsReduced 10032dd0 f   ichiparm.obj
 0001:00031f00       _PrintXmlStartTag          10032f00 f   ichiprt1.obj
 0001:00032040       _Needs2addXmlEntityRefs    10033040 f   ichiprt1.obj
 0001:00032130       _AddXmlEntityRefs          10033130 f   ichiprt1.obj
 0001:00032250       _OutputINChIXmlRootStartTag 10033250 f   ichiprt1.obj
 0001:000322a0       _OutputINChIXmlRootEndTag  100332a0 f   ichiprt1.obj
 0001:000322e0       _OutputINChIXmlStructStartTag 100332e0 f   ichiprt1.obj
 0001:000325e0       _OutputINChIXmlStructEndTag 100335e0 f   ichiprt1.obj
 0001:00032640       _OutputINChIXmlError       10033640 f   ichiprt1.obj
 0001:00032720       _OutputINChIPlainError     10033720 f   ichiprt1.obj
 0001:000327b0       _EquString                 100337b0 f   ichiprt1.obj
 0001:00032fe0       _OutputINChI2              10033fe0 f   ichiprt1.obj
 0001:000330d0       _szGetTag                  100340d0 f   ichiprt1.obj
 0001:00033320       _OutputINChI1              10034320 f   ichiprt1.obj
 0001:00037e10       _str_LineStart             10038e10 f   ichiprt1.obj
 0001:00037f20       _str_LineEnd               10038f20 f   ichiprt1.obj
 0001:00038030       _CleanOrigCoord            10039030 f   ichiprt1.obj
 0001:000382d0       _WriteOrigCoord            100392d0 f   ichiprt1.obj
 0001:000383b0       _WriteOrigAtoms            100393b0 f   ichiprt1.obj
 0001:00038810       _WriteOrigBonds            10039810 f   ichiprt1.obj
 0001:00039070       _FillOutOrigStruct         1003a070 f   ichiprt1.obj
 0001:000392c0       _FreeOrigStruct            1003a2c0 f   ichiprt1.obj
 0001:00039310       _Eql_INChI_Stereo          1003a310 f   ichiprt2.obj
 0001:00039590       _Eql_INChI_Isotopic        1003a590 f   ichiprt2.obj
 0001:00039620       _Eql_INChI_Aux_Equ         1003a620 f   ichiprt2.obj
 0001:00039730       _Eql_INChI_Aux_Num         1003a730 f   ichiprt2.obj
 0001:00039810       _bHasOrigInfo              1003a810 f   ichiprt2.obj
 0001:00039860       _EqlOrigInfo               1003a860 f   ichiprt2.obj
 0001:000398b0       _bHasEquString             1003a8b0 f   ichiprt2.obj
 0001:00039910       _MakeMult                  1003a910 f   ichiprt2.obj
 0001:000399f0       _MakeDelim                 1003a9f0 f   ichiprt2.obj
 0001:00039a60       _MakeEqStr                 1003aa60 f   ichiprt2.obj
 0001:00039b20       _MakeCtStringNew           1003ab20 f   ichiprt2.obj
 0001:00039e20       _MakeCtStringOld           1003ae20 f   ichiprt2.obj
 0001:00039fd0       _MakeHString               1003afd0 f   ichiprt2.obj
 0001:0003a5d0       _MakeCtString              1003b5d0 f   ichiprt2.obj
 0001:0003a640       _MakeTautString            1003b640 f   ichiprt2.obj
 0001:0003a920       _MakeCRVString             1003b920 f   ichiprt2.obj
 0001:0003aba0       _MakeEquString             1003bba0 f   ichiprt2.obj
 0001:0003ad90       _MakeIsoAtomString         1003bd90 f   ichiprt2.obj
 0001:0003b060       _MakeIsoTautString         1003c060 f   ichiprt2.obj
 0001:0003b2a0       _MakeIsoHString            1003c2a0 f   ichiprt2.obj
 0001:0003b430       _MakeStereoString          1003c430 f   ichiprt2.obj
 0001:0003b5b0       _MakeAbcNumber             1003c5b0 f   ichiprt2.obj
 0001:0003b680       _inchi_strtol              1003c680 f   ichiprt2.obj
 0001:0003b790       _inchi_strtod              1003c790 f   ichiprt2.obj
 0001:0003b7b0       _MakeDecNumber             1003c7b0 f   ichiprt2.obj
 0001:0003b870       _str_Sp2                   1003c870 f   ichiprt3.obj
 0001:0003bdf0       _str_Sp3                   1003cdf0 f   ichiprt3.obj
 0001:0003c340       _str_IsoAtoms              1003d340 f   ichiprt3.obj
 0001:0003c9b0       _str_IsoSp2                1003d9b0 f   ichiprt3.obj
 0001:0003cff0       _str_IsoSp3                1003dff0 f   ichiprt3.obj
 0001:0003d620       _str_AuxEqu                1003e620 f   ichiprt3.obj
 0001:0003db40       _str_AuxInvSp3             1003eb40 f   ichiprt3.obj
 0001:0003e160       _str_AuxInvSp3Numb         1003f160 f   ichiprt3.obj
 0001:0003e5e0       _str_AuxIsoNumb            1003f5e0 f   ichiprt3.obj
 0001:0003ea20       _str_AuxIsoEqu             1003fa20 f   ichiprt3.obj
 0001:0003efd0       _str_AuxInvIsoSp3          1003ffd0 f   ichiprt3.obj
 0001:0003f7b0       _str_AuxInvIsoSp3Numb      100407b0 f   ichiprt3.obj
 0001:0003fdb0       _str_HillFormula           10040db0 f   ichiprt3.obj
 0001:000400b0       _str_HillFormula2          100410b0 f   ichiprt3.obj
 0001:00040520       _str_Connections           10041520 f   ichiprt3.obj
 0001:00040850       _str_H_atoms               10041850 f   ichiprt3.obj
 0001:00040be0       _str_Charge2               10041be0 f   ichiprt3.obj
 0001:000410e0       _str_FixedH_atoms          100420e0 f   ichiprt3.obj
 0001:00041430       _str_AuxNumb               10042430 f   ichiprt3.obj
 0001:00041820       _str_AuxTgroupEqu          10042820 f   ichiprt3.obj
 0001:00041b00       _str_AuxChargeRadVal       10042b00 f   ichiprt3.obj
 0001:00041d10       _bin_AuxTautTrans          10042d10 f   ichiprt3.obj
 0001:000420a0       _str_AuxTautTrans          100430a0 f   ichiprt3.obj
 0001:000421f0       _str_StereoAbsInv          100431f0 f   ichiprt3.obj
 0001:00042370       _str_IsoStereoAbsInv       10043370 f   ichiprt3.obj
 0001:000424f0       _str_AuxIsoTgroupEqu       100434f0 f   ichiprt3.obj
 0001:00042940       _bIsCenterPointStrict      10043940 f   ichiqueu.obj
 0001:000429d0       _nGet14TautIn7MembAltRing  100439d0 f   ichiqueu.obj
 0001:00042a50       _nGet14TautIn5MembAltRing  10043a50 f   ichiqueu.obj
 0001:00042ad0       _nGet12TautIn5MembAltRing  10043ad0 f   ichiqueu.obj
 0001:00042b50       _nGet15TautIn6MembAltRing  10043b50 f   ichiqueu.obj
 0001:00042bd0       _nGet15TautInAltPath       10043bd0 f   ichiqueu.obj
 0001:00042c50       _DFS_FindTautInARing       10043c50 f   ichiqueu.obj
 0001:00042e80       _DFS_FindTautAltPath       10043e80 f   ichiqueu.obj
 0001:00043120       _are_alt_bonds             10044120 f   ichiqueu.obj
 0001:000431e0       _AddBondsPos               100441e0 f   ichiqueu.obj
 0001:00043300       _AddEndPoints              10044300 f   ichiqueu.obj
 0001:00043390       _Check7MembTautRing        10044390 f   ichiqueu.obj
 0001:000437c0       _Check6MembTautRing        100447c0 f   ichiqueu.obj
 0001:00043cf0       _Check15TautPathCenterpoint 10044cf0 f   ichiqueu.obj
 0001:00043d40       _Check15TautPath           10044d40 f   ichiqueu.obj
 0001:00044200       _Check5MembTautRing        10045200 f   ichiqueu.obj
 0001:00044580       _ReadWriteInChI            10045580 f   ichiread.obj
 0001:00046050       _GetNumNeighborsFromInchi  10047050 f   ichiread.obj
 0001:000461d0       _CountStereoTypes          100471d0 f   ichiread.obj
 0001:00046340       _bInpInchiComponentExists  10047340 f   ichiread.obj
 0001:000463b0       _bInpInchiComponentDeleted 100473b0 f   ichiread.obj
 0001:00046420       _bRevInchiComponentExists  10047420 f   ichiread.obj
 0001:00046490       _bRevInchiComponentDeleted 10047490 f   ichiread.obj
 0001:00046500       _DetectInpInchiCreationOptions 10047500 f   ichiread.obj
 0001:0004f970       _insertions_sort_AT_NUMB   10050970 f   ichiread.obj
 0001:0004fcc0       _extract_inchi_substring   10050cc0 f   ichiread.obj
 0001:0004fd80       _QueueCreate               10050d80 f   ichiring.obj
 0001:0004fdd0       _QueueAdd                  10050dd0 f   ichiring.obj
 0001:0004fe10       _QueueGet                  10050e10 f   ichiring.obj
 0001:0004fe70       _QueueGetAny               10050e70 f   ichiring.obj
 0001:0004fea0       _QueueDelete               10050ea0 f   ichiring.obj
 0001:0004fed0       _QueueReinit               10050ed0 f   ichiring.obj
 0001:0004fef0       _QueueLength               10050ef0 f   ichiring.obj
 0001:0004ff00       _QueueWrittenLength        10050f00 f   ichiring.obj
 0001:0004ff20       _GetMinRingSize            10050f20 f   ichiring.obj
 0001:00050110       _is_bond_in_Nmax_memb_ring 10051110 f   ichiring.obj
 0001:00050240       _is_atom_in_3memb_ring     10051240 f   ichiring.obj
 0001:00050330       _clear_t_group_info        10051330 f   ichirvr1.obj
 0001:00050450       _GetTgroupInfoFromInChI    10051450 f   ichirvr1.obj
 0001:000506d0       _FillOutpStructEndpointFromInChI 100516d0 f   ichirvr1.obj
 0001:000507a0       _cmp_charge_val            100517a0 f   ichirvr1.obj
 0001:000507f0       _bMayBeACationInMobileHLayer 100517f0 f   ichirvr1.obj
 0001:00050940       _clean_charge_val          10051940 f   ichirvr1.obj
 0001:00050c70       _GetAtomRestoreInfo        10051c70 f   ichirvr1.obj
 0001:000511d0       _get_sp_element_type       100521d0 f   ichirvr1.obj
 0001:00051380       _ReallocTCGroups           10052380 f   ichirvr1.obj
 0001:00051420       _RegisterTCGroup           10052420 f   ichirvr1.obj
 0001:000514f0       _nTautEndpointEdgeCap      100524f0 f   ichirvr1.obj
 0001:00051590       _BondFlowMaxcapMinorder    10052590 f   ichirvr1.obj
 0001:00051780       _AtomStcapStflow           10052780 f   ichirvr1.obj
 0001:000518a0       _nCountBnsSizes            100528a0 f   ichirvr1.obj
 0001:00051ee0       _nAddSuperCGroups          10052ee0 f   ichirvr1.obj
 0001:000520e0       _AddTGroups2TCGBnStruct    100530e0 f   ichirvr1.obj
 0001:000523f0       _ConnectTwoVertices        100533f0 f   ichirvr1.obj
 0001:000525c0       _AddRadicalToMetal         100535c0 f   ichirvr1.obj
 0001:00052660       _ConnectMetalFlower        10053660 f   ichirvr1.obj
 0001:00052a50       _SetEdgeCapFlow            10053a50 f   ichirvr1.obj
 0001:00052a70       _AddEdgeFlow               10053a70 f   ichirvr1.obj
 0001:00052b70       _ConnectSuperCGroup        10053b70 f   ichirvr1.obj
 0001:00052fe0       _AddStCapFlow              10053fe0 f   ichirvr1.obj
 0001:00053020       _SetStCapFlow              10054020 f   ichirvr1.obj
 0001:00053070       _AddCGroups2TCGBnStruct    10054070 f   ichirvr1.obj
 0001:00053e20       _nNumEdgesToCnVertex       10054e20 f   ichirvr1.obj
 0001:00053e80       _AllocateAndInitTCGBnStruct 10054e80 f   ichirvr1.obj
 0001:000544b0       _IncrZeroBondsAndClearEndpts 100554b0 f   ichirvr1.obj
 0001:00054500       _IncrZeroBonds             10055500 f   ichirvr1.obj
 0001:00054550       _ClearEndpts               10055550 f   ichirvr1.obj
 0001:00054570       _GetDeltaChargeFromVF      10055570 f   ichirvr1.obj
 0001:00054720       _EvaluateChargeChanges     10055720 f   ichirvr1.obj
 0001:00054c10       _RunBnsTestOnce            10055c10 f   ichirvr1.obj
 0001:00054cf0       _RunBnsRestoreOnce         10055cf0 f   ichirvr1.obj
 0001:00054d70       _comp_cc_cand              10055d70 f   ichirvr1.obj
 0001:00054e00       _get_pVA_atom_type         10055e00 f   ichirvr1.obj
 0001:00054f00       _AllocEdgeList             10055f00 f   ichirvr1.obj
 0001:00054fd0       _AddToEdgeList             10055fd0 f   ichirvr1.obj
 0001:00055020       _RemoveFromEdgeListByIndex 10056020 f   ichirvr1.obj
 0001:00055070       _FindInEdgeList            10056070 f   ichirvr1.obj
 0001:000550a0       _RemoveFromEdgeListByValue 100560a0 f   ichirvr1.obj
 0001:000550e0       _AllocBfsQueue             100560e0 f   ichirvr1.obj
 0001:000551d0       _RemoveForbiddenEdgeMask   100561d0 f   ichirvr1.obj
 0001:00055210       _SetForbiddenEdgeMask      10056210 f   ichirvr1.obj
 0001:00055250       _RemoveForbiddenBondFlowBits 10056250 f   ichirvr1.obj
 0001:00055290       _GetChargeFlowerUpperEdge  10056290 f   ichirvr1.obj
 0001:00055460       _MakeOneInChIOutOfStrFromINChI2 10056460 f   ichirvr1.obj
 0001:000555f0       _MakeOneInChIOutOfStrFromINChI 100565f0 f   ichirvr1.obj
 0001:00055bb0       _ConnectDisconnectedH      10056bb0 f   ichirvr1.obj
 0001:00055e50       _DisconnectedConnectedH    10056e50 f   ichirvr1.obj
 0001:000560b0       _MakeInChIOutOfStrFromINChI2 100570b0 f   ichirvr1.obj
 0001:000563e0       _OutputInChIOutOfStrFromINChI 100573e0 f   ichirvr1.obj
 0001:000566e0       _CopyAt2St                 100576e0 f   ichirvr2.obj
 0001:00056780       _CopySt2At                 10057780 f   ichirvr2.obj
 0001:00056820       _RestoreAtomConnectionsSetStereo 10057820 f   ichirvr2.obj
 0001:000578e0       _SetStereoBondTypeFor0DParity 100588e0 f   ichirvr2.obj
 0001:00057a30       _SetStereoBondTypesFrom0DStereo 10058a30 f   ichirvr2.obj
 0001:00057c90       _CopyBnsToAtom             10058c90 f   ichirvr2.obj
 0001:00058130       _CheckBnsConsistency       10059130 f   ichirvr2.obj
 0001:00058140       _AddExplicitDeletedH       10059140 f   ichirvr2.obj
 0001:000582c0       _bFindCumuleneChain        100592c0 f   ichirvr2.obj
 0001:00058440       _set_bond_type             10059440 f   ichirvr2.obj
 0001:00058510       _set_cumulene_0D_parity    10059510 f   ichirvr2.obj
 0001:00058900       _set_atom_0D_parity        10059900 f   ichirvr2.obj
 0001:00058a90       _MoveRadToAtomsAddCharges  10059a90 f   ichirvr2.obj
 0001:00059070       _AdjustTgroupsToForbiddenEdges2 1005a070 f   ichirvr2.obj
 0001:0005af70       _RearrangePlusMinusEdgesFlow 1005bf70 f   ichirvr2.obj
 0001:0005b250       _IncrementZeroOrderBondsToHeteroat 1005c250 f   ichirvr2.obj
 0001:0005b8c0       _MovePlusFromS2DiaminoCarbon 1005c8c0 f   ichirvr2.obj
 0001:0005bd90       _EliminateChargeSeparationOnHeteroatoms 1005cd90 f   ichirvr2.obj
 0001:0005c460       _RestoreCyanoGroup         1005d460 f   ichirvr2.obj
 0001:0005c790       _RestoreIsoCyanoGroup      1005d790 f   ichirvr2.obj
 0001:0005d000       _FixMetal_Nminus_Ominus    1005e000 f   ichirvr2.obj
 0001:0005d4c0       _RestoreNNNgroup           1005e4c0 f   ichirvr2.obj
 0001:0005ee60       _EliminateNitrogen5Val3Bonds 1005fe60 f   ichirvr2.obj
 0001:0005f530       _Convert_SIV_to_SVI        10060530 f   ichirvr2.obj
 0001:0005fb10       _PlusFromDB_N_DB_O_to_Metal 10060b10 f   ichirvr2.obj
 0001:0005ff80       _MoveMobileHToAvoidFixedBonds 10060f80 f   ichirvr2.obj
 0001:000600a0       _RemoveRadFromMobileHEndpoint 100610a0 f   ichirvr2.obj
 0001:00060c00       _RemoveRadFromMobileHEndpointFixH 10061c00 f   ichirvr2.obj
 0001:00061fb0       _MoveChargeToMakeCenerpoints 10062fb0 f   ichirvr2.obj
 0001:000624b0       _bHas_N_V                  100634b0 f   ichirvr3.obj
 0001:00062510       _FixFixedHRestoredStructure 10063510 f   ichirvr3.obj
 0001:00070770       _ForbidCarbonChargeEdges   10071770 f   ichirvr4.obj
 0001:00070820       _ForbidNintrogenPlus2BondsInSmallRings 10071820 f   ichirvr4.obj
 0001:00070910       _FixLessHydrogenInFormula  10071910 f   ichirvr4.obj
 0001:00070f30       _FixMoreHydrogenInFormula  10071f30 f   ichirvr4.obj
 0001:00071360       _FixRemoveExtraTautEndpoints 10072360 f   ichirvr4.obj
 0001:00071780       _FillOutExtraFixedHDataRestr 10072780 f   ichirvr4.obj
 0001:000718b0       _FillOutExtraFixedHDataInChI 100728b0 f   ichirvr4.obj
 0001:00071970       _FillOutCMP2FHINCHI        10072970 f   ichirvr4.obj
 0001:00071fc0       _FillOutCMP2MHINCHI        10072fc0 f   ichirvr4.obj
 0001:000729f0       _NormalizeAndCompare       100739f0 f   ichirvr4.obj
 0001:00073520       _CheckAndRefixStereobonds  10074520 f   ichirvr4.obj
 0001:00073940       _MoveChargeToRemoveCenerpoints 10074940 f   ichirvr4.obj
 0001:000742e0       _MakeSingleBondsMetal2ChargedHeteroat 100752e0 f   ichirvr4.obj
 0001:00074670       _SaltBondsToCoordBonds     10075670 f   ichirvr4.obj
 0001:00074f10       _RunBnsRestore1            10075f10 f   ichirvr4.obj
 0001:00075670       _RestoreAtomMakeBNS        10076670 f   ichirvr4.obj
 0001:00075cb0       _OneInChI2Atom             10076cb0 f   ichirvr4.obj
 0001:00075df0       _MakeProtonComponent       10076df0 f   ichirvr4.obj
 0001:00075ea0       _AddRemProtonsInRestrStruct 10076ea0 f   ichirvr4.obj
 0001:000762c0       _AddRemIsoProtonsInRestrStruct 100772c0 f   ichirvr4.obj
 0001:000765b0       _GetPlusMinusVertex        100775b0 f   ichirvr5.obj
 0001:00076680       _bIsUnsatCarbonInASmallRing 10077680 f   ichirvr5.obj
 0001:00076790       _FixMobileHRestoredStructure 10077790 f   ichirvr5.obj
 0001:00079300       _FixRestoredStructureStereo 1007a300 f   ichirvr6.obj
 0001:0007bc40       _InChI2Atom                1007cc40 f   ichirvr7.obj
 0001:0007bd80       _RemoveFixHInChIIdentical2MobH 1007cd80 f   ichirvr7.obj
 0001:0007be10       _MarkDisconectedIdenticalToReconnected 1007ce10 f   ichirvr7.obj
 0001:0007bff0       _SetUpSrm                  1007cff0 f   ichirvr7.obj
 0001:0007c030       _MergeStructureComponents  1007d030 f   ichirvr7.obj
 0001:0007c550       _AllInchiToStructure       1007d550 f   ichirvr7.obj
 0001:0007c810       _AddProtonAndIsoHBalanceToMobHStruct 1007d810 f   ichirvr7.obj
 0001:0007cb40       _FreeStrFromINChI          1007db40 f   ichirvr7.obj
 0001:0007ccc0       _FreeInpInChI              1007dcc0 f   ichirvr7.obj
 0001:0007cdb0       _CompareAllOrigInchiToRevInChI 1007ddb0 f   ichirvr7.obj
 0001:0007cfc0       _CompareAllDisconnectedOrigInchiToRevInChI 1007dfc0 f   ichirvr7.obj
 0001:0007dad0       _CompareTwoPairsOfInChI    1007ead0 f   ichirvr7.obj
 0001:0007db50       _CompareOneOrigInchiToRevInChI 1007eb50 f   ichirvr7.obj
 0001:0007dda0       _CompareReversedStereoINChI3 1007eda0 f   ichirvr7.obj
 0001:0007e470       _CompareReversedINChI3     1007f470 f   ichirvr7.obj
 0001:0007ed40       _AddOneMsg                 1007fd40 f   ichirvr7.obj
 0001:0007ee90       _FillOutCompareMessage     1007fe90 f   ichirvr7.obj
 0001:0007f0e0       _inchi_swap                100800e0 f   ichisort.obj
 0001:0007f110       _insertions_sort           10080110 f   ichisort.obj
 0001:0007f190       _insertions_sort_AT_NUMBERS 10080190 f   ichisort.obj
 0001:0007f210       _insertions_sort_NeighList_AT_NUMBERS 10080210 f   ichisort.obj
 0001:0007f290       _insertions_sort_AT_RANK   10080290 f   ichisort.obj
 0001:0007f2f0       _insertions_sort_NeighList_AT_NUMBERS3 100802f0 f   ichisort.obj
 0001:0007f3a0       _insertions_sort_NeighListBySymmAndCanonRank 100803a0 f   ichisort.obj
 0001:0007f460       _CompNeighborsAT_NUMBER    10080460 f   ichisort.obj
 0001:0007f4b0       _comp_AT_RANK              100804b0 f   ichisort.obj
 0001:0007f4d0       _CompRank                  100804d0 f   ichisort.obj
 0001:0007f500       _CompRanksOrd              10080500 f   ichisort.obj
 0001:0007f540       _CompAtomInvariants2Only   10080540 f   ichisort.obj
 0001:0007f600       _CompAtomInvariants2       10080600 f   ichisort.obj
 0001:0007f630       _CompChemElemLex           10080630 f   ichisort.obj
 0001:0007f650       _CompareNeighListLex       10080650 f   ichisort.obj
 0001:0007f6d0       _CompareNeighListLexUpToMaxRank 100806d0 f   ichisort.obj
 0001:0007f7c0       _compare_NeighLists        100807c0 f   ichisort.obj
 0001:0007f7e0       _CompNeighListRanks        100807e0 f   ichisort.obj
 0001:0007f830       _CompNeighLists            10080830 f   ichisort.obj
 0001:0007f860       _CompNeighListsUpToMaxRank 10080860 f   ichisort.obj
 0001:0007f8a0       _CompNeighListRanksOrd     100808a0 f   ichisort.obj
 0001:0007f8d0       _CompRanksInvOrd           100808d0 f   ichisort.obj
 0001:0007f8f0       _CompNeighborsRanksCountEql 100808f0 f   ichisort.obj
 0001:0007f940       _CreateNeighListFromLinearCT 10080940 f   ichisort.obj
 0001:0007fb40       _CreateNeighList           10080b40 f   ichisort.obj
 0001:0007fe80       _FreeNeighList             10080e80 f   ichisort.obj
 0001:0007feb0       _BreakAllTies              10080eb0 f   ichisort.obj
 0001:0007fff0       _comp_AT_NUMB              10080ff0 f   ichister.obj
 0001:00080010       _bCanInpAtomBeAStereoCenter 10081010 f   ichister.obj
 0001:00080330       _bAtomHasValence3          10081330 f   ichister.obj
 0001:000803b0       _bCanAtomHaveAStereoBond   100813b0 f   ichister.obj
 0001:00080440       _bCanAtomBeMiddleAllene    10081440 f   ichister.obj
 0001:000804d0       _bCanAtomBeTerminalAllene  100814d0 f   ichister.obj
 0001:00080560       _GetHalfStereobond0DParity 10081560 f   ichister.obj
 0001:00080710       _FixSb0DParities           10081710 f   ichister.obj
 0001:00080c40       _FixUnkn0DStereoBonds      10081c40 f   ichister.obj
 0001:00080cb0       _GetStereocenter0DParity   10081cb0 f   ichister.obj
 0001:00080dc0       _set_stereo_parity         10081dc0 f   ichister.obj
 0001:00085180       _ReconcileAllCmlBondParities 10086180 f   ichister.obj
 0001:00085220       _ReconcileCmlIncidentBondParities 10086220 f   ichister.obj
 0001:00085590       _get_opposite_sb_atom      10086590 f   ichister.obj
 0001:00085680       _is_centerpoint_elem       10086680 f   ichitaut.obj
 0001:00085800       _is_centerpoint_elem_KET   10086800 f   ichitaut.obj
 0001:00085860       _is_centerpoint_elem_strict 10086860 f   ichitaut.obj
 0001:00085930       _get_endpoint_valence      10086930 f   ichitaut.obj
 0001:00085a20       _get_endpoint_valence_KET  10086a20 f   ichitaut.obj
 0001:00085ab0       _AddAtom2num               10086ab0 f   ichitaut.obj
 0001:00085b50       _AddAtom2DA                10086b50 f   ichitaut.obj
 0001:00085c50       _AddEndPoint               10086c50 f   ichitaut.obj
 0001:00085cc0       _nGetEndpointInfo          10086cc0 f   ichitaut.obj
 0001:00085e00       _nGetEndpointInfo_KET      10086e00 f   ichitaut.obj
 0001:00085fb0       _RegisterEndPoints         10086fb0 f   ichitaut.obj
 0001:000869c0       _SetTautomericBonds        100879c0 f   ichitaut.obj
 0001:00086aa0       _GetNeutralRepsIfNeeded    10087aa0 f   ichitaut.obj
 0001:00086de0       _FindAccessibleEndPoints   10087de0 f   ichitaut.obj
 0001:000873c0       _bCanBeACPoint             100883c0 f   ichitaut.obj
 0001:00087570       _GetChargeType             10088570 f   ichitaut.obj
 0001:000876c0       _CmpCCandidates            100886c0 f   ichitaut.obj
 0001:000876f0       _RegisterCPoints           100886f0 f   ichitaut.obj
 0001:00087960       _MarkChargeGroups          10088960 f   ichitaut.obj
 0001:00087c60       _GetSaltChargeType         10088c60 f   ichitaut.obj
 0001:00087e80       _bDoNotMergeNonTautAtom    10088e80 f   ichitaut.obj
 0001:00087ec0       _GetOtherSaltChargeType    10088ec0 f   ichitaut.obj
 0001:000880f0       _GetOtherSaltType          100890f0 f   ichitaut.obj
 0001:00088270       _comp_candidates           10089270 f   ichitaut.obj
 0001:00088300       _MarkSaltChargeGroups2     10089300 f   ichitaut.obj
 0001:00088ca0       _MarkSaltChargeGroups      10089ca0 f   ichitaut.obj
 0001:00089160       _MergeSaltTautGroups       1008a160 f   ichitaut.obj
 0001:00089540       _MakeIsotopicHGroup        1008a540 f   ichitaut.obj
 0001:00089800       _MarkTautomerGroups        1008a800 f   ichitaut.obj
 0001:0008af50       _free_t_group_info         1008bf50 f   ichitaut.obj
 0001:0008afb0       _make_a_copy_of_t_group_info 1008bfb0 f   ichitaut.obj
 0001:0008b120       _set_tautomer_iso_sort_keys 1008c120 f   ichitaut.obj
 0001:0008b190       _CountTautomerGroups       1008c190 f   ichitaut.obj
 0001:0008b5a0       _CompRankTautomer          1008c5a0 f   ichitaut.obj
 0001:0008b5d0       _SortTautomerGroupsAndEndpoints 1008c5d0 f   ichitaut.obj
 0001:0008b690       _base26_triplet_1          1008c690 f   ikey_base26.obj
 0001:0008b6b0       _base26_triplet_2          1008c6b0 f   ikey_base26.obj
 0001:0008b6e0       _base26_triplet_3          1008c6e0 f   ikey_base26.obj
 0001:0008b710       _base26_triplet_4          1008c710 f   ikey_base26.obj
 0001:0008b740       _base26_dublet_for_bits_28_to_36 1008c740 f   ikey_base26.obj
 0001:0008b770       _base26_dublet_for_bits_56_to_64 1008c770 f   ikey_base26.obj
 0001:0008b790       _base26_checksum           1008c790 f   ikey_base26.obj
 0001:0008b7f0       _GetStdINCHIKeyFromStdINCHI@8 1008c7f0 f   ikey_dll.obj
 0001:0008bdf0       _cdecl_GetStdINCHIKeyFromStdINCHI 1008cdf0 f   ikey_dll.obj
 0001:0008be00       _fprint_digest             1008ce00 f   ikey_dll.obj
 0001:0008be50       _extract_trimmed_inchi     1008ce50 f   ikey_dll.obj
 0001:0008bf00       _FreeStdINCHI@4            1008cf00 f   inchi_dll.obj
 0001:0008bf60       _FreeStructFromStdINCHI@4  1008cf60 f   inchi_dll.obj
 0001:0008bfd0       _GetStdINCHI@8             1008cfd0 f   inchi_dll.obj
 0001:0008c730       _AddMOLfileError           1008d730 f   inchi_dll.obj
 0001:0008c870       _CopyMOLfile               1008d870 f   inchi_dll.obj
 0001:0008c880       _SetNumImplicitH           1008d880 f   inchi_dll.obj
 0001:0008c900       _FreeInpAtom               1008d900 f   inchi_dll.obj
 0001:0008c920       _CreateInpAtom             1008d920 f   inchi_dll.obj
 0001:0008c940       _FreeInpAtomData           1008d940 f   inchi_dll.obj
 0001:0008c980       _CreateInpAtomData         1008d980 f   inchi_dll.obj
 0001:0008c9d0       _FreeCompAtomData          1008d9d0 f   inchi_dll.obj
 0001:0008ca00       _FreeOrigAtData            1008da00 f   inchi_dll.obj
 0001:0008ca70       _parse_options_string      1008da70 f   inchi_dll.obj
 0001:0008cba0       _SetAtomProperties         1008dba0 f   inchi_dll.obj
 0001:0008cdc0       _SetBondProperties         1008ddc0 f   inchi_dll.obj
 0001:0008d360       _SetAtomAndBondProperties  1008e360 f   inchi_dll.obj
 0001:0008d770       _InpAtom0DToInchiAtom      1008e770 f   inchi_dll.obj
 0001:0008dc30       _ExtractOneStructure       1008ec30 f   inchi_dll.obj
 0001:0008df50       _GetStringLength@4         1008ef50 f   inchi_dll.obj
 0001:0008df70       _GetStructFromStdINCHI@8   1008ef70 f   inchi_dll.obj
 0001:0008e420       _cdecl_GetStdINCHI         1008f420 f   inchi_dll.obj
 0001:0008e430       _cdecl_FreeStdINCHI        1008f430 f   inchi_dll.obj
 0001:0008e440       _cdecl_GetStringLength     1008f440 f   inchi_dll.obj
 0001:0008e450       _cdecl_Get_std_inchi_Input_FromAuxInfo 1008f450 f   inchi_dll.obj
 0001:0008e470       _cdecl_Free_std_inchi_Input 1008f470 f   inchi_dll.obj
 0001:0008e480       _cdecl_GetStructFromStdINCHI 1008f480 f   inchi_dll.obj
 0001:0008e490       _cdecl_FreeStructFromStdINCHI 1008f490 f   inchi_dll.obj
 0001:0008e4a0       _STDINCHIGEN_Create@0      1008f4a0 f   inchi_dll_a.obj
 0001:0008e5a0       _STDINCHIGEN_Setup@12      1008f5a0 f   inchi_dll_a.obj
 0001:0008e8a0       _STDINCHIGEN_DoNormalization@8 1008f8a0 f   inchi_dll_a.obj
 0001:0008ec10       _STDINCHIGEN_DoCanonicalization@8 1008fc10 f   inchi_dll_a.obj
 0001:0008ee40       _STDINCHIGEN_DoSerialization@12 1008fe40 f   inchi_dll_a.obj
 0001:0008f3f0       _STDINCHIGEN_Reset@12      100903f0 f   inchi_dll_a.obj
 0001:0008f790       _STDINCHIGEN_Destroy@4     10090790 f   inchi_dll_a.obj
 0001:0008f7f0       _cdecl_STDINCHIGEN_Create  100907f0 f   inchi_dll_a.obj
 0001:0008f800       _cdecl_STDINCHIGEN_Setup   10090800 f   inchi_dll_a.obj
 0001:0008f820       _cdecl_STDINCHIGEN_DoNormalization 10090820 f   inchi_dll_a.obj
 0001:0008f830       _cdecl_STDINCHIGEN_DoCanonicalization 10090830 f   inchi_dll_a.obj
 0001:0008f840       _cdecl_STDINCHIGEN_DoSerialization 10090840 f   inchi_dll_a.obj
 0001:0008f860       _cdecl_STDINCHIGEN_Reset   10090860 f   inchi_dll_a.obj
 0001:0008f880       _cdecl_STDINCHIGEN_Destroy 10090880 f   inchi_dll_a.obj
 0001:0008f890       _NormOneStructureINChI     10090890 f   inchi_dll_a2.obj
 0001:0008fee0       _CanonOneStructureINChI    10090ee0 f   inchi_dll_a2.obj
 0001:000900d0       _NormOneComponentINChI     100910d0 f   inchi_dll_a2.obj
 0001:00090600       _CanonOneComponentINChI    10091600 f   inchi_dll_a2.obj
 0001:00090a50       _Normalization_step        10091a50 f   inchi_dll_a2.obj
 0001:00091300       _Canonicalization_step     10092300 f   inchi_dll_a2.obj
 0001:000919c0       _CreateCompositeNormAtom   100929c0 f   inchi_dll_a2.obj
 0001:00092010       _CreateCompAtomData        10093010 f   inchi_dll_a2.obj
 0001:00092080       _FillOutINChIReducedWarn   10093080 f   inchi_dll_a2.obj
 0001:000932d0       _make_norm_atoms_from_inp_atoms 100942d0 f   inchi_dll_a2.obj
 0001:00093340       _ErrMsg                    10094340 f   runichi.obj
 0001:00093490       _SortAndPrintINChI         10094490 f   runichi.obj
 0001:00093a60       _FreeAllINChIArrays        10094a60 f   runichi.obj
 0001:00093ad0       _FreeINChIArrays           10094ad0 f   runichi.obj
 0001:00093b30       _TreatReadTheStructureErrors 10094b30 f   runichi.obj
 0001:00094080       _GetOneComponent           10095080 f   runichi.obj
 0001:00094210       _GetProcessingWarningsOneINChI 10095210 f   runichi.obj
 0001:000942a0       _GetProcessingWarnings     100952a0 f   runichi.obj
 0001:00094300       _CreateOneComponentINChI   10095300 f   runichi.obj
 0001:000947b0       _TreatCreateOneComponentINChIError 100957b0 f   runichi.obj
 0001:00094940       _TreatCreateINChIWarning   10095940 f   runichi.obj
 0001:00094a80       _DuplicateOrigAtom         10095a80 f   runichi.obj
 0001:00094c60       _bCheckUnusualValences     10095c60 f   runichi.obj
 0001:00094dd0       _PreprocessOneStructure    10095dd0 f   runichi.obj
 0001:00095300       _ProcessOneStructure       10096300 f   runichi.obj
 0001:00095810       _bIsStructChiral           10096810 f   runichi.obj
 0001:000958d0       _CreateOneStructureINChI   100968d0 f   runichi.obj
 0001:00095f90       _sha2_starts               10096f90 f   sha2.obj
 0001:00095fe0       _sha2_update               10096fe0 f   sha2.obj
 0001:0009a190       _sha2_finish               1009b190 f   sha2.obj
 0001:0009a330       _sha2_file                 1009b330 f   sha2.obj
 0001:0009a3d0       _sha2_csum                 1009b3d0 f   sha2.obj
 0001:0009a410       _sha2_hmac                 1009b410 f   sha2.obj
 0001:0009a520       _sha2_self_test            1009b520 f   sha2.obj
 0001:0009a530       _the_only_doublet_neigh    1009b530 f   strutil.obj
 0001:0009a600       _fix_odd_things            1009b600 f   strutil.obj
 0001:0009b450       _post_fix_odd_things       1009c450 f   strutil.obj
 0001:0009b460       _nFindOneOM                1009c460 f   strutil.obj
 0001:0009b680       _remove_ion_pairs          1009c680 f   strutil.obj
 0001:0009e0e0       _RemoveInpAtBond           1009f0e0 f   strutil.obj
 0001:0009e5f0       _DisconnectInpAtBond       1009f5f0 f   strutil.obj
 0001:0009e6c0       _bIsAmmoniumSalt           1009f6c0 f   strutil.obj
 0001:0009e9b0       _DisconnectAmmoniumSalt    1009f9b0 f   strutil.obj
 0001:0009ec60       _bIsMetalSalt              1009fc60 f   strutil.obj
 0001:0009ef50       _DisconnectMetalSalt       1009ff50 f   strutil.obj
 0001:0009f010       _DisconnectSalts           100a0010 f   strutil.obj
 0001:0009f0f0       _bIsMetalToDisconnect      100a00f0 f   strutil.obj
 0001:0009f1b0       _bMayDisconnectMetals      100a01b0 f   strutil.obj
 0001:0009f2d0       _DisconnectMetals          100a02d0 f   strutil.obj
 0001:0009f890       _DisconnectOneLigand       100a0890 f   strutil.obj
 0001:0009fbd0       _dist3D                    100a0bd0 f   strutil.obj
 0001:0009fc10       _GetMinDistDistribution    100a0c10 f   strutil.obj
 0001:000a02a0       _move_explicit_Hcation     100a12a0 f   strutil.obj
 0001:000a0800       _get_iat_number            100a1800 f   strutil.obj
 0001:000a0830       _bHeteroAtomMayHaveXchgIsoH 100a1830 f   strutil.obj
 0001:000a0a40       _bNumHeterAtomHasIsotopicH 100a1a40 f   strutil.obj
 0001:000a0d20       _cmp_components            100a1d20 f   strutil.obj
 0001:000a0d50       _MarkDisconnectedComponents 100a1d50 f   strutil.obj
 0001:000a1160       _ExtractConnectedComponent 100a2160 f   strutil.obj
 0001:000a1230       _SetConnectedComponentNumber 100a2230 f   strutil.obj
 0001:000a1260       _Free_INChI_Stereo         100a2260 f   strutil.obj
 0001:000a1300       _Alloc_INChI_Stereo        100a2300 f   strutil.obj
 0001:000a13c0       _Free_INChI                100a23c0 f   strutil.obj
 0001:000a1400       _Free_INChI_Members        100a2400 f   strutil.obj
 0001:000a1500       _Alloc_INChI               100a2500 f   strutil.obj
 0001:000a1760       _Free_INChI_Aux            100a2760 f   strutil.obj
 0001:000a1860       _Alloc_INChI_Aux           100a2860 f   strutil.obj
 0001:000a1a20       _WriteOrigAtomDataToSDfile 100a2a20 f   strutil.obj
 0001:000a2860       _GetElementFormulaFromAtNum 100a3860 f   util.obj
 0001:000a28d0       _get_el_number             100a38d0 f   util.obj
 0001:000a2940       _get_periodic_table_number 100a3940 f   util.obj
 0001:000a2970       _do_not_add_H              100a3970 f   util.obj
 0001:000a2990       _get_el_valence            100a3990 f   util.obj
 0001:000a29d0       _get_unusual_el_valence    100a39d0 f   util.obj
 0001:000a2aa0       _needed_unusual_el_valence 100a3aa0 f   util.obj
 0001:000a2c00       _detect_unusual_el_valence 100a3c00 f   util.obj
 0001:000a2cb0       _get_el_type               100a3cb0 f   util.obj
 0001:000a2cc0       _is_el_a_metal             100a3cc0 f   util.obj
 0001:000a2ce0       _extract_ChargeRadical     100a3ce0 f   util.obj
 0001:000a2e60       _extract_H_atoms           100a3e60 f   util.obj
 0001:000a2f90       _get_num_H                 100a3f90 f   util.obj
 0001:000a3160       _get_atw_from_elnum        100a4160 f   util.obj
 0001:000a3190       _mystrncpy                 100a4190 f   util.obj
 0001:000a3200       _LtrimRtrim                100a4200 f   util.obj
 0001:000a32e0       _is_in_the_list            100a42e0 f   util.obj
 0001:000a3310       _nBondsValToMetal          100a4310 f   util.obj
 0001:000a3390       _num_of_H                  100a4390 f   util.obj
 0001:000a3430       _has_other_ion_neigh       100a4430 f   util.obj
 0001:000a34e0       _has_other_ion_in_sphere_2 100a44e0 f   util.obj
 0001:000a3670       _nNoMetalNumBonds          100a4670 f   util.obj
 0001:000a3810       _nNoMetalBondsValence      100a4810 f   util.obj
 0001:000a3980       _nNoMetalNeighIndex        100a4980 f   util.obj
 0001:000a39e0       _nNoMetalOtherNeighIndex   100a49e0 f   util.obj
 0001:000a3a50       _nNoMetalOtherNeighIndex2  100a4a50 f   util.obj
 0001:000a3ad0       _memicmp                   100a4ad0 f   util.obj
 0001:000a3b70       _stricmp                   100a4b70 f   util.obj
 0001:000a3c00       __strnset                  100a4c00 f   util.obj
 0001:000a3c30       __strdup                   100a4c30 f   util.obj
 0001:000a3c80       _memmove                   100a4c80 f   LIBCMT:memmove.obj
 0001:000a3fb5       _free                      100a4fb5 f   LIBCMT:free.obj
 0001:000a409e       _calloc                    100a509e f   LIBCMT:calloc.obj
 0001:000a41e0       _memchr                    100a51e0 f   LIBCMT:memchr.obj
 0001:000a42a0       _strchr                    100a52a0 f   LIBCMT:strchr.obj
 0001:000a42a6       ___from_strstr_to_strchr   100a52a6 f   LIBCMT:strchr.obj
 0001:000a435c       _malloc                    100a535c f   LIBCMT:malloc.obj
 0001:000a436e       __nh_malloc                100a536e f   LIBCMT:malloc.obj
 0001:000a439a       __heap_alloc               100a539a f   LIBCMT:malloc.obj
 0001:000a4496       _qsort                     100a5496 f   LIBCMT:qsort.obj
 0001:000a4664       _fflush                    100a5664 f   LIBCMT:fflush.obj
 0001:000a4693       __fflush_lk                100a5693 f   LIBCMT:fflush.obj
 0001:000a46c1       __flush                    100a56c1 f   LIBCMT:fflush.obj
 0001:000a471d       __flushall                 100a571d f   LIBCMT:fflush.obj
 0001:000a47ca       _fprintf                   100a57ca f   LIBCMT:fprintf.obj
 0001:000a4806       ___initstdio               100a5806 f   LIBCMT:_file.obj
 0001:000a48ae       ___endstdio                100a58ae f   LIBCMT:_file.obj
 0001:000a48c2       __lock_file                100a58c2 f   LIBCMT:_file.obj
 0001:000a48f1       __lock_file2               100a58f1 f   LIBCMT:_file.obj
 0001:000a4914       __unlock_file              100a5914 f   LIBCMT:_file.obj
 0001:000a4943       __unlock_file2             100a5943 f   LIBCMT:_file.obj
 0001:000a4966       _fclose                    100a5966 f   LIBCMT:fclose.obj
 0001:000a4997       __fclose_lk                100a5997 f   LIBCMT:fclose.obj
 0001:000a49e3       _fgetc                     100a59e3 f   LIBCMT:fgetc.obj
 0001:000a4a14       _getc                      100a5a14 f   LIBCMT:fgetc.obj
 0001:000a4a1f       _vfprintf                  100a5a1f f   LIBCMT:vfprintf.obj
 0001:000a4a5a       _vsprintf                  100a5a5a f   LIBCMT:vsprintf.obj
 0001:000a4aab       _fgets                     100a5aab f   LIBCMT:fgets.obj
 0001:000a4b0d       __isctype                  100a5b0d f   LIBCMT:isctype.obj
 0001:000a4b82       _atol                      100a5b82 f   LIBCMT:atox.obj
 0001:000a4c0d       _atoi                      100a5c0d f   LIBCMT:atox.obj
 0001:000a4c18       __fpmath                   100a5c18 f   LIBCMT:fpinit.obj
 0001:000a4c2f       __fpclear                  100a5c2f f   LIBCMT:fpinit.obj
 0001:000a4c30       __cfltcvt_init             100a5c30 f   LIBCMT:fpinit.obj
 0001:000a4c70       _strstr                    100a5c70 f   LIBCMT:strstr.obj
 0001:000a4cf0       _clock                     100a5cf0 f   LIBCMT:clock.obj
 0001:000a4d33       ___inittime                100a5d33 f   LIBCMT:clock.obj
 0001:000a4d70       _strrchr                   100a5d70 f   LIBCMT:strrchr.obj
 0001:000a4d97       _strtod                    100a5d97 f   LIBCMT:strtod.obj
 0001:000a4e50       _strspn                    100a5e50 f   LIBCMT:strspn.obj
 0001:000a4e8e       _strtol                    100a5e8e f   LIBCMT:strtol.obj
 0001:000a50aa       _sprintf                   100a60aa f   LIBCMT:sprintf.obj
 0001:000a5100       _strncpy                   100a6100 f   LIBCMT:strncpy.obj
 0001:000a51fe       __dosmaperr                100a61fe f   LIBCMT:dosmap.obj
 0001:000a5271       __errno                    100a6271 f   LIBCMT:dosmap.obj
 0001:000a527a       ___doserrno                100a627a f   LIBCMT:dosmap.obj
 0001:000a5283       _toupper                   100a6283 f   LIBCMT:toupper.obj
 0001:000a52f2       __toupper_lk               100a62f2 f   LIBCMT:toupper.obj
 0001:000a53c0       __ftol                     100a63c0 f   LIBCMT:ftol.obj
 0001:000a53f0       _strcspn                   100a63f0 f   LIBCMT:strcspn.obj
 0001:000a5430       __chkstk                   100a6430 f   LIBCMT:chkstk.obj
 0001:000a5430       __alloca_probe             100a6430 f   LIBCMT:chkstk.obj
 0001:000a545f       _floor                     100a645f f   LIBCMT:floor.obj
 0001:000a552e       _fread                     100a652e f   LIBCMT:fread.obj
 0001:000a555d       __fread_lk                 100a655d f   LIBCMT:fread.obj
 0001:000a5645       __fsopen                   100a6645 f   LIBCMT:fopen.obj
 0001:000a5676       _fopen                     100a6676 f   LIBCMT:fopen.obj
 0001:000a5690       _strpbrk                   100a6690 f   LIBCMT:strpbrk.obj
 0001:000a56ca       __CRT_INIT@12              100a66ca f   LIBCMT:dllcrt0.obj
 0001:000a57a3       __DllMainCRTStartup@12     100a67a3 f   LIBCMT:dllcrt0.obj
 0001:000a5840       __amsg_exit                100a6840 f   LIBCMT:dllcrt0.obj
 0001:000a5873       __GetLinkerVersion         100a6873 f   LIBCMT:heapinit.obj
 0001:000a58a0       ___heap_select             100a68a0 f   LIBCMT:heapinit.obj
 0001:000a59e8       __heap_init                100a69e8 f   LIBCMT:heapinit.obj
 0001:000a5a45       __heap_term                100a6a45 f   LIBCMT:heapinit.obj
 0001:000a5aed       ___sbh_heap_init           100a6aed f   LIBCMT:sbheap.obj
 0001:000a5b35       ___sbh_find_block          100a6b35 f   LIBCMT:sbheap.obj
 0001:000a5b60       ___sbh_free_block          100a6b60 f   LIBCMT:sbheap.obj
 0001:000a5e89       ___sbh_alloc_block         100a6e89 f   LIBCMT:sbheap.obj
 0001:000a6192       ___sbh_alloc_new_region    100a7192 f   LIBCMT:sbheap.obj
 0001:000a6243       ___sbh_alloc_new_group     100a7243 f   LIBCMT:sbheap.obj
 0001:000a633e       ___old_sbh_new_region      100a733e f   LIBCMT:sbheap.obj
 0001:000a6482       ___old_sbh_release_region  100a7482 f   LIBCMT:sbheap.obj
 0001:000a64d8       ___old_sbh_decommit_pages  100a74d8 f   LIBCMT:sbheap.obj
 0001:000a659a       ___old_sbh_find_block      100a759a f   LIBCMT:sbheap.obj
 0001:000a65f1       ___old_sbh_free_block      100a75f1 f   LIBCMT:sbheap.obj
 0001:000a6636       ___old_sbh_alloc_block     100a7636 f   LIBCMT:sbheap.obj
 0001:000a683e       ___old_sbh_alloc_block_from_page 100a783e f   LIBCMT:sbheap.obj
 0001:000a6962       __mtinitlocks              100a7962 f   LIBCMT:mlock.obj
 0001:000a698b       __mtdeletelocks            100a798b f   LIBCMT:mlock.obj
 0001:000a69f7       __lock                     100a79f7 f   LIBCMT:mlock.obj
 0001:000a6a58       __unlock                   100a7a58 f   LIBCMT:mlock.obj
 0001:000a6a70       __global_unwind2           100a7a70 f   LIBCMT:exsup.obj
 0001:000a6ab2       __local_unwind2            100a7ab2 f   LIBCMT:exsup.obj
 0001:000a6b0a       __NLG_Return2              100a7b0a f   LIBCMT:exsup.obj
 0001:000a6b1a       __abnormal_termination     100a7b1a f   LIBCMT:exsup.obj
 0001:000a6b3d       __NLG_Notify1              100a7b3d f   LIBCMT:exsup.obj
 0001:000a6b46       __NLG_Notify               100a7b46 f   LIBCMT:exsup.obj
 0001:000a6b59       __NLG_Dispatch             100a7b59 f   LIBCMT:exsup.obj
 0001:000a6b68       __except_handler3          100a7b68 f   LIBCMT:exsup3.obj
 0001:000a6c25       __seh_longjmp_unwind@4     100a7c25 f   LIBCMT:exsup3.obj
 0001:000a6c40       __callnewh                 100a7c40 f   LIBCMT:handler.obj
 0001:000a6c60       _memset                    100a7c60 f   LIBCMT:memset.obj
 0001:000a6cb8       __commit                   100a7cb8 f   LIBCMT:commit.obj
 0001:000a6d4b       __write                    100a7d4b f   LIBCMT:write.obj
 0001:000a6db0       __write_lk                 100a7db0 f   LIBCMT:write.obj
 0001:000a6f3b       __stbuf                    100a7f3b f   LIBCMT:_sftbuf.obj
 0001:000a6fc8       __ftbuf                    100a7fc8 f   LIBCMT:_sftbuf.obj
 0001:000a6ff2       __output                   100a7ff2 f   LIBCMT:output.obj
 0001:000a7859       __ioinit                   100a8859 f   LIBCMT:ioinit.obj
 0001:000a7a15       __ioterm                   100a8a15 f   LIBCMT:ioinit.obj
 0001:000a7a69       __fcloseall                100a8a69 f   LIBCMT:closeall.obj
 0001:000a7aea       __cinit                    100a8aea f   LIBCMT:crt0dat.obj
 0001:000a7b17       __exit                     100a8b17 f   LIBCMT:crt0dat.obj
 0001:000a7b28       __cexit                    100a8b28 f   LIBCMT:crt0dat.obj
 0001:000a7bdc       __lockexit                 100a8bdc f   LIBCMT:crt0dat.obj
 0001:000a7be5       __unlockexit               100a8be5 f   LIBCMT:crt0dat.obj
 0001:000a7c08       __close                    100a8c08 f   LIBCMT:close.obj
 0001:000a7c65       __close_lk                 100a8c65 f   LIBCMT:close.obj
 0001:000a7ce8       __freebuf                  100a8ce8 f   LIBCMT:_freebuf.obj
 0001:000a7d13       __filbuf                   100a8d13 f   LIBCMT:_filbuf.obj
 0001:000a7def       __flsbuf                   100a8def f   LIBCMT:_flsbuf.obj
 0001:000a7f07       ___crtGetStringTypeA       100a8f07 f   LIBCMT:a_str.obj
 0001:000a8050       __allmul                   100a9050 f   LIBCMT:llmul.obj
 0001:000a8084       __setdefaultprecision      100a9084 f   LIBCMT:fp8.obj
 0001:000a8096       __ms_p5_test_fdiv          100a9096 f   LIBCMT:testfdiv.obj
 0001:000a80d4       __ms_p5_mp_test_fdiv       100a90d4 f   LIBCMT:testfdiv.obj
 0001:000a80fd       __forcdecpt                100a90fd f   LIBCMT:cvt.obj
 0001:000a8157       __cropzeros                100a9157 f   LIBCMT:cvt.obj
 0001:000a81a5       __positive                 100a91a5 f   LIBCMT:cvt.obj
 0001:000a81bd       __fassign                  100a91bd f   LIBCMT:cvt.obj
 0001:000a81fb       __cftoe                    100a91fb f   LIBCMT:cvt.obj
 0001:000a831e       __cftof                    100a931e f   LIBCMT:cvt.obj
 0001:000a841a       __cftog                    100a941a f   LIBCMT:cvt.obj
 0001:000a84ad       __cfltcvt                  100a94ad f   LIBCMT:cvt.obj
 0001:000a8530       __aulldiv                  100a9530 f   LIBCMT:ulldiv.obj
 0001:000a8598       __fltin2                   100a9598 f   LIBCMT:cfin.obj
 0001:000a8620       _strlen                    100a9620 f   LIBCMT:strlen.obj
 0001:000a869b       __mtinit                   100a969b f   LIBCMT:tidtable.obj
 0001:000a86ef       __mtterm                   100a96ef f   LIBCMT:tidtable.obj
 0001:000a870d       __initptd                  100a970d f   LIBCMT:tidtable.obj
 0001:000a8720       __getptd                   100a9720 f   LIBCMT:tidtable.obj
 0001:000a8787       __freeptd                  100a9787 f   LIBCMT:tidtable.obj
 0001:000a8827       ___crtLCMapStringA         100a9827 f   LIBCMT:a_map.obj
 0001:000a8a76       __handle_qnan1             100a9a76 f   LIBCMT:fpexcept.obj
 0001:000a8aca       __except1                  100a9aca f   LIBCMT:fpexcept.obj
 0001:000a8b62       __raise_exc                100a9b62 f   LIBCMT:fpexcept.obj
 0001:000a8e15       __handle_exc               100a9e15 f   LIBCMT:fpexcept.obj
 0001:000a902c       __umatherr                 100aa02c f   LIBCMT:fpexcept.obj
 0001:000a90b4       __set_errno                100aa0b4 f   LIBCMT:fpexcept.obj
 0001:000a9101       __errcode                  100aa101 f   LIBCMT:fpexcept.obj
 0001:000a912e       __frnd                     100aa12e f   LIBCMT:frnd.obj
 0001:000a9140       __set_exp                  100aa140 f   LIBCMT:util.obj
 0001:000a9169       __sptype                   100aa169 f   LIBCMT:util.obj
 0001:000a91c3       __decomp                   100aa1c3 f   LIBCMT:util.obj
 0001:000a9284       __statfp                   100aa284 f   LIBCMT:fpctrl.obj
 0001:000a9292       __clrfp                    100aa292 f   LIBCMT:fpctrl.obj
 0001:000a92a1       __ctrlfp                   100aa2a1 f   LIBCMT:fpctrl.obj
 0001:000a92c4       __set_statfp               100aa2c4 f   LIBCMT:fpctrl.obj
 0001:000a931a       __read                     100aa31a f   LIBCMT:read.obj
 0001:000a937f       __read_lk                  100aa37f f   LIBCMT:read.obj
 0001:000a9560       _memcpy                    100aa560 f   LIBCMT:memcpy.obj
 0001:000a9895       __openfile                 100aa895 f   LIBCMT:_open.obj
 0001:000a9a05       __getstream                100aaa05 f   LIBCMT:stream.obj
 0001:000a9acd       __setenvp                  100aaacd f   LIBCMT:stdenvp.obj
 0001:000a9b86       __setargv                  100aab86 f   LIBCMT:stdargv.obj
 0001:000a9dd3       ___crtGetEnvironmentStringsA 100aadd3 f   LIBCMT:a_env.obj
 0001:000a9f05       _DllMain@12                100aaf05 f   LIBCMT:dllmain.obj
 0001:000a9f0b       __FF_MSGBANNER             100aaf0b f   LIBCMT:crt0msg.obj
 0001:000a9f44       __NMSG_WRITE               100aaf44 f   LIBCMT:crt0msg.obj
 0001:000aa0a0       _strncmp                   100ab0a0 f   LIBCMT:strncmp.obj
 0001:000aa0d8       __alloc_osfhnd             100ab0d8 f   LIBCMT:osfinfo.obj
 0001:000aa1fb       __set_osfhnd               100ab1fb f   LIBCMT:osfinfo.obj
 0001:000aa277       __free_osfhnd              100ab277 f   LIBCMT:osfinfo.obj
 0001:000aa2f6       __get_osfhandle            100ab2f6 f   LIBCMT:osfinfo.obj
 0001:000aa338       __lock_fhandle             100ab338 f   LIBCMT:osfinfo.obj
 0001:000aa397       __unlock_fhandle           100ab397 f   LIBCMT:osfinfo.obj
 0001:000aa3b9       __lseek                    100ab3b9 f   LIBCMT:lseek.obj
 0001:000aa41e       __lseek_lk                 100ab41e f   LIBCMT:lseek.obj
 0001:000aa491       __isatty                   100ab491 f   LIBCMT:isatty.obj
 0001:000aa4ba       _wctomb                    100ab4ba f   LIBCMT:wctomb.obj
 0001:000aa513       __wctomb_lk                100ab513 f   LIBCMT:wctomb.obj
 0001:000aa580       __aullrem                  100ab580 f   LIBCMT:ullrem.obj
 0001:000aa5f5       __getbuf                   100ab5f5 f   LIBCMT:_getbuf.obj
 0001:000aa639       __control87                100ab639 f   LIBCMT:ieee87.obj
 0001:000aa66e       __controlfp                100ab66e f   LIBCMT:ieee87.obj
 0001:000aa79f       _tolower                   100ab79f f   LIBCMT:tolower.obj
 0001:000aa80e       __tolower_lk               100ab80e f   LIBCMT:tolower.obj
 0001:000aa8d9       __ZeroTail                 100ab8d9 f   LIBCMT:intrncvt.obj
 0001:000aa922       __IncMan                   100ab922 f   LIBCMT:intrncvt.obj
 0001:000aa978       __RoundMan                 100ab978 f   LIBCMT:intrncvt.obj
 0001:000aaa04       __CopyMan                  100aba04 f   LIBCMT:intrncvt.obj
 0001:000aaa1f       __FillZeroMan              100aba1f f   LIBCMT:intrncvt.obj
 0001:000aaa2b       __IsZeroMan                100aba2b f   LIBCMT:intrncvt.obj
 0001:000aaa46       __ShrMan                   100aba46 f   LIBCMT:intrncvt.obj
 0001:000aaad3       __ld12cvt                  100abad3 f   LIBCMT:intrncvt.obj
 0001:000aac3f       __ld12tod                  100abc3f f   LIBCMT:intrncvt.obj
 0001:000aac55       __ld12tof                  100abc55 f   LIBCMT:intrncvt.obj
 0001:000aac6b       __atodbl                   100abc6b f   LIBCMT:intrncvt.obj
 0001:000aac98       __atoflt                   100abc98 f   LIBCMT:intrncvt.obj
 0001:000aacc5       __fptostr                  100abcc5 f   LIBCMT:_fptostr.obj
 0001:000aad3c       __fltout2                  100abd3c f   LIBCMT:cfout.obj
 0001:000aad98       ___dtold                   100abd98 f   LIBCMT:cfout.obj
 0001:000aae50       _strcpy                    100abe50 f   LIBCMT:strcat.obj
 0001:000aae60       _strcat                    100abe60 f   LIBCMT:strcat.obj
 0001:000aaf40       __fptrap                   100abf40 f   LIBCMT:crt0fp.obj
 0001:000aaf49       ___strgtold12              100abf49 f   LIBCMT:strgtold.obj
 0001:000ab420       _strcmp                    100ac420 f   LIBCMT:strcmp.obj
 0001:000ab4a4       __matherr                  100ac4a4 f   LIBCMT:matherr.obj
 0001:000ab4a7       __sopen                    100ac4a7 f   LIBCMT:open.obj
 0001:000ab776       __setmbcp                  100ac776 f   LIBCMT:mbctype.obj
 0001:000abb4e       ___initmbctable            100acb4e f   LIBCMT:mbctype.obj
 0001:000abb6a       ___crtMessageBoxA          100acb6a f   LIBCMT:crtmbox.obj
 0001:000abbf3       ___addl                    100acbf3 f   LIBCMT:mantold.obj
 0001:000abc14       ___add_12                  100acc14 f   LIBCMT:mantold.obj
 0001:000abc72       ___shl_12                  100acc72 f   LIBCMT:mantold.obj
 0001:000abca0       ___shr_12                  100acca0 f   LIBCMT:mantold.obj
 0001:000abccd       ___mtold12                 100acccd f   LIBCMT:mantold.obj
 0001:000abd94       _$I10_OUTPUT               100acd94 f   LIBCMT:x10fout.obj
 0001:000ac027       ___ld12mul                 100ad027 f   LIBCMT:tenpow.obj
 0001:000ac247       ___multtenpow12            100ad247 f   LIBCMT:tenpow.obj
 0001:000ac2d0       __stricmp                  100ad2d0 f   LIBCMT:stricmp.obj
 0001:000ac2d0       __strcmpi                  100ad2d0 f   LIBCMT:stricmp.obj
 0001:000ac3a0       __strnicmp                 100ad3a0 f   LIBCMT:strnicmp.obj
 0001:000ac4a1       __chsize_lk                100ad4a1 f   LIBCMT:chsize.obj
 0001:000ac5c6       __setmode_lk               100ad5c6 f   LIBCMT:setmode.obj
 0001:000ac628       _RtlUnwind@16              100ad628 f   kernel32:KERNEL32.dll
 0002:00000000       __imp__HeapFree@12         100ae000     kernel32:KERNEL32.dll
 0002:00000004       __imp__HeapAlloc@12        100ae004     kernel32:KERNEL32.dll
 0002:00000008       __imp__EnterCriticalSection@4 100ae008     kernel32:KERNEL32.dll
 0002:0000000c       __imp__LeaveCriticalSection@4 100ae00c     kernel32:KERNEL32.dll
 0002:00000010       __imp__GetSystemTimeAsFileTime@4 100ae010     kernel32:KERNEL32.dll
 0002:00000014       __imp__InterlockedDecrement@4 100ae014     kernel32:KERNEL32.dll
 0002:00000018       __imp__InterlockedIncrement@4 100ae018     kernel32:KERNEL32.dll
[...]
 0003:00018408       _ConsoleQuit               100ca408     runichi.obj
 0003:0001840c       _UserAction                100ca40c     runichi.obj
 0003:000184f4       __cflush                   100ca4f4     LIBCMT:_file.obj
 0003:000184f8       ___fastflag                100ca4f8     LIBCMT:fpinit.obj
 0003:000184fc       __adjust_fdiv              100ca4fc     LIBCMT:fpinit.obj
 0003:0001850c       __aenvptr                  100ca50c     LIBCMT:dllcrt0.obj
 0003:00018510       __wenvptr                  100ca510     LIBCMT:dllcrt0.obj
 0003:00018514       ___error_mode              100ca514     LIBCMT:dllcrt0.obj
 0003:00018518       ___app_type                100ca518     LIBCMT:dllcrt0.obj
 0003:00018580       ?_pnhHeap@@3P6AHI@ZA       100ca580     LIBCMT:handler.obj
 0003:00018584       __newmode                  100ca584     LIBCMT:_newmode.obj
 0003:00018588       __stdbuf                   100ca588     LIBCMT:_sftbuf.obj
 0003:00018590       __umaskval                 100ca590     LIBCMT:crt0dat.obj
 0003:00018594       __osver                    100ca594     LIBCMT:crt0dat.obj
 0003:00018598       __winver                   100ca598     LIBCMT:crt0dat.obj
 0003:0001859c       __winmajor                 100ca59c     LIBCMT:crt0dat.obj
 0003:000185a0       __winminor                 100ca5a0     LIBCMT:crt0dat.obj
 0003:000185a4       ___argc                    100ca5a4     LIBCMT:crt0dat.obj
 0003:000185a8       ___argv                    100ca5a8     LIBCMT:crt0dat.obj
 0003:000185ac       ___wargv                   100ca5ac     LIBCMT:crt0dat.obj
 0003:000185b0       __environ                  100ca5b0     LIBCMT:crt0dat.obj
 0003:000185b4       ___initenv                 100ca5b4     LIBCMT:crt0dat.obj
 0003:000185b8       __wenviron                 100ca5b8     LIBCMT:crt0dat.obj
 0003:000185bc       ___winitenv                100ca5bc     LIBCMT:crt0dat.obj
 0003:000185c0       __pgmptr                   100ca5c0     LIBCMT:crt0dat.obj
 0003:000185c4       __wpgmptr                  100ca5c4     LIBCMT:crt0dat.obj
 0003:000185c8       __exitflag                 100ca5c8     LIBCMT:crt0dat.obj
 0003:000185cc       __C_Termination_Done       100ca5cc     LIBCMT:crt0dat.obj
 0003:000185d0       __C_Exit_Done              100ca5d0     LIBCMT:crt0dat.obj
 0003:000185e4       ___lc_handle               100ca5e4     LIBCMT:nlsdata2.obj
 0003:000185fc       ___lc_codepage             100ca5fc     LIBCMT:nlsdata2.obj
 0003:00018600       ___lc_collate_cp           100ca600     LIBCMT:nlsdata2.obj
 0003:00018710       __adbgmsg                  100ca710     LIBCMT:crt0msg.obj
 0003:00018714       ___lc_time_intl            100ca714     LIBCMT:inittime.obj
 0003:00018730       ___lc_id                   100ca730     LIBCMT:nlsdata3.obj
 0003:00018778       __commode                  100ca778     LIBCMT:ncommode.obj
 0003:000187a8       ___lconv_static_null       100ca7a8     LIBCMT:lconv.obj
 0003:000187b0       __fmode                    100ca7b0     LIBCMT:txtmode.obj
 0003:00018880       _pn_tRankForSort           100ca880     <common>
 0003:000188a0       _VER_STRING                100ca8a0     <common>
 0003:000188e0       _nMaxAtNeighRankForSort    100ca8e0     <common>
 0003:000188e4       _pAtomInvariant2ForSort    100ca8e4     <common>
 0003:000188e8       _pNeighborsForSort         100ca8e8     <common>
 0003:000188ec       _pNeighList_RankForSort    100ca8ec     <common>
 0003:000188f0       _pn_RankForSort            100ca8f0     <common>
 0003:000188f4       _nNumCompNeighborsRanksCountEql 100ca8f4     <common>
 0003:000188f8       _rank_mask_bit             100ca8f8     <common>
 0003:000188fa       _rank_mark_bit             100ca8fa     <common>
 0003:000188fc       ___mbcodepage              100ca8fc     <common>
 0003:00018900       ___mbulinfo                100ca900     <common>
 0003:0001890c       ___ismbcodepage            100ca90c     <common>
 0003:00018920       __mbcasemap                100ca920     <common>
 0003:00018a20       __mbctype                  100caa20     <common>
 0003:00018b24       ___mblcid                  100cab24     <common>
 0003:00018b28       ___setlc_active            100cab28     <common>
 0003:00018b2c       ___unguarded_readlc_active 100cab2c     <common>
 0003:00018b30       ___env_initialized         100cab30     <common>
 0003:00018b34       ___mbctype_initialized     100cab34     <common>
 0003:00018b38       ___onexitend               100cab38     <common>
 0003:00018b3c       ___onexitbegin             100cab3c     <common>
 0003:00018b40       ___pioinfo                 100cab40     <common>
 0003:00018c40       __nhandle                  100cac40     <common>
 0003:00018c44       ___sbh_sizeHeaderList      100cac44     <common>
 0003:00018c48       ___sbh_indGroupDefer       100cac48     <common>
 0003:00018c4c       ___sbh_pHeaderScan         100cac4c     <common>
 0003:00018c50       ___sbh_pHeaderDefer        100cac50     <common>
 0003:00018c54       ___sbh_cntHeaderList       100cac54     <common>
 0003:00018c58       ___sbh_pHeaderList         100cac58     <common>
 0003:00018c5c       ___sbh_threshold           100cac5c     <common>
 0003:00018c60       __crtheap                  100cac60     <common>
 0003:00018c64       ___active_heap             100cac64     <common>
 0003:00018c68       __acmdln                   100cac68     <common>
 0003:00018c6c       __pRawDllMain              100cac6c     <common>
 0003:00018c70       ___piob                    100cac70     <common>
 0003:00018c80       __bufin                    100cac80     <common>
 0003:00019c80       __nstream                  100cbc80     <common>

 entry point at        0001:000a57a3

 Static symbols

 0001:000960b0       _sha2_process              100970b0 f   sha2.obj
 0001:0008e4b0       _INCHIGEN_Create@0         1008f4b0 f   inchi_dll_a.obj
 0001:0008e5c0       _INCHIGEN_Setup@12         1008f5c0 f   inchi_dll_a.obj
 0001:0008e8c0       _INCHIGEN_DoNormalization@8 1008f8c0 f   inchi_dll_a.obj
 0001:0008ec30       _INCHIGEN_DoCanonicalization@8 1008fc30 f   inchi_dll_a.obj
 0001:0008ee60       _INCHIGEN_DoSerialization@12 1008fe60 f   inchi_dll_a.obj
 0001:0008f410       _INCHIGEN_Reset@12         10090410 f   inchi_dll_a.obj
 0001:0008f7a0       _INCHIGEN_Destroy@4        100907a0 f   inchi_dll_a.obj
 0001:0008bf10       _FreeINCHI@4               1008cf10 f   inchi_dll.obj
 0001:0008bf70       _FreeStructFromINCHI@4     1008cf70 f   inchi_dll.obj
 0001:0008bff0       _GetINCHI@8                1008cff0 f   inchi_dll.obj
 0001:0008df90       _GetStructFromINCHI@8      1008ef90 f   inchi_dll.obj
 0001:0008b810       _GetINCHIKeyFromINCHI@8    1008c810 f   ikey_dll.obj
 0001:00080150       _bInpAtomHasRequirdNeigh   10081150 f   ichister.obj
 0001:00080b80       _len3                      10081b80 f   ichister.obj
 0001:00080bb0       _mult3                     10081bb0 f   ichister.obj
 0001:00080be0       _cross_prod3               10081be0 f   ichister.obj
 0001:00081040       _can_be_a_stereo_bond_with_isotopic_H 10082040 f   ichister.obj
 0001:000814c0       _bIsSuitableHeteroInpAtom  100824c0 f   ichister.obj
 0001:00081530       _bIsOxide                  10082530 f   ichister.obj
 0001:00081610       _get_allowed_stereo_bond_type 10082610 f   ichister.obj
 0001:00081640       _set_stereo_bonds_parity   10082640 f   ichister.obj
 0001:00082380       _dot_prodchar3             10083380 f   ichister.obj
 0001:000823e0       _triple_prod_char          100833e0 f   ichister.obj
 0001:00082610       _add3                      10083610 f   ichister.obj
 0001:00082640       _triple_prod               10083640 f   ichister.obj
 0001:000826e0       _dot_prod3                 100836e0 f   ichister.obj
 0001:00082700       _half_stereo_bond_parity   10083700 f   ichister.obj
 0001:00083260       _get_z_coord               10084260 f   ichister.obj
 0001:000833e0       _len2                      100843e0 f   ichister.obj
 0001:00083400       _diff3                     10084400 f   ichister.obj
 0001:00083430       _copy3                     10084430 f   ichister.obj
 0001:00083460       _save_a_stereo_bond        10084460 f   ichister.obj
 0001:00083500       _half_stereo_bond_action   10084500 f   ichister.obj
 0001:00083620       _can_be_a_stereo_atom_with_isotopic_H 10084620 f   ichister.obj
 0001:00083670       _set_stereo_atom_parity    10084670 f   ichister.obj
 0001:000840e0       _change_sign3              100850e0 f   ichister.obj
 0001:00084100       _Get2DTetrahedralAmbiguity 10085100 f   ichister.obj
 0001:00084950       _CompDble                  10085950 f   ichister.obj
 0001:00084990       _triple_prod_and_min_abs_sine2 10085990 f   ichister.obj
 0001:00084f90       _are_3_vect_in_one_plane   10085f90 f   ichister.obj
 0001:00084fd0       _triple_prod_and_min_abs_sine 10085fd0 f   ichister.obj
 0001:000850c0       _are_4at_in_one_plane      100860c0 f   ichister.obj
 0001:000702b0       _FillTgDiffHChgFH          100712b0 f   ichirvr3.obj
 0001:00045390       _getInchiStateReadErr      10046390 f   ichiread.obj
 0001:00045400       _getInchiErrName           10046400 f   ichiread.obj
 0001:00045450       _SetHillFormFromInChI      10046450 f   ichiread.obj
 0001:00045560       _OutputInChIAsRequested    10046560 f   ichiread.obj
 0001:00046710       _bInChIHasReconnectedMetal 10047710 f   ichiread.obj
 0001:00046780       _SetProtonsAndXchgIsoH     10047780 f   ichiread.obj
 0001:00046b50       _InChILine2Data            10047b50 f   ichiread.obj
 0001:00048670       _GetInChIFormulaNumH       10049670 f   ichiread.obj
 0001:00048740       _GetInChINumH              10049740 f   ichiread.obj
 0001:00048810       _GetInChIIsoH              10049810 f   ichiread.obj
 0001:000488c0       _ReadInChICoord            100498c0 f   ichiread.obj
 0001:00049130       _ParseAuxSegmentVersion    1004a130 f   ichiread.obj
 0001:00049190       _ParseAuxSegmentNumbers    1004a190 f   ichiread.obj
 0001:00049620       _CopyAtomNumbers           1004a620 f   ichiread.obj
 0001:000496e0       _ParseAuxSegmentAtomEqu    1004a6e0 f   ichiread.obj
 0001:00049780       _ParseAuxSegmentGroupEqu   1004a780 f   ichiread.obj
 0001:00049800       _ParseAuxSegmentSp3Inv     1004a800 f   ichiread.obj
 0001:000498b0       _ParseAuxSegmentSp3InvNumbers 1004a8b0 f   ichiread.obj
 0001:00049960       _ParseAuxSegmentReverseCRV 1004a960 f   ichiread.obj
 0001:00049990       _ParseAuxSegmentReverseAtoms 1004a990 f   ichiread.obj
 0001:000499c0       _ParseAuxSegmentReverseBonds 1004a9c0 f   ichiread.obj
 0001:000499f0       _ParseAuxSegmentReverseXYZ 1004a9f0 f   ichiread.obj
 0001:00049b00       _AddAuxSegmentCoord        1004ab00 f   ichiread.obj
 0001:00049e30       _ReadInChILine             1004ae30 f   ichiread.obj
 0001:0004a8e0       _ParseSegmentIsoExchgH     1004b8e0 f   ichiread.obj
 0001:0004ab20       _ParseSegmentPerm          1004bb20 f   ichiread.obj
 0001:0004adc0       _ParseSegmentIsoAtoms      1004bdc0 f   ichiread.obj
 0001:0004b640       _ParseSegmentSp3s          1004c640 f   ichiread.obj
 0001:0004b7f0       _ParseSegmentSp3m          1004c7f0 f   ichiread.obj
 0001:0004bb10       _bIsSp3LayerNotEmpty       1004cb10 f   ichiread.obj
 0001:0004bb70       _ParseSegmentSp3           1004cb70 f   ichiread.obj
 0001:0004c390       _ParseSegmentSp2           1004d390 f   ichiread.obj
 0001:0004cc20       _ParseSegmentProtons       1004dc20 f   ichiread.obj
 0001:0004cd20       _ParseSegmentCharge        1004dd20 f   ichiread.obj
 0001:0004d020       _ParseSegmentMobileH       1004e020 f   ichiread.obj
 0001:0004def0       _ParseSegmentConnections   1004eef0 f   ichiread.obj
 0001:0004ea20       _nFillOutProtonMobileH     1004fa20 f   ichiread.obj
 0001:0004eb10       _nProtonCopyIsotopicInfo   1004fb10 f   ichiread.obj
 0001:0004ebb0       _ParseSegmentFormula       1004fbb0 f   ichiread.obj
 0001:0004f4a0       _CopySegment               100504a0 f   ichiread.obj
 0001:0004f9d0       _getInChIChar              100509d0 f   ichiread.obj
 0001:0004fa20       _nGetInChISegment          10050a20 f   ichiread.obj
 0001:0004fa70       _AddInChIChar              10050a70 f   ichiread.obj
 0001:0004fb70       _AddLinkedBond             10050b70 f   ichiread.obj
 0001:0003b6b0       _abctol                    1003c6b0 f   ichiprt2.obj
 0001:00024320       _CompareDfsDescendants4CT  10025320 f   ichimake.obj
 0001:0001fb00       _Get_inchi_Input_FromAuxInfo@12 10020b00 f   ichilnct.obj
 0001:0001fcc0       _Free_inchi_Input@4        10020cc0 f   ichilnct.obj
 0001:00015130       _InchiClock                10016130 f   ichicano.obj
 0001:00015240       _FillMaxMinClock           10016240 f   ichicano.obj
 0001:00005f80       _remove_alt_bond_marks     10006f80 f   ichi_bns.obj
 0001:000ab923       _getSystemCP               100ac923 f   LIBCMT:mbctype.obj
 0001:000ab96d       _CPtoLCID                  100ac96d f   LIBCMT:mbctype.obj
 0001:000ab9a0       _setSBCS                   100ac9a0 f   LIBCMT:mbctype.obj
 0001:000ab9c9       _setSBUpLow                100ac9c9 f   LIBCMT:mbctype.obj
 0001:000aa684       __abstract_cw              100ab684 f   LIBCMT:ieee87.obj
 0001:000aa716       __hw_cw                    100ab716 f   LIBCMT:ieee87.obj
 0001:000a9c1f       _parse_cmdline             100aac1f f   LIBCMT:stdargv.obj
 0001:000a95d0       LeadUp1                    100aa5d0 f   LIBCMT:memcpy.obj
 0001:000a95fc       LeadUp2                    100aa5fc f   LIBCMT:memcpy.obj
 0001:000a9620       LeadUp3                    100aa620 f   LIBCMT:memcpy.obj
 0001:000a969f       UnwindUp0                  100aa69f f   LIBCMT:memcpy.obj
 0001:000a968c       UnwindUp1                  100aa68c f   LIBCMT:memcpy.obj
 0001:000a9684       UnwindUp2                  100aa684 f   LIBCMT:memcpy.obj
 0001:000a967c       UnwindUp3                  100aa67c f   LIBCMT:memcpy.obj
 0001:000a9674       UnwindUp4                  100aa674 f   LIBCMT:memcpy.obj
 0001:000a966c       UnwindUp5                  100aa66c f   LIBCMT:memcpy.obj
 0001:000a9664       UnwindUp6                  100aa664 f   LIBCMT:memcpy.obj
 0001:000a965c       UnwindUp7                  100aa65c f   LIBCMT:memcpy.obj
 0001:000a96b8       TrailUp0                   100aa6b8 f   LIBCMT:memcpy.obj
 0001:000a96c0       TrailUp1                   100aa6c0 f   LIBCMT:memcpy.obj
 0001:000a96cc       TrailUp2                   100aa6cc f   LIBCMT:memcpy.obj
 0001:000a96e0       TrailUp3                   100aa6e0 f   LIBCMT:memcpy.obj
 0001:000a9758       LeadDown1                  100aa758 f   LIBCMT:memcpy.obj
 0001:000a9778       LeadDown2                  100aa778 f   LIBCMT:memcpy.obj
 0001:000a97a0       LeadDown3                  100aa7a0 f   LIBCMT:memcpy.obj
 0001:000a97f4       UnwindDown7                100aa7f4 f   LIBCMT:memcpy.obj
 0001:000a97fc       UnwindDown6                100aa7fc f   LIBCMT:memcpy.obj
 0001:000a9804       UnwindDown5                100aa804 f   LIBCMT:memcpy.obj
 0001:000a980c       UnwindDown4                100aa80c f   LIBCMT:memcpy.obj
 0001:000a9814       UnwindDown3                100aa814 f   LIBCMT:memcpy.obj
 0001:000a981c       UnwindDown2                100aa81c f   LIBCMT:memcpy.obj
 0001:000a9824       UnwindDown1                100aa824 f   LIBCMT:memcpy.obj
 0001:000a9837       UnwindDown0                100aa837 f   LIBCMT:memcpy.obj
 0001:000a9850       TrailDown0                 100aa850 f   LIBCMT:memcpy.obj
 0001:000a9858       TrailDown1                 100aa858 f   LIBCMT:memcpy.obj
 0001:000a9868       TrailDown2                 100aa868 f   LIBCMT:memcpy.obj
 0001:000a987c       TrailDown3                 100aa87c f   LIBCMT:memcpy.obj
 0001:000a90dc       __get_fname                100aa0dc f   LIBCMT:fpexcept.obj
 0001:000a8a4b       _strncnt                   100a9a4b f   LIBCMT:a_map.obj
 0001:000a825c       __cftoe2                   100a925c f   LIBCMT:cvt.obj
 0001:000a8373       __cftof2                   100a9373 f   LIBCMT:cvt.obj
 0001:000a84fe       __shift                    100a94fe f   LIBCMT:cvt.obj
 0001:000a7b37       _doexit                    100a8b37 f   LIBCMT:crt0dat.obj
 0001:000a7bee       __initterm                 100a8bee f   LIBCMT:crt0dat.obj
 0001:000a7790       _write_char                100a8790 f   LIBCMT:output.obj
 0001:000a77c5       _write_multi_char          100a87c5 f   LIBCMT:output.obj
 0001:000a77f6       _write_string              100a87f6 f   LIBCMT:output.obj
 0001:000a782e       _get_int_arg               100a882e f   LIBCMT:output.obj
 0001:000a783b       _get_int64_arg             100a883b f   LIBCMT:output.obj
 0001:000a784b       _get_short_arg             100a884b f   LIBCMT:output.obj
 0001:000a6a88       _gu_return                 100a7a88 f   LIBCMT:exsup.obj
 0001:000a6a90       __unwind_handler           100a7a90 f   LIBCMT:exsup.obj
 0001:000a4ea5       _strtoxl                   100a5ea5 f   LIBCMT:strtol.obj
 0001:000a4726       _flsall                    100a5726 f   LIBCMT:fflush.obj
 0001:000a45ea       _shortsort                 100a55ea f   LIBCMT:qsort.obj
 0001:000a4638       _swap                      100a5638 f   LIBCMT:qsort.obj
 0001:000a3cf0       LeadUp1                    100a4cf0 f   LIBCMT:memmove.obj
 0001:000a3d1c       LeadUp2                    100a4d1c f   LIBCMT:memmove.obj
 0001:000a3d40       LeadUp3                    100a4d40 f   LIBCMT:memmove.obj
 0001:000a3dbf       UnwindUp0                  100a4dbf f   LIBCMT:memmove.obj
 0001:000a3dac       UnwindUp1                  100a4dac f   LIBCMT:memmove.obj
 0001:000a3da4       UnwindUp2                  100a4da4 f   LIBCMT:memmove.obj
 0001:000a3d9c       UnwindUp3                  100a4d9c f   LIBCMT:memmove.obj
 0001:000a3d94       UnwindUp4                  100a4d94 f   LIBCMT:memmove.obj
 0001:000a3d8c       UnwindUp5                  100a4d8c f   LIBCMT:memmove.obj
 0001:000a3d84       UnwindUp6                  100a4d84 f   LIBCMT:memmove.obj
 0001:000a3d7c       UnwindUp7                  100a4d7c f   LIBCMT:memmove.obj
 0001:000a3dd8       TrailUp0                   100a4dd8 f   LIBCMT:memmove.obj
 0001:000a3de0       TrailUp1                   100a4de0 f   LIBCMT:memmove.obj
 0001:000a3dec       TrailUp2                   100a4dec f   LIBCMT:memmove.obj
 0001:000a3e00       TrailUp3                   100a4e00 f   LIBCMT:memmove.obj
 0001:000a3e78       LeadDown1                  100a4e78 f   LIBCMT:memmove.obj
 0001:000a3e98       LeadDown2                  100a4e98 f   LIBCMT:memmove.obj
 0001:000a3ec0       LeadDown3                  100a4ec0 f   LIBCMT:memmove.obj
 0001:000a3f14       UnwindDown7                100a4f14 f   LIBCMT:memmove.obj
 0001:000a3f1c       UnwindDown6                100a4f1c f   LIBCMT:memmove.obj
 0001:000a3f24       UnwindDown5                100a4f24 f   LIBCMT:memmove.obj
 0001:000a3f2c       UnwindDown4                100a4f2c f   LIBCMT:memmove.obj
 0001:000a3f34       UnwindDown3                100a4f34 f   LIBCMT:memmove.obj
 0001:000a3f3c       UnwindDown2                100a4f3c f   LIBCMT:memmove.obj
 0001:000a3f44       UnwindDown1                100a4f44 f   LIBCMT:memmove.obj
 0001:000a3f57       UnwindDown0                100a4f57 f   LIBCMT:memmove.obj
 0001:000a3f70       TrailDown0                 100a4f70 f   LIBCMT:memmove.obj
 0001:000a3f78       TrailDown1                 100a4f78 f   LIBCMT:memmove.obj
 0001:000a3f88       TrailDown2                 100a4f88 f   LIBCMT:memmove.obj
 0001:000a3f9c       TrailDown3                 100a4f9c f   LIBCMT:memmove.obj
